=== Test Output ===
[10:42:11.687][emittery:subscribe][undefined] Event Name: test-file-start
	data: undefined
[10:42:11.688][emittery:emit][undefined] Event Name: Symbol(listenerAdded)
	data: {"eventName":"test-file-start"}
[10:42:11.688][emittery:subscribe][undefined] Event Name: test-file-success
	data: undefined
[10:42:11.688][emittery:emit][undefined] Event Name: Symbol(listenerAdded)
	data: {"eventName":"test-file-success"}
[10:42:11.689][emittery:subscribe][undefined] Event Name: test-file-failure
	data: undefined
[10:42:11.689][emittery:emit][undefined] Event Name: Symbol(listenerAdded)
	data: {"eventName":"test-file-failure"}
[10:42:11.689][emittery:subscribe][undefined] Event Name: test-case-start
	data: undefined
[10:42:11.689][emittery:emit][undefined] Event Name: Symbol(listenerAdded)
	data: {"eventName":"test-case-start"}
[10:42:11.689][emittery:subscribe][undefined] Event Name: test-case-result
	data: undefined
[10:42:11.689][emittery:emit][undefined] Event Name: Symbol(listenerAdded)
	data: {"eventName":"test-case-result"}
[10:42:11.692][emittery:emit][undefined] Event Name: test-file-start
	data: [{"context":{"config":{"automock":false,"cache":false,"cacheDirectory":"C:\\Users\\AbbasRizvi\\AppData\\Local\\Temp\\jest","clearMocks":false,"collectCoverageFrom":["lib/claims/eligibility/**/*.ts","!lib/claims/eligibility/**/*.d.ts","!lib/claims/eligibility/**/*.test.ts"],"coverageDirectory":"C:\\Users\\AbbasRizvi\\CascadeProjects\\for-your-health-mvp\\coverage\\eligibility","coveragePathIgnorePatterns":["\\\\node_modules\\\\"],"cwd":"C:\\Users\\AbbasRizvi\\CascadeProjects\\for-your-health-mvp","detectLeaks":false,"detectOpenHandles":false,"errorOnDeprecated":false,"extensionsToTreatAsEsm":[],"fakeTimers":{"enableGlobally":false},"forceCoverageMatch":[],"globals":{},"haste":{"computeSha1":false,"enableSymlinks":false,"forceNodeFilesystemAPI":true,"throwOnModuleCollision":false},"id":"2ec275910ce96bffc29afc90a9a5a306","injectGlobals":true,"moduleDirectories":["node_modules"],"moduleFileExtensions":["js","mjs","cjs","jsx","ts","tsx","json","node"],"moduleNameMapper":[["^@/(.*)$","C:\\Users\\AbbasRizvi\\CascadeProjects\\for-your-health-mvp\\$1"],["^@/lib/(.*)$","C:\\Users\\AbbasRizvi\\CascadeProjects\\for-your-health-mvp\\lib\\$1"]],"modulePathIgnorePatterns":[],"openHandlesTimeout":1000,"prettierPath":"prettier","resetMocks":false,"resetModules":false,"restoreMocks":false,"rootDir":"C:\\Users\\AbbasRizvi\\CascadeProjects\\for-your-health-mvp","roots":["C:\\Users\\AbbasRizvi\\CascadeProjects\\for-your-health-mvp"],"runner":"C:\\Users\\AbbasRizvi\\CascadeProjects\\for-your-health-mvp\\node_modules\\jest-runner\\build\\index.js","sandboxInjectedGlobals":[],"setupFiles":[],"setupFilesAfterEnv":["C:\\Users\\AbbasRizvi\\CascadeProjects\\for-your-health-mvp\\__tests__\\setup-eligibility.ts"],"skipFilter":false,"slowTestThreshold":5,"snapshotFormat":{"escapeString":false,"printBasicPrototype":false},"snapshotSerializers":[],"testEnvironment":"C:\\Users\\AbbasRizvi\\CascadeProjects\\for-your-health-mvp\\node_modules\\jest-environment-node\\build\\index.js","testEnvironmentOptions":{},"testLocationInResults":false,"testMatch":["**/lib/claims/eligibility/__tests__/**/*.test.ts"],"testPathIgnorePatterns":["C:\\\\Users\\\\AbbasRizvi\\\\CascadeProjects\\\\for-your-health-mvp\\\\.next\\\\","C:\\\\Users\\\\AbbasRizvi\\\\CascadeProjects\\\\for-your-health-mvp\\\\node_modules\\\\"],"testRegex":[],"testRunner":"C:\\Users\\AbbasRizvi\\CascadeProjects\\for-your-health-mvp\\node_modules\\jest-circus\\runner.js","transform":[["^.+\\.tsx?$","C:\\Users\\AbbasRizvi\\CascadeProjects\\for-your-health-mvp\\node_modules\\ts-jest\\dist\\index.js",{"tsconfig":"tsconfig.json","isolatedModules":true}]],"transformIgnorePatterns":["\\\\node_modules\\\\","\\.pnp\\.[^\\\\]+$"],"watchPathIgnorePatterns":[]},"hasteFS":{"_rootDir":"C:\\Users\\AbbasRizvi\\CascadeProjects\\for-your-health-mvp","_files":{}},"moduleMap":{"duplicates":[],"map":[["for-your-health-mvp",{"g":["package.json",1]}]],"mocks":[["next-auth/react","__mocks__\\next-auth\\react.ts"],["next/navigation","__mocks__\\next\\navigation.ts"]],"rootDir":"C:\\Users\\AbbasRizvi\\CascadeProjects\\for-your-health-mvp"},"resolver":{"_options":{"extensions":[".js",".mjs",".cjs",".jsx",".ts",".tsx",".json",".node"],"hasCoreModules":true,"moduleDirectories":["node_modules"],"moduleNameMapper":[{"moduleName":"C:\\Users\\AbbasRizvi\\CascadeProjects\\for-your-health-mvp\\$1","regex":{}},{"moduleName":"C:\\Users\\AbbasRizvi\\CascadeProjects\\for-your-health-mvp\\lib\\$1","regex":{}}],"rootDir":"C:\\Users\\AbbasRizvi\\CascadeProjects\\for-your-health-mvp"},"_moduleMap":{"duplicates":[],"map":[["for-your-health-mvp",{"g":["package.json",1]}]],"mocks":[["next-auth/react","__mocks__\\next-auth\\react.ts"],["next/navigation","__mocks__\\next\\navigation.ts"]],"rootDir":"C:\\Users\\AbbasRizvi\\CascadeProjects\\for-your-health-mvp"},"_moduleIDCache":{},"_moduleNameCache":{},"_modulePathCache":{},"_supportsNativePlatform":false}},"path":"C:\\Users\\AbbasRizvi\\CascadeProjects\\for-your-health-mvp\\lib\\claims\\eligibility\\__tests__\\default.parser.test.ts"}]

=== Errors ===
Starting inspector on 127.0.0.1:9229 failed: address already in use
Starting inspector on 127.0.0.1:9229 failed: address already in use
Starting inspector on 127.0.0.1:9229 failed: address already in use
ts-jest[config] (WARN) 
    The "ts-jest" config option "isolatedModules" is deprecated and will be removed in v30.0.0. Please use "isolatedModules: true" in C:/Users/AbbasRizvi/CascadeProjects/for-your-health-mvp/tsconfig.json instead, see https://www.typescriptlang.org/tsconfig/#isolatedModules
  
2025-06-05T08:42:12.287Z babel program.directives[0] Directive: enter
2025-06-05T08:42:12.288Z babel program.directives[0] Directive: Recursing into...
2025-06-05T08:42:12.288Z babel program.directives[0].value DirectiveLiteral: enter
2025-06-05T08:42:12.288Z babel program.directives[0].value DirectiveLiteral: Recursing into...
2025-06-05T08:42:12.288Z babel program.directives[0].value DirectiveLiteral: exit
2025-06-05T08:42:12.288Z babel program.directives[0] Directive: exit
2025-06-05T08:42:12.288Z babel program.body[0] VariableDeclaration: enter
2025-06-05T08:42:12.289Z babel program.body[0] VariableDeclaration: Recursing into...
2025-06-05T08:42:12.289Z babel program.body[0].declarations[0] VariableDeclarator: enter
2025-06-05T08:42:12.289Z babel program.body[0].declarations[0] VariableDeclarator: Recursing into...
2025-06-05T08:42:12.289Z babel program.body[0].declarations[0].id Identifier: enter
2025-06-05T08:42:12.289Z babel program.body[0].declarations[0].id Identifier: Recursing into...
2025-06-05T08:42:12.289Z babel program.body[0].declarations[0].id Identifier: exit
2025-06-05T08:42:12.289Z babel program.body[0].declarations[0].init LogicalExpression: enter
2025-06-05T08:42:12.289Z babel program.body[0].declarations[0].init LogicalExpression: Recursing into...
2025-06-05T08:42:12.289Z babel program.body[0].declarations[0].init.left LogicalExpression: enter
2025-06-05T08:42:12.289Z babel program.body[0].declarations[0].init.left LogicalExpression: Recursing into...
2025-06-05T08:42:12.289Z babel program.body[0].declarations[0].init.left.left ThisExpression: enter
2025-06-05T08:42:12.289Z babel program.body[0].declarations[0].init.left.left ThisExpression: Recursing into...
2025-06-05T08:42:12.289Z babel program.body[0].declarations[0].init.left.left ThisExpression: exit
2025-06-05T08:42:12.289Z babel program.body[0].declarations[0].init.left.right MemberExpression: enter
2025-06-05T08:42:12.289Z babel program.body[0].declarations[0].init.left.right MemberExpression: Recursing into...
2025-06-05T08:42:12.289Z babel program.body[0].declarations[0].init.left.right.object ThisExpression: enter
2025-06-05T08:42:12.289Z babel program.body[0].declarations[0].init.left.right.object ThisExpression: Recursing into...
2025-06-05T08:42:12.289Z babel program.body[0].declarations[0].init.left.right.object ThisExpression: exit
2025-06-05T08:42:12.289Z babel program.body[0].declarations[0].init.left.right.property Identifier: enter
2025-06-05T08:42:12.289Z babel program.body[0].declarations[0].init.left.right.property Identifier: Recursing into...
2025-06-05T08:42:12.289Z babel program.body[0].declarations[0].init.left.right.property Identifier: exit
2025-06-05T08:42:12.289Z babel program.body[0].declarations[0].init.left.right MemberExpression: exit
2025-06-05T08:42:12.289Z babel program.body[0].declarations[0].init.left LogicalExpression: exit
2025-06-05T08:42:12.289Z babel program.body[0].declarations[0].init.right FunctionExpression: enter
2025-06-05T08:42:12.290Z babel program.body[0].declarations[0].init.right FunctionExpression: Recursing into...
2025-06-05T08:42:12.290Z babel program.body[0].declarations[0].init.right.params[0] Identifier: enter
2025-06-05T08:42:12.290Z babel program.body[0].declarations[0].init.right.params[0] Identifier: Recursing into...
2025-06-05T08:42:12.290Z babel program.body[0].declarations[0].init.right.params[0] Identifier: exit
2025-06-05T08:42:12.290Z babel program.body[0].declarations[0].init.right.params[1] Identifier: enter
2025-06-05T08:42:12.290Z babel program.body[0].declarations[0].init.right.params[1] Identifier: Recursing into...
2025-06-05T08:42:12.290Z babel program.body[0].declarations[0].init.right.params[1] Identifier: exit
2025-06-05T08:42:12.290Z babel program.body[0].declarations[0].init.right.params[2] Identifier: enter
2025-06-05T08:42:12.290Z babel program.body[0].declarations[0].init.right.params[2] Identifier: Recursing into...
2025-06-05T08:42:12.290Z babel program.body[0].declarations[0].init.right.params[2] Identifier: exit
2025-06-05T08:42:12.290Z babel program.body[0].declarations[0].init.right.params[3] Identifier: enter
2025-06-05T08:42:12.290Z babel program.body[0].declarations[0].init.right.params[3] Identifier: Recursing into...
2025-06-05T08:42:12.290Z babel program.body[0].declarations[0].init.right.params[3] Identifier: exit
2025-06-05T08:42:12.290Z babel program.body[0].declarations[0].init.right.body BlockStatement: enter
2025-06-05T08:42:12.290Z babel program.body[0].declarations[0].init.right.body BlockStatement: Recursing into...
2025-06-05T08:42:12.290Z babel program.body[0].declarations[0].init.right.body.body[0] FunctionDeclaration: enter
2025-06-05T08:42:12.290Z babel program.body[0].declarations[0].init.right.body.body[0] FunctionDeclaration: Recursing into...
2025-06-05T08:42:12.290Z babel program.body[0].declarations[0].init.right.body.body[0].id Identifier: enter
2025-06-05T08:42:12.290Z babel program.body[0].declarations[0].init.right.body.body[0].id Identifier: Recursing into...
2025-06-05T08:42:12.290Z babel program.body[0].declarations[0].init.right.body.body[0].id Identifier: exit
2025-06-05T08:42:12.290Z babel program.body[0].declarations[0].init.right.body.body[0].params[0] Identifier: enter
2025-06-05T08:42:12.290Z babel program.body[0].declarations[0].init.right.body.body[0].params[0] Identifier: Recursing into...
2025-06-05T08:42:12.290Z babel program.body[0].declarations[0].init.right.body.body[0].params[0] Identifier: exit
2025-06-05T08:42:12.290Z babel program.body[0].declarations[0].init.right.body.body[0].body BlockStatement: enter
2025-06-05T08:42:12.290Z babel program.body[0].declarations[0].init.right.body.body[0].body BlockStatement: Recursing into...
2025-06-05T08:42:12.290Z babel program.body[0].declarations[0].init.right.body.body[0].body.body[0] ReturnStatement: enter
2025-06-05T08:42:12.290Z babel program.body[0].declarations[0].init.right.body.body[0].body.body[0] ReturnStatement: Recursing into...
2025-06-05T08:42:12.290Z babel program.body[0].declarations[0].init.right.body.body[0].body.body[0].argument ConditionalExpression: enter
2025-06-05T08:42:12.290Z babel program.body[0].declarations[0].init.right.body.body[0].body.body[0].argument ConditionalExpression: Recursing into...
2025-06-05T08:42:12.290Z babel program.body[0].declarations[0].init.right.body.body[0].body.body[0].argument.test BinaryExpression: enter
2025-06-05T08:42:12.290Z babel program.body[0].declarations[0].init.right.body.body[0].body.body[0].argument.test BinaryExpression: Recursing into...
2025-06-05T08:42:12.290Z babel program.body[0].declarations[0].init.right.body.body[0].body.body[0].argument.test.left Identifier: enter
2025-06-05T08:42:12.290Z babel program.body[0].declarations[0].init.right.body.body[0].body.body[0].argument.test.left Identifier: Recursing into...
2025-06-05T08:42:12.290Z babel program.body[0].declarations[0].init.right.body.body[0].body.body[0].argument.test.left Identifier: exit
2025-06-05T08:42:12.290Z babel program.body[0].declarations[0].init.right.body.body[0].body.body[0].argument.test.right Identifier: enter
2025-06-05T08:42:12.290Z babel program.body[0].declarations[0].init.right.body.body[0].body.body[0].argument.test.right Identifier: Recursing into...
2025-06-05T08:42:12.290Z babel program.body[0].declarations[0].init.right.body.body[0].body.body[0].argument.test.right Identifier: exit
2025-06-05T08:42:12.290Z babel program.body[0].declarations[0].init.right.body.body[0].body.body[0].argument.test BinaryExpression: exit
2025-06-05T08:42:12.290Z babel program.body[0].declarations[0].init.right.body.body[0].body.body[0].argument.consequent Identifier: enter
2025-06-05T08:42:12.290Z babel program.body[0].declarations[0].init.right.body.body[0].body.body[0].argument.consequent Identifier: Recursing into...
2025-06-05T08:42:12.290Z babel program.body[0].declarations[0].init.right.body.body[0].body.body[0].argument.consequent Identifier: exit
2025-06-05T08:42:12.290Z babel program.body[0].declarations[0].init.right.body.body[0].body.body[0].argument.alternate NewExpression: enter
2025-06-05T08:42:12.290Z babel program.body[0].declarations[0].init.right.body.body[0].body.body[0].argument.alternate NewExpression: Recursing into...
2025-06-05T08:42:12.290Z babel program.body[0].declarations[0].init.right.body.body[0].body.body[0].argument.alternate.callee Identifier: enter
2025-06-05T08:42:12.290Z babel program.body[0].declarations[0].init.right.body.body[0].body.body[0].argument.alternate.callee Identifier: Recursing into...
2025-06-05T08:42:12.290Z babel program.body[0].declarations[0].init.right.body.body[0].body.body[0].argument.alternate.callee Identifier: exit
2025-06-05T08:42:12.291Z babel program.body[0].declarations[0].init.right.body.body[0].body.body[0].argument.alternate.arguments[0] FunctionExpression: enter
2025-06-05T08:42:12.291Z babel program.body[0].declarations[0].init.right.body.body[0].body.body[0].argument.alternate.arguments[0] FunctionExpression: Recursing into...
2025-06-05T08:42:12.291Z babel program.body[0].declarations[0].init.right.body.body[0].body.body[0].argument.alternate.arguments[0].params[0] Identifier: enter
2025-06-05T08:42:12.291Z babel program.body[0].declarations[0].init.right.body.body[0].body.body[0].argument.alternate.arguments[0].params[0] Identifier: Recursing into...
2025-06-05T08:42:12.291Z babel program.body[0].declarations[0].init.right.body.body[0].body.body[0].argument.alternate.arguments[0].params[0] Identifier: exit
2025-06-05T08:42:12.291Z babel program.body[0].declarations[0].init.right.body.body[0].body.body[0].argument.alternate.arguments[0].body BlockStatement: enter
2025-06-05T08:42:12.291Z babel program.body[0].declarations[0].init.right.body.body[0].body.body[0].argument.alternate.arguments[0].body BlockStatement: Recursing into...
2025-06-05T08:42:12.291Z babel program.body[0].declarations[0].init.right.body.body[0].body.body[0].argument.alternate.arguments[0].body.body[0] ExpressionStatement: enter
2025-06-05T08:42:12.291Z babel program.body[0].declarations[0].init.right.body.body[0].body.body[0].argument.alternate.arguments[0].body.body[0] ExpressionStatement: Recursing into...
2025-06-05T08:42:12.291Z babel program.body[0].declarations[0].init.right.body.body[0].body.body[0].argument.alternate.arguments[0].body.body[0].expression CallExpression: enter
2025-06-05T08:42:12.291Z babel program.body[0].declarations[0].init.right.body.body[0].body.body[0].argument.alternate.arguments[0].body.body[0].expression CallExpression: Recursing into...
2025-06-05T08:42:12.291Z babel program.body[0].declarations[0].init.right.body.body[0].body.body[0].argument.alternate.arguments[0].body.body[0].expression.callee Identifier: enter
2025-06-05T08:42:12.291Z babel program.body[0].declarations[0].init.right.body.body[0].body.body[0].argument.alternate.arguments[0].body.body[0].expression.callee Identifier: Recursing into...
2025-06-05T08:42:12.291Z babel program.body[0].declarations[0].init.right.body.body[0].body.body[0].argument.alternate.arguments[0].body.body[0].expression.callee Identifier: exit
2025-06-05T08:42:12.291Z babel program.body[0].declarations[0].init.right.body.body[0].body.body[0].argument.alternate.arguments[0].body.body[0].expression.arguments[0] Identifier: enter
2025-06-05T08:42:12.291Z babel program.body[0].declarations[0].init.right.body.body[0].body.body[0].argument.alternate.arguments[0].body.body[0].expression.arguments[0] Identifier: Recursing into...
2025-06-05T08:42:12.291Z babel program.body[0].declarations[0].init.right.body.body[0].body.body[0].argument.alternate.arguments[0].body.body[0].expression.arguments[0] Identifier: exit
2025-06-05T08:42:12.291Z babel program.body[0].declarations[0].init.right.body.body[0].body.body[0].argument.alternate.arguments[0].body.body[0].expression CallExpression: exit
2025-06-05T08:42:12.291Z babel program.body[0].declarations[0].init.right.body.body[0].body.body[0].argument.alternate.arguments[0].body.body[0] ExpressionStatement: exit
2025-06-05T08:42:12.291Z babel program.body[0].declarations[0].init.right.body.body[0].body.body[0].argument.alternate.arguments[0].body BlockStatement: exit
2025-06-05T08:42:12.291Z babel program.body[0].declarations[0].init.right.body.body[0].body.body[0].argument.alternate.arguments[0] FunctionExpression: exit
2025-06-05T08:42:12.291Z babel program.body[0].declarations[0].init.right.body.body[0].body.body[0].argument.alternate NewExpression: exit
2025-06-05T08:42:12.291Z babel program.body[0].declarations[0].init.right.body.body[0].body.body[0].argument ConditionalExpression: exit
2025-06-05T08:42:12.291Z babel program.body[0].declarations[0].init.right.body.body[0].body.body[0] ReturnStatement: exit
2025-06-05T08:42:12.291Z babel program.body[0].declarations[0].init.right.body.body[0].body BlockStatement: exit
2025-06-05T08:42:12.291Z babel program.body[0].declarations[0].init.right.body.body[0] FunctionDeclaration: exit
2025-06-05T08:42:12.291Z babel program.body[0].declarations[0].init.right.body.body[1] ReturnStatement: enter
2025-06-05T08:42:12.291Z babel program.body[0].declarations[0].init.right.body.body[1] ReturnStatement: Recursing into...
2025-06-05T08:42:12.291Z babel program.body[0].declarations[0].init.right.body.body[1].argument NewExpression: enter
2025-06-05T08:42:12.291Z babel program.body[0].declarations[0].init.right.body.body[1].argument NewExpression: Recursing into...
2025-06-05T08:42:12.291Z babel program.body[0].declarations[0].init.right.body.body[1].argument.callee LogicalExpression: enter
2025-06-05T08:42:12.291Z babel program.body[0].declarations[0].init.right.body.body[1].argument.callee LogicalExpression: Recursing into...
2025-06-05T08:42:12.291Z babel program.body[0].declarations[0].init.right.body.body[1].argument.callee.left Identifier: enter
2025-06-05T08:42:12.291Z babel program.body[0].declarations[0].init.right.body.body[1].argument.callee.left Identifier: Recursing into...
2025-06-05T08:42:12.291Z babel program.body[0].declarations[0].init.right.body.body[1].argument.callee.left Identifier: exit
2025-06-05T08:42:12.291Z babel program.body[0].declarations[0].init.right.body.body[1].argument.callee.right AssignmentExpression: enter
2025-06-05T08:42:12.291Z babel program.body[0].declarations[0].init.right.body.body[1].argument.callee.right AssignmentExpression: Recursing into...
2025-06-05T08:42:12.291Z babel program.body[0].declarations[0].init.right.body.body[1].argument.callee.right.left Identifier: enter
2025-06-05T08:42:12.291Z babel program.body[0].declarations[0].init.right.body.body[1].argument.callee.right.left Identifier: Recursing into...
2025-06-05T08:42:12.291Z babel program.body[0].declarations[0].init.right.body.body[1].argument.callee.right.left Identifier: exit
2025-06-05T08:42:12.291Z babel program.body[0].declarations[0].init.right.body.body[1].argument.callee.right.right Identifier: enter
2025-06-05T08:42:12.291Z babel program.body[0].declarations[0].init.right.body.body[1].argument.callee.right.right Identifier: Recursing into...
2025-06-05T08:42:12.291Z babel program.body[0].declarations[0].init.right.body.body[1].argument.callee.right.right Identifier: exit
2025-06-05T08:42:12.291Z babel program.body[0].declarations[0].init.right.body.body[1].argument.callee.right AssignmentExpression: exit
2025-06-05T08:42:12.291Z babel program.body[0].declarations[0].init.right.body.body[1].argument.callee LogicalExpression: exit
2025-06-05T08:42:12.291Z babel program.body[0].declarations[0].init.right.body.body[1].argument.arguments[0] FunctionExpression: enter
2025-06-05T08:42:12.291Z babel program.body[0].declarations[0].init.right.body.body[1].argument.arguments[0] FunctionExpression: Recursing into...
2025-06-05T08:42:12.291Z babel program.body[0].declarations[0].init.right.body.body[1].argument.arguments[0].params[0] Identifier: enter
2025-06-05T08:42:12.291Z babel program.body[0].declarations[0].init.right.body.body[1].argument.arguments[0].params[0] Identifier: Recursing into...
2025-06-05T08:42:12.291Z babel program.body[0].declarations[0].init.right.body.body[1].argument.arguments[0].params[0] Identifier: exit
2025-06-05T08:42:12.291Z babel program.body[0].declarations[0].init.right.body.body[1].argument.arguments[0].params[1] Identifier: enter
2025-06-05T08:42:12.291Z babel program.body[0].declarations[0].init.right.body.body[1].argument.arguments[0].params[1] Identifier: Recursing into...
2025-06-05T08:42:12.291Z babel program.body[0].declarations[0].init.right.body.body[1].argument.arguments[0].params[1] Identifier: exit
2025-06-05T08:42:12.291Z babel program.body[0].declarations[0].init.right.body.body[1].argument.arguments[0].body BlockStatement: enter
2025-06-05T08:42:12.291Z babel program.body[0].declarations[0].init.right.body.body[1].argument.arguments[0].body BlockStatement: Recursing into...
2025-06-05T08:42:12.291Z babel program.body[0].declarations[0].init.right.body.body[1].argument.arguments[0].body.body[0] FunctionDeclaration: enter
2025-06-05T08:42:12.291Z babel program.body[0].declarations[0].init.right.body.body[1].argument.arguments[0].body.body[0] FunctionDeclaration: Recursing into...
2025-06-05T08:42:12.291Z babel program.body[0].declarations[0].init.right.body.body[1].argument.arguments[0].body.body[0].id Identifier: enter
2025-06-05T08:42:12.291Z babel program.body[0].declarations[0].init.right.body.body[1].argument.arguments[0].body.body[0].id Identifier: Recursing into...
2025-06-05T08:42:12.291Z babel program.body[0].declarations[0].init.right.body.body[1].argument.arguments[0].body.body[0].id Identifier: exit
2025-06-05T08:42:12.291Z babel program.body[0].declarations[0].init.right.body.body[1].argument.arguments[0].body.body[0].params[0] Identifier: enter
2025-06-05T08:42:12.291Z babel program.body[0].declarations[0].init.right.body.body[1].argument.arguments[0].body.body[0].params[0] Identifier: Recursing into...
2025-06-05T08:42:12.291Z babel program.body[0].declarations[0].init.right.body.body[1].argument.arguments[0].body.body[0].params[0] Identifier: exit
2025-06-05T08:42:12.291Z babel program.body[0].declarations[0].init.right.body.body[1].argument.arguments[0].body.body[0].body BlockStatement: enter
2025-06-05T08:42:12.291Z babel program.body[0].declarations[0].init.right.body.body[1].argument.arguments[0].body.body[0].body BlockStatement: Recursing into...
2025-06-05T08:42:12.291Z babel program.body[0].declarations[0].init.right.body.body[1].argument.arguments[0].body.body[0].body.body[0] TryStatement: enter
2025-06-05T08:42:12.291Z babel program.body[0].declarations[0].init.right.body.body[1].argument.arguments[0].body.body[0].body.body[0] TryStatement: Recursing into...
2025-06-05T08:42:12.291Z babel program.body[0].declarations[0].init.right.body.body[1].argument.arguments[0].body.body[0].body.body[0].block BlockStatement: enter
2025-06-05T08:42:12.291Z babel program.body[0].declarations[0].init.right.body.body[1].argument.arguments[0].body.body[0].body.body[0].block BlockStatement: Recursing into...
2025-06-05T08:42:12.291Z babel program.body[0].declarations[0].init.right.body.body[1].argument.arguments[0].body.body[0].body.body[0].block.body[0] ExpressionStatement: enter
2025-06-05T08:42:12.291Z babel program.body[0].declarations[0].init.right.body.body[1].argument.arguments[0].body.body[0].body.body[0].block.body[0] ExpressionStatement: Recursing into...
2025-06-05T08:42:12.291Z babel program.body[0].declarations[0].init.right.body.body[1].argument.arguments[0].body.body[0].body.body[0].block.body[0].expression CallExpression: enter
2025-06-05T08:42:12.291Z babel program.body[0].declarations[0].init.right.body.body[1].argument.arguments[0].body.body[0].body.body[0].block.body[0].expression CallExpression: Recursing into...
2025-06-05T08:42:12.291Z babel program.body[0].declarations[0].init.right.body.body[1].argument.arguments[0].body.body[0].body.body[0].block.body[0].expression.callee Identifier: enter
2025-06-05T08:42:12.291Z babel program.body[0].declarations[0].init.right.body.body[1].argument.arguments[0].body.body[0].body.body[0].block.body[0].expression.callee Identifier: Recursing into...
2025-06-05T08:42:12.291Z babel program.body[0].declarations[0].init.right.body.body[1].argument.arguments[0].body.body[0].body.body[0].block.body[0].expression.callee Identifier: exit
2025-06-05T08:42:12.291Z babel program.body[0].declarations[0].init.right.body.body[1].argument.arguments[0].body.body[0].body.body[0].block.body[0].expression.arguments[0] CallExpression: enter
2025-06-05T08:42:12.291Z babel program.body[0].declarations[0].init.right.body.body[1].argument.arguments[0].body.body[0].body.body[0].block.body[0].expression.arguments[0] CallExpression: Recursing into...
2025-06-05T08:42:12.291Z babel program.body[0].declarations[0].init.right.body.body[1].argument.arguments[0].body.body[0].body.body[0].block.body[0].expression.arguments[0].callee MemberExpression: enter
2025-06-05T08:42:12.291Z babel program.body[0].declarations[0].init.right.body.body[1].argument.arguments[0].body.body[0].body.body[0].block.body[0].expression.arguments[0].callee MemberExpression: Recursing into...
2025-06-05T08:42:12.291Z babel program.body[0].declarations[0].init.right.body.body[1].argument.arguments[0].body.body[0].body.body[0].block.body[0].expression.arguments[0].callee.object Identifier: enter
2025-06-05T08:42:12.291Z babel program.body[0].declarations[0].init.right.body.body[1].argument.arguments[0].body.body[0].body.body[0].block.body[0].expression.arguments[0].callee.object Identifier: Recursing into...
2025-06-05T08:42:12.292Z babel program.body[0].declarations[0].init.right.body.body[1].argument.arguments[0].body.body[0].body.body[0].block.body[0].expression.arguments[0].callee.object Identifier: exit
2025-06-05T08:42:12.292Z babel program.body[0].declarations[0].init.right.body.body[1].argument.arguments[0].body.body[0].body.body[0].block.body[0].expression.arguments[0].callee.property Identifier: enter
2025-06-05T08:42:12.292Z babel program.body[0].declarations[0].init.right.body.body[1].argument.arguments[0].body.body[0].body.body[0].block.body[0].expression.arguments[0].callee.property Identifier: Recursing into...
2025-06-05T08:42:12.292Z babel program.body[0].declarations[0].init.right.body.body[1].argument.arguments[0].body.body[0].body.body[0].block.body[0].expression.arguments[0].callee.property Identifier: exit
2025-06-05T08:42:12.292Z babel program.body[0].declarations[0].init.right.body.body[1].argument.arguments[0].body.body[0].body.body[0].block.body[0].expression.arguments[0].callee MemberExpression: exit
2025-06-05T08:42:12.292Z babel program.body[0].declarations[0].init.right.body.body[1].argument.arguments[0].body.body[0].body.body[0].block.body[0].expression.arguments[0].arguments[0] Identifier: enter
2025-06-05T08:42:12.292Z babel program.body[0].declarations[0].init.right.body.body[1].argument.arguments[0].body.body[0].body.body[0].block.body[0].expression.arguments[0].arguments[0] Identifier: Recursing into...
2025-06-05T08:42:12.292Z babel program.body[0].declarations[0].init.right.body.body[1].argument.arguments[0].body.body[0].body.body[0].block.body[0].expression.arguments[0].arguments[0] Identifier: exit
2025-06-05T08:42:12.292Z babel program.body[0].declarations[0].init.right.body.body[1].argument.arguments[0].body.body[0].body.body[0].block.body[0].expression.arguments[0] CallExpression: exit
2025-06-05T08:42:12.292Z babel program.body[0].declarations[0].init.right.body.body[1].argument.arguments[0].body.body[0].body.body[0].block.body[0].expression CallExpression: exit
2025-06-05T08:42:12.292Z babel program.body[0].declarations[0].init.right.body.body[1].argument.arguments[0].body.body[0].body.body[0].block.body[0] ExpressionStatement: exit
2025-06-05T08:42:12.292Z babel program.body[0].declarations[0].init.right.body.body[1].argument.arguments[0].body.body[0].body.body[0].block BlockStatement: exit
2025-06-05T08:42:12.292Z babel program.body[0].declarations[0].init.right.body.body[1].argument.arguments[0].body.body[0].body.body[0].handler CatchClause: enter
2025-06-05T08:42:12.292Z babel program.body[0].declarations[0].init.right.body.body[1].argument.arguments[0].body.body[0].body.body[0].handler CatchClause: Recursing into...
2025-06-05T08:42:12.292Z babel program.body[0].declarations[0].init.right.body.body[1].argument.arguments[0].body.body[0].body.body[0].handler.param Identifier: enter
2025-06-05T08:42:12.292Z babel program.body[0].declarations[0].init.right.body.body[1].argument.arguments[0].body.body[0].body.body[0].handler.param Identifier: Recursing into...
2025-06-05T08:42:12.292Z babel program.body[0].declarations[0].init.right.body.body[1].argument.arguments[0].body.body[0].body.body[0].handler.param Identifier: exit
2025-06-05T08:42:12.292Z babel program.body[0].declarations[0].init.right.body.body[1].argument.arguments[0].body.body[0].body.body[0].handler.body BlockStatement: enter
2025-06-05T08:42:12.292Z babel program.body[0].declarations[0].init.right.body.body[1].argument.arguments[0].body.body[0].body.body[0].handler.body BlockStatement: Recursing into...
2025-06-05T08:42:12.292Z babel program.body[0].declarations[0].init.right.body.body[1].argument.arguments[0].body.body[0].body.body[0].handler.body.body[0] ExpressionStatement: enter
2025-06-05T08:42:12.292Z babel program.body[0].declarations[0].init.right.body.body[1].argument.arguments[0].body.body[0].body.body[0].handler.body.body[0] ExpressionStatement: Recursing into...
2025-06-05T08:42:12.292Z babel program.body[0].declarations[0].init.right.body.body[1].argument.arguments[0].body.body[0].body.body[0].handler.body.body[0].expression CallExpression: enter
2025-06-05T08:42:12.292Z babel program.body[0].declarations[0].init.right.body.body[1].argument.arguments[0].body.body[0].body.body[0].handler.body.body[0].expression CallExpression: Recursing into...
2025-06-05T08:42:12.292Z babel program.body[0].declarations[0].init.right.body.body[1].argument.arguments[0].body.body[0].body.body[0].handler.body.body[0].expression.callee Identifier: enter
2025-06-05T08:42:12.292Z babel program.body[0].declarations[0].init.right.body.body[1].argument.arguments[0].body.body[0].body.body[0].handler.body.body[0].expression.callee Identifier: Recursing into...
2025-06-05T08:42:12.292Z babel program.body[0].declarations[0].init.right.body.body[1].argument.arguments[0].body.body[0].body.body[0].handler.body.body[0].expression.callee Identifier: exit
2025-06-05T08:42:12.292Z babel program.body[0].declarations[0].init.right.body.body[1].argument.arguments[0].body.body[0].body.body[0].handler.body.body[0].expression.arguments[0] Identifier: enter
2025-06-05T08:42:12.292Z babel program.body[0].declarations[0].init.right.body.body[1].argument.arguments[0].body.body[0].body.body[0].handler.body.body[0].expression.arguments[0] Identifier: Recursing into...
2025-06-05T08:42:12.292Z babel program.body[0].declarations[0].init.right.body.body[1].argument.arguments[0].body.body[0].body.body[0].handler.body.body[0].expression.arguments[0] Identifier: exit
2025-06-05T08:42:12.292Z babel program.body[0].declarations[0].init.right.body.body[1].argument.arguments[0].body.body[0].body.body[0].handler.body.body[0].expression CallExpression: exit
2025-06-05T08:42:12.292Z babel program.body[0].declarations[0].init.right.body.body[1].argument.arguments[0].body.body[0].body.body[0].handler.body.body[0] ExpressionStatement: exit
2025-06-05T08:42:12.292Z babel program.body[0].declarations[0].init.right.body.body[1].argument.arguments[0].body.body[0].body.body[0].handler.body BlockStatement: exit
2025-06-05T08:42:12.292Z babel program.body[0].declarations[0].init.right.body.body[1].argument.arguments[0].body.body[0].body.body[0].handler CatchClause: exit
2025-06-05T08:42:12.292Z babel program.body[0].declarations[0].init.right.body.body[1].argument.arguments[0].body.body[0].body.body[0] TryStatement: exit
2025-06-05T08:42:12.292Z babel program.body[0].declarations[0].init.right.body.body[1].argument.arguments[0].body.body[0].body BlockStatement: exit
2025-06-05T08:42:12.292Z babel program.body[0].declarations[0].init.right.body.body[1].argument.arguments[0].body.body[0] FunctionDeclaration: exit
2025-06-05T08:42:12.292Z babel program.body[0].declarations[0].init.right.body.body[1].argument.arguments[0].body.body[1] FunctionDeclaration: enter
2025-06-05T08:42:12.292Z babel program.body[0].declarations[0].init.right.body.body[1].argument.arguments[0].body.body[1] FunctionDeclaration: Recursing into...
2025-06-05T08:42:12.292Z babel program.body[0].declarations[0].init.right.body.body[1].argument.arguments[0].body.body[1].id Identifier: enter
2025-06-05T08:42:12.292Z babel program.body[0].declarations[0].init.right.body.body[1].argument.arguments[0].body.body[1].id Identifier: Recursing into...
2025-06-05T08:42:12.292Z babel program.body[0].declarations[0].init.right.body.body[1].argument.arguments[0].body.body[1].id Identifier: exit
2025-06-05T08:42:12.292Z babel program.body[0].declarations[0].init.right.body.body[1].argument.arguments[0].body.body[1].params[0] Identifier: enter
2025-06-05T08:42:12.292Z babel program.body[0].declarations[0].init.right.body.body[1].argument.arguments[0].body.body[1].params[0] Identifier: Recursing into...
2025-06-05T08:42:12.292Z babel program.body[0].declarations[0].init.right.body.body[1].argument.arguments[0].body.body[1].params[0] Identifier: exit
2025-06-05T08:42:12.292Z babel program.body[0].declarations[0].init.right.body.body[1].argument.arguments[0].body.body[1].body BlockStatement: enter
2025-06-05T08:42:12.292Z babel program.body[0].declarations[0].init.right.body.body[1].argument.arguments[0].body.body[1].body BlockStatement: Recursing into...
2025-06-05T08:42:12.292Z babel program.body[0].declarations[0].init.right.body.body[1].argument.arguments[0].body.body[1].body.body[0] TryStatement: enter
2025-06-05T08:42:12.292Z babel program.body[0].declarations[0].init.right.body.body[1].argument.arguments[0].body.body[1].body.body[0] TryStatement: Recursing into...
2025-06-05T08:42:12.292Z babel program.body[0].declarations[0].init.right.body.body[1].argument.arguments[0].body.body[1].body.body[0].block BlockStatement: enter
2025-06-05T08:42:12.292Z babel program.body[0].declarations[0].init.right.body.body[1].argument.arguments[0].body.body[1].body.body[0].block BlockStatement: Recursing into...
2025-06-05T08:42:12.293Z babel program.body[0].declarations[0].init.right.body.body[1].argument.arguments[0].body.body[1].body.body[0].block.body[0] ExpressionStatement: enter
2025-06-05T08:42:12.293Z babel program.body[0].declarations[0].init.right.body.body[1].argument.arguments[0].body.body[1].body.body[0].block.body[0] ExpressionStatement: Recursing into...
2025-06-05T08:42:12.293Z babel program.body[0].declarations[0].init.right.body.body[1].argument.arguments[0].body.body[1].body.body[0].block.body[0].expression CallExpression: enter
2025-06-05T08:42:12.293Z babel program.body[0].declarations[0].init.right.body.body[1].argument.arguments[0].body.body[1].body.body[0].block.body[0].expression CallExpression: Recursing into...
2025-06-05T08:42:12.293Z babel program.body[0].declarations[0].init.right.body.body[1].argument.arguments[0].body.body[1].body.body[0].block.body[0].expression.callee Identifier: enter
2025-06-05T08:42:12.293Z babel program.body[0].declarations[0].init.right.body.body[1].argument.arguments[0].body.body[1].body.body[0].block.body[0].expression.callee Identifier: Recursing into...
2025-06-05T08:42:12.293Z babel program.body[0].declarations[0].init.right.body.body[1].argument.arguments[0].body.body[1].body.body[0].block.body[0].expression.callee Identifier: exit
2025-06-05T08:42:12.293Z babel program.body[0].declarations[0].init.right.body.body[1].argument.arguments[0].body.body[1].body.body[0].block.body[0].expression.arguments[0] CallExpression: enter
2025-06-05T08:42:12.293Z babel program.body[0].declarations[0].init.right.body.body[1].argument.arguments[0].body.body[1].body.body[0].block.body[0].expression.arguments[0] CallExpression: Recursing into...
2025-06-05T08:42:12.293Z babel program.body[0].declarations[0].init.right.body.body[1].argument.arguments[0].body.body[1].body.body[0].block.body[0].expression.arguments[0].callee MemberExpression: enter
2025-06-05T08:42:12.293Z babel program.body[0].declarations[0].init.right.body.body[1].argument.arguments[0].body.body[1].body.body[0].block.body[0].expression.arguments[0].callee MemberExpression: Recursing into...
2025-06-05T08:42:12.293Z babel program.body[0].declarations[0].init.right.body.body[1].argument.arguments[0].body.body[1].body.body[0].block.body[0].expression.arguments[0].callee.object Identifier: enter
2025-06-05T08:42:12.293Z babel program.body[0].declarations[0].init.right.body.body[1].argument.arguments[0].body.body[1].body.body[0].block.body[0].expression.arguments[0].callee.object Identifier: Recursing into...
2025-06-05T08:42:12.293Z babel program.body[0].declarations[0].init.right.body.body[1].argument.arguments[0].body.body[1].body.body[0].block.body[0].expression.arguments[0].callee.object Identifier: exit
2025-06-05T08:42:12.293Z babel program.body[0].declarations[0].init.right.body.body[1].argument.arguments[0].body.body[1].body.body[0].block.body[0].expression.arguments[0].callee.property StringLiteral: enter
2025-06-05T08:42:12.293Z babel program.body[0].declarations[0].init.right.body.body[1].argument.arguments[0].body.body[1].body.body[0].block.body[0].expression.arguments[0].callee.property StringLiteral: Recursing into...
2025-06-05T08:42:12.293Z babel program.body[0].declarations[0].init.right.body.body[1].argument.arguments[0].body.body[1].body.body[0].block.body[0].expression.arguments[0].callee.property StringLiteral: exit
2025-06-05T08:42:12.293Z babel program.body[0].declarations[0].init.right.body.body[1].argument.arguments[0].body.body[1].body.body[0].block.body[0].expression.arguments[0].callee MemberExpression: exit
2025-06-05T08:42:12.293Z babel program.body[0].declarations[0].init.right.body.body[1].argument.arguments[0].body.body[1].body.body[0].block.body[0].expression.arguments[0].arguments[0] Identifier: enter
2025-06-05T08:42:12.293Z babel program.body[0].declarations[0].init.right.body.body[1].argument.arguments[0].body.body[1].body.body[0].block.body[0].expression.arguments[0].arguments[0] Identifier: Recursing into...
2025-06-05T08:42:12.293Z babel program.body[0].declarations[0].init.right.body.body[1].argument.arguments[0].body.body[1].body.body[0].block.body[0].expression.arguments[0].arguments[0] Identifier: exit
2025-06-05T08:42:12.293Z babel program.body[0].declarations[0].init.right.body.body[1].argument.arguments[0].body.body[1].body.body[0].block.body[0].expression.arguments[0] CallExpression: exit
2025-06-05T08:42:12.293Z babel program.body[0].declarations[0].init.right.body.body[1].argument.arguments[0].body.body[1].body.body[0].block.body[0].expression CallExpression: exit
2025-06-05T08:42:12.293Z babel program.body[0].declarations[0].init.right.body.body[1].argument.arguments[0].body.body[1].body.body[0].block.body[0] ExpressionStatement: exit
2025-06-05T08:42:12.293Z babel program.body[0].declarations[0].init.right.body.body[1].argument.arguments[0].body.body[1].body.body[0].block BlockStatement: exit
2025-06-05T08:42:12.293Z babel program.body[0].declarations[0].init.right.body.body[1].argument.arguments[0].body.body[1].body.body[0].handler CatchClause: enter
2025-06-05T08:42:12.293Z babel program.body[0].declarations[0].init.right.body.body[1].argument.arguments[0].body.body[1].body.body[0].handler CatchClause: Recursing into...
2025-06-05T08:42:12.293Z babel program.body[0].declarations[0].init.right.body.body[1].argument.arguments[0].body.body[1].body.body[0].handler.param Identifier: enter
2025-06-05T08:42:12.293Z babel program.body[0].declarations[0].init.right.body.body[1].argument.arguments[0].body.body[1].body.body[0].handler.param Identifier: Recursing into...
2025-06-05T08:42:12.293Z babel program.body[0].declarations[0].init.right.body.body[1].argument.arguments[0].body.body[1].body.body[0].handler.param Identifier: exit
2025-06-05T08:42:12.293Z babel program.body[0].declarations[0].init.right.body.body[1].argument.arguments[0].body.body[1].body.body[0].handler.body BlockStatement: enter
2025-06-05T08:42:12.293Z babel program.body[0].declarations[0].init.right.body.body[1].argument.arguments[0].body.body[1].body.body[0].handler.body BlockStatement: Recursing into...
2025-06-05T08:42:12.293Z babel program.body[0].declarations[0].init.right.body.body[1].argument.arguments[0].body.body[1].body.body[0].handler.body.body[0] ExpressionStatement: enter
2025-06-05T08:42:12.293Z babel program.body[0].declarations[0].init.right.body.body[1].argument.arguments[0].body.body[1].body.body[0].handler.body.body[0] ExpressionStatement: Recursing into...
2025-06-05T08:42:12.293Z babel program.body[0].declarations[0].init.right.body.body[1].argument.arguments[0].body.body[1].body.body[0].handler.body.body[0].expression CallExpression: enter
2025-06-05T08:42:12.293Z babel program.body[0].declarations[0].init.right.body.body[1].argument.arguments[0].body.body[1].body.body[0].handler.body.body[0].expression CallExpression: Recursing into...
2025-06-05T08:42:12.293Z babel program.body[0].declarations[0].init.right.body.body[1].argument.arguments[0].body.body[1].body.body[0].handler.body.body[0].expression.callee Identifier: enter
2025-06-05T08:42:12.293Z babel program.body[0].declarations[0].init.right.body.body[1].argument.arguments[0].body.body[1].body.body[0].handler.body.body[0].expression.callee Identifier: Recursing into...
2025-06-05T08:42:12.293Z babel program.body[0].declarations[0].init.right.body.body[1].argument.arguments[0].body.body[1].body.body[0].handler.body.body[0].expression.callee Identifier: exit
2025-06-05T08:42:12.293Z babel program.body[0].declarations[0].init.right.body.body[1].argument.arguments[0].body.body[1].body.body[0].handler.body.body[0].expression.arguments[0] Identifier: enter
2025-06-05T08:42:12.293Z babel program.body[0].declarations[0].init.right.body.body[1].argument.arguments[0].body.body[1].body.body[0].handler.body.body[0].expression.arguments[0] Identifier: Recursing into...
2025-06-05T08:42:12.293Z babel program.body[0].declarations[0].init.right.body.body[1].argument.arguments[0].body.body[1].body.body[0].handler.body.body[0].expression.arguments[0] Identifier: exit
2025-06-05T08:42:12.293Z babel program.body[0].declarations[0].init.right.body.body[1].argument.arguments[0].body.body[1].body.body[0].handler.body.body[0].expression CallExpression: exit
2025-06-05T08:42:12.293Z babel program.body[0].declarations[0].init.right.body.body[1].argument.arguments[0].body.body[1].body.body[0].handler.body.body[0] ExpressionStatement: exit
2025-06-05T08:42:12.293Z babel program.body[0].declarations[0].init.right.body.body[1].argument.arguments[0].body.body[1].body.body[0].handler.body BlockStatement: exit
2025-06-05T08:42:12.293Z babel program.body[0].declarations[0].init.right.body.body[1].argument.arguments[0].body.body[1].body.body[0].handler CatchClause: exit
2025-06-05T08:42:12.293Z babel program.body[0].declarations[0].init.right.body.body[1].argument.arguments[0].body.body[1].body.body[0] TryStatement: exit
2025-06-05T08:42:12.293Z babel program.body[0].declarations[0].init.right.body.body[1].argument.arguments[0].body.body[1].body BlockStatement: exit
2025-06-05T08:42:12.293Z babel program.body[0].declarations[0].init.right.body.body[1].argument.arguments[0].body.body[1] FunctionDeclaration: exit
2025-06-05T08:42:12.293Z babel program.body[0].declarations[0].init.right.body.body[1].argument.arguments[0].body.body[2] FunctionDeclaration: enter
2025-06-05T08:42:12.293Z babel program.body[0].declarations[0].init.right.body.body[1].argument.arguments[0].body.body[2] FunctionDeclaration: Recursing into...
2025-06-05T08:42:12.293Z babel program.body[0].declarations[0].init.right.body.body[1].argument.arguments[0].body.body[2].id Identifier: enter
2025-06-05T08:42:12.293Z babel program.body[0].declarations[0].init.right.body.body[1].argument.arguments[0].body.body[2].id Identifier: Recursing into...
2025-06-05T08:42:12.293Z babel program.body[0].declarations[0].init.right.body.body[1].argument.arguments[0].body.body[2].id Identifier: exit
2025-06-05T08:42:12.293Z babel program.body[0].declarations[0].init.right.body.body[1].argument.arguments[0].body.body[2].params[0] Identifier: enter
2025-06-05T08:42:12.293Z babel program.body[0].declarations[0].init.right.body.body[1].argument.arguments[0].body.body[2].params[0] Identifier: Recursing into...
2025-06-05T08:42:12.293Z babel program.body[0].declarations[0].init.right.body.body[1].argument.arguments[0].body.body[2].params[0] Identifier: exit
2025-06-05T08:42:12.293Z babel program.body[0].declarations[0].init.right.body.body[1].argument.arguments[0].body.body[2].body BlockStatement: enter
2025-06-05T08:42:12.293Z babel program.body[0].declarations[0].init.right.body.body[1].argument.arguments[0].body.body[2].body BlockStatement: Recursing into...
2025-06-05T08:42:12.293Z babel program.body[0].declarations[0].init.right.body.body[1].argument.arguments[0].body.body[2].body.body[0] ExpressionStatement: enter
2025-06-05T08:42:12.293Z babel program.body[0].declarations[0].init.right.body.body[1].argument.arguments[0].body.body[2].body.body[0] ExpressionStatement: Recursing into...
2025-06-05T08:42:12.293Z babel program.body[0].declarations[0].init.right.body.body[1].argument.arguments[0].body.body[2].body.body[0].expression ConditionalExpression: enter
2025-06-05T08:42:12.293Z babel program.body[0].declarations[0].init.right.body.body[1].argument.arguments[0].body.body[2].body.body[0].expression ConditionalExpression: Recursing into...
2025-06-05T08:42:12.293Z babel program.body[0].declarations[0].init.right.body.body[1].argument.arguments[0].body.body[2].body.body[0].expression.test MemberExpression: enter
2025-06-05T08:42:12.293Z babel program.body[0].declarations[0].init.right.body.body[1].argument.arguments[0].body.body[2].body.body[0].expression.test MemberExpression: Recursing into...
2025-06-05T08:42:12.294Z babel program.body[0].declarations[0].init.right.body.body[1].argument.arguments[0].body.body[2].body.body[0].expression.test.object Identifier: enter
2025-06-05T08:42:12.294Z babel program.body[0].declarations[0].init.right.body.body[1].argument.arguments[0].body.body[2].body.body[0].expression.test.object Identifier: Recursing into...
2025-06-05T08:42:12.294Z babel program.body[0].declarations[0].init.right.body.body[1].argument.arguments[0].body.body[2].body.body[0].expression.test.object Identifier: exit
2025-06-05T08:42:12.294Z babel program.body[0].declarations[0].init.right.body.body[1].argument.arguments[0].body.body[2].body.body[0].expression.test.property Identifier: enter
2025-06-05T08:42:12.294Z babel program.body[0].declarations[0].init.right.body.body[1].argument.arguments[0].body.body[2].body.body[0].expression.test.property Identifier: Recursing into...
2025-06-05T08:42:12.294Z babel program.body[0].declarations[0].init.right.body.body[1].argument.arguments[0].body.body[2].body.body[0].expression.test.property Identifier: exit
2025-06-05T08:42:12.294Z babel program.body[0].declarations[0].init.right.body.body[1].argument.arguments[0].body.body[2].body.body[0].expression.test MemberExpression: exit
2025-06-05T08:42:12.294Z babel program.body[0].declarations[0].init.right.body.body[1].argument.arguments[0].body.body[2].body.body[0].expression.consequent CallExpression: enter
2025-06-05T08:42:12.294Z babel program.body[0].declarations[0].init.right.body.body[1].argument.arguments[0].body.body[2].body.body[0].expression.consequent CallExpression: Recursing into...
2025-06-05T08:42:12.294Z babel program.body[0].declarations[0].init.right.body.body[1].argument.arguments[0].body.body[2].body.body[0].expression.consequent.callee Identifier: enter
2025-06-05T08:42:12.294Z babel program.body[0].declarations[0].init.right.body.body[1].argument.arguments[0].body.body[2].body.body[0].expression.consequent.callee Identifier: Recursing into...
2025-06-05T08:42:12.294Z babel program.body[0].declarations[0].init.right.body.body[1].argument.arguments[0].body.body[2].body.body[0].expression.consequent.callee Identifier: exit
2025-06-05T08:42:12.294Z babel program.body[0].declarations[0].init.right.body.body[1].argument.arguments[0].body.body[2].body.body[0].expression.consequent.arguments[0] MemberExpression: enter
2025-06-05T08:42:12.294Z babel program.body[0].declarations[0].init.right.body.body[1].argument.arguments[0].body.body[2].body.body[0].expression.consequent.arguments[0] MemberExpression: Recursing into...
2025-06-05T08:42:12.294Z babel program.body[0].declarations[0].init.right.body.body[1].argument.arguments[0].body.body[2].body.body[0].expression.consequent.arguments[0].object Identifier: enter
2025-06-05T08:42:12.294Z babel program.body[0].declarations[0].init.right.body.body[1].argument.arguments[0].body.body[2].body.body[0].expression.consequent.arguments[0].object Identifier: Recursing into...
2025-06-05T08:42:12.294Z babel program.body[0].declarations[0].init.right.body.body[1].argument.arguments[0].body.body[2].body.body[0].expression.consequent.arguments[0].object Identifier: exit
2025-06-05T08:42:12.294Z babel program.body[0].declarations[0].init.right.body.body[1].argument.arguments[0].body.body[2].body.body[0].expression.consequent.arguments[0].property Identifier: enter
2025-06-05T08:42:12.294Z babel program.body[0].declarations[0].init.right.body.body[1].argument.arguments[0].body.body[2].body.body[0].expression.consequent.arguments[0].property Identifier: Recursing into...
2025-06-05T08:42:12.294Z babel program.body[0].declarations[0].init.right.body.body[1].argument.arguments[0].body.body[2].body.body[0].expression.consequent.arguments[0].property Identifier: exit
2025-06-05T08:42:12.294Z babel program.body[0].declarations[0].init.right.body.body[1].argument.arguments[0].body.body[2].body.body[0].expression.consequent.arguments[0] MemberExpression: exit
2025-06-05T08:42:12.294Z babel program.body[0].declarations[0].init.right.body.body[1].argument.arguments[0].body.body[2].body.body[0].expression.consequent CallExpression: exit
2025-06-05T08:42:12.294Z babel program.body[0].declarations[0].init.right.body.body[1].argument.arguments[0].body.body[2].body.body[0].expression.alternate CallExpression: enter
2025-06-05T08:42:12.294Z babel program.body[0].declarations[0].init.right.body.body[1].argument.arguments[0].body.body[2].body.body[0].expression.alternate CallExpression: Recursing into...
2025-06-05T08:42:12.294Z babel program.body[0].declarations[0].init.right.body.body[1].argument.arguments[0].body.body[2].body.body[0].expression.alternate.callee MemberExpression: enter
2025-06-05T08:42:12.294Z babel program.body[0].declarations[0].init.right.body.body[1].argument.arguments[0].body.body[2].body.body[0].expression.alternate.callee MemberExpression: Recursing into...
2025-06-05T08:42:12.294Z babel program.body[0].declarations[0].init.right.body.body[1].argument.arguments[0].body.body[2].body.body[0].expression.alternate.callee.object CallExpression: enter
2025-06-05T08:42:12.294Z babel program.body[0].declarations[0].init.right.body.body[1].argument.arguments[0].body.body[2].body.body[0].expression.alternate.callee.object CallExpression: Recursing into...
2025-06-05T08:42:12.294Z babel program.body[0].declarations[0].init.right.body.body[1].argument.arguments[0].body.body[2].body.body[0].expression.alternate.callee.object.callee Identifier: enter
2025-06-05T08:42:12.294Z babel program.body[0].declarations[0].init.right.body.body[1].argument.arguments[0].body.body[2].body.body[0].expression.alternate.callee.object.callee Identifier: Recursing into...
2025-06-05T08:42:12.294Z babel program.body[0].declarations[0].init.right.body.body[1].argument.arguments[0].body.body[2].body.body[0].expression.alternate.callee.object.callee Identifier: exit
2025-06-05T08:42:12.294Z babel program.body[0].declarations[0].init.right.body.body[1].argument.arguments[0].body.body[2].body.body[0].expression.alternate.callee.object.arguments[0] MemberExpression: enter
2025-06-05T08:42:12.294Z babel program.body[0].declarations[0].init.right.body.body[1].argument.arguments[0].body.body[2].body.body[0].expression.alternate.callee.object.arguments[0] MemberExpression: Recursing into...
2025-06-05T08:42:12.294Z babel program.body[0].declarations[0].init.right.body.body[1].argument.arguments[0].body.body[2].body.body[0].expression.alternate.callee.object.arguments[0].object Identifier: enter
2025-06-05T08:42:12.294Z babel program.body[0].declarations[0].init.right.body.body[1].argument.arguments[0].body.body[2].body.body[0].expression.alternate.callee.object.arguments[0].object Identifier: Recursing into...
2025-06-05T08:42:12.294Z babel program.body[0].declarations[0].init.right.body.body[1].argument.arguments[0].body.body[2].body.body[0].expression.alternate.callee.object.arguments[0].object Identifier: exit
2025-06-05T08:42:12.294Z babel program.body[0].declarations[0].init.right.body.body[1].argument.arguments[0].body.body[2].body.body[0].expression.alternate.callee.object.arguments[0].property Identifier: enter
2025-06-05T08:42:12.294Z babel program.body[0].declarations[0].init.right.body.body[1].argument.arguments[0].body.body[2].body.body[0].expression.alternate.callee.object.arguments[0].property Identifier: Recursing into...
2025-06-05T08:42:12.294Z babel program.body[0].declarations[0].init.right.body.body[1].argument.arguments[0].body.body[2].body.body[0].expression.alternate.callee.object.arguments[0].property Identifier: exit
2025-06-05T08:42:12.294Z babel program.body[0].declarations[0].init.right.body.body[1].argument.arguments[0].body.body[2].body.body[0].expression.alternate.callee.object.arguments[0] MemberExpression: exit
2025-06-05T08:42:12.294Z babel program.body[0].declarations[0].init.right.body.body[1].argument.arguments[0].body.body[2].body.body[0].expression.alternate.callee.object CallExpression: exit
2025-06-05T08:42:12.294Z babel program.body[0].declarations[0].init.right.body.body[1].argument.arguments[0].body.body[2].body.body[0].expression.alternate.callee.property Identifier: enter
2025-06-05T08:42:12.294Z babel program.body[0].declarations[0].init.right.body.body[1].argument.arguments[0].body.body[2].body.body[0].expression.alternate.callee.property Identifier: Recursing into...
2025-06-05T08:42:12.294Z babel program.body[0].declarations[0].init.right.body.body[1].argument.arguments[0].body.body[2].body.body[0].expression.alternate.callee.property Identifier: exit
2025-06-05T08:42:12.294Z babel program.body[0].declarations[0].init.right.body.body[1].argument.arguments[0].body.body[2].body.body[0].expression.alternate.callee MemberExpression: exit
2025-06-05T08:42:12.294Z babel program.body[0].declarations[0].init.right.body.body[1].argument.arguments[0].body.body[2].body.body[0].expression.alternate.arguments[0] Identifier: enter
2025-06-05T08:42:12.294Z babel program.body[0].declarations[0].init.right.body.body[1].argument.arguments[0].body.body[2].body.body[0].expression.alternate.arguments[0] Identifier: Recursing into...
2025-06-05T08:42:12.294Z babel program.body[0].declarations[0].init.right.body.body[1].argument.arguments[0].body.body[2].body.body[0].expression.alternate.arguments[0] Identifier: exit
2025-06-05T08:42:12.294Z babel program.body[0].declarations[0].init.right.body.body[1].argument.arguments[0].body.body[2].body.body[0].expression.alternate.arguments[1] Identifier: enter
2025-06-05T08:42:12.294Z babel program.body[0].declarations[0].init.right.body.body[1].argument.arguments[0].body.body[2].body.body[0].expression.alternate.arguments[1] Identifier: Recursing into...
2025-06-05T08:42:12.294Z babel program.body[0].declarations[0].init.right.body.body[1].argument.arguments[0].body.body[2].body.body[0].expression.alternate.arguments[1] Identifier: exit
2025-06-05T08:42:12.294Z babel program.body[0].declarations[0].init.right.body.body[1].argument.arguments[0].body.body[2].body.body[0].expression.alternate CallExpression: exit
2025-06-05T08:42:12.294Z babel program.body[0].declarations[0].init.right.body.body[1].argument.arguments[0].body.body[2].body.body[0].expression ConditionalExpression: exit
2025-06-05T08:42:12.294Z babel program.body[0].declarations[0].init.right.body.body[1].argument.arguments[0].body.body[2].body.body[0] ExpressionStatement: exit
2025-06-05T08:42:12.294Z babel program.body[0].declarations[0].init.right.body.body[1].argument.arguments[0].body.body[2].body BlockStatement: exit
2025-06-05T08:42:12.294Z babel program.body[0].declarations[0].init.right.body.body[1].argument.arguments[0].body.body[2] FunctionDeclaration: exit
2025-06-05T08:42:12.294Z babel program.body[0].declarations[0].init.right.body.body[1].argument.arguments[0].body.body[3] ExpressionStatement: enter
2025-06-05T08:42:12.294Z babel program.body[0].declarations[0].init.right.body.body[1].argument.arguments[0].body.body[3] ExpressionStatement: Recursing into...
2025-06-05T08:42:12.294Z babel program.body[0].declarations[0].init.right.body.body[1].argument.arguments[0].body.body[3].expression CallExpression: enter
2025-06-05T08:42:12.294Z babel program.body[0].declarations[0].init.right.body.body[1].argument.arguments[0].body.body[3].expression CallExpression: Recursing into...
2025-06-05T08:42:12.294Z babel program.body[0].declarations[0].init.right.body.body[1].argument.arguments[0].body.body[3].expression.callee Identifier: enter
2025-06-05T08:42:12.294Z babel program.body[0].declarations[0].init.right.body.body[1].argument.arguments[0].body.body[3].expression.callee Identifier: Recursing into...
2025-06-05T08:42:12.294Z babel program.body[0].declarations[0].init.right.body.body[1].argument.arguments[0].body.body[3].expression.callee Identifier: exit
2025-06-05T08:42:12.294Z babel program.body[0].declarations[0].init.right.body.body[1].argument.arguments[0].body.body[3].expression.arguments[0] CallExpression: enter
2025-06-05T08:42:12.294Z babel program.body[0].declarations[0].init.right.body.body[1].argument.arguments[0].body.body[3].expression.arguments[0] CallExpression: Recursing into...
2025-06-05T08:42:12.294Z babel program.body[0].declarations[0].init.right.body.body[1].argument.arguments[0].body.body[3].expression.arguments[0].callee MemberExpression: enter
2025-06-05T08:42:12.294Z babel program.body[0].declarations[0].init.right.body.body[1].argument.arguments[0].body.body[3].expression.arguments[0].callee MemberExpression: Recursing into...
2025-06-05T08:42:12.294Z babel program.body[0].declarations[0].init.right.body.body[1].argument.arguments[0].body.body[3].expression.arguments[0].callee.object AssignmentExpression: enter
2025-06-05T08:42:12.294Z babel program.body[0].declarations[0].init.right.body.body[1].argument.arguments[0].body.body[3].expression.arguments[0].callee.object AssignmentExpression: Recursing into...
2025-06-05T08:42:12.294Z babel program.body[0].declarations[0].init.right.body.body[1].argument.arguments[0].body.body[3].expression.arguments[0].callee.object.left Identifier: enter
2025-06-05T08:42:12.294Z babel program.body[0].declarations[0].init.right.body.body[1].argument.arguments[0].body.body[3].expression.arguments[0].callee.object.left Identifier: Recursing into...
2025-06-05T08:42:12.294Z babel program.body[0].declarations[0].init.right.body.body[1].argument.arguments[0].body.body[3].expression.arguments[0].callee.object.left Identifier: exit
2025-06-05T08:42:12.294Z babel program.body[0].declarations[0].init.right.body.body[1].argument.arguments[0].body.body[3].expression.arguments[0].callee.object.right CallExpression: enter
2025-06-05T08:42:12.294Z babel program.body[0].declarations[0].init.right.body.body[1].argument.arguments[0].body.body[3].expression.arguments[0].callee.object.right CallExpression: Recursing into...
2025-06-05T08:42:12.294Z babel program.body[0].declarations[0].init.right.body.body[1].argument.arguments[0].body.body[3].expression.arguments[0].callee.object.right.callee MemberExpression: enter
2025-06-05T08:42:12.294Z babel program.body[0].declarations[0].init.right.body.body[1].argument.arguments[0].body.body[3].expression.arguments[0].callee.object.right.callee MemberExpression: Recursing into...
2025-06-05T08:42:12.294Z babel program.body[0].declarations[0].init.right.body.body[1].argument.arguments[0].body.body[3].expression.arguments[0].callee.object.right.callee.object Identifier: enter
2025-06-05T08:42:12.294Z babel program.body[0].declarations[0].init.right.body.body[1].argument.arguments[0].body.body[3].expression.arguments[0].callee.object.right.callee.object Identifier: Recursing into...
2025-06-05T08:42:12.294Z babel program.body[0].declarations[0].init.right.body.body[1].argument.arguments[0].body.body[3].expression.arguments[0].callee.object.right.callee.object Identifier: exit
2025-06-05T08:42:12.294Z babel program.body[0].declarations[0].init.right.body.body[1].argument.arguments[0].body.body[3].expression.arguments[0].callee.object.right.callee.property Identifier: enter
2025-06-05T08:42:12.294Z babel program.body[0].declarations[0].init.right.body.body[1].argument.arguments[0].body.body[3].expression.arguments[0].callee.object.right.callee.property Identifier: Recursing into...
2025-06-05T08:42:12.294Z babel program.body[0].declarations[0].init.right.body.body[1].argument.arguments[0].body.body[3].expression.arguments[0].callee.object.right.callee.property Identifier: exit
2025-06-05T08:42:12.294Z babel program.body[0].declarations[0].init.right.body.body[1].argument.arguments[0].body.body[3].expression.arguments[0].callee.object.right.callee MemberExpression: exit
2025-06-05T08:42:12.295Z babel program.body[0].declarations[0].init.right.body.body[1].argument.arguments[0].body.body[3].expression.arguments[0].callee.object.right.arguments[0] Identifier: enter
2025-06-05T08:42:12.295Z babel program.body[0].declarations[0].init.right.body.body[1].argument.arguments[0].body.body[3].expression.arguments[0].callee.object.right.arguments[0] Identifier: Recursing into...
2025-06-05T08:42:12.295Z babel program.body[0].declarations[0].init.right.body.body[1].argument.arguments[0].body.body[3].expression.arguments[0].callee.object.right.arguments[0] Identifier: exit
2025-06-05T08:42:12.295Z babel program.body[0].declarations[0].init.right.body.body[1].argument.arguments[0].body.body[3].expression.arguments[0].callee.object.right.arguments[1] LogicalExpression: enter
2025-06-05T08:42:12.295Z babel program.body[0].declarations[0].init.right.body.body[1].argument.arguments[0].body.body[3].expression.arguments[0].callee.object.right.arguments[1] LogicalExpression: Recursing into...
2025-06-05T08:42:12.295Z babel program.body[0].declarations[0].init.right.body.body[1].argument.arguments[0].body.body[3].expression.arguments[0].callee.object.right.arguments[1].left Identifier: enter
2025-06-05T08:42:12.295Z babel program.body[0].declarations[0].init.right.body.body[1].argument.arguments[0].body.body[3].expression.arguments[0].callee.object.right.arguments[1].left Identifier: Recursing into...
2025-06-05T08:42:12.295Z babel program.body[0].declarations[0].init.right.body.body[1].argument.arguments[0].body.body[3].expression.arguments[0].callee.object.right.arguments[1].left Identifier: exit
2025-06-05T08:42:12.295Z babel program.body[0].declarations[0].init.right.body.body[1].argument.arguments[0].body.body[3].expression.arguments[0].callee.object.right.arguments[1].right ArrayExpression: enter
2025-06-05T08:42:12.295Z babel program.body[0].declarations[0].init.right.body.body[1].argument.arguments[0].body.body[3].expression.arguments[0].callee.object.right.arguments[1].right ArrayExpression: Recursing into...
2025-06-05T08:42:12.295Z babel program.body[0].declarations[0].init.right.body.body[1].argument.arguments[0].body.body[3].expression.arguments[0].callee.object.right.arguments[1].right ArrayExpression: exit
2025-06-05T08:42:12.295Z babel program.body[0].declarations[0].init.right.body.body[1].argument.arguments[0].body.body[3].expression.arguments[0].callee.object.right.arguments[1] LogicalExpression: exit
2025-06-05T08:42:12.295Z babel program.body[0].declarations[0].init.right.body.body[1].argument.arguments[0].body.body[3].expression.arguments[0].callee.object.right CallExpression: exit
2025-06-05T08:42:12.295Z babel program.body[0].declarations[0].init.right.body.body[1].argument.arguments[0].body.body[3].expression.arguments[0].callee.object AssignmentExpression: exit
2025-06-05T08:42:12.295Z babel program.body[0].declarations[0].init.right.body.body[1].argument.arguments[0].body.body[3].expression.arguments[0].callee.property Identifier: enter
2025-06-05T08:42:12.295Z babel program.body[0].declarations[0].init.right.body.body[1].argument.arguments[0].body.body[3].expression.arguments[0].callee.property Identifier: Recursing into...
2025-06-05T08:42:12.295Z babel program.body[0].declarations[0].init.right.body.body[1].argument.arguments[0].body.body[3].expression.arguments[0].callee.property Identifier: exit
2025-06-05T08:42:12.295Z babel program.body[0].declarations[0].init.right.body.body[1].argument.arguments[0].body.body[3].expression.arguments[0].callee MemberExpression: exit
2025-06-05T08:42:12.295Z babel program.body[0].declarations[0].init.right.body.body[1].argument.arguments[0].body.body[3].expression.arguments[0] CallExpression: exit
2025-06-05T08:42:12.295Z babel program.body[0].declarations[0].init.right.body.body[1].argument.arguments[0].body.body[3].expression CallExpression: exit
2025-06-05T08:42:12.295Z babel program.body[0].declarations[0].init.right.body.body[1].argument.arguments[0].body.body[3] ExpressionStatement: exit
2025-06-05T08:42:12.295Z babel program.body[0].declarations[0].init.right.body.body[1].argument.arguments[0].body BlockStatement: exit
2025-06-05T08:42:12.295Z babel program.body[0].declarations[0].init.right.body.body[1].argument.arguments[0] FunctionExpression: exit
2025-06-05T08:42:12.295Z babel program.body[0].declarations[0].init.right.body.body[1].argument NewExpression: exit
2025-06-05T08:42:12.295Z babel program.body[0].declarations[0].init.right.body.body[1] ReturnStatement: exit
2025-06-05T08:42:12.295Z babel program.body[0].declarations[0].init.right.body BlockStatement: exit
2025-06-05T08:42:12.295Z babel program.body[0].declarations[0].init.right FunctionExpression: exit
2025-06-05T08:42:12.295Z babel program.body[0].declarations[0].init LogicalExpression: exit
2025-06-05T08:42:12.295Z babel program.body[0].declarations[0] VariableDeclarator: exit
2025-06-05T08:42:12.295Z babel program.body[0] VariableDeclaration: exit
2025-06-05T08:42:12.295Z babel program.body[1] ExpressionStatement: enter
2025-06-05T08:42:12.295Z babel program.body[1] ExpressionStatement: Recursing into...
2025-06-05T08:42:12.295Z babel program.body[1].expression CallExpression: enter
2025-06-05T08:42:12.295Z babel program.body[1].expression CallExpression: Recursing into...
2025-06-05T08:42:12.295Z babel program.body[1].expression.callee MemberExpression: enter
2025-06-05T08:42:12.295Z babel program.body[1].expression.callee MemberExpression: Recursing into...
2025-06-05T08:42:12.295Z babel program.body[1].expression.callee.object Identifier: enter
2025-06-05T08:42:12.295Z babel program.body[1].expression.callee.object Identifier: Recursing into...
2025-06-05T08:42:12.295Z babel program.body[1].expression.callee.object Identifier: exit
2025-06-05T08:42:12.295Z babel program.body[1].expression.callee.property Identifier: enter
2025-06-05T08:42:12.295Z babel program.body[1].expression.callee.property Identifier: Recursing into...
2025-06-05T08:42:12.295Z babel program.body[1].expression.callee.property Identifier: exit
2025-06-05T08:42:12.295Z babel program.body[1].expression.callee MemberExpression: exit
2025-06-05T08:42:12.295Z babel program.body[1].expression.arguments[0] Identifier: enter
2025-06-05T08:42:12.295Z babel program.body[1].expression.arguments[0] Identifier: Recursing into...
2025-06-05T08:42:12.295Z babel program.body[1].expression.arguments[0] Identifier: exit
2025-06-05T08:42:12.295Z babel program.body[1].expression.arguments[1] StringLiteral: enter
2025-06-05T08:42:12.295Z babel program.body[1].expression.arguments[1] StringLiteral: Recursing into...
2025-06-05T08:42:12.295Z babel program.body[1].expression.arguments[1] StringLiteral: exit
2025-06-05T08:42:12.295Z babel program.body[1].expression.arguments[2] ObjectExpression: enter
2025-06-05T08:42:12.295Z babel program.body[1].expression.arguments[2] ObjectExpression: Recursing into...
2025-06-05T08:42:12.295Z babel program.body[1].expression.arguments[2].properties[0] ObjectProperty: enter
2025-06-05T08:42:12.295Z babel program.body[1].expression.arguments[2].properties[0] ObjectProperty: Recursing into...
2025-06-05T08:42:12.295Z babel program.body[1].expression.arguments[2].properties[0].key Identifier: enter
2025-06-05T08:42:12.295Z babel program.body[1].expression.arguments[2].properties[0].key Identifier: Recursing into...
2025-06-05T08:42:12.295Z babel program.body[1].expression.arguments[2].properties[0].key Identifier: exit
2025-06-05T08:42:12.295Z babel program.body[1].expression.arguments[2].properties[0].value BooleanLiteral: enter
2025-06-05T08:42:12.295Z babel program.body[1].expression.arguments[2].properties[0].value BooleanLiteral: Recursing into...
2025-06-05T08:42:12.295Z babel program.body[1].expression.arguments[2].properties[0].value BooleanLiteral: exit
2025-06-05T08:42:12.295Z babel program.body[1].expression.arguments[2].properties[0] ObjectProperty: exit
2025-06-05T08:42:12.295Z babel program.body[1].expression.arguments[2] ObjectExpression: exit
2025-06-05T08:42:12.295Z babel program.body[1].expression CallExpression: exit
2025-06-05T08:42:12.295Z babel program.body[1] ExpressionStatement: exit
2025-06-05T08:42:12.295Z babel program.body[2] ExpressionStatement: enter
2025-06-05T08:42:12.295Z babel program.body[2] ExpressionStatement: Recursing into...
2025-06-05T08:42:12.295Z babel program.body[2].expression AssignmentExpression: enter
2025-06-05T08:42:12.295Z babel program.body[2].expression AssignmentExpression: Recursing into...
2025-06-05T08:42:12.295Z babel program.body[2].expression.left MemberExpression: enter
2025-06-05T08:42:12.295Z babel program.body[2].expression.left MemberExpression: Recursing into...
2025-06-05T08:42:12.295Z babel program.body[2].expression.left.object Identifier: enter
2025-06-05T08:42:12.295Z babel program.body[2].expression.left.object Identifier: Recursing into...
2025-06-05T08:42:12.295Z babel program.body[2].expression.left.object Identifier: exit
2025-06-05T08:42:12.295Z babel program.body[2].expression.left.property Identifier: enter
2025-06-05T08:42:12.295Z babel program.body[2].expression.left.property Identifier: Recursing into...
2025-06-05T08:42:12.295Z babel program.body[2].expression.left.property Identifier: exit
2025-06-05T08:42:12.295Z babel program.body[2].expression.left MemberExpression: exit
2025-06-05T08:42:12.295Z babel program.body[2].expression.right UnaryExpression: enter
2025-06-05T08:42:12.295Z babel program.body[2].expression.right UnaryExpression: Recursing into...
2025-06-05T08:42:12.295Z babel program.body[2].expression.right.argument NumericLiteral: enter
2025-06-05T08:42:12.295Z babel program.body[2].expression.right.argument NumericLiteral: Recursing into...
2025-06-05T08:42:12.295Z babel program.body[2].expression.right.argument NumericLiteral: exit
2025-06-05T08:42:12.295Z babel program.body[2].expression.right UnaryExpression: exit
2025-06-05T08:42:12.295Z babel program.body[2].expression AssignmentExpression: exit
2025-06-05T08:42:12.295Z babel program.body[2] ExpressionStatement: exit
2025-06-05T08:42:12.295Z babel program.body[3] VariableDeclaration: enter
2025-06-05T08:42:12.296Z babel program.body[3] VariableDeclaration: Recursing into...
2025-06-05T08:42:12.296Z babel program.body[3].declarations[0] VariableDeclarator: enter
2025-06-05T08:42:12.296Z babel program.body[3].declarations[0] VariableDeclarator: Recursing into...
2025-06-05T08:42:12.296Z babel program.body[3].declarations[0].id Identifier: enter
2025-06-05T08:42:12.296Z babel program.body[3].declarations[0].id Identifier: Recursing into...
2025-06-05T08:42:12.296Z babel program.body[3].declarations[0].id Identifier: exit
2025-06-05T08:42:12.296Z babel program.body[3].declarations[0].init CallExpression: enter
2025-06-05T08:42:12.296Z babel program.body[3].declarations[0].init CallExpression: Recursing into...
2025-06-05T08:42:12.296Z babel program.body[3].declarations[0].init.callee Identifier: enter
2025-06-05T08:42:12.296Z babel program.body[3].declarations[0].init.callee Identifier: Recursing into...
2025-06-05T08:42:12.296Z babel program.body[3].declarations[0].init.callee Identifier: exit
2025-06-05T08:42:12.296Z babel program.body[3].declarations[0].init.arguments[0] StringLiteral: enter
2025-06-05T08:42:12.296Z babel program.body[3].declarations[0].init.arguments[0] StringLiteral: Recursing into...
2025-06-05T08:42:12.296Z babel program.body[3].declarations[0].init.arguments[0] StringLiteral: exit
2025-06-05T08:42:12.296Z babel program.body[3].declarations[0].init CallExpression: exit
2025-06-05T08:42:12.296Z babel program.body[3].declarations[0] VariableDeclarator: exit
2025-06-05T08:42:12.296Z babel program.body[3] VariableDeclaration: exit
2025-06-05T08:42:12.296Z babel program.body[4] ClassDeclaration: enter
2025-06-05T08:42:12.296Z babel program.body[4] ClassDeclaration: Recursing into...
2025-06-05T08:42:12.296Z babel program.body[4].id Identifier: enter
2025-06-05T08:42:12.296Z babel program.body[4].id Identifier: Recursing into...
2025-06-05T08:42:12.296Z babel program.body[4].id Identifier: exit
2025-06-05T08:42:12.296Z babel program.body[4].superClass MemberExpression: enter
2025-06-05T08:42:12.296Z babel program.body[4].superClass MemberExpression: Recursing into...
2025-06-05T08:42:12.296Z babel program.body[4].superClass.object Identifier: enter
2025-06-05T08:42:12.296Z babel program.body[4].superClass.object Identifier: Recursing into...
2025-06-05T08:42:12.296Z babel program.body[4].superClass.object Identifier: exit
2025-06-05T08:42:12.296Z babel program.body[4].superClass.property Identifier: enter
2025-06-05T08:42:12.296Z babel program.body[4].superClass.property Identifier: Recursing into...
2025-06-05T08:42:12.296Z babel program.body[4].superClass.property Identifier: exit
2025-06-05T08:42:12.296Z babel program.body[4].superClass MemberExpression: exit
2025-06-05T08:42:12.296Z babel program.body[4].body ClassBody: enter
2025-06-05T08:42:12.296Z babel program.body[4].body ClassBody: Recursing into...
2025-06-05T08:42:12.296Z babel program.body[4].body.body[0] ClassMethod: enter
2025-06-05T08:42:12.296Z babel program.body[4].body.body[0] ClassMethod: Recursing into...
2025-06-05T08:42:12.296Z babel program.body[4].body.body[0].key Identifier: enter
2025-06-05T08:42:12.296Z babel program.body[4].body.body[0].key Identifier: Recursing into...
2025-06-05T08:42:12.296Z babel program.body[4].body.body[0].key Identifier: exit
2025-06-05T08:42:12.296Z babel program.body[4].body.body[0].params[0] Identifier: enter
2025-06-05T08:42:12.296Z babel program.body[4].body.body[0].params[0] Identifier: Recursing into...
2025-06-05T08:42:12.296Z babel program.body[4].body.body[0].params[0] Identifier: exit
2025-06-05T08:42:12.296Z babel program.body[4].body.body[0].body BlockStatement: enter
2025-06-05T08:42:12.296Z babel program.body[4].body.body[0].body BlockStatement: Recursing into...
2025-06-05T08:42:12.296Z babel program.body[4].body.body[0].body.body[0] ReturnStatement: enter
2025-06-05T08:42:12.296Z babel program.body[4].body.body[0].body.body[0] ReturnStatement: Recursing into...
2025-06-05T08:42:12.296Z babel program.body[4].body.body[0].body.body[0].argument BooleanLiteral: enter
2025-06-05T08:42:12.296Z babel program.body[4].body.body[0].body.body[0].argument BooleanLiteral: Recursing into...
2025-06-05T08:42:12.296Z babel program.body[4].body.body[0].body.body[0].argument BooleanLiteral: exit
2025-06-05T08:42:12.296Z babel program.body[4].body.body[0].body.body[0] ReturnStatement: exit
2025-06-05T08:42:12.296Z babel program.body[4].body.body[0].body BlockStatement: exit
2025-06-05T08:42:12.296Z babel program.body[4].body.body[0] ClassMethod: exit
2025-06-05T08:42:12.296Z babel program.body[4].body.body[1] ClassMethod: enter
2025-06-05T08:42:12.296Z babel program.body[4].body.body[1] ClassMethod: Recursing into...
2025-06-05T08:42:12.296Z babel program.body[4].body.body[1].key Identifier: enter
2025-06-05T08:42:12.296Z babel program.body[4].body.body[1].key Identifier: Recursing into...
2025-06-05T08:42:12.296Z babel program.body[4].body.body[1].key Identifier: exit
2025-06-05T08:42:12.296Z babel program.body[4].body.body[1].params[0] Identifier: enter
2025-06-05T08:42:12.296Z babel program.body[4].body.body[1].params[0] Identifier: Recursing into...
2025-06-05T08:42:12.296Z babel program.body[4].body.body[1].params[0] Identifier: exit
2025-06-05T08:42:12.296Z babel program.body[4].body.body[1].params[1] Identifier: enter
2025-06-05T08:42:12.296Z babel program.body[4].body.body[1].params[1] Identifier: Recursing into...
2025-06-05T08:42:12.296Z babel program.body[4].body.body[1].params[1] Identifier: exit
2025-06-05T08:42:12.296Z babel program.body[4].body.body[1].body BlockStatement: enter
2025-06-05T08:42:12.297Z babel program.body[4].body.body[1].body BlockStatement: Recursing into...
2025-06-05T08:42:12.297Z babel program.body[4].body.body[1].body.body[0] ReturnStatement: enter
2025-06-05T08:42:12.297Z babel program.body[4].body.body[1].body.body[0] ReturnStatement: Recursing into...
2025-06-05T08:42:12.297Z babel program.body[4].body.body[1].body.body[0].argument CallExpression: enter
2025-06-05T08:42:12.297Z babel program.body[4].body.body[1].body.body[0].argument CallExpression: Recursing into...
2025-06-05T08:42:12.297Z babel program.body[4].body.body[1].body.body[0].argument.callee Identifier: enter
2025-06-05T08:42:12.297Z babel program.body[4].body.body[1].body.body[0].argument.callee Identifier: Recursing into...
2025-06-05T08:42:12.297Z babel program.body[4].body.body[1].body.body[0].argument.callee Identifier: exit
2025-06-05T08:42:12.297Z babel program.body[4].body.body[1].body.body[0].argument.arguments[0] ThisExpression: enter
2025-06-05T08:42:12.297Z babel program.body[4].body.body[1].body.body[0].argument.arguments[0] ThisExpression: Recursing into...
2025-06-05T08:42:12.297Z babel program.body[4].body.body[1].body.body[0].argument.arguments[0] ThisExpression: exit
2025-06-05T08:42:12.297Z babel program.body[4].body.body[1].body.body[0].argument.arguments[1] UnaryExpression: enter
2025-06-05T08:42:12.297Z babel program.body[4].body.body[1].body.body[0].argument.arguments[1] UnaryExpression: Recursing into...
2025-06-05T08:42:12.297Z babel program.body[4].body.body[1].body.body[0].argument.arguments[1].argument NumericLiteral: enter
2025-06-05T08:42:12.297Z babel program.body[4].body.body[1].body.body[0].argument.arguments[1].argument NumericLiteral: Recursing into...
2025-06-05T08:42:12.297Z babel program.body[4].body.body[1].body.body[0].argument.arguments[1].argument NumericLiteral: exit
2025-06-05T08:42:12.297Z babel program.body[4].body.body[1].body.body[0].argument.arguments[1] UnaryExpression: exit
2025-06-05T08:42:12.297Z babel program.body[4].body.body[1].body.body[0].argument.arguments[2] UnaryExpression: enter
2025-06-05T08:42:12.297Z babel program.body[4].body.body[1].body.body[0].argument.arguments[2] UnaryExpression: Recursing into...
2025-06-05T08:42:12.297Z babel program.body[4].body.body[1].body.body[0].argument.arguments[2].argument NumericLiteral: enter
2025-06-05T08:42:12.297Z babel program.body[4].body.body[1].body.body[0].argument.arguments[2].argument NumericLiteral: Recursing into...
2025-06-05T08:42:12.297Z babel program.body[4].body.body[1].body.body[0].argument.arguments[2].argument NumericLiteral: exit
2025-06-05T08:42:12.297Z babel program.body[4].body.body[1].body.body[0].argument.arguments[2] UnaryExpression: exit
2025-06-05T08:42:12.297Z babel program.body[4].body.body[1].body.body[0].argument.arguments[3] FunctionExpression: enter
2025-06-05T08:42:12.297Z babel program.body[4].body.body[1].body.body[0].argument.arguments[3] FunctionExpression: Recursing into...
2025-06-05T08:42:12.297Z babel program.body[4].body.body[1].body.body[0].argument.arguments[3].body BlockStatement: enter
2025-06-05T08:42:12.297Z babel program.body[4].body.body[1].body.body[0].argument.arguments[3].body BlockStatement: Recursing into...
2025-06-05T08:42:12.297Z babel program.body[4].body.body[1].body.body[0].argument.arguments[3].body.body[0] VariableDeclaration: enter
2025-06-05T08:42:12.297Z babel program.body[4].body.body[1].body.body[0].argument.arguments[3].body.body[0] VariableDeclaration: Recursing into...
2025-06-05T08:42:12.297Z babel program.body[4].body.body[1].body.body[0].argument.arguments[3].body.body[0].declarations[0] VariableDeclarator: enter
2025-06-05T08:42:12.297Z babel program.body[4].body.body[1].body.body[0].argument.arguments[3].body.body[0].declarations[0] VariableDeclarator: Recursing into...
2025-06-05T08:42:12.298Z babel program.body[4].body.body[1].body.body[0].argument.arguments[3].body.body[0].declarations[0].id Identifier: enter
2025-06-05T08:42:12.298Z babel program.body[4].body.body[1].body.body[0].argument.arguments[3].body.body[0].declarations[0].id Identifier: Recursing into...
2025-06-05T08:42:12.298Z babel program.body[4].body.body[1].body.body[0].argument.arguments[3].body.body[0].declarations[0].id Identifier: exit
2025-06-05T08:42:12.298Z babel program.body[4].body.body[1].body.body[0].argument.arguments[3].body.body[0].declarations[0] VariableDeclarator: exit
2025-06-05T08:42:12.298Z babel program.body[4].body.body[1].body.body[0].argument.arguments[3].body.body[0].declarations[1] VariableDeclarator: enter
2025-06-05T08:42:12.298Z babel program.body[4].body.body[1].body.body[0].argument.arguments[3].body.body[0].declarations[1] VariableDeclarator: Recursing into...
2025-06-05T08:42:12.298Z babel program.body[4].body.body[1].body.body[0].argument.arguments[3].body.body[0].declarations[1].id Identifier: enter
2025-06-05T08:42:12.298Z babel program.body[4].body.body[1].body.body[0].argument.arguments[3].body.body[0].declarations[1].id Identifier: Recursing into...
2025-06-05T08:42:12.298Z babel program.body[4].body.body[1].body.body[0].argument.arguments[3].body.body[0].declarations[1].id Identifier: exit
2025-06-05T08:42:12.298Z babel program.body[4].body.body[1].body.body[0].argument.arguments[3].body.body[0].declarations[1] VariableDeclarator: exit
2025-06-05T08:42:12.298Z babel program.body[4].body.body[1].body.body[0].argument.arguments[3].body.body[0].declarations[2] VariableDeclarator: enter
2025-06-05T08:42:12.298Z babel program.body[4].body.body[1].body.body[0].argument.arguments[3].body.body[0].declarations[2] VariableDeclarator: Recursing into...
2025-06-05T08:42:12.298Z babel program.body[4].body.body[1].body.body[0].argument.arguments[3].body.body[0].declarations[2].id Identifier: enter
2025-06-05T08:42:12.298Z babel program.body[4].body.body[1].body.body[0].argument.arguments[3].body.body[0].declarations[2].id Identifier: Recursing into...
2025-06-05T08:42:12.298Z babel program.body[4].body.body[1].body.body[0].argument.arguments[3].body.body[0].declarations[2].id Identifier: exit
2025-06-05T08:42:12.298Z babel program.body[4].body.body[1].body.body[0].argument.arguments[3].body.body[0].declarations[2] VariableDeclarator: exit
2025-06-05T08:42:12.298Z babel program.body[4].body.body[1].body.body[0].argument.arguments[3].body.body[0].declarations[3] VariableDeclarator: enter
2025-06-05T08:42:12.298Z babel program.body[4].body.body[1].body.body[0].argument.arguments[3].body.body[0].declarations[3] VariableDeclarator: Recursing into...
2025-06-05T08:42:12.298Z babel program.body[4].body.body[1].body.body[0].argument.arguments[3].body.body[0].declarations[3].id Identifier: enter
2025-06-05T08:42:12.298Z babel program.body[4].body.body[1].body.body[0].argument.arguments[3].body.body[0].declarations[3].id Identifier: Recursing into...
2025-06-05T08:42:12.298Z babel program.body[4].body.body[1].body.body[0].argument.arguments[3].body.body[0].declarations[3].id Identifier: exit
2025-06-05T08:42:12.298Z babel program.body[4].body.body[1].body.body[0].argument.arguments[3].body.body[0].declarations[3] VariableDeclarator: exit
2025-06-05T08:42:12.298Z babel program.body[4].body.body[1].body.body[0].argument.arguments[3].body.body[0] VariableDeclaration: exit
2025-06-05T08:42:12.298Z babel program.body[4].body.body[1].body.body[0].argument.arguments[3].body.body[1] TryStatement: enter
2025-06-05T08:42:12.298Z babel program.body[4].body.body[1].body.body[0].argument.arguments[3].body.body[1] TryStatement: Recursing into...
2025-06-05T08:42:12.298Z babel program.body[4].body.body[1].body.body[0].argument.arguments[3].body.body[1].block BlockStatement: enter
2025-06-05T08:42:12.298Z babel program.body[4].body.body[1].body.body[0].argument.arguments[3].body.body[1].block BlockStatement: Recursing into...
2025-06-05T08:42:12.298Z babel program.body[4].body.body[1].body.body[0].argument.arguments[3].body.body[1].block.body[0] IfStatement: enter
2025-06-05T08:42:12.298Z babel program.body[4].body.body[1].body.body[0].argument.arguments[3].body.body[1].block.body[0] IfStatement: Recursing into...
2025-06-05T08:42:12.298Z babel program.body[4].body.body[1].body.body[0].argument.arguments[3].body.body[1].block.body[0].test CallExpression: enter
2025-06-05T08:42:12.298Z babel program.body[4].body.body[1].body.body[0].argument.arguments[3].body.body[1].block.body[0].test CallExpression: Recursing into...
2025-06-05T08:42:12.298Z babel program.body[4].body.body[1].body.body[0].argument.arguments[3].body.body[1].block.body[0].test.callee MemberExpression: enter
2025-06-05T08:42:12.298Z babel program.body[4].body.body[1].body.body[0].argument.arguments[3].body.body[1].block.body[0].test.callee MemberExpression: Recursing into...
2025-06-05T08:42:12.298Z babel program.body[4].body.body[1].body.body[0].argument.arguments[3].body.body[1].block.body[0].test.callee.object ThisExpression: enter
2025-06-05T08:42:12.298Z babel program.body[4].body.body[1].body.body[0].argument.arguments[3].body.body[1].block.body[0].test.callee.object ThisExpression: Recursing into...
2025-06-05T08:42:12.298Z babel program.body[4].body.body[1].body.body[0].argument.arguments[3].body.body[1].block.body[0].test.callee.object ThisExpression: exit
2025-06-05T08:42:12.298Z babel program.body[4].body.body[1].body.body[0].argument.arguments[3].body.body[1].block.body[0].test.callee.property Identifier: enter
2025-06-05T08:42:12.298Z babel program.body[4].body.body[1].body.body[0].argument.arguments[3].body.body[1].block.body[0].test.callee.property Identifier: Recursing into...
2025-06-05T08:42:12.298Z babel program.body[4].body.body[1].body.body[0].argument.arguments[3].body.body[1].block.body[0].test.callee.property Identifier: exit
2025-06-05T08:42:12.298Z babel program.body[4].body.body[1].body.body[0].argument.arguments[3].body.body[1].block.body[0].test.callee MemberExpression: exit
2025-06-05T08:42:12.298Z babel program.body[4].body.body[1].body.body[0].argument.arguments[3].body.body[1].block.body[0].test.arguments[0] Identifier: enter
2025-06-05T08:42:12.298Z babel program.body[4].body.body[1].body.body[0].argument.arguments[3].body.body[1].block.body[0].test.arguments[0] Identifier: Recursing into...
2025-06-05T08:42:12.298Z babel program.body[4].body.body[1].body.body[0].argument.arguments[3].body.body[1].block.body[0].test.arguments[0] Identifier: exit
2025-06-05T08:42:12.298Z babel program.body[4].body.body[1].body.body[0].argument.arguments[3].body.body[1].block.body[0].test CallExpression: exit
2025-06-05T08:42:12.298Z babel program.body[4].body.body[1].body.body[0].argument.arguments[3].body.body[1].block.body[0].consequent BlockStatement: enter
2025-06-05T08:42:12.298Z babel program.body[4].body.body[1].body.body[0].argument.arguments[3].body.body[1].block.body[0].consequent BlockStatement: Recursing into...
2025-06-05T08:42:12.298Z babel program.body[4].body.body[1].body.body[0].argument.arguments[3].body.body[1].block.body[0].consequent.body[0] ReturnStatement: enter
2025-06-05T08:42:12.298Z babel program.body[4].body.body[1].body.body[0].argument.arguments[3].body.body[1].block.body[0].consequent.body[0] ReturnStatement: Recursing into...
2025-06-05T08:42:12.298Z babel program.body[4].body.body[1].body.body[0].argument.arguments[3].body.body[1].block.body[0].consequent.body[0].argument Identifier: enter
2025-06-05T08:42:12.298Z babel program.body[4].body.body[1].body.body[0].argument.arguments[3].body.body[1].block.body[0].consequent.body[0].argument Identifier: Recursing into...
2025-06-05T08:42:12.298Z babel program.body[4].body.body[1].body.body[0].argument.arguments[3].body.body[1].block.body[0].consequent.body[0].argument Identifier: exit
2025-06-05T08:42:12.298Z babel program.body[4].body.body[1].body.body[0].argument.arguments[3].body.body[1].block.body[0].consequent.body[0] ReturnStatement: exit
2025-06-05T08:42:12.298Z babel program.body[4].body.body[1].body.body[0].argument.arguments[3].body.body[1].block.body[0].consequent BlockStatement: exit
2025-06-05T08:42:12.298Z babel program.body[4].body.body[1].body.body[0].argument.arguments[3].body.body[1].block.body[0] IfStatement: exit
2025-06-05T08:42:12.298Z babel program.body[4].body.body[1].body.body[0].argument.arguments[3].body.body[1].block.body[1] VariableDeclaration: enter
2025-06-05T08:42:12.298Z babel program.body[4].body.body[1].body.body[0].argument.arguments[3].body.body[1].block.body[1] VariableDeclaration: Recursing into...
2025-06-05T08:42:12.298Z babel program.body[4].body.body[1].body.body[0].argument.arguments[3].body.body[1].block.body[1].declarations[0] VariableDeclarator: enter
2025-06-05T08:42:12.298Z babel program.body[4].body.body[1].body.body[0].argument.arguments[3].body.body[1].block.body[1].declarations[0] VariableDeclarator: Recursing into...
2025-06-05T08:42:12.298Z babel program.body[4].body.body[1].body.body[0].argument.arguments[3].body.body[1].block.body[1].declarations[0].id Identifier: enter
2025-06-05T08:42:12.298Z babel program.body[4].body.body[1].body.body[0].argument.arguments[3].body.body[1].block.body[1].declarations[0].id Identifier: Recursing into...
2025-06-05T08:42:12.298Z babel program.body[4].body.body[1].body.body[0].argument.arguments[3].body.body[1].block.body[1].declarations[0].id Identifier: exit
2025-06-05T08:42:12.298Z babel program.body[4].body.body[1].body.body[0].argument.arguments[3].body.body[1].block.body[1].declarations[0] VariableDeclarator: exit
2025-06-05T08:42:12.298Z babel program.body[4].body.body[1].body.body[0].argument.arguments[3].body.body[1].block.body[1] VariableDeclaration: exit
2025-06-05T08:42:12.298Z babel program.body[4].body.body[1].body.body[0].argument.arguments[3].body.body[1].block.body[2] IfStatement: enter
2025-06-05T08:42:12.298Z babel program.body[4].body.body[1].body.body[0].argument.arguments[3].body.body[1].block.body[2] IfStatement: Recursing into...
2025-06-05T08:42:12.298Z babel program.body[4].body.body[1].body.body[0].argument.arguments[3].body.body[1].block.body[2].test BinaryExpression: enter
2025-06-05T08:42:12.298Z babel program.body[4].body.body[1].body.body[0].argument.arguments[3].body.body[1].block.body[2].test BinaryExpression: Recursing into...
2025-06-05T08:42:12.298Z babel program.body[4].body.body[1].body.body[0].argument.arguments[3].body.body[1].block.body[2].test.left UnaryExpression: enter
2025-06-05T08:42:12.298Z babel program.body[4].body.body[1].body.body[0].argument.arguments[3].body.body[1].block.body[2].test.left UnaryExpression: Recursing into...
2025-06-05T08:42:12.298Z babel program.body[4].body.body[1].body.body[0].argument.arguments[3].body.body[1].block.body[2].test.left.argument Identifier: enter
2025-06-05T08:42:12.298Z babel program.body[4].body.body[1].body.body[0].argument.arguments[3].body.body[1].block.body[2].test.left.argument Identifier: Recursing into...
2025-06-05T08:42:12.298Z babel program.body[4].body.body[1].body.body[0].argument.arguments[3].body.body[1].block.body[2].test.left.argument Identifier: exit
2025-06-05T08:42:12.298Z babel program.body[4].body.body[1].body.body[0].argument.arguments[3].body.body[1].block.body[2].test.left UnaryExpression: exit
2025-06-05T08:42:12.298Z babel program.body[4].body.body[1].body.body[0].argument.arguments[3].body.body[1].block.body[2].test.right StringLiteral: enter
2025-06-05T08:42:12.298Z babel program.body[4].body.body[1].body.body[0].argument.arguments[3].body.body[1].block.body[2].test.right StringLiteral: Recursing into...
2025-06-05T08:42:12.298Z babel program.body[4].body.body[1].body.body[0].argument.arguments[3].body.body[1].block.body[2].test.right StringLiteral: exit
2025-06-05T08:42:12.298Z babel program.body[4].body.body[1].body.body[0].argument.arguments[3].body.body[1].block.body[2].test BinaryExpression: exit
2025-06-05T08:42:12.298Z babel program.body[4].body.body[1].body.body[0].argument.arguments[3].body.body[1].block.body[2].consequent BlockStatement: enter
2025-06-05T08:42:12.298Z babel program.body[4].body.body[1].body.body[0].argument.arguments[3].body.body[1].block.body[2].consequent BlockStatement: Recursing into...
2025-06-05T08:42:12.298Z babel program.body[4].body.body[1].body.body[0].argument.arguments[3].body.body[1].block.body[2].consequent.body[0] TryStatement: enter
2025-06-05T08:42:12.298Z babel program.body[4].body.body[1].body.body[0].argument.arguments[3].body.body[1].block.body[2].consequent.body[0] TryStatement: Recursing into...
2025-06-05T08:42:12.298Z babel program.body[4].body.body[1].body.body[0].argument.arguments[3].body.body[1].block.body[2].consequent.body[0].block BlockStatement: enter
2025-06-05T08:42:12.298Z babel program.body[4].body.body[1].body.body[0].argument.arguments[3].body.body[1].block.body[2].consequent.body[0].block BlockStatement: Recursing into...
2025-06-05T08:42:12.298Z babel program.body[4].body.body[1].body.body[0].argument.arguments[3].body.body[1].block.body[2].consequent.body[0].block.body[0] ExpressionStatement: enter
2025-06-05T08:42:12.298Z babel program.body[4].body.body[1].body.body[0].argument.arguments[3].body.body[1].block.body[2].consequent.body[0].block.body[0] ExpressionStatement: Recursing into...
2025-06-05T08:42:12.298Z babel program.body[4].body.body[1].body.body[0].argument.arguments[3].body.body[1].block.body[2].consequent.body[0].block.body[0].expression AssignmentExpression: enter
2025-06-05T08:42:12.299Z babel program.body[4].body.body[1].body.body[0].argument.arguments[3].body.body[1].block.body[2].consequent.body[0].block.body[0].expression AssignmentExpression: Recursing into...
2025-06-05T08:42:12.299Z babel program.body[4].body.body[1].body.body[0].argument.arguments[3].body.body[1].block.body[2].consequent.body[0].block.body[0].expression.left Identifier: enter
2025-06-05T08:42:12.299Z babel program.body[4].body.body[1].body.body[0].argument.arguments[3].body.body[1].block.body[2].consequent.body[0].block.body[0].expression.left Identifier: Recursing into...
2025-06-05T08:42:12.299Z babel program.body[4].body.body[1].body.body[0].argument.arguments[3].body.body[1].block.body[2].consequent.body[0].block.body[0].expression.left Identifier: exit
2025-06-05T08:42:12.299Z babel program.body[4].body.body[1].body.body[0].argument.arguments[3].body.body[1].block.body[2].consequent.body[0].block.body[0].expression.right CallExpression: enter
2025-06-05T08:42:12.299Z babel program.body[4].body.body[1].body.body[0].argument.arguments[3].body.body[1].block.body[2].consequent.body[0].block.body[0].expression.right CallExpression: Recursing into...
2025-06-05T08:42:12.299Z babel program.body[4].body.body[1].body.body[0].argument.arguments[3].body.body[1].block.body[2].consequent.body[0].block.body[0].expression.right.callee MemberExpression: enter
2025-06-05T08:42:12.299Z babel program.body[4].body.body[1].body.body[0].argument.arguments[3].body.body[1].block.body[2].consequent.body[0].block.body[0].expression.right.callee MemberExpression: Recursing into...
2025-06-05T08:42:12.299Z babel program.body[4].body.body[1].body.body[0].argument.arguments[3].body.body[1].block.body[2].consequent.body[0].block.body[0].expression.right.callee.object Identifier: enter
2025-06-05T08:42:12.299Z babel program.body[4].body.body[1].body.body[0].argument.arguments[3].body.body[1].block.body[2].consequent.body[0].block.body[0].expression.right.callee.object Identifier: Recursing into...
2025-06-05T08:42:12.299Z babel program.body[4].body.body[1].body.body[0].argument.arguments[3].body.body[1].block.body[2].consequent.body[0].block.body[0].expression.right.callee.object Identifier: exit
2025-06-05T08:42:12.299Z babel program.body[4].body.body[1].body.body[0].argument.arguments[3].body.body[1].block.body[2].consequent.body[0].block.body[0].expression.right.callee.property Identifier: enter
2025-06-05T08:42:12.299Z babel program.body[4].body.body[1].body.body[0].argument.arguments[3].body.body[1].block.body[2].consequent.body[0].block.body[0].expression.right.callee.property Identifier: Recursing into...
2025-06-05T08:42:12.299Z babel program.body[4].body.body[1].body.body[0].argument.arguments[3].body.body[1].block.body[2].consequent.body[0].block.body[0].expression.right.callee.property Identifier: exit
2025-06-05T08:42:12.299Z babel program.body[4].body.body[1].body.body[0].argument.arguments[3].body.body[1].block.body[2].consequent.body[0].block.body[0].expression.right.callee MemberExpression: exit
2025-06-05T08:42:12.299Z babel program.body[4].body.body[1].body.body[0].argument.arguments[3].body.body[1].block.body[2].consequent.body[0].block.body[0].expression.right.arguments[0] Identifier: enter
2025-06-05T08:42:12.299Z babel program.body[4].body.body[1].body.body[0].argument.arguments[3].body.body[1].block.body[2].consequent.body[0].block.body[0].expression.right.arguments[0] Identifier: Recursing into...
2025-06-05T08:42:12.299Z babel program.body[4].body.body[1].body.body[0].argument.arguments[3].body.body[1].block.body[2].consequent.body[0].block.body[0].expression.right.arguments[0] Identifier: exit
2025-06-05T08:42:12.299Z babel program.body[4].body.body[1].body.body[0].argument.arguments[3].body.body[1].block.body[2].consequent.body[0].block.body[0].expression.right CallExpression: exit
2025-06-05T08:42:12.299Z babel program.body[4].body.body[1].body.body[0].argument.arguments[3].body.body[1].block.body[2].consequent.body[0].block.body[0].expression AssignmentExpression: exit
2025-06-05T08:42:12.299Z babel program.body[4].body.body[1].body.body[0].argument.arguments[3].body.body[1].block.body[2].consequent.body[0].block.body[0] ExpressionStatement: exit
2025-06-05T08:42:12.299Z babel program.body[4].body.body[1].body.body[0].argument.arguments[3].body.body[1].block.body[2].consequent.body[0].block BlockStatement: exit
2025-06-05T08:42:12.299Z babel program.body[4].body.body[1].body.body[0].argument.arguments[3].body.body[1].block.body[2].consequent.body[0].handler CatchClause: enter
2025-06-05T08:42:12.299Z babel program.body[4].body.body[1].body.body[0].argument.arguments[3].body.body[1].block.body[2].consequent.body[0].handler CatchClause: Recursing into...
2025-06-05T08:42:12.299Z babel program.body[4].body.body[1].body.body[0].argument.arguments[3].body.body[1].block.body[2].consequent.body[0].handler.param Identifier: enter
2025-06-05T08:42:12.299Z babel program.body[4].body.body[1].body.body[0].argument.arguments[3].body.body[1].block.body[2].consequent.body[0].handler.param Identifier: Recursing into...
2025-06-05T08:42:12.299Z babel program.body[4].body.body[1].body.body[0].argument.arguments[3].body.body[1].block.body[2].consequent.body[0].handler.param Identifier: exit
2025-06-05T08:42:12.299Z babel program.body[4].body.body[1].body.body[0].argument.arguments[3].body.body[1].block.body[2].consequent.body[0].handler.body BlockStatement: enter
2025-06-05T08:42:12.299Z babel program.body[4].body.body[1].body.body[0].argument.arguments[3].body.body[1].block.body[2].consequent.body[0].handler.body BlockStatement: Recursing into...
2025-06-05T08:42:12.299Z babel program.body[4].body.body[1].body.body[0].argument.arguments[3].body.body[1].block.body[2].consequent.body[0].handler.body.body[0] ReturnStatement: enter
2025-06-05T08:42:12.299Z babel program.body[4].body.body[1].body.body[0].argument.arguments[3].body.body[1].block.body[2].consequent.body[0].handler.body.body[0] ReturnStatement: Recursing into...
2025-06-05T08:42:12.299Z babel program.body[4].body.body[1].body.body[0].argument.arguments[3].body.body[1].block.body[2].consequent.body[0].handler.body.body[0].argument CallExpression: enter
2025-06-05T08:42:12.299Z babel program.body[4].body.body[1].body.body[0].argument.arguments[3].body.body[1].block.body[2].consequent.body[0].handler.body.body[0].argument CallExpression: Recursing into...
2025-06-05T08:42:12.299Z babel program.body[4].body.body[1].body.body[0].argument.arguments[3].body.body[1].block.body[2].consequent.body[0].handler.body.body[0].argument.callee MemberExpression: enter
2025-06-05T08:42:12.299Z babel program.body[4].body.body[1].body.body[0].argument.arguments[3].body.body[1].block.body[2].consequent.body[0].handler.body.body[0].argument.callee MemberExpression: Recursing into...
2025-06-05T08:42:12.299Z babel program.body[4].body.body[1].body.body[0].argument.arguments[3].body.body[1].block.body[2].consequent.body[0].handler.body.body[0].argument.callee.object ThisExpression: enter
2025-06-05T08:42:12.299Z babel program.body[4].body.body[1].body.body[0].argument.arguments[3].body.body[1].block.body[2].consequent.body[0].handler.body.body[0].argument.callee.object ThisExpression: Recursing into...
2025-06-05T08:42:12.299Z babel program.body[4].body.body[1].body.body[0].argument.arguments[3].body.body[1].block.body[2].consequent.body[0].handler.body.body[0].argument.callee.object ThisExpression: exit
2025-06-05T08:42:12.299Z babel program.body[4].body.body[1].body.body[0].argument.arguments[3].body.body[1].block.body[2].consequent.body[0].handler.body.body[0].argument.callee.property Identifier: enter
2025-06-05T08:42:12.299Z babel program.body[4].body.body[1].body.body[0].argument.arguments[3].body.body[1].block.body[2].consequent.body[0].handler.body.body[0].argument.callee.property Identifier: Recursing into...
2025-06-05T08:42:12.299Z babel program.body[4].body.body[1].body.body[0].argument.arguments[3].body.body[1].block.body[2].consequent.body[0].handler.body.body[0].argument.callee.property Identifier: exit
2025-06-05T08:42:12.299Z babel program.body[4].body.body[1].body.body[0].argument.arguments[3].body.body[1].block.body[2].consequent.body[0].handler.body.body[0].argument.callee MemberExpression: exit
2025-06-05T08:42:12.299Z babel program.body[4].body.body[1].body.body[0].argument.arguments[3].body.body[1].block.body[2].consequent.body[0].handler.body.body[0].argument.arguments[0] StringLiteral: enter
2025-06-05T08:42:12.299Z babel program.body[4].body.body[1].body.body[0].argument.arguments[3].body.body[1].block.body[2].consequent.body[0].handler.body.body[0].argument.arguments[0] StringLiteral: Recursing into...
2025-06-05T08:42:12.299Z babel program.body[4].body.body[1].body.body[0].argument.arguments[3].body.body[1].block.body[2].consequent.body[0].handler.body.body[0].argument.arguments[0] StringLiteral: exit
2025-06-05T08:42:12.299Z babel program.body[4].body.body[1].body.body[0].argument.arguments[3].body.body[1].block.body[2].consequent.body[0].handler.body.body[0].argument.arguments[1] StringLiteral: enter
2025-06-05T08:42:12.299Z babel program.body[4].body.body[1].body.body[0].argument.arguments[3].body.body[1].block.body[2].consequent.body[0].handler.body.body[0].argument.arguments[1] StringLiteral: Recursing into...
2025-06-05T08:42:12.299Z babel program.body[4].body.body[1].body.body[0].argument.arguments[3].body.body[1].block.body[2].consequent.body[0].handler.body.body[0].argument.arguments[1] StringLiteral: exit
2025-06-05T08:42:12.299Z babel program.body[4].body.body[1].body.body[0].argument.arguments[3].body.body[1].block.body[2].consequent.body[0].handler.body.body[0].argument.arguments[2] ObjectExpression: enter
2025-06-05T08:42:12.299Z babel program.body[4].body.body[1].body.body[0].argument.arguments[3].body.body[1].block.body[2].consequent.body[0].handler.body.body[0].argument.arguments[2] ObjectExpression: Recursing into...
2025-06-05T08:42:12.299Z babel program.body[4].body.body[1].body.body[0].argument.arguments[3].body.body[1].block.body[2].consequent.body[0].handler.body.body[0].argument.arguments[2].properties[0] ObjectProperty: enter
2025-06-05T08:42:12.299Z babel program.body[4].body.body[1].body.body[0].argument.arguments[3].body.body[1].block.body[2].consequent.body[0].handler.body.body[0].argument.arguments[2].properties[0] ObjectProperty: Recursing into...
2025-06-05T08:42:12.299Z babel program.body[4].body.body[1].body.body[0].argument.arguments[3].body.body[1].block.body[2].consequent.body[0].handler.body.body[0].argument.arguments[2].properties[0].key Identifier: enter
2025-06-05T08:42:12.299Z babel program.body[4].body.body[1].body.body[0].argument.arguments[3].body.body[1].block.body[2].consequent.body[0].handler.body.body[0].argument.arguments[2].properties[0].key Identifier: Recursing into...
2025-06-05T08:42:12.299Z babel program.body[4].body.body[1].body.body[0].argument.arguments[3].body.body[1].block.body[2].consequent.body[0].handler.body.body[0].argument.arguments[2].properties[0].key Identifier: exit
2025-06-05T08:42:12.299Z babel program.body[4].body.body[1].body.body[0].argument.arguments[3].body.body[1].block.body[2].consequent.body[0].handler.body.body[0].argument.arguments[2].properties[0].value Identifier: enter
2025-06-05T08:42:12.299Z babel program.body[4].body.body[1].body.body[0].argument.arguments[3].body.body[1].block.body[2].consequent.body[0].handler.body.body[0].argument.arguments[2].properties[0].value Identifier: Recursing into...
2025-06-05T08:42:12.299Z babel program.body[4].body.body[1].body.body[0].argument.arguments[3].body.body[1].block.body[2].consequent.body[0].handler.body.body[0].argument.arguments[2].properties[0].value Identifier: exit
2025-06-05T08:42:12.299Z babel program.body[4].body.body[1].body.body[0].argument.arguments[3].body.body[1].block.body[2].consequent.body[0].handler.body.body[0].argument.arguments[2].properties[0] ObjectProperty: exit
2025-06-05T08:42:12.299Z babel program.body[4].body.body[1].body.body[0].argument.arguments[3].body.body[1].block.body[2].consequent.body[0].handler.body.body[0].argument.arguments[2] ObjectExpression: exit
2025-06-05T08:42:12.299Z babel program.body[4].body.body[1].body.body[0].argument.arguments[3].body.body[1].block.body[2].consequent.body[0].handler.body.body[0].argument CallExpression: exit
2025-06-05T08:42:12.299Z babel program.body[4].body.body[1].body.body[0].argument.arguments[3].body.body[1].block.body[2].consequent.body[0].handler.body.body[0] ReturnStatement: exit
2025-06-05T08:42:12.299Z babel program.body[4].body.body[1].body.body[0].argument.arguments[3].body.body[1].block.body[2].consequent.body[0].handler.body BlockStatement: exit
2025-06-05T08:42:12.299Z babel program.body[4].body.body[1].body.body[0].argument.arguments[3].body.body[1].block.body[2].consequent.body[0].handler CatchClause: exit
2025-06-05T08:42:12.299Z babel program.body[4].body.body[1].body.body[0].argument.arguments[3].body.body[1].block.body[2].consequent.body[0] TryStatement: exit
2025-06-05T08:42:12.299Z babel program.body[4].body.body[1].body.body[0].argument.arguments[3].body.body[1].block.body[2].consequent BlockStatement: exit
2025-06-05T08:42:12.299Z babel program.body[4].body.body[1].body.body[0].argument.arguments[3].body.body[1].block.body[2].alternate BlockStatement: enter
2025-06-05T08:42:12.299Z babel program.body[4].body.body[1].body.body[0].argument.arguments[3].body.body[1].block.body[2].alternate BlockStatement: Recursing into...
2025-06-05T08:42:12.299Z babel program.body[4].body.body[1].body.body[0].argument.arguments[3].body.body[1].block.body[2].alternate.body[0] ExpressionStatement: enter
2025-06-05T08:42:12.299Z babel program.body[4].body.body[1].body.body[0].argument.arguments[3].body.body[1].block.body[2].alternate.body[0] ExpressionStatement: Recursing into...
2025-06-05T08:42:12.299Z babel program.body[4].body.body[1].body.body[0].argument.arguments[3].body.body[1].block.body[2].alternate.body[0].expression AssignmentExpression: enter
2025-06-05T08:42:12.299Z babel program.body[4].body.body[1].body.body[0].argument.arguments[3].body.body[1].block.body[2].alternate.body[0].expression AssignmentExpression: Recursing into...
2025-06-05T08:42:12.299Z babel program.body[4].body.body[1].body.body[0].argument.arguments[3].body.body[1].block.body[2].alternate.body[0].expression.left Identifier: enter
2025-06-05T08:42:12.299Z babel program.body[4].body.body[1].body.body[0].argument.arguments[3].body.body[1].block.body[2].alternate.body[0].expression.left Identifier: Recursing into...
2025-06-05T08:42:12.299Z babel program.body[4].body.body[1].body.body[0].argument.arguments[3].body.body[1].block.body[2].alternate.body[0].expression.left Identifier: exit
2025-06-05T08:42:12.299Z babel program.body[4].body.body[1].body.body[0].argument.arguments[3].body.body[1].block.body[2].alternate.body[0].expression.right Identifier: enter
2025-06-05T08:42:12.299Z babel program.body[4].body.body[1].body.body[0].argument.arguments[3].body.body[1].block.body[2].alternate.body[0].expression.right Identifier: Recursing into...
2025-06-05T08:42:12.299Z babel program.body[4].body.body[1].body.body[0].argument.arguments[3].body.body[1].block.body[2].alternate.body[0].expression.right Identifier: exit
2025-06-05T08:42:12.299Z babel program.body[4].body.body[1].body.body[0].argument.arguments[3].body.body[1].block.body[2].alternate.body[0].expression AssignmentExpression: exit
2025-06-05T08:42:12.299Z babel program.body[4].body.body[1].body.body[0].argument.arguments[3].body.body[1].block.body[2].alternate.body[0] ExpressionStatement: exit
2025-06-05T08:42:12.299Z babel program.body[4].body.body[1].body.body[0].argument.arguments[3].body.body[1].block.body[2].alternate BlockStatement: exit
2025-06-05T08:42:12.299Z babel program.body[4].body.body[1].body.body[0].argument.arguments[3].body.body[1].block.body[2] IfStatement: exit
2025-06-05T08:42:12.299Z babel program.body[4].body.body[1].body.body[0].argument.arguments[3].body.body[1].block.body[3] ReturnStatement: enter
2025-06-05T08:42:12.299Z babel program.body[4].body.body[1].body.body[0].argument.arguments[3].body.body[1].block.body[3] ReturnStatement: Recursing into...
2025-06-05T08:42:12.299Z babel program.body[4].body.body[1].body.body[0].argument.arguments[3].body.body[1].block.body[3].argument ObjectExpression: enter
2025-06-05T08:42:12.299Z babel program.body[4].body.body[1].body.body[0].argument.arguments[3].body.body[1].block.body[3].argument ObjectExpression: Recursing into...
2025-06-05T08:42:12.303Z babel program.body[4].body.body[1].body.body[0].argument.arguments[3].body.body[1].block.body[3].argument.properties[0] ObjectProperty: enter
2025-06-05T08:42:12.303Z babel program.body[4].body.body[1].body.body[0].argument.arguments[3].body.body[1].block.body[3].argument.properties[0] ObjectProperty: Recursing into...
2025-06-05T08:42:12.303Z babel program.body[4].body.body[1].body.body[0].argument.arguments[3].body.body[1].block.body[3].argument.properties[0].key Identifier: enter
2025-06-05T08:42:12.303Z babel program.body[4].body.body[1].body.body[0].argument.arguments[3].body.body[1].block.body[3].argument.properties[0].key Identifier: Recursing into...
2025-06-05T08:42:12.303Z babel program.body[4].body.body[1].body.body[0].argument.arguments[3].body.body[1].block.body[3].argument.properties[0].key Identifier: exit
2025-06-05T08:42:12.303Z babel program.body[4].body.body[1].body.body[0].argument.arguments[3].body.body[1].block.body[3].argument.properties[0].value CallExpression: enter
2025-06-05T08:42:12.303Z babel program.body[4].body.body[1].body.body[0].argument.arguments[3].body.body[1].block.body[3].argument.properties[0].value CallExpression: Recursing into...
2025-06-05T08:42:12.303Z babel program.body[4].body.body[1].body.body[0].argument.arguments[3].body.body[1].block.body[3].argument.properties[0].value.callee MemberExpression: enter
2025-06-05T08:42:12.303Z babel program.body[4].body.body[1].body.body[0].argument.arguments[3].body.body[1].block.body[3].argument.properties[0].value.callee MemberExpression: Recursing into...
2025-06-05T08:42:12.303Z babel program.body[4].body.body[1].body.body[0].argument.arguments[3].body.body[1].block.body[3].argument.properties[0].value.callee.object ThisExpression: enter
2025-06-05T08:42:12.303Z babel program.body[4].body.body[1].body.body[0].argument.arguments[3].body.body[1].block.body[3].argument.properties[0].value.callee.object ThisExpression: Recursing into...
2025-06-05T08:42:12.303Z babel program.body[4].body.body[1].body.body[0].argument.arguments[3].body.body[1].block.body[3].argument.properties[0].value.callee.object ThisExpression: exit
2025-06-05T08:42:12.303Z babel program.body[4].body.body[1].body.body[0].argument.arguments[3].body.body[1].block.body[3].argument.properties[0].value.callee.property Identifier: enter
2025-06-05T08:42:12.303Z babel program.body[4].body.body[1].body.body[0].argument.arguments[3].body.body[1].block.body[3].argument.properties[0].value.callee.property Identifier: Recursing into...
2025-06-05T08:42:12.303Z babel program.body[4].body.body[1].body.body[0].argument.arguments[3].body.body[1].block.body[3].argument.properties[0].value.callee.property Identifier: exit
2025-06-05T08:42:12.303Z babel program.body[4].body.body[1].body.body[0].argument.arguments[3].body.body[1].block.body[3].argument.properties[0].value.callee MemberExpression: exit
2025-06-05T08:42:12.303Z babel program.body[4].body.body[1].body.body[0].argument.arguments[3].body.body[1].block.body[3].argument.properties[0].value.arguments[0] Identifier: enter
2025-06-05T08:42:12.303Z babel program.body[4].body.body[1].body.body[0].argument.arguments[3].body.body[1].block.body[3].argument.properties[0].value.arguments[0] Identifier: Recursing into...
2025-06-05T08:42:12.303Z babel program.body[4].body.body[1].body.body[0].argument.arguments[3].body.body[1].block.body[3].argument.properties[0].value.arguments[0] Identifier: exit
2025-06-05T08:42:12.303Z babel program.body[4].body.body[1].body.body[0].argument.arguments[3].body.body[1].block.body[3].argument.properties[0].value.arguments[1] StringLiteral: enter
2025-06-05T08:42:12.303Z babel program.body[4].body.body[1].body.body[0].argument.arguments[3].body.body[1].block.body[3].argument.properties[0].value.arguments[1] StringLiteral: Recursing into...
2025-06-05T08:42:12.303Z babel program.body[4].body.body[1].body.body[0].argument.arguments[3].body.body[1].block.body[3].argument.properties[0].value.arguments[1] StringLiteral: exit
2025-06-05T08:42:12.303Z babel program.body[4].body.body[1].body.body[0].argument.arguments[3].body.body[1].block.body[3].argument.properties[0].value.arguments[2] BinaryExpression: enter
2025-06-05T08:42:12.303Z babel program.body[4].body.body[1].body.body[0].argument.arguments[3].body.body[1].block.body[3].argument.properties[0].value.arguments[2] BinaryExpression: Recursing into...
2025-06-05T08:42:12.303Z babel program.body[4].body.body[1].body.body[0].argument.arguments[3].body.body[1].block.body[3].argument.properties[0].value.arguments[2].left MemberExpression: enter
2025-06-05T08:42:12.303Z babel program.body[4].body.body[1].body.body[0].argument.arguments[3].body.body[1].block.body[3].argument.properties[0].value.arguments[2].left MemberExpression: Recursing into...
2025-06-05T08:42:12.303Z babel program.body[4].body.body[1].body.body[0].argument.arguments[3].body.body[1].block.body[3].argument.properties[0].value.arguments[2].left.object Identifier: enter
2025-06-05T08:42:12.303Z babel program.body[4].body.body[1].body.body[0].argument.arguments[3].body.body[1].block.body[3].argument.properties[0].value.arguments[2].left.object Identifier: Recursing into...
2025-06-05T08:42:12.303Z babel program.body[4].body.body[1].body.body[0].argument.arguments[3].body.body[1].block.body[3].argument.properties[0].value.arguments[2].left.object Identifier: exit
2025-06-05T08:42:12.303Z babel program.body[4].body.body[1].body.body[0].argument.arguments[3].body.body[1].block.body[3].argument.properties[0].value.arguments[2].left.property Identifier: enter
2025-06-05T08:42:12.303Z babel program.body[4].body.body[1].body.body[0].argument.arguments[3].body.body[1].block.body[3].argument.properties[0].value.arguments[2].left.property Identifier: Recursing into...
2025-06-05T08:42:12.303Z babel program.body[4].body.body[1].body.body[0].argument.arguments[3].body.body[1].block.body[3].argument.properties[0].value.arguments[2].left.property Identifier: exit
2025-06-05T08:42:12.303Z babel program.body[4].body.body[1].body.body[0].argument.arguments[3].body.body[1].block.body[3].argument.properties[0].value.arguments[2].left MemberExpression: exit
2025-06-05T08:42:12.303Z babel program.body[4].body.body[1].body.body[0].argument.arguments[3].body.body[1].block.body[3].argument.properties[0].value.arguments[2].right StringLiteral: enter
2025-06-05T08:42:12.303Z babel program.body[4].body.body[1].body.body[0].argument.arguments[3].body.body[1].block.body[3].argument.properties[0].value.arguments[2].right StringLiteral: Recursing into...
2025-06-05T08:42:12.303Z babel program.body[4].body.body[1].body.body[0].argument.arguments[3].body.body[1].block.body[3].argument.properties[0].value.arguments[2].right StringLiteral: exit
2025-06-05T08:42:12.303Z babel program.body[4].body.body[1].body.body[0].argument.arguments[3].body.body[1].block.body[3].argument.properties[0].value.arguments[2] BinaryExpression: exit
2025-06-05T08:42:12.303Z babel program.body[4].body.body[1].body.body[0].argument.arguments[3].body.body[1].block.body[3].argument.properties[0].value CallExpression: exit
2025-06-05T08:42:12.303Z babel program.body[4].body.body[1].body.body[0].argument.arguments[3].body.body[1].block.body[3].argument.properties[0] ObjectProperty: exit
2025-06-05T08:42:12.303Z babel program.body[4].body.body[1].body.body[0].argument.arguments[3].body.body[1].block.body[3].argument.properties[1] ObjectProperty: enter
2025-06-05T08:42:12.303Z babel program.body[4].body.body[1].body.body[0].argument.arguments[3].body.body[1].block.body[3].argument.properties[1] ObjectProperty: Recursing into...
2025-06-05T08:42:12.303Z babel program.body[4].body.body[1].body.body[0].argument.arguments[3].body.body[1].block.body[3].argument.properties[1].key Identifier: enter
2025-06-05T08:42:12.303Z babel program.body[4].body.body[1].body.body[0].argument.arguments[3].body.body[1].block.body[3].argument.properties[1].key Identifier: Recursing into...
2025-06-05T08:42:12.303Z babel program.body[4].body.body[1].body.body[0].argument.arguments[3].body.body[1].block.body[3].argument.properties[1].key Identifier: exit
2025-06-05T08:42:12.303Z babel program.body[4].body.body[1].body.body[0].argument.arguments[3].body.body[1].block.body[3].argument.properties[1].value CallExpression: enter
2025-06-05T08:42:12.303Z babel program.body[4].body.body[1].body.body[0].argument.arguments[3].body.body[1].block.body[3].argument.properties[1].value CallExpression: Recursing into...
2025-06-05T08:42:12.303Z babel program.body[4].body.body[1].body.body[0].argument.arguments[3].body.body[1].block.body[3].argument.properties[1].value.callee MemberExpression: enter
2025-06-05T08:42:12.303Z babel program.body[4].body.body[1].body.body[0].argument.arguments[3].body.body[1].block.body[3].argument.properties[1].value.callee MemberExpression: Recursing into...
2025-06-05T08:42:12.303Z babel program.body[4].body.body[1].body.body[0].argument.arguments[3].body.body[1].block.body[3].argument.properties[1].value.callee.object ThisExpression: enter
2025-06-05T08:42:12.303Z babel program.body[4].body.body[1].body.body[0].argument.arguments[3].body.body[1].block.body[3].argument.properties[1].value.callee.object ThisExpression: Recursing into...
2025-06-05T08:42:12.303Z babel program.body[4].body.body[1].body.body[0].argument.arguments[3].body.body[1].block.body[3].argument.properties[1].value.callee.object ThisExpression: exit
2025-06-05T08:42:12.303Z babel program.body[4].body.body[1].body.body[0].argument.arguments[3].body.body[1].block.body[3].argument.properties[1].value.callee.property Identifier: enter
2025-06-05T08:42:12.303Z babel program.body[4].body.body[1].body.body[0].argument.arguments[3].body.body[1].block.body[3].argument.properties[1].value.callee.property Identifier: Recursing into...
2025-06-05T08:42:12.303Z babel program.body[4].body.body[1].body.body[0].argument.arguments[3].body.body[1].block.body[3].argument.properties[1].value.callee.property Identifier: exit
2025-06-05T08:42:12.303Z babel program.body[4].body.body[1].body.body[0].argument.arguments[3].body.body[1].block.body[3].argument.properties[1].value.callee MemberExpression: exit
2025-06-05T08:42:12.303Z babel program.body[4].body.body[1].body.body[0].argument.arguments[3].body.body[1].block.body[3].argument.properties[1].value.arguments[0] LogicalExpression: enter
2025-06-05T08:42:12.303Z babel program.body[4].body.body[1].body.body[0].argument.arguments[3].body.body[1].block.body[3].argument.properties[1].value.arguments[0] LogicalExpression: Recursing into...
2025-06-05T08:42:12.303Z babel program.body[4].body.body[1].body.body[0].argument.arguments[3].body.body[1].block.body[3].argument.properties[1].value.arguments[0].left MemberExpression: enter
2025-06-05T08:42:12.303Z babel program.body[4].body.body[1].body.body[0].argument.arguments[3].body.body[1].block.body[3].argument.properties[1].value.arguments[0].left MemberExpression: Recursing into...
2025-06-05T08:42:12.303Z babel program.body[4].body.body[1].body.body[0].argument.arguments[3].body.body[1].block.body[3].argument.properties[1].value.arguments[0].left.object Identifier: enter
2025-06-05T08:42:12.303Z babel program.body[4].body.body[1].body.body[0].argument.arguments[3].body.body[1].block.body[3].argument.properties[1].value.arguments[0].left.object Identifier: Recursing into...
2025-06-05T08:42:12.303Z babel program.body[4].body.body[1].body.body[0].argument.arguments[3].body.body[1].block.body[3].argument.properties[1].value.arguments[0].left.object Identifier: exit
2025-06-05T08:42:12.303Z babel program.body[4].body.body[1].body.body[0].argument.arguments[3].body.body[1].block.body[3].argument.properties[1].value.arguments[0].left.property Identifier: enter
2025-06-05T08:42:12.303Z babel program.body[4].body.body[1].body.body[0].argument.arguments[3].body.body[1].block.body[3].argument.properties[1].value.arguments[0].left.property Identifier: Recursing into...
2025-06-05T08:42:12.303Z babel program.body[4].body.body[1].body.body[0].argument.arguments[3].body.body[1].block.body[3].argument.properties[1].value.arguments[0].left.property Identifier: exit
2025-06-05T08:42:12.304Z babel program.body[4].body.body[1].body.body[0].argument.arguments[3].body.body[1].block.body[3].argument.properties[1].value.arguments[0].left MemberExpression: exit
2025-06-05T08:42:12.304Z babel program.body[4].body.body[1].body.body[0].argument.arguments[3].body.body[1].block.body[3].argument.properties[1].value.arguments[0].right MemberExpression: enter
2025-06-05T08:42:12.304Z babel program.body[4].body.body[1].body.body[0].argument.arguments[3].body.body[1].block.body[3].argument.properties[1].value.arguments[0].right MemberExpression: Recursing into...
2025-06-05T08:42:12.304Z babel program.body[4].body.body[1].body.body[0].argument.arguments[3].body.body[1].block.body[3].argument.properties[1].value.arguments[0].right.object Identifier: enter
2025-06-05T08:42:12.304Z babel program.body[4].body.body[1].body.body[0].argument.arguments[3].body.body[1].block.body[3].argument.properties[1].value.arguments[0].right.object Identifier: Recursing into...
2025-06-05T08:42:12.304Z babel program.body[4].body.body[1].body.body[0].argument.arguments[3].body.body[1].block.body[3].argument.properties[1].value.arguments[0].right.object Identifier: exit
2025-06-05T08:42:12.304Z babel program.body[4].body.body[1].body.body[0].argument.arguments[3].body.body[1].block.body[3].argument.properties[1].value.arguments[0].right.property Identifier: enter
2025-06-05T08:42:12.304Z babel program.body[4].body.body[1].body.body[0].argument.arguments[3].body.body[1].block.body[3].argument.properties[1].value.arguments[0].right.property Identifier: Recursing into...
2025-06-05T08:42:12.304Z babel program.body[4].body.body[1].body.body[0].argument.arguments[3].body.body[1].block.body[3].argument.properties[1].value.arguments[0].right.property Identifier: exit
2025-06-05T08:42:12.304Z babel program.body[4].body.body[1].body.body[0].argument.arguments[3].body.body[1].block.body[3].argument.properties[1].value.arguments[0].right MemberExpression: exit
2025-06-05T08:42:12.304Z babel program.body[4].body.body[1].body.body[0].argument.arguments[3].body.body[1].block.body[3].argument.properties[1].value.arguments[0] LogicalExpression: exit
2025-06-05T08:42:12.304Z babel program.body[4].body.body[1].body.body[0].argument.arguments[3].body.body[1].block.body[3].argument.properties[1].value CallExpression: exit
2025-06-05T08:42:12.304Z babel program.body[4].body.body[1].body.body[0].argument.arguments[3].body.body[1].block.body[3].argument.properties[1] ObjectProperty: exit
2025-06-05T08:42:12.304Z babel program.body[4].body.body[1].body.body[0].argument.arguments[3].body.body[1].block.body[3].argument.properties[2] ObjectProperty: enter
2025-06-05T08:42:12.304Z babel program.body[4].body.body[1].body.body[0].argument.arguments[3].body.body[1].block.body[3].argument.properties[2] ObjectProperty: Recursing into...
2025-06-05T08:42:12.304Z babel program.body[4].body.body[1].body.body[0].argument.arguments[3].body.body[1].block.body[3].argument.properties[2].key Identifier: enter
2025-06-05T08:42:12.304Z babel program.body[4].body.body[1].body.body[0].argument.arguments[3].body.body[1].block.body[3].argument.properties[2].key Identifier: Recursing into...
2025-06-05T08:42:12.304Z babel program.body[4].body.body[1].body.body[0].argument.arguments[3].body.body[1].block.body[3].argument.properties[2].key Identifier: exit
2025-06-05T08:42:12.304Z babel program.body[4].body.body[1].body.body[0].argument.arguments[3].body.body[1].block.body[3].argument.properties[2].value CallExpression: enter
2025-06-05T08:42:12.304Z babel program.body[4].body.body[1].body.body[0].argument.arguments[3].body.body[1].block.body[3].argument.properties[2].value CallExpression: Recursing into...
2025-06-05T08:42:12.304Z babel program.body[4].body.body[1].body.body[0].argument.arguments[3].body.body[1].block.body[3].argument.properties[2].value.callee MemberExpression: enter
2025-06-05T08:42:12.304Z babel program.body[4].body.body[1].body.body[0].argument.arguments[3].body.body[1].block.body[3].argument.properties[2].value.callee MemberExpression: Recursing into...
2025-06-05T08:42:12.304Z babel program.body[4].body.body[1].body.body[0].argument.arguments[3].body.body[1].block.body[3].argument.properties[2].value.callee.object ThisExpression: enter
2025-06-05T08:42:12.304Z babel program.body[4].body.body[1].body.body[0].argument.arguments[3].body.body[1].block.body[3].argument.properties[2].value.callee.object ThisExpression: Recursing into...
2025-06-05T08:42:12.304Z babel program.body[4].body.body[1].body.body[0].argument.arguments[3].body.body[1].block.body[3].argument.properties[2].value.callee.object ThisExpression: exit
2025-06-05T08:42:12.304Z babel program.body[4].body.body[1].body.body[0].argument.arguments[3].body.body[1].block.body[3].argument.properties[2].value.callee.property Identifier: enter
2025-06-05T08:42:12.304Z babel program.body[4].body.body[1].body.body[0].argument.arguments[3].body.body[1].block.body[3].argument.properties[2].value.callee.property Identifier: Recursing into...
2025-06-05T08:42:12.304Z babel program.body[4].body.body[1].body.body[0].argument.arguments[3].body.body[1].block.body[3].argument.properties[2].value.callee.property Identifier: exit
2025-06-05T08:42:12.304Z babel program.body[4].body.body[1].body.body[0].argument.arguments[3].body.body[1].block.body[3].argument.properties[2].value.callee MemberExpression: exit
2025-06-05T08:42:12.304Z babel program.body[4].body.body[1].body.body[0].argument.arguments[3].body.body[1].block.body[3].argument.properties[2].value.arguments[0] LogicalExpression: enter
2025-06-05T08:42:12.304Z babel program.body[4].body.body[1].body.body[0].argument.arguments[3].body.body[1].block.body[3].argument.properties[2].value.arguments[0] LogicalExpression: Recursing into...
2025-06-05T08:42:12.304Z babel program.body[4].body.body[1].body.body[0].argument.arguments[3].body.body[1].block.body[3].argument.properties[2].value.arguments[0].left MemberExpression: enter
2025-06-05T08:42:12.304Z babel program.body[4].body.body[1].body.body[0].argument.arguments[3].body.body[1].block.body[3].argument.properties[2].value.arguments[0].left MemberExpression: Recursing into...
2025-06-05T08:42:12.304Z babel program.body[4].body.body[1].body.body[0].argument.arguments[3].body.body[1].block.body[3].argument.properties[2].value.arguments[0].left.object Identifier: enter
2025-06-05T08:42:12.304Z babel program.body[4].body.body[1].body.body[0].argument.arguments[3].body.body[1].block.body[3].argument.properties[2].value.arguments[0].left.object Identifier: Recursing into...
2025-06-05T08:42:12.304Z babel program.body[4].body.body[1].body.body[0].argument.arguments[3].body.body[1].block.body[3].argument.properties[2].value.arguments[0].left.object Identifier: exit
2025-06-05T08:42:12.304Z babel program.body[4].body.body[1].body.body[0].argument.arguments[3].body.body[1].block.body[3].argument.properties[2].value.arguments[0].left.property Identifier: enter
2025-06-05T08:42:12.304Z babel program.body[4].body.body[1].body.body[0].argument.arguments[3].body.body[1].block.body[3].argument.properties[2].value.arguments[0].left.property Identifier: Recursing into...
2025-06-05T08:42:12.304Z babel program.body[4].body.body[1].body.body[0].argument.arguments[3].body.body[1].block.body[3].argument.properties[2].value.arguments[0].left.property Identifier: exit
2025-06-05T08:42:12.304Z babel program.body[4].body.body[1].body.body[0].argument.arguments[3].body.body[1].block.body[3].argument.properties[2].value.arguments[0].left MemberExpression: exit
2025-06-05T08:42:12.304Z babel program.body[4].body.body[1].body.body[0].argument.arguments[3].body.body[1].block.body[3].argument.properties[2].value.arguments[0].right MemberExpression: enter
2025-06-05T08:42:12.304Z babel program.body[4].body.body[1].body.body[0].argument.arguments[3].body.body[1].block.body[3].argument.properties[2].value.arguments[0].right MemberExpression: Recursing into...
2025-06-05T08:42:12.304Z babel program.body[4].body.body[1].body.body[0].argument.arguments[3].body.body[1].block.body[3].argument.properties[2].value.arguments[0].right.object Identifier: enter
2025-06-05T08:42:12.304Z babel program.body[4].body.body[1].body.body[0].argument.arguments[3].body.body[1].block.body[3].argument.properties[2].value.arguments[0].right.object Identifier: Recursing into...
2025-06-05T08:42:12.304Z babel program.body[4].body.body[1].body.body[0].argument.arguments[3].body.body[1].block.body[3].argument.properties[2].value.arguments[0].right.object Identifier: exit
2025-06-05T08:42:12.304Z babel program.body[4].body.body[1].body.body[0].argument.arguments[3].body.body[1].block.body[3].argument.properties[2].value.arguments[0].right.property Identifier: enter
2025-06-05T08:42:12.304Z babel program.body[4].body.body[1].body.body[0].argument.arguments[3].body.body[1].block.body[3].argument.properties[2].value.arguments[0].right.property Identifier: Recursing into...
2025-06-05T08:42:12.304Z babel program.body[4].body.body[1].body.body[0].argument.arguments[3].body.body[1].block.body[3].argument.properties[2].value.arguments[0].right.property Identifier: exit
2025-06-05T08:42:12.304Z babel program.body[4].body.body[1].body.body[0].argument.arguments[3].body.body[1].block.body[3].argument.properties[2].value.arguments[0].right MemberExpression: exit
2025-06-05T08:42:12.304Z babel program.body[4].body.body[1].body.body[0].argument.arguments[3].body.body[1].block.body[3].argument.properties[2].value.arguments[0] LogicalExpression: exit
2025-06-05T08:42:12.304Z babel program.body[4].body.body[1].body.body[0].argument.arguments[3].body.body[1].block.body[3].argument.properties[2].value CallExpression: exit
2025-06-05T08:42:12.304Z babel program.body[4].body.body[1].body.body[0].argument.arguments[3].body.body[1].block.body[3].argument.properties[2] ObjectProperty: exit
2025-06-05T08:42:12.304Z babel program.body[4].body.body[1].body.body[0].argument.arguments[3].body.body[1].block.body[3].argument.properties[3] ObjectProperty: enter
2025-06-05T08:42:12.304Z babel program.body[4].body.body[1].body.body[0].argument.arguments[3].body.body[1].block.body[3].argument.properties[3] ObjectProperty: Recursing into...
2025-06-05T08:42:12.304Z babel program.body[4].body.body[1].body.body[0].argument.arguments[3].body.body[1].block.body[3].argument.properties[3].key Identifier: enter
2025-06-05T08:42:12.304Z babel program.body[4].body.body[1].body.body[0].argument.arguments[3].body.body[1].block.body[3].argument.properties[3].key Identifier: Recursing into...
2025-06-05T08:42:12.304Z babel program.body[4].body.body[1].body.body[0].argument.arguments[3].body.body[1].block.body[3].argument.properties[3].key Identifier: exit
2025-06-05T08:42:12.304Z babel program.body[4].body.body[1].body.body[0].argument.arguments[3].body.body[1].block.body[3].argument.properties[3].value ConditionalExpression: enter
2025-06-05T08:42:12.304Z babel program.body[4].body.body[1].body.body[0].argument.arguments[3].body.body[1].block.body[3].argument.properties[3].value ConditionalExpression: Recursing into...
2025-06-05T08:42:12.304Z babel program.body[4].body.body[1].body.body[0].argument.arguments[3].body.body[1].block.body[3].argument.properties[3].value.test MemberExpression: enter
2025-06-05T08:42:12.304Z babel program.body[4].body.body[1].body.body[0].argument.arguments[3].body.body[1].block.body[3].argument.properties[3].value.test MemberExpression: Recursing into...
2025-06-05T08:42:12.304Z babel program.body[4].body.body[1].body.body[0].argument.arguments[3].body.body[1].block.body[3].argument.properties[3].value.test.object Identifier: enter
2025-06-05T08:42:12.304Z babel program.body[4].body.body[1].body.body[0].argument.arguments[3].body.body[1].block.body[3].argument.properties[3].value.test.object Identifier: Recursing into...
2025-06-05T08:42:12.304Z babel program.body[4].body.body[1].body.body[0].argument.arguments[3].body.body[1].block.body[3].argument.properties[3].value.test.object Identifier: exit
2025-06-05T08:42:12.304Z babel program.body[4].body.body[1].body.body[0].argument.arguments[3].body.body[1].block.body[3].argument.properties[3].value.test.property Identifier: enter
2025-06-05T08:42:12.304Z babel program.body[4].body.body[1].body.body[0].argument.arguments[3].body.body[1].block.body[3].argument.properties[3].value.test.property Identifier: Recursing into...
2025-06-05T08:42:12.304Z babel program.body[4].body.body[1].body.body[0].argument.arguments[3].body.body[1].block.body[3].argument.properties[3].value.test.property Identifier: exit
2025-06-05T08:42:12.304Z babel program.body[4].body.body[1].body.body[0].argument.arguments[3].body.body[1].block.body[3].argument.properties[3].value.test MemberExpression: exit
2025-06-05T08:42:12.304Z babel program.body[4].body.body[1].body.body[0].argument.arguments[3].body.body[1].block.body[3].argument.properties[3].value.consequent CallExpression: enter
2025-06-05T08:42:12.304Z babel program.body[4].body.body[1].body.body[0].argument.arguments[3].body.body[1].block.body[3].argument.properties[3].value.consequent CallExpression: Recursing into...
2025-06-05T08:42:12.304Z babel program.body[4].body.body[1].body.body[0].argument.arguments[3].body.body[1].block.body[3].argument.properties[3].value.consequent.callee MemberExpression: enter
2025-06-05T08:42:12.304Z babel program.body[4].body.body[1].body.body[0].argument.arguments[3].body.body[1].block.body[3].argument.properties[3].value.consequent.callee MemberExpression: Recursing into...
2025-06-05T08:42:12.304Z babel program.body[4].body.body[1].body.body[0].argument.arguments[3].body.body[1].block.body[3].argument.properties[3].value.consequent.callee.object Identifier: enter
2025-06-05T08:42:12.304Z babel program.body[4].body.body[1].body.body[0].argument.arguments[3].body.body[1].block.body[3].argument.properties[3].value.consequent.callee.object Identifier: Recursing into...
2025-06-05T08:42:12.304Z babel program.body[4].body.body[1].body.body[0].argument.arguments[3].body.body[1].block.body[3].argument.properties[3].value.consequent.callee.object Identifier: exit
2025-06-05T08:42:12.304Z babel program.body[4].body.body[1].body.body[0].argument.arguments[3].body.body[1].block.body[3].argument.properties[3].value.consequent.callee.property Identifier: enter
2025-06-05T08:42:12.304Z babel program.body[4].body.body[1].body.body[0].argument.arguments[3].body.body[1].block.body[3].argument.properties[3].value.consequent.callee.property Identifier: Recursing into...
2025-06-05T08:42:12.304Z babel program.body[4].body.body[1].body.body[0].argument.arguments[3].body.body[1].block.body[3].argument.properties[3].value.consequent.callee.property Identifier: exit
2025-06-05T08:42:12.304Z babel program.body[4].body.body[1].body.body[0].argument.arguments[3].body.body[1].block.body[3].argument.properties[3].value.consequent.callee MemberExpression: exit
2025-06-05T08:42:12.304Z babel program.body[4].body.body[1].body.body[0].argument.arguments[3].body.body[1].block.body[3].argument.properties[3].value.consequent.arguments[0] CallExpression: enter
2025-06-05T08:42:12.304Z babel program.body[4].body.body[1].body.body[0].argument.arguments[3].body.body[1].block.body[3].argument.properties[3].value.consequent.arguments[0] CallExpression: Recursing into...
2025-06-05T08:42:12.304Z babel program.body[4].body.body[1].body.body[0].argument.arguments[3].body.body[1].block.body[3].argument.properties[3].value.consequent.arguments[0].callee MemberExpression: enter
2025-06-05T08:42:12.304Z babel program.body[4].body.body[1].body.body[0].argument.arguments[3].body.body[1].block.body[3].argument.properties[3].value.consequent.arguments[0].callee MemberExpression: Recursing into...
2025-06-05T08:42:12.304Z babel program.body[4].body.body[1].body.body[0].argument.arguments[3].body.body[1].block.body[3].argument.properties[3].value.consequent.arguments[0].callee.object Identifier: enter
2025-06-05T08:42:12.304Z babel program.body[4].body.body[1].body.body[0].argument.arguments[3].body.body[1].block.body[3].argument.properties[3].value.consequent.arguments[0].callee.object Identifier: Recursing into...
2025-06-05T08:42:12.304Z babel program.body[4].body.body[1].body.body[0].argument.arguments[3].body.body[1].block.body[3].argument.properties[3].value.consequent.arguments[0].callee.object Identifier: exit
2025-06-05T08:42:12.304Z babel program.body[4].body.body[1].body.body[0].argument.arguments[3].body.body[1].block.body[3].argument.properties[3].value.consequent.arguments[0].callee.property Identifier: enter
2025-06-05T08:42:12.304Z babel program.body[4].body.body[1].body.body[0].argument.arguments[3].body.body[1].block.body[3].argument.properties[3].value.consequent.arguments[0].callee.property Identifier: Recursing into...
2025-06-05T08:42:12.304Z babel program.body[4].body.body[1].body.body[0].argument.arguments[3].body.body[1].block.body[3].argument.properties[3].value.consequent.arguments[0].callee.property Identifier: exit
2025-06-05T08:42:12.304Z babel program.body[4].body.body[1].body.body[0].argument.arguments[3].body.body[1].block.body[3].argument.properties[3].value.consequent.arguments[0].callee MemberExpression: exit
2025-06-05T08:42:12.304Z babel program.body[4].body.body[1].body.body[0].argument.arguments[3].body.body[1].block.body[3].argument.properties[3].value.consequent.arguments[0].arguments[0] ObjectExpression: enter
2025-06-05T08:42:12.304Z babel program.body[4].body.body[1].body.body[0].argument.arguments[3].body.body[1].block.body[3].argument.properties[3].value.consequent.arguments[0].arguments[0] ObjectExpression: Recursing into...
2025-06-05T08:42:12.304Z babel program.body[4].body.body[1].body.body[0].argument.arguments[3].body.body[1].block.body[3].argument.properties[3].value.consequent.arguments[0].arguments[0].properties[0] ObjectProperty: enter
2025-06-05T08:42:12.304Z babel program.body[4].body.body[1].body.body[0].argument.arguments[3].body.body[1].block.body[3].argument.properties[3].value.consequent.arguments[0].arguments[0].properties[0] ObjectProperty: Recursing into...
2025-06-05T08:42:12.304Z babel program.body[4].body.body[1].body.body[0].argument.arguments[3].body.body[1].block.body[3].argument.properties[3].value.consequent.arguments[0].arguments[0].properties[0].key Identifier: enter
2025-06-05T08:42:12.304Z babel program.body[4].body.body[1].body.body[0].argument.arguments[3].body.body[1].block.body[3].argument.properties[3].value.consequent.arguments[0].arguments[0].properties[0].key Identifier: Recursing into...
2025-06-05T08:42:12.304Z babel program.body[4].body.body[1].body.body[0].argument.arguments[3].body.body[1].block.body[3].argument.properties[3].value.consequent.arguments[0].arguments[0].properties[0].key Identifier: exit
2025-06-05T08:42:12.304Z babel program.body[4].body.body[1].body.body[0].argument.arguments[3].body.body[1].block.body[3].argument.properties[3].value.consequent.arguments[0].arguments[0].properties[0].value ConditionalExpression: enter
2025-06-05T08:42:12.304Z babel program.body[4].body.body[1].body.body[0].argument.arguments[3].body.body[1].block.body[3].argument.properties[3].value.consequent.arguments[0].arguments[0].properties[0].value ConditionalExpression: Recursing into...
2025-06-05T08:42:12.304Z babel program.body[4].body.body[1].body.body[0].argument.arguments[3].body.body[1].block.body[3].argument.properties[3].value.consequent.arguments[0].arguments[0].properties[0].value.test LogicalExpression: enter
2025-06-05T08:42:12.304Z babel program.body[4].body.body[1].body.body[0].argument.arguments[3].body.body[1].block.body[3].argument.properties[3].value.consequent.arguments[0].arguments[0].properties[0].value.test LogicalExpression: Recursing into...
2025-06-05T08:42:12.304Z babel program.body[4].body.body[1].body.body[0].argument.arguments[3].body.body[1].block.body[3].argument.properties[3].value.consequent.arguments[0].arguments[0].properties[0].value.test.left BinaryExpression: enter
2025-06-05T08:42:12.304Z babel program.body[4].body.body[1].body.body[0].argument.arguments[3].body.body[1].block.body[3].argument.properties[3].value.consequent.arguments[0].arguments[0].properties[0].value.test.left BinaryExpression: Recursing into...
2025-06-05T08:42:12.304Z babel program.body[4].body.body[1].body.body[0].argument.arguments[3].body.body[1].block.body[3].argument.properties[3].value.consequent.arguments[0].arguments[0].properties[0].value.test.left.left AssignmentExpression: enter
2025-06-05T08:42:12.304Z babel program.body[4].body.body[1].body.body[0].argument.arguments[3].body.body[1].block.body[3].argument.properties[3].value.consequent.arguments[0].arguments[0].properties[0].value.test.left.left AssignmentExpression: Recursing into...
2025-06-05T08:42:12.304Z babel program.body[4].body.body[1].body.body[0].argument.arguments[3].body.body[1].block.body[3].argument.properties[3].value.consequent.arguments[0].arguments[0].properties[0].value.test.left.left.left Identifier: enter
2025-06-05T08:42:12.304Z babel program.body[4].body.body[1].body.body[0].argument.arguments[3].body.body[1].block.body[3].argument.properties[3].value.consequent.arguments[0].arguments[0].properties[0].value.test.left.left.left Identifier: Recursing into...
2025-06-05T08:42:12.304Z babel program.body[4].body.body[1].body.body[0].argument.arguments[3].body.body[1].block.body[3].argument.properties[3].value.consequent.arguments[0].arguments[0].properties[0].value.test.left.left.left Identifier: exit
2025-06-05T08:42:12.304Z babel program.body[4].body.body[1].body.body[0].argument.arguments[3].body.body[1].block.body[3].argument.properties[3].value.consequent.arguments[0].arguments[0].properties[0].value.test.left.left.right CallExpression: enter
2025-06-05T08:42:12.304Z babel program.body[4].body.body[1].body.body[0].argument.arguments[3].body.body[1].block.body[3].argument.properties[3].value.consequent.arguments[0].arguments[0].properties[0].value.test.left.left.right CallExpression: Recursing into...
2025-06-05T08:42:12.305Z babel program.body[4].body.body[1].body.body[0].argument.arguments[3].body.body[1].block.body[3].argument.properties[3].value.consequent.arguments[0].arguments[0].properties[0].value.test.left.left.right.callee MemberExpression: enter
2025-06-05T08:42:12.305Z babel program.body[4].body.body[1].body.body[0].argument.arguments[3].body.body[1].block.body[3].argument.properties[3].value.consequent.arguments[0].arguments[0].properties[0].value.test.left.left.right.callee MemberExpression: Recursing into...
2025-06-05T08:42:12.305Z babel program.body[4].body.body[1].body.body[0].argument.arguments[3].body.body[1].block.body[3].argument.properties[3].value.consequent.arguments[0].arguments[0].properties[0].value.test.left.left.right.callee.object ThisExpression: enter
2025-06-05T08:42:12.305Z babel program.body[4].body.body[1].body.body[0].argument.arguments[3].body.body[1].block.body[3].argument.properties[3].value.consequent.arguments[0].arguments[0].properties[0].value.test.left.left.right.callee.object ThisExpression: Recursing into...
2025-06-05T08:42:12.305Z babel program.body[4].body.body[1].body.body[0].argument.arguments[3].body.body[1].block.body[3].argument.properties[3].value.consequent.arguments[0].arguments[0].properties[0].value.test.left.left.right.callee.object ThisExpression: exit
2025-06-05T08:42:12.305Z babel program.body[4].body.body[1].body.body[0].argument.arguments[3].body.body[1].block.body[3].argument.properties[3].value.consequent.arguments[0].arguments[0].properties[0].value.test.left.left.right.callee.property Identifier: enter
2025-06-05T08:42:12.305Z babel program.body[4].body.body[1].body.body[0].argument.arguments[3].body.body[1].block.body[3].argument.properties[3].value.consequent.arguments[0].arguments[0].properties[0].value.test.left.left.right.callee.property Identifier: Recursing into...
2025-06-05T08:42:12.305Z babel program.body[4].body.body[1].body.body[0].argument.arguments[3].body.body[1].block.body[3].argument.properties[3].value.consequent.arguments[0].arguments[0].properties[0].value.test.left.left.right.callee.property Identifier: exit
2025-06-05T08:42:12.305Z babel program.body[4].body.body[1].body.body[0].argument.arguments[3].body.body[1].block.body[3].argument.properties[3].value.consequent.arguments[0].arguments[0].properties[0].value.test.left.left.right.callee MemberExpression: exit
2025-06-05T08:42:12.305Z babel program.body[4].body.body[1].body.body[0].argument.arguments[3].body.body[1].block.body[3].argument.properties[3].value.consequent.arguments[0].arguments[0].properties[0].value.test.left.left.right.arguments[0] MemberExpression: enter
2025-06-05T08:42:12.305Z babel program.body[4].body.body[1].body.body[0].argument.arguments[3].body.body[1].block.body[3].argument.properties[3].value.consequent.arguments[0].arguments[0].properties[0].value.test.left.left.right.arguments[0] MemberExpression: Recursing into...
2025-06-05T08:42:12.305Z babel program.body[4].body.body[1].body.body[0].argument.arguments[3].body.body[1].block.body[3].argument.properties[3].value.consequent.arguments[0].arguments[0].properties[0].value.test.left.left.right.arguments[0].object Identifier: enter
2025-06-05T08:42:12.305Z babel program.body[4].body.body[1].body.body[0].argument.arguments[3].body.body[1].block.body[3].argument.properties[3].value.consequent.arguments[0].arguments[0].properties[0].value.test.left.left.right.arguments[0].object Identifier: Recursing into...
2025-06-05T08:42:12.305Z babel program.body[4].body.body[1].body.body[0].argument.arguments[3].body.body[1].block.body[3].argument.properties[3].value.consequent.arguments[0].arguments[0].properties[0].value.test.left.left.right.arguments[0].object Identifier: exit
2025-06-05T08:42:12.305Z babel program.body[4].body.body[1].body.body[0].argument.arguments[3].body.body[1].block.body[3].argument.properties[3].value.consequent.arguments[0].arguments[0].properties[0].value.test.left.left.right.arguments[0].property Identifier: enter
2025-06-05T08:42:12.305Z babel program.body[4].body.body[1].body.body[0].argument.arguments[3].body.body[1].block.body[3].argument.properties[3].value.consequent.arguments[0].arguments[0].properties[0].value.test.left.left.right.arguments[0].property Identifier: Recursing into...
2025-06-05T08:42:12.305Z babel program.body[4].body.body[1].body.body[0].argument.arguments[3].body.body[1].block.body[3].argument.properties[3].value.consequent.arguments[0].arguments[0].properties[0].value.test.left.left.right.arguments[0].property Identifier: exit
2025-06-05T08:42:12.305Z babel program.body[4].body.body[1].body.body[0].argument.arguments[3].body.body[1].block.body[3].argument.properties[3].value.consequent.arguments[0].arguments[0].properties[0].value.test.left.left.right.arguments[0] MemberExpression: exit
2025-06-05T08:42:12.305Z babel program.body[4].body.body[1].body.body[0].argument.arguments[3].body.body[1].block.body[3].argument.properties[3].value.consequent.arguments[0].arguments[0].properties[0].value.test.left.left.right.arguments[1] StringLiteral: enter
2025-06-05T08:42:12.305Z babel program.body[4].body.body[1].body.body[0].argument.arguments[3].body.body[1].block.body[3].argument.properties[3].value.consequent.arguments[0].arguments[0].properties[0].value.test.left.left.right.arguments[1] StringLiteral: Recursing into...
2025-06-05T08:42:12.305Z babel program.body[4].body.body[1].body.body[0].argument.arguments[3].body.body[1].block.body[3].argument.properties[3].value.consequent.arguments[0].arguments[0].properties[0].value.test.left.left.right.arguments[1] StringLiteral: exit
2025-06-05T08:42:12.305Z babel program.body[4].body.body[1].body.body[0].argument.arguments[3].body.body[1].block.body[3].argument.properties[3].value.consequent.arguments[0].arguments[0].properties[0].value.test.left.left.right.arguments[2] NumericLiteral: enter
2025-06-05T08:42:12.305Z babel program.body[4].body.body[1].body.body[0].argument.arguments[3].body.body[1].block.body[3].argument.properties[3].value.consequent.arguments[0].arguments[0].properties[0].value.test.left.left.right.arguments[2] NumericLiteral: Recursing into...
2025-06-05T08:42:12.305Z babel program.body[4].body.body[1].body.body[0].argument.arguments[3].body.body[1].block.body[3].argument.properties[3].value.consequent.arguments[0].arguments[0].properties[0].value.test.left.left.right.arguments[2] NumericLiteral: exit
2025-06-05T08:42:12.305Z babel program.body[4].body.body[1].body.body[0].argument.arguments[3].body.body[1].block.body[3].argument.properties[3].value.consequent.arguments[0].arguments[0].properties[0].value.test.left.left.right CallExpression: exit
2025-06-05T08:42:12.305Z babel program.body[4].body.body[1].body.body[0].argument.arguments[3].body.body[1].block.body[3].argument.properties[3].value.consequent.arguments[0].arguments[0].properties[0].value.test.left.left AssignmentExpression: exit
2025-06-05T08:42:12.305Z babel program.body[4].body.body[1].body.body[0].argument.arguments[3].body.body[1].block.body[3].argument.properties[3].value.consequent.arguments[0].arguments[0].properties[0].value.test.left.right NullLiteral: enter
2025-06-05T08:42:12.305Z babel program.body[4].body.body[1].body.body[0].argument.arguments[3].body.body[1].block.body[3].argument.properties[3].value.consequent.arguments[0].arguments[0].properties[0].value.test.left.right NullLiteral: Recursing into...
2025-06-05T08:42:12.305Z babel program.body[4].body.body[1].body.body[0].argument.arguments[3].body.body[1].block.body[3].argument.properties[3].value.consequent.arguments[0].arguments[0].properties[0].value.test.left.right NullLiteral: exit
2025-06-05T08:42:12.305Z babel program.body[4].body.body[1].body.body[0].argument.arguments[3].body.body[1].block.body[3].argument.properties[3].value.consequent.arguments[0].arguments[0].properties[0].value.test.left BinaryExpression: exit
2025-06-05T08:42:12.305Z babel program.body[4].body.body[1].body.body[0].argument.arguments[3].body.body[1].block.body[3].argument.properties[3].value.consequent.arguments[0].arguments[0].properties[0].value.test.right BinaryExpression: enter
2025-06-05T08:42:12.305Z babel program.body[4].body.body[1].body.body[0].argument.arguments[3].body.body[1].block.body[3].argument.properties[3].value.consequent.arguments[0].arguments[0].properties[0].value.test.right BinaryExpression: Recursing into...
2025-06-05T08:42:12.305Z babel program.body[4].body.body[1].body.body[0].argument.arguments[3].body.body[1].block.body[3].argument.properties[3].value.consequent.arguments[0].arguments[0].properties[0].value.test.right.left Identifier: enter
2025-06-05T08:42:12.305Z babel program.body[4].body.body[1].body.body[0].argument.arguments[3].body.body[1].block.body[3].argument.properties[3].value.consequent.arguments[0].arguments[0].properties[0].value.test.right.left Identifier: Recursing into...
2025-06-05T08:42:12.305Z babel program.body[4].body.body[1].body.body[0].argument.arguments[3].body.body[1].block.body[3].argument.properties[3].value.consequent.arguments[0].arguments[0].properties[0].value.test.right.left Identifier: exit
2025-06-05T08:42:12.305Z babel program.body[4].body.body[1].body.body[0].argument.arguments[3].body.body[1].block.body[3].argument.properties[3].value.consequent.arguments[0].arguments[0].properties[0].value.test.right.right UnaryExpression: enter
2025-06-05T08:42:12.305Z babel program.body[4].body.body[1].body.body[0].argument.arguments[3].body.body[1].block.body[3].argument.properties[3].value.consequent.arguments[0].arguments[0].properties[0].value.test.right.right UnaryExpression: Recursing into...
2025-06-05T08:42:12.305Z babel program.body[4].body.body[1].body.body[0].argument.arguments[3].body.body[1].block.body[3].argument.properties[3].value.consequent.arguments[0].arguments[0].properties[0].value.test.right.right.argument NumericLiteral: enter
2025-06-05T08:42:12.305Z babel program.body[4].body.body[1].body.body[0].argument.arguments[3].body.body[1].block.body[3].argument.properties[3].value.consequent.arguments[0].arguments[0].properties[0].value.test.right.right.argument NumericLiteral: Recursing into...
2025-06-05T08:42:12.305Z babel program.body[4].body.body[1].body.body[0].argument.arguments[3].body.body[1].block.body[3].argument.properties[3].value.consequent.arguments[0].arguments[0].properties[0].value.test.right.right.argument NumericLiteral: exit
2025-06-05T08:42:12.305Z babel program.body[4].body.body[1].body.body[0].argument.arguments[3].body.body[1].block.body[3].argument.properties[3].value.consequent.arguments[0].arguments[0].properties[0].value.test.right.right UnaryExpression: exit
2025-06-05T08:42:12.305Z babel program.body[4].body.body[1].body.body[0].argument.arguments[3].body.body[1].block.body[3].argument.properties[3].value.consequent.arguments[0].arguments[0].properties[0].value.test.right BinaryExpression: exit
2025-06-05T08:42:12.305Z babel program.body[4].body.body[1].body.body[0].argument.arguments[3].body.body[1].block.body[3].argument.properties[3].value.consequent.arguments[0].arguments[0].properties[0].value.test LogicalExpression: exit
2025-06-05T08:42:12.305Z babel program.body[4].body.body[1].body.body[0].argument.arguments[3].body.body[1].block.body[3].argument.properties[3].value.consequent.arguments[0].arguments[0].properties[0].value.consequent Identifier: enter
2025-06-05T08:42:12.305Z babel program.body[4].body.body[1].body.body[0].argument.arguments[3].body.body[1].block.body[3].argument.properties[3].value.consequent.arguments[0].arguments[0].properties[0].value.consequent Identifier: Recursing into...
2025-06-05T08:42:12.305Z babel program.body[4].body.body[1].body.body[0].argument.arguments[3].body.body[1].block.body[3].argument.properties[3].value.consequent.arguments[0].arguments[0].properties[0].value.consequent Identifier: exit
2025-06-05T08:42:12.305Z babel program.body[4].body.body[1].body.body[0].argument.arguments[3].body.body[1].block.body[3].argument.properties[3].value.consequent.arguments[0].arguments[0].properties[0].value.alternate NumericLiteral: enter
2025-06-05T08:42:12.305Z babel program.body[4].body.body[1].body.body[0].argument.arguments[3].body.body[1].block.body[3].argument.properties[3].value.consequent.arguments[0].arguments[0].properties[0].value.alternate NumericLiteral: Recursing into...
2025-06-05T08:42:12.305Z babel program.body[4].body.body[1].body.body[0].argument.arguments[3].body.body[1].block.body[3].argument.properties[3].value.consequent.arguments[0].arguments[0].properties[0].value.alternate NumericLiteral: exit
2025-06-05T08:42:12.305Z babel program.body[4].body.body[1].body.body[0].argument.arguments[3].body.body[1].block.body[3].argument.properties[3].value.consequent.arguments[0].arguments[0].properties[0].value ConditionalExpression: exit
2025-06-05T08:42:12.305Z babel program.body[4].body.body[1].body.body[0].argument.arguments[3].body.body[1].block.body[3].argument.properties[3].value.consequent.arguments[0].arguments[0].properties[0] ObjectProperty: exit
2025-06-05T08:42:12.305Z babel program.body[4].body.body[1].body.body[0].argument.arguments[3].body.body[1].block.body[3].argument.properties[3].value.consequent.arguments[0].arguments[0].properties[1] ObjectProperty: enter
2025-06-05T08:42:12.305Z babel program.body[4].body.body[1].body.body[0].argument.arguments[3].body.body[1].block.body[3].argument.properties[3].value.consequent.arguments[0].arguments[0].properties[1] ObjectProperty: Recursing into...
2025-06-05T08:42:12.305Z babel program.body[4].body.body[1].body.body[0].argument.arguments[3].body.body[1].block.body[3].argument.properties[3].value.consequent.arguments[0].arguments[0].properties[1].key Identifier: enter
2025-06-05T08:42:12.305Z babel program.body[4].body.body[1].body.body[0].argument.arguments[3].body.body[1].block.body[3].argument.properties[3].value.consequent.arguments[0].arguments[0].properties[1].key Identifier: Recursing into...
2025-06-05T08:42:12.305Z babel program.body[4].body.body[1].body.body[0].argument.arguments[3].body.body[1].block.body[3].argument.properties[3].value.consequent.arguments[0].arguments[0].properties[1].key Identifier: exit
2025-06-05T08:42:12.305Z babel program.body[4].body.body[1].body.body[0].argument.arguments[3].body.body[1].block.body[3].argument.properties[3].value.consequent.arguments[0].arguments[0].properties[1].value ConditionalExpression: enter
2025-06-05T08:42:12.305Z babel program.body[4].body.body[1].body.body[0].argument.arguments[3].body.body[1].block.body[3].argument.properties[3].value.consequent.arguments[0].arguments[0].properties[1].value ConditionalExpression: Recursing into...
2025-06-05T08:42:12.305Z babel program.body[4].body.body[1].body.body[0].argument.arguments[3].body.body[1].block.body[3].argument.properties[3].value.consequent.arguments[0].arguments[0].properties[1].value.test LogicalExpression: enter
2025-06-05T08:42:12.305Z babel program.body[4].body.body[1].body.body[0].argument.arguments[3].body.body[1].block.body[3].argument.properties[3].value.consequent.arguments[0].arguments[0].properties[1].value.test LogicalExpression: Recursing into...
2025-06-05T08:42:12.305Z babel program.body[4].body.body[1].body.body[0].argument.arguments[3].body.body[1].block.body[3].argument.properties[3].value.consequent.arguments[0].arguments[0].properties[1].value.test.left BinaryExpression: enter
2025-06-05T08:42:12.305Z babel program.body[4].body.body[1].body.body[0].argument.arguments[3].body.body[1].block.body[3].argument.properties[3].value.consequent.arguments[0].arguments[0].properties[1].value.test.left BinaryExpression: Recursing into...
2025-06-05T08:42:12.305Z babel program.body[4].body.body[1].body.body[0].argument.arguments[3].body.body[1].block.body[3].argument.properties[3].value.consequent.arguments[0].arguments[0].properties[1].value.test.left.left AssignmentExpression: enter
2025-06-05T08:42:12.305Z babel program.body[4].body.body[1].body.body[0].argument.arguments[3].body.body[1].block.body[3].argument.properties[3].value.consequent.arguments[0].arguments[0].properties[1].value.test.left.left AssignmentExpression: Recursing into...
2025-06-05T08:42:12.305Z babel program.body[4].body.body[1].body.body[0].argument.arguments[3].body.body[1].block.body[3].argument.properties[3].value.consequent.arguments[0].arguments[0].properties[1].value.test.left.left.left Identifier: enter
2025-06-05T08:42:12.305Z babel program.body[4].body.body[1].body.body[0].argument.arguments[3].body.body[1].block.body[3].argument.properties[3].value.consequent.arguments[0].arguments[0].properties[1].value.test.left.left.left Identifier: Recursing into...
2025-06-05T08:42:12.305Z babel program.body[4].body.body[1].body.body[0].argument.arguments[3].body.body[1].block.body[3].argument.properties[3].value.consequent.arguments[0].arguments[0].properties[1].value.test.left.left.left Identifier: exit
2025-06-05T08:42:12.305Z babel program.body[4].body.body[1].body.body[0].argument.arguments[3].body.body[1].block.body[3].argument.properties[3].value.consequent.arguments[0].arguments[0].properties[1].value.test.left.left.right CallExpression: enter
2025-06-05T08:42:12.305Z babel program.body[4].body.body[1].body.body[0].argument.arguments[3].body.body[1].block.body[3].argument.properties[3].value.consequent.arguments[0].arguments[0].properties[1].value.test.left.left.right CallExpression: Recursing into...
2025-06-05T08:42:12.305Z babel program.body[4].body.body[1].body.body[0].argument.arguments[3].body.body[1].block.body[3].argument.properties[3].value.consequent.arguments[0].arguments[0].properties[1].value.test.left.left.right.callee MemberExpression: enter
2025-06-05T08:42:12.305Z babel program.body[4].body.body[1].body.body[0].argument.arguments[3].body.body[1].block.body[3].argument.properties[3].value.consequent.arguments[0].arguments[0].properties[1].value.test.left.left.right.callee MemberExpression: Recursing into...
2025-06-05T08:42:12.305Z babel program.body[4].body.body[1].body.body[0].argument.arguments[3].body.body[1].block.body[3].argument.properties[3].value.consequent.arguments[0].arguments[0].properties[1].value.test.left.left.right.callee.object ThisExpression: enter
2025-06-05T08:42:12.305Z babel program.body[4].body.body[1].body.body[0].argument.arguments[3].body.body[1].block.body[3].argument.properties[3].value.consequent.arguments[0].arguments[0].properties[1].value.test.left.left.right.callee.object ThisExpression: Recursing into...
2025-06-05T08:42:12.305Z babel program.body[4].body.body[1].body.body[0].argument.arguments[3].body.body[1].block.body[3].argument.properties[3].value.consequent.arguments[0].arguments[0].properties[1].value.test.left.left.right.callee.object ThisExpression: exit
2025-06-05T08:42:12.305Z babel program.body[4].body.body[1].body.body[0].argument.arguments[3].body.body[1].block.body[3].argument.properties[3].value.consequent.arguments[0].arguments[0].properties[1].value.test.left.left.right.callee.property Identifier: enter
2025-06-05T08:42:12.305Z babel program.body[4].body.body[1].body.body[0].argument.arguments[3].body.body[1].block.body[3].argument.properties[3].value.consequent.arguments[0].arguments[0].properties[1].value.test.left.left.right.callee.property Identifier: Recursing into...
2025-06-05T08:42:12.305Z babel program.body[4].body.body[1].body.body[0].argument.arguments[3].body.body[1].block.body[3].argument.properties[3].value.consequent.arguments[0].arguments[0].properties[1].value.test.left.left.right.callee.property Identifier: exit
2025-06-05T08:42:12.305Z babel program.body[4].body.body[1].body.body[0].argument.arguments[3].body.body[1].block.body[3].argument.properties[3].value.consequent.arguments[0].arguments[0].properties[1].value.test.left.left.right.callee MemberExpression: exit
2025-06-05T08:42:12.305Z babel program.body[4].body.body[1].body.body[0].argument.arguments[3].body.body[1].block.body[3].argument.properties[3].value.consequent.arguments[0].arguments[0].properties[1].value.test.left.left.right.arguments[0] MemberExpression: enter
2025-06-05T08:42:12.305Z babel program.body[4].body.body[1].body.body[0].argument.arguments[3].body.body[1].block.body[3].argument.properties[3].value.consequent.arguments[0].arguments[0].properties[1].value.test.left.left.right.arguments[0] MemberExpression: Recursing into...
2025-06-05T08:42:12.305Z babel program.body[4].body.body[1].body.body[0].argument.arguments[3].body.body[1].block.body[3].argument.properties[3].value.consequent.arguments[0].arguments[0].properties[1].value.test.left.left.right.arguments[0].object Identifier: enter
2025-06-05T08:42:12.305Z babel program.body[4].body.body[1].body.body[0].argument.arguments[3].body.body[1].block.body[3].argument.properties[3].value.consequent.arguments[0].arguments[0].properties[1].value.test.left.left.right.arguments[0].object Identifier: Recursing into...
2025-06-05T08:42:12.305Z babel program.body[4].body.body[1].body.body[0].argument.arguments[3].body.body[1].block.body[3].argument.properties[3].value.consequent.arguments[0].arguments[0].properties[1].value.test.left.left.right.arguments[0].object Identifier: exit
2025-06-05T08:42:12.305Z babel program.body[4].body.body[1].body.body[0].argument.arguments[3].body.body[1].block.body[3].argument.properties[3].value.consequent.arguments[0].arguments[0].properties[1].value.test.left.left.right.arguments[0].property Identifier: enter
2025-06-05T08:42:12.305Z babel program.body[4].body.body[1].body.body[0].argument.arguments[3].body.body[1].block.body[3].argument.properties[3].value.consequent.arguments[0].arguments[0].properties[1].value.test.left.left.right.arguments[0].property Identifier: Recursing into...
2025-06-05T08:42:12.305Z babel program.body[4].body.body[1].body.body[0].argument.arguments[3].body.body[1].block.body[3].argument.properties[3].value.consequent.arguments[0].arguments[0].properties[1].value.test.left.left.right.arguments[0].property Identifier: exit
2025-06-05T08:42:12.305Z babel program.body[4].body.body[1].body.body[0].argument.arguments[3].body.body[1].block.body[3].argument.properties[3].value.consequent.arguments[0].arguments[0].properties[1].value.test.left.left.right.arguments[0] MemberExpression: exit
2025-06-05T08:42:12.305Z babel program.body[4].body.body[1].body.body[0].argument.arguments[3].body.body[1].block.body[3].argument.properties[3].value.consequent.arguments[0].arguments[0].properties[1].value.test.left.left.right.arguments[1] StringLiteral: enter
2025-06-05T08:42:12.305Z babel program.body[4].body.body[1].body.body[0].argument.arguments[3].body.body[1].block.body[3].argument.properties[3].value.consequent.arguments[0].arguments[0].properties[1].value.test.left.left.right.arguments[1] StringLiteral: Recursing into...
2025-06-05T08:42:12.305Z babel program.body[4].body.body[1].body.body[0].argument.arguments[3].body.body[1].block.body[3].argument.properties[3].value.consequent.arguments[0].arguments[0].properties[1].value.test.left.left.right.arguments[1] StringLiteral: exit
2025-06-05T08:42:12.305Z babel program.body[4].body.body[1].body.body[0].argument.arguments[3].body.body[1].block.body[3].argument.properties[3].value.consequent.arguments[0].arguments[0].properties[1].value.test.left.left.right.arguments[2] NumericLiteral: enter
2025-06-05T08:42:12.305Z babel program.body[4].body.body[1].body.body[0].argument.arguments[3].body.body[1].block.body[3].argument.properties[3].value.consequent.arguments[0].arguments[0].properties[1].value.test.left.left.right.arguments[2] NumericLiteral: Recursing into...
2025-06-05T08:42:12.305Z babel program.body[4].body.body[1].body.body[0].argument.arguments[3].body.body[1].block.body[3].argument.properties[3].value.consequent.arguments[0].arguments[0].properties[1].value.test.left.left.right.arguments[2] NumericLiteral: exit
2025-06-05T08:42:12.305Z babel program.body[4].body.body[1].body.body[0].argument.arguments[3].body.body[1].block.body[3].argument.properties[3].value.consequent.arguments[0].arguments[0].properties[1].value.test.left.left.right CallExpression: exit
2025-06-05T08:42:12.305Z babel program.body[4].body.body[1].body.body[0].argument.arguments[3].body.body[1].block.body[3].argument.properties[3].value.consequent.arguments[0].arguments[0].properties[1].value.test.left.left AssignmentExpression: exit
2025-06-05T08:42:12.305Z babel program.body[4].body.body[1].body.body[0].argument.arguments[3].body.body[1].block.body[3].argument.properties[3].value.consequent.arguments[0].arguments[0].properties[1].value.test.left.right NullLiteral: enter
2025-06-05T08:42:12.305Z babel program.body[4].body.body[1].body.body[0].argument.arguments[3].body.body[1].block.body[3].argument.properties[3].value.consequent.arguments[0].arguments[0].properties[1].value.test.left.right NullLiteral: Recursing into...
2025-06-05T08:42:12.305Z babel program.body[4].body.body[1].body.body[0].argument.arguments[3].body.body[1].block.body[3].argument.properties[3].value.consequent.arguments[0].arguments[0].properties[1].value.test.left.right NullLiteral: exit
2025-06-05T08:42:12.305Z babel program.body[4].body.body[1].body.body[0].argument.arguments[3].body.body[1].block.body[3].argument.properties[3].value.consequent.arguments[0].arguments[0].properties[1].value.test.left BinaryExpression: exit
2025-06-05T08:42:12.305Z babel program.body[4].body.body[1].body.body[0].argument.arguments[3].body.body[1].block.body[3].argument.properties[3].value.consequent.arguments[0].arguments[0].properties[1].value.test.right BinaryExpression: enter
2025-06-05T08:42:12.305Z babel program.body[4].body.body[1].body.body[0].argument.arguments[3].body.body[1].block.body[3].argument.properties[3].value.consequent.arguments[0].arguments[0].properties[1].value.test.right BinaryExpression: Recursing into...
2025-06-05T08:42:12.305Z babel program.body[4].body.body[1].body.body[0].argument.arguments[3].body.body[1].block.body[3].argument.properties[3].value.consequent.arguments[0].arguments[0].properties[1].value.test.right.left Identifier: enter
2025-06-05T08:42:12.305Z babel program.body[4].body.body[1].body.body[0].argument.arguments[3].body.body[1].block.body[3].argument.properties[3].value.consequent.arguments[0].arguments[0].properties[1].value.test.right.left Identifier: Recursing into...
2025-06-05T08:42:12.305Z babel program.body[4].body.body[1].body.body[0].argument.arguments[3].body.body[1].block.body[3].argument.properties[3].value.consequent.arguments[0].arguments[0].properties[1].value.test.right.left Identifier: exit
2025-06-05T08:42:12.306Z babel program.body[4].body.body[1].body.body[0].argument.arguments[3].body.body[1].block.body[3].argument.properties[3].value.consequent.arguments[0].arguments[0].properties[1].value.test.right.right UnaryExpression: enter
2025-06-05T08:42:12.306Z babel program.body[4].body.body[1].body.body[0].argument.arguments[3].body.body[1].block.body[3].argument.properties[3].value.consequent.arguments[0].arguments[0].properties[1].value.test.right.right UnaryExpression: Recursing into...
2025-06-05T08:42:12.306Z babel program.body[4].body.body[1].body.body[0].argument.arguments[3].body.body[1].block.body[3].argument.properties[3].value.consequent.arguments[0].arguments[0].properties[1].value.test.right.right.argument NumericLiteral: enter
2025-06-05T08:42:12.306Z babel program.body[4].body.body[1].body.body[0].argument.arguments[3].body.body[1].block.body[3].argument.properties[3].value.consequent.arguments[0].arguments[0].properties[1].value.test.right.right.argument NumericLiteral: Recursing into...
2025-06-05T08:42:12.306Z babel program.body[4].body.body[1].body.body[0].argument.arguments[3].body.body[1].block.body[3].argument.properties[3].value.consequent.arguments[0].arguments[0].properties[1].value.test.right.right.argument NumericLiteral: exit
2025-06-05T08:42:12.306Z babel program.body[4].body.body[1].body.body[0].argument.arguments[3].body.body[1].block.body[3].argument.properties[3].value.consequent.arguments[0].arguments[0].properties[1].value.test.right.right UnaryExpression: exit
2025-06-05T08:42:12.306Z babel program.body[4].body.body[1].body.body[0].argument.arguments[3].body.body[1].block.body[3].argument.properties[3].value.consequent.arguments[0].arguments[0].properties[1].value.test.right BinaryExpression: exit
2025-06-05T08:42:12.306Z babel program.body[4].body.body[1].body.body[0].argument.arguments[3].body.body[1].block.body[3].argument.properties[3].value.consequent.arguments[0].arguments[0].properties[1].value.test LogicalExpression: exit
2025-06-05T08:42:12.306Z babel program.body[4].body.body[1].body.body[0].argument.arguments[3].body.body[1].block.body[3].argument.properties[3].value.consequent.arguments[0].arguments[0].properties[1].value.consequent Identifier: enter
2025-06-05T08:42:12.306Z babel program.body[4].body.body[1].body.body[0].argument.arguments[3].body.body[1].block.body[3].argument.properties[3].value.consequent.arguments[0].arguments[0].properties[1].value.consequent Identifier: Recursing into...
2025-06-05T08:42:12.306Z babel program.body[4].body.body[1].body.body[0].argument.arguments[3].body.body[1].block.body[3].argument.properties[3].value.consequent.arguments[0].arguments[0].properties[1].value.consequent Identifier: exit
2025-06-05T08:42:12.306Z babel program.body[4].body.body[1].body.body[0].argument.arguments[3].body.body[1].block.body[3].argument.properties[3].value.consequent.arguments[0].arguments[0].properties[1].value.alternate NumericLiteral: enter
2025-06-05T08:42:12.306Z babel program.body[4].body.body[1].body.body[0].argument.arguments[3].body.body[1].block.body[3].argument.properties[3].value.consequent.arguments[0].arguments[0].properties[1].value.alternate NumericLiteral: Recursing into...
2025-06-05T08:42:12.306Z babel program.body[4].body.body[1].body.body[0].argument.arguments[3].body.body[1].block.body[3].argument.properties[3].value.consequent.arguments[0].arguments[0].properties[1].value.alternate NumericLiteral: exit
2025-06-05T08:42:12.306Z babel program.body[4].body.body[1].body.body[0].argument.arguments[3].body.body[1].block.body[3].argument.properties[3].value.consequent.arguments[0].arguments[0].properties[1].value ConditionalExpression: exit
2025-06-05T08:42:12.306Z babel program.body[4].body.body[1].body.body[0].argument.arguments[3].body.body[1].block.body[3].argument.properties[3].value.consequent.arguments[0].arguments[0].properties[1] ObjectProperty: exit
2025-06-05T08:42:12.306Z babel program.body[4].body.body[1].body.body[0].argument.arguments[3].body.body[1].block.body[3].argument.properties[3].value.consequent.arguments[0].arguments[0].properties[2] ObjectProperty: enter
2025-06-05T08:42:12.306Z babel program.body[4].body.body[1].body.body[0].argument.arguments[3].body.body[1].block.body[3].argument.properties[3].value.consequent.arguments[0].arguments[0].properties[2] ObjectProperty: Recursing into...
2025-06-05T08:42:12.306Z babel program.body[4].body.body[1].body.body[0].argument.arguments[3].body.body[1].block.body[3].argument.properties[3].value.consequent.arguments[0].arguments[0].properties[2].key Identifier: enter
2025-06-05T08:42:12.306Z babel program.body[4].body.body[1].body.body[0].argument.arguments[3].body.body[1].block.body[3].argument.properties[3].value.consequent.arguments[0].arguments[0].properties[2].key Identifier: Recursing into...
2025-06-05T08:42:12.306Z babel program.body[4].body.body[1].body.body[0].argument.arguments[3].body.body[1].block.body[3].argument.properties[3].value.consequent.arguments[0].arguments[0].properties[2].key Identifier: exit
2025-06-05T08:42:12.306Z babel program.body[4].body.body[1].body.body[0].argument.arguments[3].body.body[1].block.body[3].argument.properties[3].value.consequent.arguments[0].arguments[0].properties[2].value ConditionalExpression: enter
2025-06-05T08:42:12.306Z babel program.body[4].body.body[1].body.body[0].argument.arguments[3].body.body[1].block.body[3].argument.properties[3].value.consequent.arguments[0].arguments[0].properties[2].value ConditionalExpression: Recursing into...
2025-06-05T08:42:12.306Z babel program.body[4].body.body[1].body.body[0].argument.arguments[3].body.body[1].block.body[3].argument.properties[3].value.consequent.arguments[0].arguments[0].properties[2].value.test LogicalExpression: enter
2025-06-05T08:42:12.306Z babel program.body[4].body.body[1].body.body[0].argument.arguments[3].body.body[1].block.body[3].argument.properties[3].value.consequent.arguments[0].arguments[0].properties[2].value.test LogicalExpression: Recursing into...
2025-06-05T08:42:12.306Z babel program.body[4].body.body[1].body.body[0].argument.arguments[3].body.body[1].block.body[3].argument.properties[3].value.consequent.arguments[0].arguments[0].properties[2].value.test.left BinaryExpression: enter
2025-06-05T08:42:12.306Z babel program.body[4].body.body[1].body.body[0].argument.arguments[3].body.body[1].block.body[3].argument.properties[3].value.consequent.arguments[0].arguments[0].properties[2].value.test.left BinaryExpression: Recursing into...
2025-06-05T08:42:12.306Z babel program.body[4].body.body[1].body.body[0].argument.arguments[3].body.body[1].block.body[3].argument.properties[3].value.consequent.arguments[0].arguments[0].properties[2].value.test.left.left AssignmentExpression: enter
2025-06-05T08:42:12.306Z babel program.body[4].body.body[1].body.body[0].argument.arguments[3].body.body[1].block.body[3].argument.properties[3].value.consequent.arguments[0].arguments[0].properties[2].value.test.left.left AssignmentExpression: Recursing into...
2025-06-05T08:42:12.306Z babel program.body[4].body.body[1].body.body[0].argument.arguments[3].body.body[1].block.body[3].argument.properties[3].value.consequent.arguments[0].arguments[0].properties[2].value.test.left.left.left Identifier: enter
2025-06-05T08:42:12.306Z babel program.body[4].body.body[1].body.body[0].argument.arguments[3].body.body[1].block.body[3].argument.properties[3].value.consequent.arguments[0].arguments[0].properties[2].value.test.left.left.left Identifier: Recursing into...
2025-06-05T08:42:12.306Z babel program.body[4].body.body[1].body.body[0].argument.arguments[3].body.body[1].block.body[3].argument.properties[3].value.consequent.arguments[0].arguments[0].properties[2].value.test.left.left.left Identifier: exit
2025-06-05T08:42:12.306Z babel program.body[4].body.body[1].body.body[0].argument.arguments[3].body.body[1].block.body[3].argument.properties[3].value.consequent.arguments[0].arguments[0].properties[2].value.test.left.left.right CallExpression: enter
2025-06-05T08:42:12.306Z babel program.body[4].body.body[1].body.body[0].argument.arguments[3].body.body[1].block.body[3].argument.properties[3].value.consequent.arguments[0].arguments[0].properties[2].value.test.left.left.right CallExpression: Recursing into...
2025-06-05T08:42:12.306Z babel program.body[4].body.body[1].body.body[0].argument.arguments[3].body.body[1].block.body[3].argument.properties[3].value.consequent.arguments[0].arguments[0].properties[2].value.test.left.left.right.callee MemberExpression: enter
2025-06-05T08:42:12.306Z babel program.body[4].body.body[1].body.body[0].argument.arguments[3].body.body[1].block.body[3].argument.properties[3].value.consequent.arguments[0].arguments[0].properties[2].value.test.left.left.right.callee MemberExpression: Recursing into...
2025-06-05T08:42:12.306Z babel program.body[4].body.body[1].body.body[0].argument.arguments[3].body.body[1].block.body[3].argument.properties[3].value.consequent.arguments[0].arguments[0].properties[2].value.test.left.left.right.callee.object ThisExpression: enter
2025-06-05T08:42:12.306Z babel program.body[4].body.body[1].body.body[0].argument.arguments[3].body.body[1].block.body[3].argument.properties[3].value.consequent.arguments[0].arguments[0].properties[2].value.test.left.left.right.callee.object ThisExpression: Recursing into...
2025-06-05T08:42:12.306Z babel program.body[4].body.body[1].body.body[0].argument.arguments[3].body.body[1].block.body[3].argument.properties[3].value.consequent.arguments[0].arguments[0].properties[2].value.test.left.left.right.callee.object ThisExpression: exit
2025-06-05T08:42:12.306Z babel program.body[4].body.body[1].body.body[0].argument.arguments[3].body.body[1].block.body[3].argument.properties[3].value.consequent.arguments[0].arguments[0].properties[2].value.test.left.left.right.callee.property Identifier: enter
2025-06-05T08:42:12.306Z babel program.body[4].body.body[1].body.body[0].argument.arguments[3].body.body[1].block.body[3].argument.properties[3].value.consequent.arguments[0].arguments[0].properties[2].value.test.left.left.right.callee.property Identifier: Recursing into...
2025-06-05T08:42:12.306Z babel program.body[4].body.body[1].body.body[0].argument.arguments[3].body.body[1].block.body[3].argument.properties[3].value.consequent.arguments[0].arguments[0].properties[2].value.test.left.left.right.callee.property Identifier: exit
2025-06-05T08:42:12.306Z babel program.body[4].body.body[1].body.body[0].argument.arguments[3].body.body[1].block.body[3].argument.properties[3].value.consequent.arguments[0].arguments[0].properties[2].value.test.left.left.right.callee MemberExpression: exit
2025-06-05T08:42:12.306Z babel program.body[4].body.body[1].body.body[0].argument.arguments[3].body.body[1].block.body[3].argument.properties[3].value.consequent.arguments[0].arguments[0].properties[2].value.test.left.left.right.arguments[0] MemberExpression: enter
2025-06-05T08:42:12.306Z babel program.body[4].body.body[1].body.body[0].argument.arguments[3].body.body[1].block.body[3].argument.properties[3].value.consequent.arguments[0].arguments[0].properties[2].value.test.left.left.right.arguments[0] MemberExpression: Recursing into...
2025-06-05T08:42:12.306Z babel program.body[4].body.body[1].body.body[0].argument.arguments[3].body.body[1].block.body[3].argument.properties[3].value.consequent.arguments[0].arguments[0].properties[2].value.test.left.left.right.arguments[0].object Identifier: enter
2025-06-05T08:42:12.306Z babel program.body[4].body.body[1].body.body[0].argument.arguments[3].body.body[1].block.body[3].argument.properties[3].value.consequent.arguments[0].arguments[0].properties[2].value.test.left.left.right.arguments[0].object Identifier: Recursing into...
2025-06-05T08:42:12.306Z babel program.body[4].body.body[1].body.body[0].argument.arguments[3].body.body[1].block.body[3].argument.properties[3].value.consequent.arguments[0].arguments[0].properties[2].value.test.left.left.right.arguments[0].object Identifier: exit
2025-06-05T08:42:12.306Z babel program.body[4].body.body[1].body.body[0].argument.arguments[3].body.body[1].block.body[3].argument.properties[3].value.consequent.arguments[0].arguments[0].properties[2].value.test.left.left.right.arguments[0].property Identifier: enter
2025-06-05T08:42:12.306Z babel program.body[4].body.body[1].body.body[0].argument.arguments[3].body.body[1].block.body[3].argument.properties[3].value.consequent.arguments[0].arguments[0].properties[2].value.test.left.left.right.arguments[0].property Identifier: Recursing into...
2025-06-05T08:42:12.306Z babel program.body[4].body.body[1].body.body[0].argument.arguments[3].body.body[1].block.body[3].argument.properties[3].value.consequent.arguments[0].arguments[0].properties[2].value.test.left.left.right.arguments[0].property Identifier: exit
2025-06-05T08:42:12.306Z babel program.body[4].body.body[1].body.body[0].argument.arguments[3].body.body[1].block.body[3].argument.properties[3].value.consequent.arguments[0].arguments[0].properties[2].value.test.left.left.right.arguments[0] MemberExpression: exit
2025-06-05T08:42:12.306Z babel program.body[4].body.body[1].body.body[0].argument.arguments[3].body.body[1].block.body[3].argument.properties[3].value.consequent.arguments[0].arguments[0].properties[2].value.test.left.left.right.arguments[1] StringLiteral: enter
2025-06-05T08:42:12.306Z babel program.body[4].body.body[1].body.body[0].argument.arguments[3].body.body[1].block.body[3].argument.properties[3].value.consequent.arguments[0].arguments[0].properties[2].value.test.left.left.right.arguments[1] StringLiteral: Recursing into...
2025-06-05T08:42:12.306Z babel program.body[4].body.body[1].body.body[0].argument.arguments[3].body.body[1].block.body[3].argument.properties[3].value.consequent.arguments[0].arguments[0].properties[2].value.test.left.left.right.arguments[1] StringLiteral: exit
2025-06-05T08:42:12.306Z babel program.body[4].body.body[1].body.body[0].argument.arguments[3].body.body[1].block.body[3].argument.properties[3].value.consequent.arguments[0].arguments[0].properties[2].value.test.left.left.right.arguments[2] NumericLiteral: enter
2025-06-05T08:42:12.306Z babel program.body[4].body.body[1].body.body[0].argument.arguments[3].body.body[1].block.body[3].argument.properties[3].value.consequent.arguments[0].arguments[0].properties[2].value.test.left.left.right.arguments[2] NumericLiteral: Recursing into...
2025-06-05T08:42:12.306Z babel program.body[4].body.body[1].body.body[0].argument.arguments[3].body.body[1].block.body[3].argument.properties[3].value.consequent.arguments[0].arguments[0].properties[2].value.test.left.left.right.arguments[2] NumericLiteral: exit
2025-06-05T08:42:12.306Z babel program.body[4].body.body[1].body.body[0].argument.arguments[3].body.body[1].block.body[3].argument.properties[3].value.consequent.arguments[0].arguments[0].properties[2].value.test.left.left.right CallExpression: exit
2025-06-05T08:42:12.306Z babel program.body[4].body.body[1].body.body[0].argument.arguments[3].body.body[1].block.body[3].argument.properties[3].value.consequent.arguments[0].arguments[0].properties[2].value.test.left.left AssignmentExpression: exit
2025-06-05T08:42:12.307Z babel program.body[4].body.body[1].body.body[0].argument.arguments[3].body.body[1].block.body[3].argument.properties[3].value.consequent.arguments[0].arguments[0].properties[2].value.test.left.right NullLiteral: enter
2025-06-05T08:42:12.307Z babel program.body[4].body.body[1].body.body[0].argument.arguments[3].body.body[1].block.body[3].argument.properties[3].value.consequent.arguments[0].arguments[0].properties[2].value.test.left.right NullLiteral: Recursing into...
2025-06-05T08:42:12.307Z babel program.body[4].body.body[1].body.body[0].argument.arguments[3].body.body[1].block.body[3].argument.properties[3].value.consequent.arguments[0].arguments[0].properties[2].value.test.left.right NullLiteral: exit
2025-06-05T08:42:12.307Z babel program.body[4].body.body[1].body.body[0].argument.arguments[3].body.body[1].block.body[3].argument.properties[3].value.consequent.arguments[0].arguments[0].properties[2].value.test.left BinaryExpression: exit
2025-06-05T08:42:12.307Z babel program.body[4].body.body[1].body.body[0].argument.arguments[3].body.body[1].block.body[3].argument.properties[3].value.consequent.arguments[0].arguments[0].properties[2].value.test.right BinaryExpression: enter
2025-06-05T08:42:12.307Z babel program.body[4].body.body[1].body.body[0].argument.arguments[3].body.body[1].block.body[3].argument.properties[3].value.consequent.arguments[0].arguments[0].properties[2].value.test.right BinaryExpression: Recursing into...
2025-06-05T08:42:12.307Z babel program.body[4].body.body[1].body.body[0].argument.arguments[3].body.body[1].block.body[3].argument.properties[3].value.consequent.arguments[0].arguments[0].properties[2].value.test.right.left Identifier: enter
2025-06-05T08:42:12.307Z babel program.body[4].body.body[1].body.body[0].argument.arguments[3].body.body[1].block.body[3].argument.properties[3].value.consequent.arguments[0].arguments[0].properties[2].value.test.right.left Identifier: Recursing into...
2025-06-05T08:42:12.307Z babel program.body[4].body.body[1].body.body[0].argument.arguments[3].body.body[1].block.body[3].argument.properties[3].value.consequent.arguments[0].arguments[0].properties[2].value.test.right.left Identifier: exit
2025-06-05T08:42:12.307Z babel program.body[4].body.body[1].body.body[0].argument.arguments[3].body.body[1].block.body[3].argument.properties[3].value.consequent.arguments[0].arguments[0].properties[2].value.test.right.right UnaryExpression: enter
2025-06-05T08:42:12.307Z babel program.body[4].body.body[1].body.body[0].argument.arguments[3].body.body[1].block.body[3].argument.properties[3].value.consequent.arguments[0].arguments[0].properties[2].value.test.right.right UnaryExpression: Recursing into...
2025-06-05T08:42:12.307Z babel program.body[4].body.body[1].body.body[0].argument.arguments[3].body.body[1].block.body[3].argument.properties[3].value.consequent.arguments[0].arguments[0].properties[2].value.test.right.right.argument NumericLiteral: enter
2025-06-05T08:42:12.307Z babel program.body[4].body.body[1].body.body[0].argument.arguments[3].body.body[1].block.body[3].argument.properties[3].value.consequent.arguments[0].arguments[0].properties[2].value.test.right.right.argument NumericLiteral: Recursing into...
2025-06-05T08:42:12.307Z babel program.body[4].body.body[1].body.body[0].argument.arguments[3].body.body[1].block.body[3].argument.properties[3].value.consequent.arguments[0].arguments[0].properties[2].value.test.right.right.argument NumericLiteral: exit
2025-06-05T08:42:12.307Z babel program.body[4].body.body[1].body.body[0].argument.arguments[3].body.body[1].block.body[3].argument.properties[3].value.consequent.arguments[0].arguments[0].properties[2].value.test.right.right UnaryExpression: exit
2025-06-05T08:42:12.307Z babel program.body[4].body.body[1].body.body[0].argument.arguments[3].body.body[1].block.body[3].argument.properties[3].value.consequent.arguments[0].arguments[0].properties[2].value.test.right BinaryExpression: exit
2025-06-05T08:42:12.307Z babel program.body[4].body.body[1].body.body[0].argument.arguments[3].body.body[1].block.body[3].argument.properties[3].value.consequent.arguments[0].arguments[0].properties[2].value.test LogicalExpression: exit
2025-06-05T08:42:12.307Z babel program.body[4].body.body[1].body.body[0].argument.arguments[3].body.body[1].block.body[3].argument.properties[3].value.consequent.arguments[0].arguments[0].properties[2].value.consequent Identifier: enter
2025-06-05T08:42:12.307Z babel program.body[4].body.body[1].body.body[0].argument.arguments[3].body.body[1].block.body[3].argument.properties[3].value.consequent.arguments[0].arguments[0].properties[2].value.consequent Identifier: Recursing into...
2025-06-05T08:42:12.307Z babel program.body[4].body.body[1].body.body[0].argument.arguments[3].body.body[1].block.body[3].argument.properties[3].value.consequent.arguments[0].arguments[0].properties[2].value.consequent Identifier: exit
2025-06-05T08:42:12.307Z babel program.body[4].body.body[1].body.body[0].argument.arguments[3].body.body[1].block.body[3].argument.properties[3].value.consequent.arguments[0].arguments[0].properties[2].value.alternate NumericLiteral: enter
2025-06-05T08:42:12.307Z babel program.body[4].body.body[1].body.body[0].argument.arguments[3].body.body[1].block.body[3].argument.properties[3].value.consequent.arguments[0].arguments[0].properties[2].value.alternate NumericLiteral: Recursing into...
2025-06-05T08:42:12.307Z babel program.body[4].body.body[1].body.body[0].argument.arguments[3].body.body[1].block.body[3].argument.properties[3].value.consequent.arguments[0].arguments[0].properties[2].value.alternate NumericLiteral: exit
2025-06-05T08:42:12.307Z babel program.body[4].body.body[1].body.body[0].argument.arguments[3].body.body[1].block.body[3].argument.properties[3].value.consequent.arguments[0].arguments[0].properties[2].value ConditionalExpression: exit
2025-06-05T08:42:12.307Z babel program.body[4].body.body[1].body.body[0].argument.arguments[3].body.body[1].block.body[3].argument.properties[3].value.consequent.arguments[0].arguments[0].properties[2] ObjectProperty: exit
2025-06-05T08:42:12.307Z babel program.body[4].body.body[1].body.body[0].argument.arguments[3].body.body[1].block.body[3].argument.properties[3].value.consequent.arguments[0].arguments[0].properties[3] ObjectProperty: enter
2025-06-05T08:42:12.307Z babel program.body[4].body.body[1].body.body[0].argument.arguments[3].body.body[1].block.body[3].argument.properties[3].value.consequent.arguments[0].arguments[0].properties[3] ObjectProperty: Recursing into...
2025-06-05T08:42:12.307Z babel program.body[4].body.body[1].body.body[0].argument.arguments[3].body.body[1].block.body[3].argument.properties[3].value.consequent.arguments[0].arguments[0].properties[3].key Identifier: enter
2025-06-05T08:42:12.307Z babel program.body[4].body.body[1].body.body[0].argument.arguments[3].body.body[1].block.body[3].argument.properties[3].value.consequent.arguments[0].arguments[0].properties[3].key Identifier: Recursing into...
2025-06-05T08:42:12.307Z babel program.body[4].body.body[1].body.body[0].argument.arguments[3].body.body[1].block.body[3].argument.properties[3].value.consequent.arguments[0].arguments[0].properties[3].key Identifier: exit
2025-06-05T08:42:12.307Z babel program.body[4].body.body[1].body.body[0].argument.arguments[3].body.body[1].block.body[3].argument.properties[3].value.consequent.arguments[0].arguments[0].properties[3].value ConditionalExpression: enter
2025-06-05T08:42:12.307Z babel program.body[4].body.body[1].body.body[0].argument.arguments[3].body.body[1].block.body[3].argument.properties[3].value.consequent.arguments[0].arguments[0].properties[3].value ConditionalExpression: Recursing into...
2025-06-05T08:42:12.307Z babel program.body[4].body.body[1].body.body[0].argument.arguments[3].body.body[1].block.body[3].argument.properties[3].value.consequent.arguments[0].arguments[0].properties[3].value.test LogicalExpression: enter
2025-06-05T08:42:12.307Z babel program.body[4].body.body[1].body.body[0].argument.arguments[3].body.body[1].block.body[3].argument.properties[3].value.consequent.arguments[0].arguments[0].properties[3].value.test LogicalExpression: Recursing into...
2025-06-05T08:42:12.307Z babel program.body[4].body.body[1].body.body[0].argument.arguments[3].body.body[1].block.body[3].argument.properties[3].value.consequent.arguments[0].arguments[0].properties[3].value.test.left BinaryExpression: enter
2025-06-05T08:42:12.307Z babel program.body[4].body.body[1].body.body[0].argument.arguments[3].body.body[1].block.body[3].argument.properties[3].value.consequent.arguments[0].arguments[0].properties[3].value.test.left BinaryExpression: Recursing into...
2025-06-05T08:42:12.307Z babel program.body[4].body.body[1].body.body[0].argument.arguments[3].body.body[1].block.body[3].argument.properties[3].value.consequent.arguments[0].arguments[0].properties[3].value.test.left.left AssignmentExpression: enter
2025-06-05T08:42:12.307Z babel program.body[4].body.body[1].body.body[0].argument.arguments[3].body.body[1].block.body[3].argument.properties[3].value.consequent.arguments[0].arguments[0].properties[3].value.test.left.left AssignmentExpression: Recursing into...
2025-06-05T08:42:12.307Z babel program.body[4].body.body[1].body.body[0].argument.arguments[3].body.body[1].block.body[3].argument.properties[3].value.consequent.arguments[0].arguments[0].properties[3].value.test.left.left.left Identifier: enter
2025-06-05T08:42:12.307Z babel program.body[4].body.body[1].body.body[0].argument.arguments[3].body.body[1].block.body[3].argument.properties[3].value.consequent.arguments[0].arguments[0].properties[3].value.test.left.left.left Identifier: Recursing into...
2025-06-05T08:42:12.307Z babel program.body[4].body.body[1].body.body[0].argument.arguments[3].body.body[1].block.body[3].argument.properties[3].value.consequent.arguments[0].arguments[0].properties[3].value.test.left.left.left Identifier: exit
2025-06-05T08:42:12.307Z babel program.body[4].body.body[1].body.body[0].argument.arguments[3].body.body[1].block.body[3].argument.properties[3].value.consequent.arguments[0].arguments[0].properties[3].value.test.left.left.right CallExpression: enter
2025-06-05T08:42:12.307Z babel program.body[4].body.body[1].body.body[0].argument.arguments[3].body.body[1].block.body[3].argument.properties[3].value.consequent.arguments[0].arguments[0].properties[3].value.test.left.left.right CallExpression: Recursing into...
2025-06-05T08:42:12.307Z babel program.body[4].body.body[1].body.body[0].argument.arguments[3].body.body[1].block.body[3].argument.properties[3].value.consequent.arguments[0].arguments[0].properties[3].value.test.left.left.right.callee MemberExpression: enter
2025-06-05T08:42:12.307Z babel program.body[4].body.body[1].body.body[0].argument.arguments[3].body.body[1].block.body[3].argument.properties[3].value.consequent.arguments[0].arguments[0].properties[3].value.test.left.left.right.callee MemberExpression: Recursing into...
2025-06-05T08:42:12.307Z babel program.body[4].body.body[1].body.body[0].argument.arguments[3].body.body[1].block.body[3].argument.properties[3].value.consequent.arguments[0].arguments[0].properties[3].value.test.left.left.right.callee.object ThisExpression: enter
2025-06-05T08:42:12.307Z babel program.body[4].body.body[1].body.body[0].argument.arguments[3].body.body[1].block.body[3].argument.properties[3].value.consequent.arguments[0].arguments[0].properties[3].value.test.left.left.right.callee.object ThisExpression: Recursing into...
2025-06-05T08:42:12.307Z babel program.body[4].body.body[1].body.body[0].argument.arguments[3].body.body[1].block.body[3].argument.properties[3].value.consequent.arguments[0].arguments[0].properties[3].value.test.left.left.right.callee.object ThisExpression: exit
2025-06-05T08:42:12.307Z babel program.body[4].body.body[1].body.body[0].argument.arguments[3].body.body[1].block.body[3].argument.properties[3].value.consequent.arguments[0].arguments[0].properties[3].value.test.left.left.right.callee.property Identifier: enter
2025-06-05T08:42:12.307Z babel program.body[4].body.body[1].body.body[0].argument.arguments[3].body.body[1].block.body[3].argument.properties[3].value.consequent.arguments[0].arguments[0].properties[3].value.test.left.left.right.callee.property Identifier: Recursing into...
2025-06-05T08:42:12.307Z babel program.body[4].body.body[1].body.body[0].argument.arguments[3].body.body[1].block.body[3].argument.properties[3].value.consequent.arguments[0].arguments[0].properties[3].value.test.left.left.right.callee.property Identifier: exit
2025-06-05T08:42:12.307Z babel program.body[4].body.body[1].body.body[0].argument.arguments[3].body.body[1].block.body[3].argument.properties[3].value.consequent.arguments[0].arguments[0].properties[3].value.test.left.left.right.callee MemberExpression: exit
2025-06-05T08:42:12.307Z babel program.body[4].body.body[1].body.body[0].argument.arguments[3].body.body[1].block.body[3].argument.properties[3].value.consequent.arguments[0].arguments[0].properties[3].value.test.left.left.right.arguments[0] MemberExpression: enter
2025-06-05T08:42:12.307Z babel program.body[4].body.body[1].body.body[0].argument.arguments[3].body.body[1].block.body[3].argument.properties[3].value.consequent.arguments[0].arguments[0].properties[3].value.test.left.left.right.arguments[0] MemberExpression: Recursing into...
2025-06-05T08:42:12.307Z babel program.body[4].body.body[1].body.body[0].argument.arguments[3].body.body[1].block.body[3].argument.properties[3].value.consequent.arguments[0].arguments[0].properties[3].value.test.left.left.right.arguments[0].object Identifier: enter
2025-06-05T08:42:12.307Z babel program.body[4].body.body[1].body.body[0].argument.arguments[3].body.body[1].block.body[3].argument.properties[3].value.consequent.arguments[0].arguments[0].properties[3].value.test.left.left.right.arguments[0].object Identifier: Recursing into...
2025-06-05T08:42:12.307Z babel program.body[4].body.body[1].body.body[0].argument.arguments[3].body.body[1].block.body[3].argument.properties[3].value.consequent.arguments[0].arguments[0].properties[3].value.test.left.left.right.arguments[0].object Identifier: exit
2025-06-05T08:42:12.307Z babel program.body[4].body.body[1].body.body[0].argument.arguments[3].body.body[1].block.body[3].argument.properties[3].value.consequent.arguments[0].arguments[0].properties[3].value.test.left.left.right.arguments[0].property Identifier: enter
2025-06-05T08:42:12.307Z babel program.body[4].body.body[1].body.body[0].argument.arguments[3].body.body[1].block.body[3].argument.properties[3].value.consequent.arguments[0].arguments[0].properties[3].value.test.left.left.right.arguments[0].property Identifier: Recursing into...
2025-06-05T08:42:12.307Z babel program.body[4].body.body[1].body.body[0].argument.arguments[3].body.body[1].block.body[3].argument.properties[3].value.consequent.arguments[0].arguments[0].properties[3].value.test.left.left.right.arguments[0].property Identifier: exit
2025-06-05T08:42:12.308Z babel program.body[4].body.body[1].body.body[0].argument.arguments[3].body.body[1].block.body[3].argument.properties[3].value.consequent.arguments[0].arguments[0].properties[3].value.test.left.left.right.arguments[0] MemberExpression: exit
2025-06-05T08:42:12.308Z babel program.body[4].body.body[1].body.body[0].argument.arguments[3].body.body[1].block.body[3].argument.properties[3].value.consequent.arguments[0].arguments[0].properties[3].value.test.left.left.right.arguments[1] StringLiteral: enter
2025-06-05T08:42:12.308Z babel program.body[4].body.body[1].body.body[0].argument.arguments[3].body.body[1].block.body[3].argument.properties[3].value.consequent.arguments[0].arguments[0].properties[3].value.test.left.left.right.arguments[1] StringLiteral: Recursing into...
2025-06-05T08:42:12.308Z babel program.body[4].body.body[1].body.body[0].argument.arguments[3].body.body[1].block.body[3].argument.properties[3].value.consequent.arguments[0].arguments[0].properties[3].value.test.left.left.right.arguments[1] StringLiteral: exit
2025-06-05T08:42:12.308Z babel program.body[4].body.body[1].body.body[0].argument.arguments[3].body.body[1].block.body[3].argument.properties[3].value.consequent.arguments[0].arguments[0].properties[3].value.test.left.left.right.arguments[2] NumericLiteral: enter
2025-06-05T08:42:12.308Z babel program.body[4].body.body[1].body.body[0].argument.arguments[3].body.body[1].block.body[3].argument.properties[3].value.consequent.arguments[0].arguments[0].properties[3].value.test.left.left.right.arguments[2] NumericLiteral: Recursing into...
2025-06-05T08:42:12.308Z babel program.body[4].body.body[1].body.body[0].argument.arguments[3].body.body[1].block.body[3].argument.properties[3].value.consequent.arguments[0].arguments[0].properties[3].value.test.left.left.right.arguments[2] NumericLiteral: exit
2025-06-05T08:42:12.308Z babel program.body[4].body.body[1].body.body[0].argument.arguments[3].body.body[1].block.body[3].argument.properties[3].value.consequent.arguments[0].arguments[0].properties[3].value.test.left.left.right CallExpression: exit
2025-06-05T08:42:12.308Z babel program.body[4].body.body[1].body.body[0].argument.arguments[3].body.body[1].block.body[3].argument.properties[3].value.consequent.arguments[0].arguments[0].properties[3].value.test.left.left AssignmentExpression: exit
2025-06-05T08:42:12.308Z babel program.body[4].body.body[1].body.body[0].argument.arguments[3].body.body[1].block.body[3].argument.properties[3].value.consequent.arguments[0].arguments[0].properties[3].value.test.left.right NullLiteral: enter
2025-06-05T08:42:12.308Z babel program.body[4].body.body[1].body.body[0].argument.arguments[3].body.body[1].block.body[3].argument.properties[3].value.consequent.arguments[0].arguments[0].properties[3].value.test.left.right NullLiteral: Recursing into...
2025-06-05T08:42:12.308Z babel program.body[4].body.body[1].body.body[0].argument.arguments[3].body.body[1].block.body[3].argument.properties[3].value.consequent.arguments[0].arguments[0].properties[3].value.test.left.right NullLiteral: exit
2025-06-05T08:42:12.308Z babel program.body[4].body.body[1].body.body[0].argument.arguments[3].body.body[1].block.body[3].argument.properties[3].value.consequent.arguments[0].arguments[0].properties[3].value.test.left BinaryExpression: exit
2025-06-05T08:42:12.308Z babel program.body[4].body.body[1].body.body[0].argument.arguments[3].body.body[1].block.body[3].argument.properties[3].value.consequent.arguments[0].arguments[0].properties[3].value.test.right BinaryExpression: enter
2025-06-05T08:42:12.308Z babel program.body[4].body.body[1].body.body[0].argument.arguments[3].body.body[1].block.body[3].argument.properties[3].value.consequent.arguments[0].arguments[0].properties[3].value.test.right BinaryExpression: Recursing into...
2025-06-05T08:42:12.308Z babel program.body[4].body.body[1].body.body[0].argument.arguments[3].body.body[1].block.body[3].argument.properties[3].value.consequent.arguments[0].arguments[0].properties[3].value.test.right.left Identifier: enter
2025-06-05T08:42:12.308Z babel program.body[4].body.body[1].body.body[0].argument.arguments[3].body.body[1].block.body[3].argument.properties[3].value.consequent.arguments[0].arguments[0].properties[3].value.test.right.left Identifier: Recursing into...
2025-06-05T08:42:12.308Z babel program.body[4].body.body[1].body.body[0].argument.arguments[3].body.body[1].block.body[3].argument.properties[3].value.consequent.arguments[0].arguments[0].properties[3].value.test.right.left Identifier: exit
2025-06-05T08:42:12.308Z babel program.body[4].body.body[1].body.body[0].argument.arguments[3].body.body[1].block.body[3].argument.properties[3].value.consequent.arguments[0].arguments[0].properties[3].value.test.right.right UnaryExpression: enter
2025-06-05T08:42:12.308Z babel program.body[4].body.body[1].body.body[0].argument.arguments[3].body.body[1].block.body[3].argument.properties[3].value.consequent.arguments[0].arguments[0].properties[3].value.test.right.right UnaryExpression: Recursing into...
2025-06-05T08:42:12.308Z babel program.body[4].body.body[1].body.body[0].argument.arguments[3].body.body[1].block.body[3].argument.properties[3].value.consequent.arguments[0].arguments[0].properties[3].value.test.right.right.argument NumericLiteral: enter
2025-06-05T08:42:12.308Z babel program.body[4].body.body[1].body.body[0].argument.arguments[3].body.body[1].block.body[3].argument.properties[3].value.consequent.arguments[0].arguments[0].properties[3].value.test.right.right.argument NumericLiteral: Recursing into...
2025-06-05T08:42:12.308Z babel program.body[4].body.body[1].body.body[0].argument.arguments[3].body.body[1].block.body[3].argument.properties[3].value.consequent.arguments[0].arguments[0].properties[3].value.test.right.right.argument NumericLiteral: exit
2025-06-05T08:42:12.308Z babel program.body[4].body.body[1].body.body[0].argument.arguments[3].body.body[1].block.body[3].argument.properties[3].value.consequent.arguments[0].arguments[0].properties[3].value.test.right.right UnaryExpression: exit
2025-06-05T08:42:12.308Z babel program.body[4].body.body[1].body.body[0].argument.arguments[3].body.body[1].block.body[3].argument.properties[3].value.consequent.arguments[0].arguments[0].properties[3].value.test.right BinaryExpression: exit
2025-06-05T08:42:12.308Z babel program.body[4].body.body[1].body.body[0].argument.arguments[3].body.body[1].block.body[3].argument.properties[3].value.consequent.arguments[0].arguments[0].properties[3].value.test LogicalExpression: exit
2025-06-05T08:42:12.308Z babel program.body[4].body.body[1].body.body[0].argument.arguments[3].body.body[1].block.body[3].argument.properties[3].value.consequent.arguments[0].arguments[0].properties[3].value.consequent Identifier: enter
2025-06-05T08:42:12.308Z babel program.body[4].body.body[1].body.body[0].argument.arguments[3].body.body[1].block.body[3].argument.properties[3].value.consequent.arguments[0].arguments[0].properties[3].value.consequent Identifier: Recursing into...
2025-06-05T08:42:12.308Z babel program.body[4].body.body[1].body.body[0].argument.arguments[3].body.body[1].block.body[3].argument.properties[3].value.consequent.arguments[0].arguments[0].properties[3].value.consequent Identifier: exit
2025-06-05T08:42:12.308Z babel program.body[4].body.body[1].body.body[0].argument.arguments[3].body.body[1].block.body[3].argument.properties[3].value.consequent.arguments[0].arguments[0].properties[3].value.alternate NumericLiteral: enter
2025-06-05T08:42:12.308Z babel program.body[4].body.body[1].body.body[0].argument.arguments[3].body.body[1].block.body[3].argument.properties[3].value.consequent.arguments[0].arguments[0].properties[3].value.alternate NumericLiteral: Recursing into...
2025-06-05T08:42:12.308Z babel program.body[4].body.body[1].body.body[0].argument.arguments[3].body.body[1].block.body[3].argument.properties[3].value.consequent.arguments[0].arguments[0].properties[3].value.alternate NumericLiteral: exit
2025-06-05T08:42:12.308Z babel program.body[4].body.body[1].body.body[0].argument.arguments[3].body.body[1].block.body[3].argument.properties[3].value.consequent.arguments[0].arguments[0].properties[3].value ConditionalExpression: exit
2025-06-05T08:42:12.308Z babel program.body[4].body.body[1].body.body[0].argument.arguments[3].body.body[1].block.body[3].argument.properties[3].value.consequent.arguments[0].arguments[0].properties[3] ObjectProperty: exit
2025-06-05T08:42:12.308Z babel program.body[4].body.body[1].body.body[0].argument.arguments[3].body.body[1].block.body[3].argument.properties[3].value.consequent.arguments[0].arguments[0] ObjectExpression: exit
2025-06-05T08:42:12.308Z babel program.body[4].body.body[1].body.body[0].argument.arguments[3].body.body[1].block.body[3].argument.properties[3].value.consequent.arguments[0].arguments[1] LogicalExpression: enter
2025-06-05T08:42:12.308Z babel program.body[4].body.body[1].body.body[0].argument.arguments[3].body.body[1].block.body[3].argument.properties[3].value.consequent.arguments[0].arguments[1] LogicalExpression: Recursing into...
2025-06-05T08:42:12.308Z babel program.body[4].body.body[1].body.body[0].argument.arguments[3].body.body[1].block.body[3].argument.properties[3].value.consequent.arguments[0].arguments[1].left BinaryExpression: enter
2025-06-05T08:42:12.308Z babel program.body[4].body.body[1].body.body[0].argument.arguments[3].body.body[1].block.body[3].argument.properties[3].value.consequent.arguments[0].arguments[1].left BinaryExpression: Recursing into...
2025-06-05T08:42:12.308Z babel program.body[4].body.body[1].body.body[0].argument.arguments[3].body.body[1].block.body[3].argument.properties[3].value.consequent.arguments[0].arguments[1].left.left CallExpression: enter
2025-06-05T08:42:12.308Z babel program.body[4].body.body[1].body.body[0].argument.arguments[3].body.body[1].block.body[3].argument.properties[3].value.consequent.arguments[0].arguments[1].left.left CallExpression: Recursing into...
2025-06-05T08:42:12.308Z babel program.body[4].body.body[1].body.body[0].argument.arguments[3].body.body[1].block.body[3].argument.properties[3].value.consequent.arguments[0].arguments[1].left.left.callee MemberExpression: enter
2025-06-05T08:42:12.308Z babel program.body[4].body.body[1].body.body[0].argument.arguments[3].body.body[1].block.body[3].argument.properties[3].value.consequent.arguments[0].arguments[1].left.left.callee MemberExpression: Recursing into...
2025-06-05T08:42:12.308Z babel program.body[4].body.body[1].body.body[0].argument.arguments[3].body.body[1].block.body[3].argument.properties[3].value.consequent.arguments[0].arguments[1].left.left.callee.object ThisExpression: enter
2025-06-05T08:42:12.308Z babel program.body[4].body.body[1].body.body[0].argument.arguments[3].body.body[1].block.body[3].argument.properties[3].value.consequent.arguments[0].arguments[1].left.left.callee.object ThisExpression: Recursing into...
2025-06-05T08:42:12.308Z babel program.body[4].body.body[1].body.body[0].argument.arguments[3].body.body[1].block.body[3].argument.properties[3].value.consequent.arguments[0].arguments[1].left.left.callee.object ThisExpression: exit
2025-06-05T08:42:12.308Z babel program.body[4].body.body[1].body.body[0].argument.arguments[3].body.body[1].block.body[3].argument.properties[3].value.consequent.arguments[0].arguments[1].left.left.callee.property Identifier: enter
2025-06-05T08:42:12.308Z babel program.body[4].body.body[1].body.body[0].argument.arguments[3].body.body[1].block.body[3].argument.properties[3].value.consequent.arguments[0].arguments[1].left.left.callee.property Identifier: Recursing into...
2025-06-05T08:42:12.308Z babel program.body[4].body.body[1].body.body[0].argument.arguments[3].body.body[1].block.body[3].argument.properties[3].value.consequent.arguments[0].arguments[1].left.left.callee.property Identifier: exit
2025-06-05T08:42:12.308Z babel program.body[4].body.body[1].body.body[0].argument.arguments[3].body.body[1].block.body[3].argument.properties[3].value.consequent.arguments[0].arguments[1].left.left.callee MemberExpression: exit
2025-06-05T08:42:12.308Z babel program.body[4].body.body[1].body.body[0].argument.arguments[3].body.body[1].block.body[3].argument.properties[3].value.consequent.arguments[0].arguments[1].left.left.arguments[0] MemberExpression: enter
2025-06-05T08:42:12.308Z babel program.body[4].body.body[1].body.body[0].argument.arguments[3].body.body[1].block.body[3].argument.properties[3].value.consequent.arguments[0].arguments[1].left.left.arguments[0] MemberExpression: Recursing into...
2025-06-05T08:42:12.308Z babel program.body[4].body.body[1].body.body[0].argument.arguments[3].body.body[1].block.body[3].argument.properties[3].value.consequent.arguments[0].arguments[1].left.left.arguments[0].object Identifier: enter
2025-06-05T08:42:12.308Z babel program.body[4].body.body[1].body.body[0].argument.arguments[3].body.body[1].block.body[3].argument.properties[3].value.consequent.arguments[0].arguments[1].left.left.arguments[0].object Identifier: Recursing into...
2025-06-05T08:42:12.308Z babel program.body[4].body.body[1].body.body[0].argument.arguments[3].body.body[1].block.body[3].argument.properties[3].value.consequent.arguments[0].arguments[1].left.left.arguments[0].object Identifier: exit
2025-06-05T08:42:12.308Z babel program.body[4].body.body[1].body.body[0].argument.arguments[3].body.body[1].block.body[3].argument.properties[3].value.consequent.arguments[0].arguments[1].left.left.arguments[0].property Identifier: enter
2025-06-05T08:42:12.308Z babel program.body[4].body.body[1].body.body[0].argument.arguments[3].body.body[1].block.body[3].argument.properties[3].value.consequent.arguments[0].arguments[1].left.left.arguments[0].property Identifier: Recursing into...
2025-06-05T08:42:12.308Z babel program.body[4].body.body[1].body.body[0].argument.arguments[3].body.body[1].block.body[3].argument.properties[3].value.consequent.arguments[0].arguments[1].left.left.arguments[0].property Identifier: exit
2025-06-05T08:42:12.308Z babel program.body[4].body.body[1].body.body[0].argument.arguments[3].body.body[1].block.body[3].argument.properties[3].value.consequent.arguments[0].arguments[1].left.left.arguments[0] MemberExpression: exit
2025-06-05T08:42:12.308Z babel program.body[4].body.body[1].body.body[0].argument.arguments[3].body.body[1].block.body[3].argument.properties[3].value.consequent.arguments[0].arguments[1].left.left.arguments[1] StringLiteral: enter
2025-06-05T08:42:12.308Z babel program.body[4].body.body[1].body.body[0].argument.arguments[3].body.body[1].block.body[3].argument.properties[3].value.consequent.arguments[0].arguments[1].left.left.arguments[1] StringLiteral: Recursing into...
2025-06-05T08:42:12.308Z babel program.body[4].body.body[1].body.body[0].argument.arguments[3].body.body[1].block.body[3].argument.properties[3].value.consequent.arguments[0].arguments[1].left.left.arguments[1] StringLiteral: exit
2025-06-05T08:42:12.308Z babel program.body[4].body.body[1].body.body[0].argument.arguments[3].body.body[1].block.body[3].argument.properties[3].value.consequent.arguments[0].arguments[1].left.left CallExpression: exit
2025-06-05T08:42:12.308Z babel program.body[4].body.body[1].body.body[0].argument.arguments[3].body.body[1].block.body[3].argument.properties[3].value.consequent.arguments[0].arguments[1].left.right Identifier: enter
2025-06-05T08:42:12.308Z babel program.body[4].body.body[1].body.body[0].argument.arguments[3].body.body[1].block.body[3].argument.properties[3].value.consequent.arguments[0].arguments[1].left.right Identifier: Recursing into...
2025-06-05T08:42:12.308Z babel program.body[4].body.body[1].body.body[0].argument.arguments[3].body.body[1].block.body[3].argument.properties[3].value.consequent.arguments[0].arguments[1].left.right Identifier: exit
2025-06-05T08:42:12.308Z babel program.body[4].body.body[1].body.body[0].argument.arguments[3].body.body[1].block.body[3].argument.properties[3].value.consequent.arguments[0].arguments[1].left BinaryExpression: exit
2025-06-05T08:42:12.308Z babel program.body[4].body.body[1].body.body[0].argument.arguments[3].body.body[1].block.body[3].argument.properties[3].value.consequent.arguments[0].arguments[1].right ObjectExpression: enter
2025-06-05T08:42:12.308Z babel program.body[4].body.body[1].body.body[0].argument.arguments[3].body.body[1].block.body[3].argument.properties[3].value.consequent.arguments[0].arguments[1].right ObjectExpression: Recursing into...
2025-06-05T08:42:12.308Z babel program.body[4].body.body[1].body.body[0].argument.arguments[3].body.body[1].block.body[3].argument.properties[3].value.consequent.arguments[0].arguments[1].right.properties[0] ObjectProperty: enter
2025-06-05T08:42:12.308Z babel program.body[4].body.body[1].body.body[0].argument.arguments[3].body.body[1].block.body[3].argument.properties[3].value.consequent.arguments[0].arguments[1].right.properties[0] ObjectProperty: Recursing into...
2025-06-05T08:42:12.308Z babel program.body[4].body.body[1].body.body[0].argument.arguments[3].body.body[1].block.body[3].argument.properties[3].value.consequent.arguments[0].arguments[1].right.properties[0].key Identifier: enter
2025-06-05T08:42:12.308Z babel program.body[4].body.body[1].body.body[0].argument.arguments[3].body.body[1].block.body[3].argument.properties[3].value.consequent.arguments[0].arguments[1].right.properties[0].key Identifier: Recursing into...
2025-06-05T08:42:12.308Z babel program.body[4].body.body[1].body.body[0].argument.arguments[3].body.body[1].block.body[3].argument.properties[3].value.consequent.arguments[0].arguments[1].right.properties[0].key Identifier: exit
2025-06-05T08:42:12.308Z babel program.body[4].body.body[1].body.body[0].argument.arguments[3].body.body[1].block.body[3].argument.properties[3].value.consequent.arguments[0].arguments[1].right.properties[0].value CallExpression: enter
2025-06-05T08:42:12.308Z babel program.body[4].body.body[1].body.body[0].argument.arguments[3].body.body[1].block.body[3].argument.properties[3].value.consequent.arguments[0].arguments[1].right.properties[0].value CallExpression: Recursing into...
2025-06-05T08:42:12.308Z babel program.body[4].body.body[1].body.body[0].argument.arguments[3].body.body[1].block.body[3].argument.properties[3].value.consequent.arguments[0].arguments[1].right.properties[0].value.callee MemberExpression: enter
2025-06-05T08:42:12.308Z babel program.body[4].body.body[1].body.body[0].argument.arguments[3].body.body[1].block.body[3].argument.properties[3].value.consequent.arguments[0].arguments[1].right.properties[0].value.callee MemberExpression: Recursing into...
2025-06-05T08:42:12.308Z babel program.body[4].body.body[1].body.body[0].argument.arguments[3].body.body[1].block.body[3].argument.properties[3].value.consequent.arguments[0].arguments[1].right.properties[0].value.callee.object ThisExpression: enter
2025-06-05T08:42:12.309Z babel program.body[4].body.body[1].body.body[0].argument.arguments[3].body.body[1].block.body[3].argument.properties[3].value.consequent.arguments[0].arguments[1].right.properties[0].value.callee.object ThisExpression: Recursing into...
2025-06-05T08:42:12.309Z babel program.body[4].body.body[1].body.body[0].argument.arguments[3].body.body[1].block.body[3].argument.properties[3].value.consequent.arguments[0].arguments[1].right.properties[0].value.callee.object ThisExpression: exit
2025-06-05T08:42:12.309Z babel program.body[4].body.body[1].body.body[0].argument.arguments[3].body.body[1].block.body[3].argument.properties[3].value.consequent.arguments[0].arguments[1].right.properties[0].value.callee.property Identifier: enter
2025-06-05T08:42:12.309Z babel program.body[4].body.body[1].body.body[0].argument.arguments[3].body.body[1].block.body[3].argument.properties[3].value.consequent.arguments[0].arguments[1].right.properties[0].value.callee.property Identifier: Recursing into...
2025-06-05T08:42:12.309Z babel program.body[4].body.body[1].body.body[0].argument.arguments[3].body.body[1].block.body[3].argument.properties[3].value.consequent.arguments[0].arguments[1].right.properties[0].value.callee.property Identifier: exit
2025-06-05T08:42:12.309Z babel program.body[4].body.body[1].body.body[0].argument.arguments[3].body.body[1].block.body[3].argument.properties[3].value.consequent.arguments[0].arguments[1].right.properties[0].value.callee MemberExpression: exit
2025-06-05T08:42:12.309Z babel program.body[4].body.body[1].body.body[0].argument.arguments[3].body.body[1].block.body[3].argument.properties[3].value.consequent.arguments[0].arguments[1].right.properties[0].value.arguments[0] MemberExpression: enter
2025-06-05T08:42:12.309Z babel program.body[4].body.body[1].body.body[0].argument.arguments[3].body.body[1].block.body[3].argument.properties[3].value.consequent.arguments[0].arguments[1].right.properties[0].value.arguments[0] MemberExpression: Recursing into...
2025-06-05T08:42:12.309Z babel program.body[4].body.body[1].body.body[0].argument.arguments[3].body.body[1].block.body[3].argument.properties[3].value.consequent.arguments[0].arguments[1].right.properties[0].value.arguments[0].object Identifier: enter
2025-06-05T08:42:12.309Z babel program.body[4].body.body[1].body.body[0].argument.arguments[3].body.body[1].block.body[3].argument.properties[3].value.consequent.arguments[0].arguments[1].right.properties[0].value.arguments[0].object Identifier: Recursing into...
2025-06-05T08:42:12.309Z babel program.body[4].body.body[1].body.body[0].argument.arguments[3].body.body[1].block.body[3].argument.properties[3].value.consequent.arguments[0].arguments[1].right.properties[0].value.arguments[0].object Identifier: exit
2025-06-05T08:42:12.309Z babel program.body[4].body.body[1].body.body[0].argument.arguments[3].body.body[1].block.body[3].argument.properties[3].value.consequent.arguments[0].arguments[1].right.properties[0].value.arguments[0].property Identifier: enter
2025-06-05T08:42:12.309Z babel program.body[4].body.body[1].body.body[0].argument.arguments[3].body.body[1].block.body[3].argument.properties[3].value.consequent.arguments[0].arguments[1].right.properties[0].value.arguments[0].property Identifier: Recursing into...
2025-06-05T08:42:12.309Z babel program.body[4].body.body[1].body.body[0].argument.arguments[3].body.body[1].block.body[3].argument.properties[3].value.consequent.arguments[0].arguments[1].right.properties[0].value.arguments[0].property Identifier: exit
2025-06-05T08:42:12.309Z babel program.body[4].body.body[1].body.body[0].argument.arguments[3].body.body[1].block.body[3].argument.properties[3].value.consequent.arguments[0].arguments[1].right.properties[0].value.arguments[0] MemberExpression: exit
2025-06-05T08:42:12.309Z babel program.body[4].body.body[1].body.body[0].argument.arguments[3].body.body[1].block.body[3].argument.properties[3].value.consequent.arguments[0].arguments[1].right.properties[0].value.arguments[1] StringLiteral: enter
2025-06-05T08:42:12.309Z babel program.body[4].body.body[1].body.body[0].argument.arguments[3].body.body[1].block.body[3].argument.properties[3].value.consequent.arguments[0].arguments[1].right.properties[0].value.arguments[1] StringLiteral: Recursing into...
2025-06-05T08:42:12.309Z babel program.body[4].body.body[1].body.body[0].argument.arguments[3].body.body[1].block.body[3].argument.properties[3].value.consequent.arguments[0].arguments[1].right.properties[0].value.arguments[1] StringLiteral: exit
2025-06-05T08:42:12.309Z babel program.body[4].body.body[1].body.body[0].argument.arguments[3].body.body[1].block.body[3].argument.properties[3].value.consequent.arguments[0].arguments[1].right.properties[0].value CallExpression: exit
2025-06-05T08:42:12.309Z babel program.body[4].body.body[1].body.body[0].argument.arguments[3].body.body[1].block.body[3].argument.properties[3].value.consequent.arguments[0].arguments[1].right.properties[0] ObjectProperty: exit
2025-06-05T08:42:12.309Z babel program.body[4].body.body[1].body.body[0].argument.arguments[3].body.body[1].block.body[3].argument.properties[3].value.consequent.arguments[0].arguments[1].right ObjectExpression: exit
2025-06-05T08:42:12.309Z babel program.body[4].body.body[1].body.body[0].argument.arguments[3].body.body[1].block.body[3].argument.properties[3].value.consequent.arguments[0].arguments[1] LogicalExpression: exit
2025-06-05T08:42:12.309Z babel program.body[4].body.body[1].body.body[0].argument.arguments[3].body.body[1].block.body[3].argument.properties[3].value.consequent.arguments[0] CallExpression: exit
2025-06-05T08:42:12.309Z babel program.body[4].body.body[1].body.body[0].argument.arguments[3].body.body[1].block.body[3].argument.properties[3].value.consequent.arguments[1] LogicalExpression: enter
2025-06-05T08:42:12.309Z babel program.body[4].body.body[1].body.body[0].argument.arguments[3].body.body[1].block.body[3].argument.properties[3].value.consequent.arguments[1] LogicalExpression: Recursing into...
2025-06-05T08:42:12.309Z babel program.body[4].body.body[1].body.body[0].argument.arguments[3].body.body[1].block.body[3].argument.properties[3].value.consequent.arguments[1].left BinaryExpression: enter
2025-06-05T08:42:12.309Z babel program.body[4].body.body[1].body.body[0].argument.arguments[3].body.body[1].block.body[3].argument.properties[3].value.consequent.arguments[1].left BinaryExpression: Recursing into...
2025-06-05T08:42:12.309Z babel program.body[4].body.body[1].body.body[0].argument.arguments[3].body.body[1].block.body[3].argument.properties[3].value.consequent.arguments[1].left.left CallExpression: enter
2025-06-05T08:42:12.309Z babel program.body[4].body.body[1].body.body[0].argument.arguments[3].body.body[1].block.body[3].argument.properties[3].value.consequent.arguments[1].left.left CallExpression: Recursing into...
2025-06-05T08:42:12.309Z babel program.body[4].body.body[1].body.body[0].argument.arguments[3].body.body[1].block.body[3].argument.properties[3].value.consequent.arguments[1].left.left.callee MemberExpression: enter
2025-06-05T08:42:12.309Z babel program.body[4].body.body[1].body.body[0].argument.arguments[3].body.body[1].block.body[3].argument.properties[3].value.consequent.arguments[1].left.left.callee MemberExpression: Recursing into...
2025-06-05T08:42:12.309Z babel program.body[4].body.body[1].body.body[0].argument.arguments[3].body.body[1].block.body[3].argument.properties[3].value.consequent.arguments[1].left.left.callee.object ThisExpression: enter
2025-06-05T08:42:12.309Z babel program.body[4].body.body[1].body.body[0].argument.arguments[3].body.body[1].block.body[3].argument.properties[3].value.consequent.arguments[1].left.left.callee.object ThisExpression: Recursing into...
2025-06-05T08:42:12.309Z babel program.body[4].body.body[1].body.body[0].argument.arguments[3].body.body[1].block.body[3].argument.properties[3].value.consequent.arguments[1].left.left.callee.object ThisExpression: exit
2025-06-05T08:42:12.309Z babel program.body[4].body.body[1].body.body[0].argument.arguments[3].body.body[1].block.body[3].argument.properties[3].value.consequent.arguments[1].left.left.callee.property Identifier: enter
2025-06-05T08:42:12.309Z babel program.body[4].body.body[1].body.body[0].argument.arguments[3].body.body[1].block.body[3].argument.properties[3].value.consequent.arguments[1].left.left.callee.property Identifier: Recursing into...
2025-06-05T08:42:12.309Z babel program.body[4].body.body[1].body.body[0].argument.arguments[3].body.body[1].block.body[3].argument.properties[3].value.consequent.arguments[1].left.left.callee.property Identifier: exit
2025-06-05T08:42:12.309Z babel program.body[4].body.body[1].body.body[0].argument.arguments[3].body.body[1].block.body[3].argument.properties[3].value.consequent.arguments[1].left.left.callee MemberExpression: exit
2025-06-05T08:42:12.309Z babel program.body[4].body.body[1].body.body[0].argument.arguments[3].body.body[1].block.body[3].argument.properties[3].value.consequent.arguments[1].left.left.arguments[0] MemberExpression: enter
2025-06-05T08:42:12.309Z babel program.body[4].body.body[1].body.body[0].argument.arguments[3].body.body[1].block.body[3].argument.properties[3].value.consequent.arguments[1].left.left.arguments[0] MemberExpression: Recursing into...
2025-06-05T08:42:12.309Z babel program.body[4].body.body[1].body.body[0].argument.arguments[3].body.body[1].block.body[3].argument.properties[3].value.consequent.arguments[1].left.left.arguments[0].object Identifier: enter
2025-06-05T08:42:12.309Z babel program.body[4].body.body[1].body.body[0].argument.arguments[3].body.body[1].block.body[3].argument.properties[3].value.consequent.arguments[1].left.left.arguments[0].object Identifier: Recursing into...
2025-06-05T08:42:12.309Z babel program.body[4].body.body[1].body.body[0].argument.arguments[3].body.body[1].block.body[3].argument.properties[3].value.consequent.arguments[1].left.left.arguments[0].object Identifier: exit
2025-06-05T08:42:12.309Z babel program.body[4].body.body[1].body.body[0].argument.arguments[3].body.body[1].block.body[3].argument.properties[3].value.consequent.arguments[1].left.left.arguments[0].property Identifier: enter
2025-06-05T08:42:12.309Z babel program.body[4].body.body[1].body.body[0].argument.arguments[3].body.body[1].block.body[3].argument.properties[3].value.consequent.arguments[1].left.left.arguments[0].property Identifier: Recursing into...
2025-06-05T08:42:12.309Z babel program.body[4].body.body[1].body.body[0].argument.arguments[3].body.body[1].block.body[3].argument.properties[3].value.consequent.arguments[1].left.left.arguments[0].property Identifier: exit
2025-06-05T08:42:12.309Z babel program.body[4].body.body[1].body.body[0].argument.arguments[3].body.body[1].block.body[3].argument.properties[3].value.consequent.arguments[1].left.left.arguments[0] MemberExpression: exit
2025-06-05T08:42:12.309Z babel program.body[4].body.body[1].body.body[0].argument.arguments[3].body.body[1].block.body[3].argument.properties[3].value.consequent.arguments[1].left.left.arguments[1] StringLiteral: enter
2025-06-05T08:42:12.309Z babel program.body[4].body.body[1].body.body[0].argument.arguments[3].body.body[1].block.body[3].argument.properties[3].value.consequent.arguments[1].left.left.arguments[1] StringLiteral: Recursing into...
2025-06-05T08:42:12.309Z babel program.body[4].body.body[1].body.body[0].argument.arguments[3].body.body[1].block.body[3].argument.properties[3].value.consequent.arguments[1].left.left.arguments[1] StringLiteral: exit
2025-06-05T08:42:12.309Z babel program.body[4].body.body[1].body.body[0].argument.arguments[3].body.body[1].block.body[3].argument.properties[3].value.consequent.arguments[1].left.left CallExpression: exit
2025-06-05T08:42:12.309Z babel program.body[4].body.body[1].body.body[0].argument.arguments[3].body.body[1].block.body[3].argument.properties[3].value.consequent.arguments[1].left.right Identifier: enter
2025-06-05T08:42:12.309Z babel program.body[4].body.body[1].body.body[0].argument.arguments[3].body.body[1].block.body[3].argument.properties[3].value.consequent.arguments[1].left.right Identifier: Recursing into...
2025-06-05T08:42:12.309Z babel program.body[4].body.body[1].body.body[0].argument.arguments[3].body.body[1].block.body[3].argument.properties[3].value.consequent.arguments[1].left.right Identifier: exit
2025-06-05T08:42:12.309Z babel program.body[4].body.body[1].body.body[0].argument.arguments[3].body.body[1].block.body[3].argument.properties[3].value.consequent.arguments[1].left BinaryExpression: exit
2025-06-05T08:42:12.309Z babel program.body[4].body.body[1].body.body[0].argument.arguments[3].body.body[1].block.body[3].argument.properties[3].value.consequent.arguments[1].right ObjectExpression: enter
2025-06-05T08:42:12.309Z babel program.body[4].body.body[1].body.body[0].argument.arguments[3].body.body[1].block.body[3].argument.properties[3].value.consequent.arguments[1].right ObjectExpression: Recursing into...
2025-06-05T08:42:12.309Z babel program.body[4].body.body[1].body.body[0].argument.arguments[3].body.body[1].block.body[3].argument.properties[3].value.consequent.arguments[1].right.properties[0] ObjectProperty: enter
2025-06-05T08:42:12.309Z babel program.body[4].body.body[1].body.body[0].argument.arguments[3].body.body[1].block.body[3].argument.properties[3].value.consequent.arguments[1].right.properties[0] ObjectProperty: Recursing into...
2025-06-05T08:42:12.309Z babel program.body[4].body.body[1].body.body[0].argument.arguments[3].body.body[1].block.body[3].argument.properties[3].value.consequent.arguments[1].right.properties[0].key Identifier: enter
2025-06-05T08:42:12.309Z babel program.body[4].body.body[1].body.body[0].argument.arguments[3].body.body[1].block.body[3].argument.properties[3].value.consequent.arguments[1].right.properties[0].key Identifier: Recursing into...
2025-06-05T08:42:12.309Z babel program.body[4].body.body[1].body.body[0].argument.arguments[3].body.body[1].block.body[3].argument.properties[3].value.consequent.arguments[1].right.properties[0].key Identifier: exit
2025-06-05T08:42:12.309Z babel program.body[4].body.body[1].body.body[0].argument.arguments[3].body.body[1].block.body[3].argument.properties[3].value.consequent.arguments[1].right.properties[0].value CallExpression: enter
2025-06-05T08:42:12.309Z babel program.body[4].body.body[1].body.body[0].argument.arguments[3].body.body[1].block.body[3].argument.properties[3].value.consequent.arguments[1].right.properties[0].value CallExpression: Recursing into...
2025-06-05T08:42:12.310Z babel program.body[4].body.body[1].body.body[0].argument.arguments[3].body.body[1].block.body[3].argument.properties[3].value.consequent.arguments[1].right.properties[0].value.callee MemberExpression: enter
2025-06-05T08:42:12.310Z babel program.body[4].body.body[1].body.body[0].argument.arguments[3].body.body[1].block.body[3].argument.properties[3].value.consequent.arguments[1].right.properties[0].value.callee MemberExpression: Recursing into...
2025-06-05T08:42:12.310Z babel program.body[4].body.body[1].body.body[0].argument.arguments[3].body.body[1].block.body[3].argument.properties[3].value.consequent.arguments[1].right.properties[0].value.callee.object ThisExpression: enter
2025-06-05T08:42:12.310Z babel program.body[4].body.body[1].body.body[0].argument.arguments[3].body.body[1].block.body[3].argument.properties[3].value.consequent.arguments[1].right.properties[0].value.callee.object ThisExpression: Recursing into...
2025-06-05T08:42:12.310Z babel program.body[4].body.body[1].body.body[0].argument.arguments[3].body.body[1].block.body[3].argument.properties[3].value.consequent.arguments[1].right.properties[0].value.callee.object ThisExpression: exit
2025-06-05T08:42:12.310Z babel program.body[4].body.body[1].body.body[0].argument.arguments[3].body.body[1].block.body[3].argument.properties[3].value.consequent.arguments[1].right.properties[0].value.callee.property Identifier: enter
2025-06-05T08:42:12.310Z babel program.body[4].body.body[1].body.body[0].argument.arguments[3].body.body[1].block.body[3].argument.properties[3].value.consequent.arguments[1].right.properties[0].value.callee.property Identifier: Recursing into...
2025-06-05T08:42:12.310Z babel program.body[4].body.body[1].body.body[0].argument.arguments[3].body.body[1].block.body[3].argument.properties[3].value.consequent.arguments[1].right.properties[0].value.callee.property Identifier: exit
2025-06-05T08:42:12.310Z babel program.body[4].body.body[1].body.body[0].argument.arguments[3].body.body[1].block.body[3].argument.properties[3].value.consequent.arguments[1].right.properties[0].value.callee MemberExpression: exit
2025-06-05T08:42:12.310Z babel program.body[4].body.body[1].body.body[0].argument.arguments[3].body.body[1].block.body[3].argument.properties[3].value.consequent.arguments[1].right.properties[0].value.arguments[0] MemberExpression: enter
2025-06-05T08:42:12.310Z babel program.body[4].body.body[1].body.body[0].argument.arguments[3].body.body[1].block.body[3].argument.properties[3].value.consequent.arguments[1].right.properties[0].value.arguments[0] MemberExpression: Recursing into...
2025-06-05T08:42:12.310Z babel program.body[4].body.body[1].body.body[0].argument.arguments[3].body.body[1].block.body[3].argument.properties[3].value.consequent.arguments[1].right.properties[0].value.arguments[0].object Identifier: enter
2025-06-05T08:42:12.310Z babel program.body[4].body.body[1].body.body[0].argument.arguments[3].body.body[1].block.body[3].argument.properties[3].value.consequent.arguments[1].right.properties[0].value.arguments[0].object Identifier: Recursing into...
2025-06-05T08:42:12.310Z babel program.body[4].body.body[1].body.body[0].argument.arguments[3].body.body[1].block.body[3].argument.properties[3].value.consequent.arguments[1].right.properties[0].value.arguments[0].object Identifier: exit
2025-06-05T08:42:12.310Z babel program.body[4].body.body[1].body.body[0].argument.arguments[3].body.body[1].block.body[3].argument.properties[3].value.consequent.arguments[1].right.properties[0].value.arguments[0].property Identifier: enter
2025-06-05T08:42:12.310Z babel program.body[4].body.body[1].body.body[0].argument.arguments[3].body.body[1].block.body[3].argument.properties[3].value.consequent.arguments[1].right.properties[0].value.arguments[0].property Identifier: Recursing into...
2025-06-05T08:42:12.310Z babel program.body[4].body.body[1].body.body[0].argument.arguments[3].body.body[1].block.body[3].argument.properties[3].value.consequent.arguments[1].right.properties[0].value.arguments[0].property Identifier: exit
2025-06-05T08:42:12.310Z babel program.body[4].body.body[1].body.body[0].argument.arguments[3].body.body[1].block.body[3].argument.properties[3].value.consequent.arguments[1].right.properties[0].value.arguments[0] MemberExpression: exit
2025-06-05T08:42:12.310Z babel program.body[4].body.body[1].body.body[0].argument.arguments[3].body.body[1].block.body[3].argument.properties[3].value.consequent.arguments[1].right.properties[0].value.arguments[1] StringLiteral: enter
2025-06-05T08:42:12.310Z babel program.body[4].body.body[1].body.body[0].argument.arguments[3].body.body[1].block.body[3].argument.properties[3].value.consequent.arguments[1].right.properties[0].value.arguments[1] StringLiteral: Recursing into...
2025-06-05T08:42:12.310Z babel program.body[4].body.body[1].body.body[0].argument.arguments[3].body.body[1].block.body[3].argument.properties[3].value.consequent.arguments[1].right.properties[0].value.arguments[1] StringLiteral: exit
2025-06-05T08:42:12.310Z babel program.body[4].body.body[1].body.body[0].argument.arguments[3].body.body[1].block.body[3].argument.properties[3].value.consequent.arguments[1].right.properties[0].value CallExpression: exit
2025-06-05T08:42:12.310Z babel program.body[4].body.body[1].body.body[0].argument.arguments[3].body.body[1].block.body[3].argument.properties[3].value.consequent.arguments[1].right.properties[0] ObjectProperty: exit
2025-06-05T08:42:12.310Z babel program.body[4].body.body[1].body.body[0].argument.arguments[3].body.body[1].block.body[3].argument.properties[3].value.consequent.arguments[1].right ObjectExpression: exit
2025-06-05T08:42:12.310Z babel program.body[4].body.body[1].body.body[0].argument.arguments[3].body.body[1].block.body[3].argument.properties[3].value.consequent.arguments[1] LogicalExpression: exit
2025-06-05T08:42:12.310Z babel program.body[4].body.body[1].body.body[0].argument.arguments[3].body.body[1].block.body[3].argument.properties[3].value.consequent CallExpression: exit
2025-06-05T08:42:12.310Z babel program.body[4].body.body[1].body.body[0].argument.arguments[3].body.body[1].block.body[3].argument.properties[3].value.alternate Identifier: enter
2025-06-05T08:42:12.310Z babel program.body[4].body.body[1].body.body[0].argument.arguments[3].body.body[1].block.body[3].argument.properties[3].value.alternate Identifier: Recursing into...
2025-06-05T08:42:12.310Z babel program.body[4].body.body[1].body.body[0].argument.arguments[3].body.body[1].block.body[3].argument.properties[3].value.alternate Identifier: exit
2025-06-05T08:42:12.310Z babel program.body[4].body.body[1].body.body[0].argument.arguments[3].body.body[1].block.body[3].argument.properties[3].value ConditionalExpression: exit
2025-06-05T08:42:12.310Z babel program.body[4].body.body[1].body.body[0].argument.arguments[3].body.body[1].block.body[3].argument.properties[3] ObjectProperty: exit
2025-06-05T08:42:12.310Z babel program.body[4].body.body[1].body.body[0].argument.arguments[3].body.body[1].block.body[3].argument.properties[4] ObjectProperty: enter
2025-06-05T08:42:12.310Z babel program.body[4].body.body[1].body.body[0].argument.arguments[3].body.body[1].block.body[3].argument.properties[4] ObjectProperty: Recursing into...
2025-06-05T08:42:12.310Z babel program.body[4].body.body[1].body.body[0].argument.arguments[3].body.body[1].block.body[3].argument.properties[4].key Identifier: enter
2025-06-05T08:42:12.310Z babel program.body[4].body.body[1].body.body[0].argument.arguments[3].body.body[1].block.body[3].argument.properties[4].key Identifier: Recursing into...
2025-06-05T08:42:12.310Z babel program.body[4].body.body[1].body.body[0].argument.arguments[3].body.body[1].block.body[3].argument.properties[4].key Identifier: exit
2025-06-05T08:42:12.310Z babel program.body[4].body.body[1].body.body[0].argument.arguments[3].body.body[1].block.body[3].argument.properties[4].value LogicalExpression: enter
2025-06-05T08:42:12.310Z babel program.body[4].body.body[1].body.body[0].argument.arguments[3].body.body[1].block.body[3].argument.properties[4].value LogicalExpression: Recursing into...
2025-06-05T08:42:12.310Z babel program.body[4].body.body[1].body.body[0].argument.arguments[3].body.body[1].block.body[3].argument.properties[4].value.left MemberExpression: enter
2025-06-05T08:42:12.310Z babel program.body[4].body.body[1].body.body[0].argument.arguments[3].body.body[1].block.body[3].argument.properties[4].value.left MemberExpression: Recursing into...
2025-06-05T08:42:12.310Z babel program.body[4].body.body[1].body.body[0].argument.arguments[3].body.body[1].block.body[3].argument.properties[4].value.left.object Identifier: enter
2025-06-05T08:42:12.310Z babel program.body[4].body.body[1].body.body[0].argument.arguments[3].body.body[1].block.body[3].argument.properties[4].value.left.object Identifier: Recursing into...
2025-06-05T08:42:12.310Z babel program.body[4].body.body[1].body.body[0].argument.arguments[3].body.body[1].block.body[3].argument.properties[4].value.left.object Identifier: exit
2025-06-05T08:42:12.310Z babel program.body[4].body.body[1].body.body[0].argument.arguments[3].body.body[1].block.body[3].argument.properties[4].value.left.property Identifier: enter
2025-06-05T08:42:12.310Z babel program.body[4].body.body[1].body.body[0].argument.arguments[3].body.body[1].block.body[3].argument.properties[4].value.left.property Identifier: Recursing into...
2025-06-05T08:42:12.310Z babel program.body[4].body.body[1].body.body[0].argument.arguments[3].body.body[1].block.body[3].argument.properties[4].value.left.property Identifier: exit
2025-06-05T08:42:12.310Z babel program.body[4].body.body[1].body.body[0].argument.arguments[3].body.body[1].block.body[3].argument.properties[4].value.left MemberExpression: exit
2025-06-05T08:42:12.310Z babel program.body[4].body.body[1].body.body[0].argument.arguments[3].body.body[1].block.body[3].argument.properties[4].value.right ObjectExpression: enter
2025-06-05T08:42:12.310Z babel program.body[4].body.body[1].body.body[0].argument.arguments[3].body.body[1].block.body[3].argument.properties[4].value.right ObjectExpression: Recursing into...
2025-06-05T08:42:12.310Z babel program.body[4].body.body[1].body.body[0].argument.arguments[3].body.body[1].block.body[3].argument.properties[4].value.right.properties[0] ObjectProperty: enter
2025-06-05T08:42:12.310Z babel program.body[4].body.body[1].body.body[0].argument.arguments[3].body.body[1].block.body[3].argument.properties[4].value.right.properties[0] ObjectProperty: Recursing into...
2025-06-05T08:42:12.310Z babel program.body[4].body.body[1].body.body[0].argument.arguments[3].body.body[1].block.body[3].argument.properties[4].value.right.properties[0].key Identifier: enter
2025-06-05T08:42:12.310Z babel program.body[4].body.body[1].body.body[0].argument.arguments[3].body.body[1].block.body[3].argument.properties[4].value.right.properties[0].key Identifier: Recursing into...
2025-06-05T08:42:12.310Z babel program.body[4].body.body[1].body.body[0].argument.arguments[3].body.body[1].block.body[3].argument.properties[4].value.right.properties[0].key Identifier: exit
2025-06-05T08:42:12.310Z babel program.body[4].body.body[1].body.body[0].argument.arguments[3].body.body[1].block.body[3].argument.properties[4].value.right.properties[0].value MemberExpression: enter
2025-06-05T08:42:12.310Z babel program.body[4].body.body[1].body.body[0].argument.arguments[3].body.body[1].block.body[3].argument.properties[4].value.right.properties[0].value MemberExpression: Recursing into...
2025-06-05T08:42:12.310Z babel program.body[4].body.body[1].body.body[0].argument.arguments[3].body.body[1].block.body[3].argument.properties[4].value.right.properties[0].value.object Identifier: enter
2025-06-05T08:42:12.311Z babel program.body[4].body.body[1].body.body[0].argument.arguments[3].body.body[1].block.body[3].argument.properties[4].value.right.properties[0].value.object Identifier: Recursing into...
2025-06-05T08:42:12.311Z babel program.body[4].body.body[1].body.body[0].argument.arguments[3].body.body[1].block.body[3].argument.properties[4].value.right.properties[0].value.object Identifier: exit
2025-06-05T08:42:12.311Z babel program.body[4].body.body[1].body.body[0].argument.arguments[3].body.body[1].block.body[3].argument.properties[4].value.right.properties[0].value.property Identifier: enter
2025-06-05T08:42:12.311Z babel program.body[4].body.body[1].body.body[0].argument.arguments[3].body.body[1].block.body[3].argument.properties[4].value.right.properties[0].value.property Identifier: Recursing into...
2025-06-05T08:42:12.311Z babel program.body[4].body.body[1].body.body[0].argument.arguments[3].body.body[1].block.body[3].argument.properties[4].value.right.properties[0].value.property Identifier: exit
2025-06-05T08:42:12.311Z babel program.body[4].body.body[1].body.body[0].argument.arguments[3].body.body[1].block.body[3].argument.properties[4].value.right.properties[0].value MemberExpression: exit
2025-06-05T08:42:12.311Z babel program.body[4].body.body[1].body.body[0].argument.arguments[3].body.body[1].block.body[3].argument.properties[4].value.right.properties[0] ObjectProperty: exit
2025-06-05T08:42:12.311Z babel program.body[4].body.body[1].body.body[0].argument.arguments[3].body.body[1].block.body[3].argument.properties[4].value.right.properties[1] ObjectProperty: enter
2025-06-05T08:42:12.311Z babel program.body[4].body.body[1].body.body[0].argument.arguments[3].body.body[1].block.body[3].argument.properties[4].value.right.properties[1] ObjectProperty: Recursing into...
2025-06-05T08:42:12.311Z babel program.body[4].body.body[1].body.body[0].argument.arguments[3].body.body[1].block.body[3].argument.properties[4].value.right.properties[1].key Identifier: enter
2025-06-05T08:42:12.311Z babel program.body[4].body.body[1].body.body[0].argument.arguments[3].body.body[1].block.body[3].argument.properties[4].value.right.properties[1].key Identifier: Recursing into...
2025-06-05T08:42:12.311Z babel program.body[4].body.body[1].body.body[0].argument.arguments[3].body.body[1].block.body[3].argument.properties[4].value.right.properties[1].key Identifier: exit
2025-06-05T08:42:12.312Z babel program.body[4].body.body[1].body.body[0].argument.arguments[3].body.body[1].block.body[3].argument.properties[4].value.right.properties[1].value MemberExpression: enter
2025-06-05T08:42:12.312Z babel program.body[4].body.body[1].body.body[0].argument.arguments[3].body.body[1].block.body[3].argument.properties[4].value.right.properties[1].value MemberExpression: Recursing into...
2025-06-05T08:42:12.312Z babel program.body[4].body.body[1].body.body[0].argument.arguments[3].body.body[1].block.body[3].argument.properties[4].value.right.properties[1].value.object Identifier: enter
2025-06-05T08:42:12.312Z babel program.body[4].body.body[1].body.body[0].argument.arguments[3].body.body[1].block.body[3].argument.properties[4].value.right.properties[1].value.object Identifier: Recursing into...
2025-06-05T08:42:12.312Z babel program.body[4].body.body[1].body.body[0].argument.arguments[3].body.body[1].block.body[3].argument.properties[4].value.right.properties[1].value.object Identifier: exit
2025-06-05T08:42:12.312Z babel program.body[4].body.body[1].body.body[0].argument.arguments[3].body.body[1].block.body[3].argument.properties[4].value.right.properties[1].value.property Identifier: enter
2025-06-05T08:42:12.312Z babel program.body[4].body.body[1].body.body[0].argument.arguments[3].body.body[1].block.body[3].argument.properties[4].value.right.properties[1].value.property Identifier: Recursing into...
2025-06-05T08:42:12.312Z babel program.body[4].body.body[1].body.body[0].argument.arguments[3].body.body[1].block.body[3].argument.properties[4].value.right.properties[1].value.property Identifier: exit
2025-06-05T08:42:12.312Z babel program.body[4].body.body[1].body.body[0].argument.arguments[3].body.body[1].block.body[3].argument.properties[4].value.right.properties[1].value MemberExpression: exit
2025-06-05T08:42:12.312Z babel program.body[4].body.body[1].body.body[0].argument.arguments[3].body.body[1].block.body[3].argument.properties[4].value.right.properties[1] ObjectProperty: exit
2025-06-05T08:42:12.312Z babel program.body[4].body.body[1].body.body[0].argument.arguments[3].body.body[1].block.body[3].argument.properties[4].value.right.properties[2] ObjectProperty: enter
2025-06-05T08:42:12.312Z babel program.body[4].body.body[1].body.body[0].argument.arguments[3].body.body[1].block.body[3].argument.properties[4].value.right.properties[2] ObjectProperty: Recursing into...
2025-06-05T08:42:12.312Z babel program.body[4].body.body[1].body.body[0].argument.arguments[3].body.body[1].block.body[3].argument.properties[4].value.right.properties[2].key Identifier: enter
2025-06-05T08:42:12.312Z babel program.body[4].body.body[1].body.body[0].argument.arguments[3].body.body[1].block.body[3].argument.properties[4].value.right.properties[2].key Identifier: Recursing into...
2025-06-05T08:42:12.312Z babel program.body[4].body.body[1].body.body[0].argument.arguments[3].body.body[1].block.body[3].argument.properties[4].value.right.properties[2].key Identifier: exit
2025-06-05T08:42:12.312Z babel program.body[4].body.body[1].body.body[0].argument.arguments[3].body.body[1].block.body[3].argument.properties[4].value.right.properties[2].value MemberExpression: enter
2025-06-05T08:42:12.312Z babel program.body[4].body.body[1].body.body[0].argument.arguments[3].body.body[1].block.body[3].argument.properties[4].value.right.properties[2].value MemberExpression: Recursing into...
2025-06-05T08:42:12.312Z babel program.body[4].body.body[1].body.body[0].argument.arguments[3].body.body[1].block.body[3].argument.properties[4].value.right.properties[2].value.object Identifier: enter
2025-06-05T08:42:12.312Z babel program.body[4].body.body[1].body.body[0].argument.arguments[3].body.body[1].block.body[3].argument.properties[4].value.right.properties[2].value.object Identifier: Recursing into...
2025-06-05T08:42:12.313Z babel program.body[4].body.body[1].body.body[0].argument.arguments[3].body.body[1].block.body[3].argument.properties[4].value.right.properties[2].value.object Identifier: exit
2025-06-05T08:42:12.313Z babel program.body[4].body.body[1].body.body[0].argument.arguments[3].body.body[1].block.body[3].argument.properties[4].value.right.properties[2].value.property Identifier: enter
2025-06-05T08:42:12.313Z babel program.body[4].body.body[1].body.body[0].argument.arguments[3].body.body[1].block.body[3].argument.properties[4].value.right.properties[2].value.property Identifier: Recursing into...
2025-06-05T08:42:12.313Z babel program.body[4].body.body[1].body.body[0].argument.arguments[3].body.body[1].block.body[3].argument.properties[4].value.right.properties[2].value.property Identifier: exit
2025-06-05T08:42:12.313Z babel program.body[4].body.body[1].body.body[0].argument.arguments[3].body.body[1].block.body[3].argument.properties[4].value.right.properties[2].value MemberExpression: exit
2025-06-05T08:42:12.313Z babel program.body[4].body.body[1].body.body[0].argument.arguments[3].body.body[1].block.body[3].argument.properties[4].value.right.properties[2] ObjectProperty: exit
2025-06-05T08:42:12.313Z babel program.body[4].body.body[1].body.body[0].argument.arguments[3].body.body[1].block.body[3].argument.properties[4].value.right ObjectExpression: exit
2025-06-05T08:42:12.313Z babel program.body[4].body.body[1].body.body[0].argument.arguments[3].body.body[1].block.body[3].argument.properties[4].value LogicalExpression: exit
2025-06-05T08:42:12.313Z babel program.body[4].body.body[1].body.body[0].argument.arguments[3].body.body[1].block.body[3].argument.properties[4] ObjectProperty: exit
2025-06-05T08:42:12.313Z babel program.body[4].body.body[1].body.body[0].argument.arguments[3].body.body[1].block.body[3].argument.properties[5] ObjectProperty: enter
2025-06-05T08:42:12.313Z babel program.body[4].body.body[1].body.body[0].argument.arguments[3].body.body[1].block.body[3].argument.properties[5] ObjectProperty: Recursing into...
2025-06-05T08:42:12.313Z babel program.body[4].body.body[1].body.body[0].argument.arguments[3].body.body[1].block.body[3].argument.properties[5].key Identifier: enter
2025-06-05T08:42:12.313Z babel program.body[4].body.body[1].body.body[0].argument.arguments[3].body.body[1].block.body[3].argument.properties[5].key Identifier: Recursing into...
2025-06-05T08:42:12.313Z babel program.body[4].body.body[1].body.body[0].argument.arguments[3].body.body[1].block.body[3].argument.properties[5].key Identifier: exit
2025-06-05T08:42:12.313Z babel program.body[4].body.body[1].body.body[0].argument.arguments[3].body.body[1].block.body[3].argument.properties[5].value Identifier: enter
2025-06-05T08:42:12.313Z babel program.body[4].body.body[1].body.body[0].argument.arguments[3].body.body[1].block.body[3].argument.properties[5].value Identifier: Recursing into...
2025-06-05T08:42:12.313Z babel program.body[4].body.body[1].body.body[0].argument.arguments[3].body.body[1].block.body[3].argument.properties[5].value Identifier: exit
2025-06-05T08:42:12.313Z babel program.body[4].body.body[1].body.body[0].argument.arguments[3].body.body[1].block.body[3].argument.properties[5] ObjectProperty: exit
2025-06-05T08:42:12.313Z babel program.body[4].body.body[1].body.body[0].argument.arguments[3].body.body[1].block.body[3].argument.properties[6] ObjectProperty: enter
2025-06-05T08:42:12.313Z babel program.body[4].body.body[1].body.body[0].argument.arguments[3].body.body[1].block.body[3].argument.properties[6] ObjectProperty: Recursing into...
2025-06-05T08:42:12.313Z babel program.body[4].body.body[1].body.body[0].argument.arguments[3].body.body[1].block.body[3].argument.properties[6].key Identifier: enter
2025-06-05T08:42:12.313Z babel program.body[4].body.body[1].body.body[0].argument.arguments[3].body.body[1].block.body[3].argument.properties[6].key Identifier: Recursing into...
2025-06-05T08:42:12.313Z babel program.body[4].body.body[1].body.body[0].argument.arguments[3].body.body[1].block.body[3].argument.properties[6].key Identifier: exit
2025-06-05T08:42:12.313Z babel program.body[4].body.body[1].body.body[0].argument.arguments[3].body.body[1].block.body[3].argument.properties[6].value ConditionalExpression: enter
2025-06-05T08:42:12.313Z babel program.body[4].body.body[1].body.body[0].argument.arguments[3].body.body[1].block.body[3].argument.properties[6].value ConditionalExpression: Recursing into...
2025-06-05T08:42:12.314Z babel program.body[4].body.body[1].body.body[0].argument.arguments[3].body.body[1].block.body[3].argument.properties[6].value.test MemberExpression: enter
2025-06-05T08:42:12.314Z babel program.body[4].body.body[1].body.body[0].argument.arguments[3].body.body[1].block.body[3].argument.properties[6].value.test MemberExpression: Recursing into...
2025-06-05T08:42:12.314Z babel program.body[4].body.body[1].body.body[0].argument.arguments[3].body.body[1].block.body[3].argument.properties[6].value.test.object Identifier: enter
2025-06-05T08:42:12.314Z babel program.body[4].body.body[1].body.body[0].argument.arguments[3].body.body[1].block.body[3].argument.properties[6].value.test.object Identifier: Recursing into...
2025-06-05T08:42:12.314Z babel program.body[4].body.body[1].body.body[0].argument.arguments[3].body.body[1].block.body[3].argument.properties[6].value.test.object Identifier: exit
2025-06-05T08:42:12.314Z babel program.body[4].body.body[1].body.body[0].argument.arguments[3].body.body[1].block.body[3].argument.properties[6].value.test.property Identifier: enter
2025-06-05T08:42:12.314Z babel program.body[4].body.body[1].body.body[0].argument.arguments[3].body.body[1].block.body[3].argument.properties[6].value.test.property Identifier: Recursing into...
2025-06-05T08:42:12.314Z babel program.body[4].body.body[1].body.body[0].argument.arguments[3].body.body[1].block.body[3].argument.properties[6].value.test.property Identifier: exit
2025-06-05T08:42:12.314Z babel program.body[4].body.body[1].body.body[0].argument.arguments[3].body.body[1].block.body[3].argument.properties[6].value.test MemberExpression: exit
2025-06-05T08:42:12.314Z babel program.body[4].body.body[1].body.body[0].argument.arguments[3].body.body[1].block.body[3].argument.properties[6].value.consequent ObjectExpression: enter
2025-06-05T08:42:12.314Z babel program.body[4].body.body[1].body.body[0].argument.arguments[3].body.body[1].block.body[3].argument.properties[6].value.consequent ObjectExpression: Recursing into...
2025-06-05T08:42:12.314Z babel program.body[4].body.body[1].body.body[0].argument.arguments[3].body.body[1].block.body[3].argument.properties[6].value.consequent.properties[0] ObjectProperty: enter
2025-06-05T08:42:12.314Z babel program.body[4].body.body[1].body.body[0].argument.arguments[3].body.body[1].block.body[3].argument.properties[6].value.consequent.properties[0] ObjectProperty: Recursing into...
2025-06-05T08:42:12.314Z babel program.body[4].body.body[1].body.body[0].argument.arguments[3].body.body[1].block.body[3].argument.properties[6].value.consequent.properties[0].key Identifier: enter
2025-06-05T08:42:12.314Z babel program.body[4].body.body[1].body.body[0].argument.arguments[3].body.body[1].block.body[3].argument.properties[6].value.consequent.properties[0].key Identifier: Recursing into...
2025-06-05T08:42:12.314Z babel program.body[4].body.body[1].body.body[0].argument.arguments[3].body.body[1].block.body[3].argument.properties[6].value.consequent.properties[0].key Identifier: exit
2025-06-05T08:42:12.314Z babel program.body[4].body.body[1].body.body[0].argument.arguments[3].body.body[1].block.body[3].argument.properties[6].value.consequent.properties[0].value LogicalExpression: enter
2025-06-05T08:42:12.314Z babel program.body[4].body.body[1].body.body[0].argument.arguments[3].body.body[1].block.body[3].argument.properties[6].value.consequent.properties[0].value LogicalExpression: Recursing into...
2025-06-05T08:42:12.314Z babel program.body[4].body.body[1].body.body[0].argument.arguments[3].body.body[1].block.body[3].argument.properties[6].value.consequent.properties[0].value.left MemberExpression: enter
2025-06-05T08:42:12.314Z babel program.body[4].body.body[1].body.body[0].argument.arguments[3].body.body[1].block.body[3].argument.properties[6].value.consequent.properties[0].value.left MemberExpression: Recursing into...
2025-06-05T08:42:12.314Z babel program.body[4].body.body[1].body.body[0].argument.arguments[3].body.body[1].block.body[3].argument.properties[6].value.consequent.properties[0].value.left.object MemberExpression: enter
2025-06-05T08:42:12.314Z babel program.body[4].body.body[1].body.body[0].argument.arguments[3].body.body[1].block.body[3].argument.properties[6].value.consequent.properties[0].value.left.object MemberExpression: Recursing into...
2025-06-05T08:42:12.314Z babel program.body[4].body.body[1].body.body[0].argument.arguments[3].body.body[1].block.body[3].argument.properties[6].value.consequent.properties[0].value.left.object.object Identifier: enter
2025-06-05T08:42:12.314Z babel program.body[4].body.body[1].body.body[0].argument.arguments[3].body.body[1].block.body[3].argument.properties[6].value.consequent.properties[0].value.left.object.object Identifier: Recursing into...
2025-06-05T08:42:12.314Z babel program.body[4].body.body[1].body.body[0].argument.arguments[3].body.body[1].block.body[3].argument.properties[6].value.consequent.properties[0].value.left.object.object Identifier: exit
2025-06-05T08:42:12.314Z babel program.body[4].body.body[1].body.body[0].argument.arguments[3].body.body[1].block.body[3].argument.properties[6].value.consequent.properties[0].value.left.object.property Identifier: enter
2025-06-05T08:42:12.314Z babel program.body[4].body.body[1].body.body[0].argument.arguments[3].body.body[1].block.body[3].argument.properties[6].value.consequent.properties[0].value.left.object.property Identifier: Recursing into...
2025-06-05T08:42:12.314Z babel program.body[4].body.body[1].body.body[0].argument.arguments[3].body.body[1].block.body[3].argument.properties[6].value.consequent.properties[0].value.left.object.property Identifier: exit
2025-06-05T08:42:12.314Z babel program.body[4].body.body[1].body.body[0].argument.arguments[3].body.body[1].block.body[3].argument.properties[6].value.consequent.properties[0].value.left.object MemberExpression: exit
2025-06-05T08:42:12.314Z babel program.body[4].body.body[1].body.body[0].argument.arguments[3].body.body[1].block.body[3].argument.properties[6].value.consequent.properties[0].value.left.property Identifier: enter
2025-06-05T08:42:12.314Z babel program.body[4].body.body[1].body.body[0].argument.arguments[3].body.body[1].block.body[3].argument.properties[6].value.consequent.properties[0].value.left.property Identifier: Recursing into...
2025-06-05T08:42:12.314Z babel program.body[4].body.body[1].body.body[0].argument.arguments[3].body.body[1].block.body[3].argument.properties[6].value.consequent.properties[0].value.left.property Identifier: exit
2025-06-05T08:42:12.314Z babel program.body[4].body.body[1].body.body[0].argument.arguments[3].body.body[1].block.body[3].argument.properties[6].value.consequent.properties[0].value.left MemberExpression: exit
2025-06-05T08:42:12.314Z babel program.body[4].body.body[1].body.body[0].argument.arguments[3].body.body[1].block.body[3].argument.properties[6].value.consequent.properties[0].value.right StringLiteral: enter
2025-06-05T08:42:12.314Z babel program.body[4].body.body[1].body.body[0].argument.arguments[3].body.body[1].block.body[3].argument.properties[6].value.consequent.properties[0].value.right StringLiteral: Recursing into...
2025-06-05T08:42:12.314Z babel program.body[4].body.body[1].body.body[0].argument.arguments[3].body.body[1].block.body[3].argument.properties[6].value.consequent.properties[0].value.right StringLiteral: exit
2025-06-05T08:42:12.314Z babel program.body[4].body.body[1].body.body[0].argument.arguments[3].body.body[1].block.body[3].argument.properties[6].value.consequent.properties[0].value LogicalExpression: exit
2025-06-05T08:42:12.314Z babel program.body[4].body.body[1].body.body[0].argument.arguments[3].body.body[1].block.body[3].argument.properties[6].value.consequent.properties[0] ObjectProperty: exit
2025-06-05T08:42:12.314Z babel program.body[4].body.body[1].body.body[0].argument.arguments[3].body.body[1].block.body[3].argument.properties[6].value.consequent.properties[1] ObjectProperty: enter
2025-06-05T08:42:12.314Z babel program.body[4].body.body[1].body.body[0].argument.arguments[3].body.body[1].block.body[3].argument.properties[6].value.consequent.properties[1] ObjectProperty: Recursing into...
2025-06-05T08:42:12.314Z babel program.body[4].body.body[1].body.body[0].argument.arguments[3].body.body[1].block.body[3].argument.properties[6].value.consequent.properties[1].key Identifier: enter
2025-06-05T08:42:12.314Z babel program.body[4].body.body[1].body.body[0].argument.arguments[3].body.body[1].block.body[3].argument.properties[6].value.consequent.properties[1].key Identifier: Recursing into...
2025-06-05T08:42:12.314Z babel program.body[4].body.body[1].body.body[0].argument.arguments[3].body.body[1].block.body[3].argument.properties[6].value.consequent.properties[1].key Identifier: exit
2025-06-05T08:42:12.315Z babel program.body[4].body.body[1].body.body[0].argument.arguments[3].body.body[1].block.body[3].argument.properties[6].value.consequent.properties[1].value LogicalExpression: enter
2025-06-05T08:42:12.315Z babel program.body[4].body.body[1].body.body[0].argument.arguments[3].body.body[1].block.body[3].argument.properties[6].value.consequent.properties[1].value LogicalExpression: Recursing into...
2025-06-05T08:42:12.315Z babel program.body[4].body.body[1].body.body[0].argument.arguments[3].body.body[1].block.body[3].argument.properties[6].value.consequent.properties[1].value.left MemberExpression: enter
2025-06-05T08:42:12.315Z babel program.body[4].body.body[1].body.body[0].argument.arguments[3].body.body[1].block.body[3].argument.properties[6].value.consequent.properties[1].value.left MemberExpression: Recursing into...
2025-06-05T08:42:12.315Z babel program.body[4].body.body[1].body.body[0].argument.arguments[3].body.body[1].block.body[3].argument.properties[6].value.consequent.properties[1].value.left.object MemberExpression: enter
2025-06-05T08:42:12.315Z babel program.body[4].body.body[1].body.body[0].argument.arguments[3].body.body[1].block.body[3].argument.properties[6].value.consequent.properties[1].value.left.object MemberExpression: Recursing into...
2025-06-05T08:42:12.315Z babel program.body[4].body.body[1].body.body[0].argument.arguments[3].body.body[1].block.body[3].argument.properties[6].value.consequent.properties[1].value.left.object.object Identifier: enter
2025-06-05T08:42:12.315Z babel program.body[4].body.body[1].body.body[0].argument.arguments[3].body.body[1].block.body[3].argument.properties[6].value.consequent.properties[1].value.left.object.object Identifier: Recursing into...
2025-06-05T08:42:12.315Z babel program.body[4].body.body[1].body.body[0].argument.arguments[3].body.body[1].block.body[3].argument.properties[6].value.consequent.properties[1].value.left.object.object Identifier: exit
2025-06-05T08:42:12.315Z babel program.body[4].body.body[1].body.body[0].argument.arguments[3].body.body[1].block.body[3].argument.properties[6].value.consequent.properties[1].value.left.object.property Identifier: enter
2025-06-05T08:42:12.315Z babel program.body[4].body.body[1].body.body[0].argument.arguments[3].body.body[1].block.body[3].argument.properties[6].value.consequent.properties[1].value.left.object.property Identifier: Recursing into...
2025-06-05T08:42:12.315Z babel program.body[4].body.body[1].body.body[0].argument.arguments[3].body.body[1].block.body[3].argument.properties[6].value.consequent.properties[1].value.left.object.property Identifier: exit
2025-06-05T08:42:12.315Z babel program.body[4].body.body[1].body.body[0].argument.arguments[3].body.body[1].block.body[3].argument.properties[6].value.consequent.properties[1].value.left.object MemberExpression: exit
2025-06-05T08:42:12.315Z babel program.body[4].body.body[1].body.body[0].argument.arguments[3].body.body[1].block.body[3].argument.properties[6].value.consequent.properties[1].value.left.property Identifier: enter
2025-06-05T08:42:12.315Z babel program.body[4].body.body[1].body.body[0].argument.arguments[3].body.body[1].block.body[3].argument.properties[6].value.consequent.properties[1].value.left.property Identifier: Recursing into...
2025-06-05T08:42:12.315Z babel program.body[4].body.body[1].body.body[0].argument.arguments[3].body.body[1].block.body[3].argument.properties[6].value.consequent.properties[1].value.left.property Identifier: exit
2025-06-05T08:42:12.315Z babel program.body[4].body.body[1].body.body[0].argument.arguments[3].body.body[1].block.body[3].argument.properties[6].value.consequent.properties[1].value.left MemberExpression: exit
2025-06-05T08:42:12.315Z babel program.body[4].body.body[1].body.body[0].argument.arguments[3].body.body[1].block.body[3].argument.properties[6].value.consequent.properties[1].value.right StringLiteral: enter
2025-06-05T08:42:12.315Z babel program.body[4].body.body[1].body.body[0].argument.arguments[3].body.body[1].block.body[3].argument.properties[6].value.consequent.properties[1].value.right StringLiteral: Recursing into...
2025-06-05T08:42:12.315Z babel program.body[4].body.body[1].body.body[0].argument.arguments[3].body.body[1].block.body[3].argument.properties[6].value.consequent.properties[1].value.right StringLiteral: exit
2025-06-05T08:42:12.315Z babel program.body[4].body.body[1].body.body[0].argument.arguments[3].body.body[1].block.body[3].argument.properties[6].value.consequent.properties[1].value LogicalExpression: exit
2025-06-05T08:42:12.315Z babel program.body[4].body.body[1].body.body[0].argument.arguments[3].body.body[1].block.body[3].argument.properties[6].value.consequent.properties[1] ObjectProperty: exit
2025-06-05T08:42:12.315Z babel program.body[4].body.body[1].body.body[0].argument.arguments[3].body.body[1].block.body[3].argument.properties[6].value.consequent.properties[2] ObjectProperty: enter
2025-06-05T08:42:12.315Z babel program.body[4].body.body[1].body.body[0].argument.arguments[3].body.body[1].block.body[3].argument.properties[6].value.consequent.properties[2] ObjectProperty: Recursing into...
2025-06-05T08:42:12.315Z babel program.body[4].body.body[1].body.body[0].argument.arguments[3].body.body[1].block.body[3].argument.properties[6].value.consequent.properties[2].key Identifier: enter
2025-06-05T08:42:12.315Z babel program.body[4].body.body[1].body.body[0].argument.arguments[3].body.body[1].block.body[3].argument.properties[6].value.consequent.properties[2].key Identifier: Recursing into...
2025-06-05T08:42:12.315Z babel program.body[4].body.body[1].body.body[0].argument.arguments[3].body.body[1].block.body[3].argument.properties[6].value.consequent.properties[2].key Identifier: exit
2025-06-05T08:42:12.315Z babel program.body[4].body.body[1].body.body[0].argument.arguments[3].body.body[1].block.body[3].argument.properties[6].value.consequent.properties[2].value MemberExpression: enter
2025-06-05T08:42:12.315Z babel program.body[4].body.body[1].body.body[0].argument.arguments[3].body.body[1].block.body[3].argument.properties[6].value.consequent.properties[2].value MemberExpression: Recursing into...
2025-06-05T08:42:12.315Z babel program.body[4].body.body[1].body.body[0].argument.arguments[3].body.body[1].block.body[3].argument.properties[6].value.consequent.properties[2].value.object MemberExpression: enter
2025-06-05T08:42:12.315Z babel program.body[4].body.body[1].body.body[0].argument.arguments[3].body.body[1].block.body[3].argument.properties[6].value.consequent.properties[2].value.object MemberExpression: Recursing into...
2025-06-05T08:42:12.315Z babel program.body[4].body.body[1].body.body[0].argument.arguments[3].body.body[1].block.body[3].argument.properties[6].value.consequent.properties[2].value.object.object Identifier: enter
2025-06-05T08:42:12.315Z babel program.body[4].body.body[1].body.body[0].argument.arguments[3].body.body[1].block.body[3].argument.properties[6].value.consequent.properties[2].value.object.object Identifier: Recursing into...
2025-06-05T08:42:12.315Z babel program.body[4].body.body[1].body.body[0].argument.arguments[3].body.body[1].block.body[3].argument.properties[6].value.consequent.properties[2].value.object.object Identifier: exit
2025-06-05T08:42:12.315Z babel program.body[4].body.body[1].body.body[0].argument.arguments[3].body.body[1].block.body[3].argument.properties[6].value.consequent.properties[2].value.object.property Identifier: enter
2025-06-05T08:42:12.315Z babel program.body[4].body.body[1].body.body[0].argument.arguments[3].body.body[1].block.body[3].argument.properties[6].value.consequent.properties[2].value.object.property Identifier: Recursing into...
2025-06-05T08:42:12.315Z babel program.body[4].body.body[1].body.body[0].argument.arguments[3].body.body[1].block.body[3].argument.properties[6].value.consequent.properties[2].value.object.property Identifier: exit
2025-06-05T08:42:12.315Z babel program.body[4].body.body[1].body.body[0].argument.arguments[3].body.body[1].block.body[3].argument.properties[6].value.consequent.properties[2].value.object MemberExpression: exit
2025-06-05T08:42:12.315Z babel program.body[4].body.body[1].body.body[0].argument.arguments[3].body.body[1].block.body[3].argument.properties[6].value.consequent.properties[2].value.property Identifier: enter
2025-06-05T08:42:12.315Z babel program.body[4].body.body[1].body.body[0].argument.arguments[3].body.body[1].block.body[3].argument.properties[6].value.consequent.properties[2].value.property Identifier: Recursing into...
2025-06-05T08:42:12.315Z babel program.body[4].body.body[1].body.body[0].argument.arguments[3].body.body[1].block.body[3].argument.properties[6].value.consequent.properties[2].value.property Identifier: exit
2025-06-05T08:42:12.315Z babel program.body[4].body.body[1].body.body[0].argument.arguments[3].body.body[1].block.body[3].argument.properties[6].value.consequent.properties[2].value MemberExpression: exit
2025-06-05T08:42:12.315Z babel program.body[4].body.body[1].body.body[0].argument.arguments[3].body.body[1].block.body[3].argument.properties[6].value.consequent.properties[2] ObjectProperty: exit
2025-06-05T08:42:12.315Z babel program.body[4].body.body[1].body.body[0].argument.arguments[3].body.body[1].block.body[3].argument.properties[6].value.consequent ObjectExpression: exit
2025-06-05T08:42:12.315Z babel program.body[4].body.body[1].body.body[0].argument.arguments[3].body.body[1].block.body[3].argument.properties[6].value.alternate Identifier: enter
2025-06-05T08:42:12.315Z babel program.body[4].body.body[1].body.body[0].argument.arguments[3].body.body[1].block.body[3].argument.properties[6].value.alternate Identifier: Recursing into...
2025-06-05T08:42:12.315Z babel program.body[4].body.body[1].body.body[0].argument.arguments[3].body.body[1].block.body[3].argument.properties[6].value.alternate Identifier: exit
2025-06-05T08:42:12.316Z babel program.body[4].body.body[1].body.body[0].argument.arguments[3].body.body[1].block.body[3].argument.properties[6].value ConditionalExpression: exit
2025-06-05T08:42:12.316Z babel program.body[4].body.body[1].body.body[0].argument.arguments[3].body.body[1].block.body[3].argument.properties[6] ObjectProperty: exit
2025-06-05T08:42:12.316Z babel program.body[4].body.body[1].body.body[0].argument.arguments[3].body.body[1].block.body[3].argument ObjectExpression: exit
2025-06-05T08:42:12.316Z babel program.body[4].body.body[1].body.body[0].argument.arguments[3].body.body[1].block.body[3] ReturnStatement: exit
2025-06-05T08:42:12.316Z babel program.body[4].body.body[1].body.body[0].argument.arguments[3].body.body[1].block BlockStatement: exit
2025-06-05T08:42:12.316Z babel program.body[4].body.body[1].body.body[0].argument.arguments[3].body.body[1].handler CatchClause: enter
2025-06-05T08:42:12.316Z babel program.body[4].body.body[1].body.body[0].argument.arguments[3].body.body[1].handler CatchClause: Recursing into...
2025-06-05T08:42:12.316Z babel program.body[4].body.body[1].body.body[0].argument.arguments[3].body.body[1].handler.param Identifier: enter
2025-06-05T08:42:12.316Z babel program.body[4].body.body[1].body.body[0].argument.arguments[3].body.body[1].handler.param Identifier: Recursing into...
2025-06-05T08:42:12.316Z babel program.body[4].body.body[1].body.body[0].argument.arguments[3].body.body[1].handler.param Identifier: exit
2025-06-05T08:42:12.316Z babel program.body[4].body.body[1].body.body[0].argument.arguments[3].body.body[1].handler.body BlockStatement: enter
2025-06-05T08:42:12.316Z babel program.body[4].body.body[1].body.body[0].argument.arguments[3].body.body[1].handler.body BlockStatement: Recursing into...
2025-06-05T08:42:12.316Z babel program.body[4].body.body[1].body.body[0].argument.arguments[3].body.body[1].handler.body.body[0] ReturnStatement: enter
2025-06-05T08:42:12.316Z babel program.body[4].body.body[1].body.body[0].argument.arguments[3].body.body[1].handler.body.body[0] ReturnStatement: Recursing into...
2025-06-05T08:42:12.316Z babel program.body[4].body.body[1].body.body[0].argument.arguments[3].body.body[1].handler.body.body[0].argument CallExpression: enter
2025-06-05T08:42:12.316Z babel program.body[4].body.body[1].body.body[0].argument.arguments[3].body.body[1].handler.body.body[0].argument CallExpression: Recursing into...
2025-06-05T08:42:12.316Z babel program.body[4].body.body[1].body.body[0].argument.arguments[3].body.body[1].handler.body.body[0].argument.callee MemberExpression: enter
2025-06-05T08:42:12.316Z babel program.body[4].body.body[1].body.body[0].argument.arguments[3].body.body[1].handler.body.body[0].argument.callee MemberExpression: Recursing into...
2025-06-05T08:42:12.316Z babel program.body[4].body.body[1].body.body[0].argument.arguments[3].body.body[1].handler.body.body[0].argument.callee.object ThisExpression: enter
2025-06-05T08:42:12.316Z babel program.body[4].body.body[1].body.body[0].argument.arguments[3].body.body[1].handler.body.body[0].argument.callee.object ThisExpression: Recursing into...
2025-06-05T08:42:12.316Z babel program.body[4].body.body[1].body.body[0].argument.arguments[3].body.body[1].handler.body.body[0].argument.callee.object ThisExpression: exit
2025-06-05T08:42:12.316Z babel program.body[4].body.body[1].body.body[0].argument.arguments[3].body.body[1].handler.body.body[0].argument.callee.property Identifier: enter
2025-06-05T08:42:12.316Z babel program.body[4].body.body[1].body.body[0].argument.arguments[3].body.body[1].handler.body.body[0].argument.callee.property Identifier: Recursing into...
2025-06-05T08:42:12.316Z babel program.body[4].body.body[1].body.body[0].argument.arguments[3].body.body[1].handler.body.body[0].argument.callee.property Identifier: exit
2025-06-05T08:42:12.316Z babel program.body[4].body.body[1].body.body[0].argument.arguments[3].body.body[1].handler.body.body[0].argument.callee MemberExpression: exit
2025-06-05T08:42:12.316Z babel program.body[4].body.body[1].body.body[0].argument.arguments[3].body.body[1].handler.body.body[0].argument.arguments[0] StringLiteral: enter
2025-06-05T08:42:12.316Z babel program.body[4].body.body[1].body.body[0].argument.arguments[3].body.body[1].handler.body.body[0].argument.arguments[0] StringLiteral: Recursing into...
2025-06-05T08:42:12.316Z babel program.body[4].body.body[1].body.body[0].argument.arguments[3].body.body[1].handler.body.body[0].argument.arguments[0] StringLiteral: exit
2025-06-05T08:42:12.316Z babel program.body[4].body.body[1].body.body[0].argument.arguments[3].body.body[1].handler.body.body[0].argument.arguments[1] StringLiteral: enter
2025-06-05T08:42:12.316Z babel program.body[4].body.body[1].body.body[0].argument.arguments[3].body.body[1].handler.body.body[0].argument.arguments[1] StringLiteral: Recursing into...
2025-06-05T08:42:12.316Z babel program.body[4].body.body[1].body.body[0].argument.arguments[3].body.body[1].handler.body.body[0].argument.arguments[1] StringLiteral: exit
2025-06-05T08:42:12.316Z babel program.body[4].body.body[1].body.body[0].argument.arguments[3].body.body[1].handler.body.body[0].argument.arguments[2] ConditionalExpression: enter
2025-06-05T08:42:12.316Z babel program.body[4].body.body[1].body.body[0].argument.arguments[3].body.body[1].handler.body.body[0].argument.arguments[2] ConditionalExpression: Recursing into...
2025-06-05T08:42:12.316Z babel program.body[4].body.body[1].body.body[0].argument.arguments[3].body.body[1].handler.body.body[0].argument.arguments[2].test BinaryExpression: enter
2025-06-05T08:42:12.316Z babel program.body[4].body.body[1].body.body[0].argument.arguments[3].body.body[1].handler.body.body[0].argument.arguments[2].test BinaryExpression: Recursing into...
2025-06-05T08:42:12.316Z babel program.body[4].body.body[1].body.body[0].argument.arguments[3].body.body[1].handler.body.body[0].argument.arguments[2].test.left Identifier: enter
2025-06-05T08:42:12.316Z babel program.body[4].body.body[1].body.body[0].argument.arguments[3].body.body[1].handler.body.body[0].argument.arguments[2].test.left Identifier: Recursing into...
2025-06-05T08:42:12.316Z babel program.body[4].body.body[1].body.body[0].argument.arguments[3].body.body[1].handler.body.body[0].argument.arguments[2].test.left Identifier: exit
2025-06-05T08:42:12.317Z babel program.body[4].body.body[1].body.body[0].argument.arguments[3].body.body[1].handler.body.body[0].argument.arguments[2].test.right Identifier: enter
2025-06-05T08:42:12.317Z babel program.body[4].body.body[1].body.body[0].argument.arguments[3].body.body[1].handler.body.body[0].argument.arguments[2].test.right Identifier: Recursing into...
2025-06-05T08:42:12.317Z babel program.body[4].body.body[1].body.body[0].argument.arguments[3].body.body[1].handler.body.body[0].argument.arguments[2].test.right Identifier: exit
2025-06-05T08:42:12.317Z babel program.body[4].body.body[1].body.body[0].argument.arguments[3].body.body[1].handler.body.body[0].argument.arguments[2].test BinaryExpression: exit
2025-06-05T08:42:12.317Z babel program.body[4].body.body[1].body.body[0].argument.arguments[3].body.body[1].handler.body.body[0].argument.arguments[2].consequent MemberExpression: enter
2025-06-05T08:42:12.317Z babel program.body[4].body.body[1].body.body[0].argument.arguments[3].body.body[1].handler.body.body[0].argument.arguments[2].consequent MemberExpression: Recursing into...
2025-06-05T08:42:12.317Z babel program.body[4].body.body[1].body.body[0].argument.arguments[3].body.body[1].handler.body.body[0].argument.arguments[2].consequent.object Identifier: enter
2025-06-05T08:42:12.317Z babel program.body[4].body.body[1].body.body[0].argument.arguments[3].body.body[1].handler.body.body[0].argument.arguments[2].consequent.object Identifier: Recursing into...
2025-06-05T08:42:12.317Z babel program.body[4].body.body[1].body.body[0].argument.arguments[3].body.body[1].handler.body.body[0].argument.arguments[2].consequent.object Identifier: exit
2025-06-05T08:42:12.317Z babel program.body[4].body.body[1].body.body[0].argument.arguments[3].body.body[1].handler.body.body[0].argument.arguments[2].consequent.property Identifier: enter
2025-06-05T08:42:12.317Z babel program.body[4].body.body[1].body.body[0].argument.arguments[3].body.body[1].handler.body.body[0].argument.arguments[2].consequent.property Identifier: Recursing into...
2025-06-05T08:42:12.317Z babel program.body[4].body.body[1].body.body[0].argument.arguments[3].body.body[1].handler.body.body[0].argument.arguments[2].consequent.property Identifier: exit
2025-06-05T08:42:12.317Z babel program.body[4].body.body[1].body.body[0].argument.arguments[3].body.body[1].handler.body.body[0].argument.arguments[2].consequent MemberExpression: exit
2025-06-05T08:42:12.317Z babel program.body[4].body.body[1].body.body[0].argument.arguments[3].body.body[1].handler.body.body[0].argument.arguments[2].alternate CallExpression: enter
2025-06-05T08:42:12.317Z babel program.body[4].body.body[1].body.body[0].argument.arguments[3].body.body[1].handler.body.body[0].argument.arguments[2].alternate CallExpression: Recursing into...
2025-06-05T08:42:12.317Z babel program.body[4].body.body[1].body.body[0].argument.arguments[3].body.body[1].handler.body.body[0].argument.arguments[2].alternate.callee Identifier: enter
2025-06-05T08:42:12.317Z babel program.body[4].body.body[1].body.body[0].argument.arguments[3].body.body[1].handler.body.body[0].argument.arguments[2].alternate.callee Identifier: Recursing into...
2025-06-05T08:42:12.317Z babel program.body[4].body.body[1].body.body[0].argument.arguments[3].body.body[1].handler.body.body[0].argument.arguments[2].alternate.callee Identifier: exit
2025-06-05T08:42:12.317Z babel program.body[4].body.body[1].body.body[0].argument.arguments[3].body.body[1].handler.body.body[0].argument.arguments[2].alternate.arguments[0] Identifier: enter
2025-06-05T08:42:12.317Z babel program.body[4].body.body[1].body.body[0].argument.arguments[3].body.body[1].handler.body.body[0].argument.arguments[2].alternate.arguments[0] Identifier: Recursing into...
2025-06-05T08:42:12.317Z babel program.body[4].body.body[1].body.body[0].argument.arguments[3].body.body[1].handler.body.body[0].argument.arguments[2].alternate.arguments[0] Identifier: exit
2025-06-05T08:42:12.317Z babel program.body[4].body.body[1].body.body[0].argument.arguments[3].body.body[1].handler.body.body[0].argument.arguments[2].alternate CallExpression: exit
2025-06-05T08:42:12.317Z babel program.body[4].body.body[1].body.body[0].argument.arguments[3].body.body[1].handler.body.body[0].argument.arguments[2] ConditionalExpression: exit
2025-06-05T08:42:12.317Z babel program.body[4].body.body[1].body.body[0].argument.arguments[3].body.body[1].handler.body.body[0].argument CallExpression: exit
2025-06-05T08:42:12.317Z babel program.body[4].body.body[1].body.body[0].argument.arguments[3].body.body[1].handler.body.body[0] ReturnStatement: exit
2025-06-05T08:42:12.317Z babel program.body[4].body.body[1].body.body[0].argument.arguments[3].body.body[1].handler.body BlockStatement: exit
2025-06-05T08:42:12.317Z babel program.body[4].body.body[1].body.body[0].argument.arguments[3].body.body[1].handler CatchClause: exit
2025-06-05T08:42:12.317Z babel program.body[4].body.body[1].body.body[0].argument.arguments[3].body.body[1] TryStatement: exit
2025-06-05T08:42:12.317Z babel program.body[4].body.body[1].body.body[0].argument.arguments[3].body BlockStatement: exit
2025-06-05T08:42:12.317Z babel program.body[4].body.body[1].body.body[0].argument.arguments[3] FunctionExpression: exit
2025-06-05T08:42:12.317Z babel program.body[4].body.body[1].body.body[0].argument CallExpression: exit
2025-06-05T08:42:12.317Z babel program.body[4].body.body[1].body.body[0] ReturnStatement: exit
2025-06-05T08:42:12.317Z babel program.body[4].body.body[1].body BlockStatement: exit
2025-06-05T08:42:12.317Z babel program.body[4].body.body[1] ClassMethod: exit
2025-06-05T08:42:12.317Z babel program.body[4].body.body[2] ClassMethod: enter
2025-06-05T08:42:12.317Z babel program.body[4].body.body[2] ClassMethod: Recursing into...
2025-06-05T08:42:12.318Z babel program.body[4].body.body[2].key Identifier: enter
2025-06-05T08:42:12.318Z babel program.body[4].body.body[2].key Identifier: Recursing into...
2025-06-05T08:42:12.318Z babel program.body[4].body.body[2].key Identifier: exit
2025-06-05T08:42:12.318Z babel program.body[4].body.body[2].params[0] Identifier: enter
2025-06-05T08:42:12.318Z babel program.body[4].body.body[2].params[0] Identifier: Recursing into...
2025-06-05T08:42:12.318Z babel program.body[4].body.body[2].params[0] Identifier: exit
2025-06-05T08:42:12.318Z babel program.body[4].body.body[2].body BlockStatement: enter
2025-06-05T08:42:12.318Z babel program.body[4].body.body[2].body BlockStatement: Recursing into...
2025-06-05T08:42:12.318Z babel program.body[4].body.body[2].body.body[0] ReturnStatement: enter
2025-06-05T08:42:12.318Z babel program.body[4].body.body[2].body.body[0] ReturnStatement: Recursing into...
2025-06-05T08:42:12.318Z babel program.body[4].body.body[2].body.body[0].argument LogicalExpression: enter
2025-06-05T08:42:12.318Z babel program.body[4].body.body[2].body.body[0].argument LogicalExpression: Recursing into...
2025-06-05T08:42:12.318Z babel program.body[4].body.body[2].body.body[0].argument.left LogicalExpression: enter
2025-06-05T08:42:12.318Z babel program.body[4].body.body[2].body.body[0].argument.left LogicalExpression: Recursing into...
2025-06-05T08:42:12.318Z babel program.body[4].body.body[2].body.body[0].argument.left.left BinaryExpression: enter
2025-06-05T08:42:12.318Z babel program.body[4].body.body[2].body.body[0].argument.left.left BinaryExpression: Recursing into...
2025-06-05T08:42:12.318Z babel program.body[4].body.body[2].body.body[0].argument.left.left.left UnaryExpression: enter
2025-06-05T08:42:12.318Z babel program.body[4].body.body[2].body.body[0].argument.left.left.left UnaryExpression: Recursing into...
2025-06-05T08:42:12.318Z babel program.body[4].body.body[2].body.body[0].argument.left.left.left.argument Identifier: enter
2025-06-05T08:42:12.318Z babel program.body[4].body.body[2].body.body[0].argument.left.left.left.argument Identifier: Recursing into...
2025-06-05T08:42:12.318Z babel program.body[4].body.body[2].body.body[0].argument.left.left.left.argument Identifier: exit
2025-06-05T08:42:12.318Z babel program.body[4].body.body[2].body.body[0].argument.left.left.left UnaryExpression: exit
2025-06-05T08:42:12.318Z babel program.body[4].body.body[2].body.body[0].argument.left.left.right StringLiteral: enter
2025-06-05T08:42:12.318Z babel program.body[4].body.body[2].body.body[0].argument.left.left.right StringLiteral: Recursing into...
2025-06-05T08:42:12.318Z babel program.body[4].body.body[2].body.body[0].argument.left.left.right StringLiteral: exit
2025-06-05T08:42:12.318Z babel program.body[4].body.body[2].body.body[0].argument.left.left BinaryExpression: exit
2025-06-05T08:42:12.318Z babel program.body[4].body.body[2].body.body[0].argument.left.right BinaryExpression: enter
2025-06-05T08:42:12.318Z babel program.body[4].body.body[2].body.body[0].argument.left.right BinaryExpression: Recursing into...
2025-06-05T08:42:12.318Z babel program.body[4].body.body[2].body.body[0].argument.left.right.left Identifier: enter
2025-06-05T08:42:12.318Z babel program.body[4].body.body[2].body.body[0].argument.left.right.left Identifier: Recursing into...
2025-06-05T08:42:12.318Z babel program.body[4].body.body[2].body.body[0].argument.left.right.left Identifier: exit
2025-06-05T08:42:12.318Z babel program.body[4].body.body[2].body.body[0].argument.left.right.right NullLiteral: enter
2025-06-05T08:42:12.318Z babel program.body[4].body.body[2].body.body[0].argument.left.right.right NullLiteral: Recursing into...
2025-06-05T08:42:12.318Z babel program.body[4].body.body[2].body.body[0].argument.left.right.right NullLiteral: exit
2025-06-05T08:42:12.318Z babel program.body[4].body.body[2].body.body[0].argument.left.right BinaryExpression: exit
2025-06-05T08:42:12.318Z babel program.body[4].body.body[2].body.body[0].argument.left LogicalExpression: exit
2025-06-05T08:42:12.318Z babel program.body[4].body.body[2].body.body[0].argument.right BinaryExpression: enter
2025-06-05T08:42:12.318Z babel program.body[4].body.body[2].body.body[0].argument.right BinaryExpression: Recursing into...
2025-06-05T08:42:12.318Z babel program.body[4].body.body[2].body.body[0].argument.right.left StringLiteral: enter
2025-06-05T08:42:12.318Z babel program.body[4].body.body[2].body.body[0].argument.right.left StringLiteral: Recursing into...
2025-06-05T08:42:12.318Z babel program.body[4].body.body[2].body.body[0].argument.right.left StringLiteral: exit
2025-06-05T08:42:12.318Z babel program.body[4].body.body[2].body.body[0].argument.right.right Identifier: enter
2025-06-05T08:42:12.318Z babel program.body[4].body.body[2].body.body[0].argument.right.right Identifier: Recursing into...
2025-06-05T08:42:12.318Z babel program.body[4].body.body[2].body.body[0].argument.right.right Identifier: exit
2025-06-05T08:42:12.318Z babel program.body[4].body.body[2].body.body[0].argument.right BinaryExpression: exit
2025-06-05T08:42:12.318Z babel program.body[4].body.body[2].body.body[0].argument LogicalExpression: exit
2025-06-05T08:42:12.318Z babel program.body[4].body.body[2].body.body[0] ReturnStatement: exit
2025-06-05T08:42:12.318Z babel program.body[4].body.body[2].body BlockStatement: exit
2025-06-05T08:42:12.318Z babel program.body[4].body.body[2] ClassMethod: exit
2025-06-05T08:42:12.318Z babel program.body[4].body.body[3] ClassMethod: enter
2025-06-05T08:42:12.318Z babel program.body[4].body.body[3] ClassMethod: Recursing into...
2025-06-05T08:42:12.318Z babel program.body[4].body.body[3].key Identifier: enter
2025-06-05T08:42:12.318Z babel program.body[4].body.body[3].key Identifier: Recursing into...
2025-06-05T08:42:12.318Z babel program.body[4].body.body[3].key Identifier: exit
2025-06-05T08:42:12.318Z babel program.body[4].body.body[3].params[0] Identifier: enter
2025-06-05T08:42:12.318Z babel program.body[4].body.body[3].params[0] Identifier: Recursing into...
2025-06-05T08:42:12.318Z babel program.body[4].body.body[3].params[0] Identifier: exit
2025-06-05T08:42:12.318Z babel program.body[4].body.body[3].params[1] Identifier: enter
2025-06-05T08:42:12.318Z babel program.body[4].body.body[3].params[1] Identifier: Recursing into...
2025-06-05T08:42:12.318Z babel program.body[4].body.body[3].params[1] Identifier: exit
2025-06-05T08:42:12.318Z babel program.body[4].body.body[3].params[2] AssignmentPattern: enter
2025-06-05T08:42:12.318Z babel program.body[4].body.body[3].params[2] AssignmentPattern: Recursing into...
2025-06-05T08:42:12.318Z babel program.body[4].body.body[3].params[2].left Identifier: enter
2025-06-05T08:42:12.318Z babel program.body[4].body.body[3].params[2].left Identifier: Recursing into...
2025-06-05T08:42:12.318Z babel program.body[4].body.body[3].params[2].left Identifier: exit
2025-06-05T08:42:12.318Z babel program.body[4].body.body[3].params[2].right BooleanLiteral: enter
2025-06-05T08:42:12.318Z babel program.body[4].body.body[3].params[2].right BooleanLiteral: Recursing into...
2025-06-05T08:42:12.318Z babel program.body[4].body.body[3].params[2].right BooleanLiteral: exit
2025-06-05T08:42:12.318Z babel program.body[4].body.body[3].params[2] AssignmentPattern: exit
2025-06-05T08:42:12.318Z babel program.body[4].body.body[3].body BlockStatement: enter
2025-06-05T08:42:12.318Z babel program.body[4].body.body[3].body BlockStatement: Recursing into...
2025-06-05T08:42:12.318Z babel program.body[4].body.body[3].body.body[0] IfStatement: enter
2025-06-05T08:42:12.318Z babel program.body[4].body.body[3].body.body[0] IfStatement: Recursing into...
2025-06-05T08:42:12.318Z babel program.body[4].body.body[3].body.body[0].test LogicalExpression: enter
2025-06-05T08:42:12.318Z babel program.body[4].body.body[3].body.body[0].test LogicalExpression: Recursing into...
2025-06-05T08:42:12.318Z babel program.body[4].body.body[3].body.body[0].test.left Identifier: enter
2025-06-05T08:42:12.318Z babel program.body[4].body.body[3].body.body[0].test.left Identifier: Recursing into...
2025-06-05T08:42:12.318Z babel program.body[4].body.body[3].body.body[0].test.left Identifier: exit
2025-06-05T08:42:12.318Z babel program.body[4].body.body[3].body.body[0].test.right BinaryExpression: enter
2025-06-05T08:42:12.318Z babel program.body[4].body.body[3].body.body[0].test.right BinaryExpression: Recursing into...
2025-06-05T08:42:12.318Z babel program.body[4].body.body[3].body.body[0].test.right.left UnaryExpression: enter
2025-06-05T08:42:12.318Z babel program.body[4].body.body[3].body.body[0].test.right.left UnaryExpression: Recursing into...
2025-06-05T08:42:12.318Z babel program.body[4].body.body[3].body.body[0].test.right.left.argument MemberExpression: enter
2025-06-05T08:42:12.318Z babel program.body[4].body.body[3].body.body[0].test.right.left.argument MemberExpression: Recursing into...
2025-06-05T08:42:12.318Z babel program.body[4].body.body[3].body.body[0].test.right.left.argument.object Identifier: enter
2025-06-05T08:42:12.318Z babel program.body[4].body.body[3].body.body[0].test.right.left.argument.object Identifier: Recursing into...
2025-06-05T08:42:12.318Z babel program.body[4].body.body[3].body.body[0].test.right.left.argument.object Identifier: exit
2025-06-05T08:42:12.318Z babel program.body[4].body.body[3].body.body[0].test.right.left.argument.property Identifier: enter
2025-06-05T08:42:12.318Z babel program.body[4].body.body[3].body.body[0].test.right.left.argument.property Identifier: Recursing into...
2025-06-05T08:42:12.318Z babel program.body[4].body.body[3].body.body[0].test.right.left.argument.property Identifier: exit
2025-06-05T08:42:12.318Z babel program.body[4].body.body[3].body.body[0].test.right.left.argument MemberExpression: exit
2025-06-05T08:42:12.318Z babel program.body[4].body.body[3].body.body[0].test.right.left UnaryExpression: exit
2025-06-05T08:42:12.318Z babel program.body[4].body.body[3].body.body[0].test.right.right StringLiteral: enter
2025-06-05T08:42:12.318Z babel program.body[4].body.body[3].body.body[0].test.right.right StringLiteral: Recursing into...
2025-06-05T08:42:12.318Z babel program.body[4].body.body[3].body.body[0].test.right.right StringLiteral: exit
2025-06-05T08:42:12.318Z babel program.body[4].body.body[3].body.body[0].test.right BinaryExpression: exit
2025-06-05T08:42:12.318Z babel program.body[4].body.body[3].body.body[0].test LogicalExpression: exit
2025-06-05T08:42:12.318Z babel program.body[4].body.body[3].body.body[0].consequent BlockStatement: enter
2025-06-05T08:42:12.318Z babel program.body[4].body.body[3].body.body[0].consequent BlockStatement: Recursing into...
2025-06-05T08:42:12.318Z babel program.body[4].body.body[3].body.body[0].consequent.body[0] ReturnStatement: enter
2025-06-05T08:42:12.318Z babel program.body[4].body.body[3].body.body[0].consequent.body[0] ReturnStatement: Recursing into...
2025-06-05T08:42:12.319Z babel program.body[4].body.body[3].body.body[0].consequent.body[0].argument MemberExpression: enter
2025-06-05T08:42:12.319Z babel program.body[4].body.body[3].body.body[0].consequent.body[0].argument MemberExpression: Recursing into...
2025-06-05T08:42:12.319Z babel program.body[4].body.body[3].body.body[0].consequent.body[0].argument.object Identifier: enter
2025-06-05T08:42:12.319Z babel program.body[4].body.body[3].body.body[0].consequent.body[0].argument.object Identifier: Recursing into...
2025-06-05T08:42:12.319Z babel program.body[4].body.body[3].body.body[0].consequent.body[0].argument.object Identifier: exit
2025-06-05T08:42:12.319Z babel program.body[4].body.body[3].body.body[0].consequent.body[0].argument.property Identifier: enter
2025-06-05T08:42:12.319Z babel program.body[4].body.body[3].body.body[0].consequent.body[0].argument.property Identifier: Recursing into...
2025-06-05T08:42:12.319Z babel program.body[4].body.body[3].body.body[0].consequent.body[0].argument.property Identifier: exit
2025-06-05T08:42:12.319Z babel program.body[4].body.body[3].body.body[0].consequent.body[0].argument MemberExpression: exit
2025-06-05T08:42:12.319Z babel program.body[4].body.body[3].body.body[0].consequent.body[0] ReturnStatement: exit
2025-06-05T08:42:12.319Z babel program.body[4].body.body[3].body.body[0].consequent BlockStatement: exit
2025-06-05T08:42:12.319Z babel program.body[4].body.body[3].body.body[0] IfStatement: exit
2025-06-05T08:42:12.319Z babel program.body[4].body.body[3].body.body[1] ReturnStatement: enter
2025-06-05T08:42:12.319Z babel program.body[4].body.body[3].body.body[1] ReturnStatement: Recursing into...
2025-06-05T08:42:12.319Z babel program.body[4].body.body[3].body.body[1].argument Identifier: enter
2025-06-05T08:42:12.319Z babel program.body[4].body.body[3].body.body[1].argument Identifier: Recursing into...
2025-06-05T08:42:12.319Z babel program.body[4].body.body[3].body.body[1].argument Identifier: exit
2025-06-05T08:42:12.319Z babel program.body[4].body.body[3].body.body[1] ReturnStatement: exit
2025-06-05T08:42:12.319Z babel program.body[4].body.body[3].body BlockStatement: exit
2025-06-05T08:42:12.319Z babel program.body[4].body.body[3] ClassMethod: exit
2025-06-05T08:42:12.319Z babel program.body[4].body.body[4] ClassMethod: enter
2025-06-05T08:42:12.319Z babel program.body[4].body.body[4] ClassMethod: Recursing into...
2025-06-05T08:42:12.319Z babel program.body[4].body.body[4].key Identifier: enter
2025-06-05T08:42:12.319Z babel program.body[4].body.body[4].key Identifier: Recursing into...
2025-06-05T08:42:12.319Z babel program.body[4].body.body[4].key Identifier: exit
2025-06-05T08:42:12.319Z babel program.body[4].body.body[4].params[0] Identifier: enter
2025-06-05T08:42:12.319Z babel program.body[4].body.body[4].params[0] Identifier: Recursing into...
2025-06-05T08:42:12.319Z babel program.body[4].body.body[4].params[0] Identifier: exit
2025-06-05T08:42:12.319Z babel program.body[4].body.body[4].params[1] Identifier: enter
2025-06-05T08:42:12.319Z babel program.body[4].body.body[4].params[1] Identifier: Recursing into...
2025-06-05T08:42:12.319Z babel program.body[4].body.body[4].params[1] Identifier: exit
2025-06-05T08:42:12.319Z babel program.body[4].body.body[4].params[2] Identifier: enter
2025-06-05T08:42:12.319Z babel program.body[4].body.body[4].params[2] Identifier: Recursing into...
2025-06-05T08:42:12.319Z babel program.body[4].body.body[4].params[2] Identifier: exit
2025-06-05T08:42:12.319Z babel program.body[4].body.body[4].body BlockStatement: enter
2025-06-05T08:42:12.319Z babel program.body[4].body.body[4].body BlockStatement: Recursing into...
2025-06-05T08:42:12.319Z babel program.body[4].body.body[4].body.body[0] IfStatement: enter
2025-06-05T08:42:12.319Z babel program.body[4].body.body[4].body.body[0] IfStatement: Recursing into...
2025-06-05T08:42:12.319Z babel program.body[4].body.body[4].body.body[0].test LogicalExpression: enter
2025-06-05T08:42:12.319Z babel program.body[4].body.body[4].body.body[0].test LogicalExpression: Recursing into...
2025-06-05T08:42:12.319Z babel program.body[4].body.body[4].body.body[0].test.left Identifier: enter
2025-06-05T08:42:12.319Z babel program.body[4].body.body[4].body.body[0].test.left Identifier: Recursing into...
2025-06-05T08:42:12.319Z babel program.body[4].body.body[4].body.body[0].test.left Identifier: exit
2025-06-05T08:42:12.319Z babel program.body[4].body.body[4].body.body[0].test.right BinaryExpression: enter
2025-06-05T08:42:12.319Z babel program.body[4].body.body[4].body.body[0].test.right BinaryExpression: Recursing into...
2025-06-05T08:42:12.319Z babel program.body[4].body.body[4].body.body[0].test.right.left UnaryExpression: enter
2025-06-05T08:42:12.319Z babel program.body[4].body.body[4].body.body[0].test.right.left UnaryExpression: Recursing into...
2025-06-05T08:42:12.319Z babel program.body[4].body.body[4].body.body[0].test.right.left.argument MemberExpression: enter
2025-06-05T08:42:12.319Z babel program.body[4].body.body[4].body.body[0].test.right.left.argument MemberExpression: Recursing into...
2025-06-05T08:42:12.319Z babel program.body[4].body.body[4].body.body[0].test.right.left.argument.object Identifier: enter
2025-06-05T08:42:12.319Z babel program.body[4].body.body[4].body.body[0].test.right.left.argument.object Identifier: Recursing into...
2025-06-05T08:42:12.319Z babel program.body[4].body.body[4].body.body[0].test.right.left.argument.object Identifier: exit
2025-06-05T08:42:12.319Z babel program.body[4].body.body[4].body.body[0].test.right.left.argument.property Identifier: enter
2025-06-05T08:42:12.319Z babel program.body[4].body.body[4].body.body[0].test.right.left.argument.property Identifier: Recursing into...
2025-06-05T08:42:12.319Z babel program.body[4].body.body[4].body.body[0].test.right.left.argument.property Identifier: exit
2025-06-05T08:42:12.319Z babel program.body[4].body.body[4].body.body[0].test.right.left.argument MemberExpression: exit
2025-06-05T08:42:12.319Z babel program.body[4].body.body[4].body.body[0].test.right.left UnaryExpression: exit
2025-06-05T08:42:12.319Z babel program.body[4].body.body[4].body.body[0].test.right.right StringLiteral: enter
2025-06-05T08:42:12.319Z babel program.body[4].body.body[4].body.body[0].test.right.right StringLiteral: Recursing into...
2025-06-05T08:42:12.319Z babel program.body[4].body.body[4].body.body[0].test.right.right StringLiteral: exit
2025-06-05T08:42:12.319Z babel program.body[4].body.body[4].body.body[0].test.right BinaryExpression: exit
2025-06-05T08:42:12.319Z babel program.body[4].body.body[4].body.body[0].test LogicalExpression: exit
2025-06-05T08:42:12.319Z babel program.body[4].body.body[4].body.body[0].consequent BlockStatement: enter
2025-06-05T08:42:12.319Z babel program.body[4].body.body[4].body.body[0].consequent BlockStatement: Recursing into...
2025-06-05T08:42:12.319Z babel program.body[4].body.body[4].body.body[0].consequent.body[0] ReturnStatement: enter
2025-06-05T08:42:12.319Z babel program.body[4].body.body[4].body.body[0].consequent.body[0] ReturnStatement: Recursing into...
2025-06-05T08:42:12.319Z babel program.body[4].body.body[4].body.body[0].consequent.body[0].argument MemberExpression: enter
2025-06-05T08:42:12.319Z babel program.body[4].body.body[4].body.body[0].consequent.body[0].argument MemberExpression: Recursing into...
2025-06-05T08:42:12.319Z babel program.body[4].body.body[4].body.body[0].consequent.body[0].argument.object Identifier: enter
2025-06-05T08:42:12.319Z babel program.body[4].body.body[4].body.body[0].consequent.body[0].argument.object Identifier: Recursing into...
2025-06-05T08:42:12.319Z babel program.body[4].body.body[4].body.body[0].consequent.body[0].argument.object Identifier: exit
2025-06-05T08:42:12.319Z babel program.body[4].body.body[4].body.body[0].consequent.body[0].argument.property Identifier: enter
2025-06-05T08:42:12.319Z babel program.body[4].body.body[4].body.body[0].consequent.body[0].argument.property Identifier: Recursing into...
2025-06-05T08:42:12.319Z babel program.body[4].body.body[4].body.body[0].consequent.body[0].argument.property Identifier: exit
2025-06-05T08:42:12.319Z babel program.body[4].body.body[4].body.body[0].consequent.body[0].argument MemberExpression: exit
2025-06-05T08:42:12.319Z babel program.body[4].body.body[4].body.body[0].consequent.body[0] ReturnStatement: exit
2025-06-05T08:42:12.319Z babel program.body[4].body.body[4].body.body[0].consequent BlockStatement: exit
2025-06-05T08:42:12.320Z babel program.body[4].body.body[4].body.body[0] IfStatement: exit
2025-06-05T08:42:12.320Z babel program.body[4].body.body[4].body.body[1] ReturnStatement: enter
2025-06-05T08:42:12.320Z babel program.body[4].body.body[4].body.body[1] ReturnStatement: Recursing into...
2025-06-05T08:42:12.320Z babel program.body[4].body.body[4].body.body[1].argument Identifier: enter
2025-06-05T08:42:12.320Z babel program.body[4].body.body[4].body.body[1].argument Identifier: Recursing into...
2025-06-05T08:42:12.320Z babel program.body[4].body.body[4].body.body[1].argument Identifier: exit
2025-06-05T08:42:12.320Z babel program.body[4].body.body[4].body.body[1] ReturnStatement: exit
2025-06-05T08:42:12.320Z babel program.body[4].body.body[4].body BlockStatement: exit
2025-06-05T08:42:12.320Z babel program.body[4].body.body[4] ClassMethod: exit
2025-06-05T08:42:12.320Z babel program.body[4].body.body[5] ClassMethod: enter
2025-06-05T08:42:12.320Z babel program.body[4].body.body[5] ClassMethod: Recursing into...
2025-06-05T08:42:12.320Z babel program.body[4].body.body[5].key Identifier: enter
2025-06-05T08:42:12.320Z babel program.body[4].body.body[5].key Identifier: Recursing into...
2025-06-05T08:42:12.320Z babel program.body[4].body.body[5].key Identifier: exit
2025-06-05T08:42:12.320Z babel program.body[4].body.body[5].params[0] Identifier: enter
2025-06-05T08:42:12.320Z babel program.body[4].body.body[5].params[0] Identifier: Recursing into...
2025-06-05T08:42:12.320Z babel program.body[4].body.body[5].params[0] Identifier: exit
2025-06-05T08:42:12.320Z babel program.body[4].body.body[5].body BlockStatement: enter
2025-06-05T08:42:12.320Z babel program.body[4].body.body[5].body BlockStatement: Recursing into...
2025-06-05T08:42:12.320Z babel program.body[4].body.body[5].body.body[0] IfStatement: enter
2025-06-05T08:42:12.320Z babel program.body[4].body.body[5].body.body[0] IfStatement: Recursing into...
2025-06-05T08:42:12.320Z babel program.body[4].body.body[5].body.body[0].test UnaryExpression: enter
2025-06-05T08:42:12.320Z babel program.body[4].body.body[5].body.body[0].test UnaryExpression: Recursing into...
2025-06-05T08:42:12.320Z babel program.body[4].body.body[5].body.body[0].test.argument Identifier: enter
2025-06-05T08:42:12.320Z babel program.body[4].body.body[5].body.body[0].test.argument Identifier: Recursing into...
2025-06-05T08:42:12.320Z babel program.body[4].body.body[5].body.body[0].test.argument Identifier: exit
2025-06-05T08:42:12.320Z babel program.body[4].body.body[5].body.body[0].test UnaryExpression: exit
2025-06-05T08:42:12.320Z babel program.body[4].body.body[5].body.body[0].consequent ReturnStatement: enter
2025-06-05T08:42:12.320Z babel program.body[4].body.body[5].body.body[0].consequent ReturnStatement: Recursing into...
2025-06-05T08:42:12.320Z babel program.body[4].body.body[5].body.body[0].consequent.argument Identifier: enter
2025-06-05T08:42:12.320Z babel program.body[4].body.body[5].body.body[0].consequent.argument Identifier: Recursing into...
2025-06-05T08:42:12.320Z babel program.body[4].body.body[5].body.body[0].consequent.argument Identifier: exit
2025-06-05T08:42:12.320Z babel program.body[4].body.body[5].body.body[0].consequent ReturnStatement: exit
2025-06-05T08:42:12.320Z babel program.body[4].body.body[5].body.body[0] IfStatement: exit
2025-06-05T08:42:12.320Z babel program.body[4].body.body[5].body.body[1] IfStatement: enter
2025-06-05T08:42:12.320Z babel program.body[4].body.body[5].body.body[1] IfStatement: Recursing into...
2025-06-05T08:42:12.320Z babel program.body[4].body.body[5].body.body[1].test BinaryExpression: enter
2025-06-05T08:42:12.320Z babel program.body[4].body.body[5].body.body[1].test BinaryExpression: Recursing into...
2025-06-05T08:42:12.320Z babel program.body[4].body.body[5].body.body[1].test.left Identifier: enter
2025-06-05T08:42:12.320Z babel program.body[4].body.body[5].body.body[1].test.left Identifier: Recursing into...
2025-06-05T08:42:12.320Z babel program.body[4].body.body[5].body.body[1].test.left Identifier: exit
2025-06-05T08:42:12.320Z babel program.body[4].body.body[5].body.body[1].test.right Identifier: enter
2025-06-05T08:42:12.320Z babel program.body[4].body.body[5].body.body[1].test.right Identifier: Recursing into...
2025-06-05T08:42:12.320Z babel program.body[4].body.body[5].body.body[1].test.right Identifier: exit
2025-06-05T08:42:12.320Z babel program.body[4].body.body[5].body.body[1].test BinaryExpression: exit
2025-06-05T08:42:12.320Z babel program.body[4].body.body[5].body.body[1].consequent BlockStatement: enter
2025-06-05T08:42:12.320Z babel program.body[4].body.body[5].body.body[1].consequent BlockStatement: Recursing into...
2025-06-05T08:42:12.320Z babel program.body[4].body.body[5].body.body[1].consequent.body[0] ReturnStatement: enter
2025-06-05T08:42:12.320Z babel program.body[4].body.body[5].body.body[1].consequent.body[0] ReturnStatement: Recursing into...
2025-06-05T08:42:12.320Z babel program.body[4].body.body[5].body.body[1].consequent.body[0].argument Identifier: enter
2025-06-05T08:42:12.320Z babel program.body[4].body.body[5].body.body[1].consequent.body[0].argument Identifier: Recursing into...
2025-06-05T08:42:12.320Z babel program.body[4].body.body[5].body.body[1].consequent.body[0].argument Identifier: exit
2025-06-05T08:42:12.320Z babel program.body[4].body.body[5].body.body[1].consequent.body[0] ReturnStatement: exit
2025-06-05T08:42:12.320Z babel program.body[4].body.body[5].body.body[1].consequent BlockStatement: exit
2025-06-05T08:42:12.320Z babel program.body[4].body.body[5].body.body[1] IfStatement: exit
2025-06-05T08:42:12.320Z babel program.body[4].body.body[5].body.body[2] IfStatement: enter
2025-06-05T08:42:12.320Z babel program.body[4].body.body[5].body.body[2] IfStatement: Recursing into...
2025-06-05T08:42:12.320Z babel program.body[4].body.body[5].body.body[2].test BinaryExpression: enter
2025-06-05T08:42:12.320Z babel program.body[4].body.body[5].body.body[2].test BinaryExpression: Recursing into...
2025-06-05T08:42:12.320Z babel program.body[4].body.body[5].body.body[2].test.left UnaryExpression: enter
2025-06-05T08:42:12.320Z babel program.body[4].body.body[5].body.body[2].test.left UnaryExpression: Recursing into...
2025-06-05T08:42:12.320Z babel program.body[4].body.body[5].body.body[2].test.left.argument Identifier: enter
2025-06-05T08:42:12.320Z babel program.body[4].body.body[5].body.body[2].test.left.argument Identifier: Recursing into...
2025-06-05T08:42:12.320Z babel program.body[4].body.body[5].body.body[2].test.left.argument Identifier: exit
2025-06-05T08:42:12.320Z babel program.body[4].body.body[5].body.body[2].test.left UnaryExpression: exit
2025-06-05T08:42:12.320Z babel program.body[4].body.body[5].body.body[2].test.right StringLiteral: enter
2025-06-05T08:42:12.321Z babel program.body[4].body.body[5].body.body[2].test.right StringLiteral: Recursing into...
2025-06-05T08:42:12.321Z babel program.body[4].body.body[5].body.body[2].test.right StringLiteral: exit
2025-06-05T08:42:12.321Z babel program.body[4].body.body[5].body.body[2].test BinaryExpression: exit
2025-06-05T08:42:12.321Z babel program.body[4].body.body[5].body.body[2].consequent BlockStatement: enter
2025-06-05T08:42:12.321Z babel program.body[4].body.body[5].body.body[2].consequent BlockStatement: Recursing into...
2025-06-05T08:42:12.321Z babel program.body[4].body.body[5].body.body[2].consequent.body[0] VariableDeclaration: enter
2025-06-05T08:42:12.321Z babel program.body[4].body.body[5].body.body[2].consequent.body[0] VariableDeclaration: Recursing into...
2025-06-05T08:42:12.321Z babel program.body[4].body.body[5].body.body[2].consequent.body[0].declarations[0] VariableDeclarator: enter
2025-06-05T08:42:12.321Z babel program.body[4].body.body[5].body.body[2].consequent.body[0].declarations[0] VariableDeclarator: Recursing into...
2025-06-05T08:42:12.321Z babel program.body[4].body.body[5].body.body[2].consequent.body[0].declarations[0].id Identifier: enter
2025-06-05T08:42:12.321Z babel program.body[4].body.body[5].body.body[2].consequent.body[0].declarations[0].id Identifier: Recursing into...
2025-06-05T08:42:12.321Z babel program.body[4].body.body[5].body.body[2].consequent.body[0].declarations[0].id Identifier: exit
2025-06-05T08:42:12.321Z babel program.body[4].body.body[5].body.body[2].consequent.body[0].declarations[0].init NewExpression: enter
2025-06-05T08:42:12.321Z babel program.body[4].body.body[5].body.body[2].consequent.body[0].declarations[0].init NewExpression: Recursing into...
2025-06-05T08:42:12.321Z babel program.body[4].body.body[5].body.body[2].consequent.body[0].declarations[0].init.callee Identifier: enter
2025-06-05T08:42:12.321Z babel program.body[4].body.body[5].body.body[2].consequent.body[0].declarations[0].init.callee Identifier: Recursing into...
2025-06-05T08:42:12.321Z babel program.body[4].body.body[5].body.body[2].consequent.body[0].declarations[0].init.callee Identifier: exit
2025-06-05T08:42:12.321Z babel program.body[4].body.body[5].body.body[2].consequent.body[0].declarations[0].init.arguments[0] Identifier: enter
2025-06-05T08:42:12.321Z babel program.body[4].body.body[5].body.body[2].consequent.body[0].declarations[0].init.arguments[0] Identifier: Recursing into...
2025-06-05T08:42:12.321Z babel program.body[4].body.body[5].body.body[2].consequent.body[0].declarations[0].init.arguments[0] Identifier: exit
2025-06-05T08:42:12.321Z babel program.body[4].body.body[5].body.body[2].consequent.body[0].declarations[0].init NewExpression: exit
2025-06-05T08:42:12.321Z babel program.body[4].body.body[5].body.body[2].consequent.body[0].declarations[0] VariableDeclarator: exit
2025-06-05T08:42:12.321Z babel program.body[4].body.body[5].body.body[2].consequent.body[0] VariableDeclaration: exit
2025-06-05T08:42:12.321Z babel program.body[4].body.body[5].body.body[2].consequent.body[1] ReturnStatement: enter
2025-06-05T08:42:12.321Z babel program.body[4].body.body[5].body.body[2].consequent.body[1] ReturnStatement: Recursing into...
2025-06-05T08:42:12.321Z babel program.body[4].body.body[5].body.body[2].consequent.body[1].argument ConditionalExpression: enter
2025-06-05T08:42:12.321Z babel program.body[4].body.body[5].body.body[2].consequent.body[1].argument ConditionalExpression: Recursing into...
2025-06-05T08:42:12.321Z babel program.body[4].body.body[5].body.body[2].consequent.body[1].argument.test CallExpression: enter
2025-06-05T08:42:12.321Z babel program.body[4].body.body[5].body.body[2].consequent.body[1].argument.test CallExpression: Recursing into...
2025-06-05T08:42:12.321Z babel program.body[4].body.body[5].body.body[2].consequent.body[1].argument.test.callee Identifier: enter
2025-06-05T08:42:12.321Z babel program.body[4].body.body[5].body.body[2].consequent.body[1].argument.test.callee Identifier: Recursing into...
2025-06-05T08:42:12.321Z babel program.body[4].body.body[5].body.body[2].consequent.body[1].argument.test.callee Identifier: exit
2025-06-05T08:42:12.321Z babel program.body[4].body.body[5].body.body[2].consequent.body[1].argument.test.arguments[0] CallExpression: enter
2025-06-05T08:42:12.321Z babel program.body[4].body.body[5].body.body[2].consequent.body[1].argument.test.arguments[0] CallExpression: Recursing into...
2025-06-05T08:42:12.321Z babel program.body[4].body.body[5].body.body[2].consequent.body[1].argument.test.arguments[0].callee MemberExpression: enter
2025-06-05T08:42:12.321Z babel program.body[4].body.body[5].body.body[2].consequent.body[1].argument.test.arguments[0].callee MemberExpression: Recursing into...
2025-06-05T08:42:12.321Z babel program.body[4].body.body[5].body.body[2].consequent.body[1].argument.test.arguments[0].callee.object Identifier: enter
2025-06-05T08:42:12.321Z babel program.body[4].body.body[5].body.body[2].consequent.body[1].argument.test.arguments[0].callee.object Identifier: Recursing into...
2025-06-05T08:42:12.321Z babel program.body[4].body.body[5].body.body[2].consequent.body[1].argument.test.arguments[0].callee.object Identifier: exit
2025-06-05T08:42:12.321Z babel program.body[4].body.body[5].body.body[2].consequent.body[1].argument.test.arguments[0].callee.property Identifier: enter
2025-06-05T08:42:12.321Z babel program.body[4].body.body[5].body.body[2].consequent.body[1].argument.test.arguments[0].callee.property Identifier: Recursing into...
2025-06-05T08:42:12.321Z babel program.body[4].body.body[5].body.body[2].consequent.body[1].argument.test.arguments[0].callee.property Identifier: exit
2025-06-05T08:42:12.321Z babel program.body[4].body.body[5].body.body[2].consequent.body[1].argument.test.arguments[0].callee MemberExpression: exit
2025-06-05T08:42:12.321Z babel program.body[4].body.body[5].body.body[2].consequent.body[1].argument.test.arguments[0] CallExpression: exit
2025-06-05T08:42:12.321Z babel program.body[4].body.body[5].body.body[2].consequent.body[1].argument.test CallExpression: exit
2025-06-05T08:42:12.321Z babel program.body[4].body.body[5].body.body[2].consequent.body[1].argument.consequent Identifier: enter
2025-06-05T08:42:12.321Z babel program.body[4].body.body[5].body.body[2].consequent.body[1].argument.consequent Identifier: Recursing into...
2025-06-05T08:42:12.321Z babel program.body[4].body.body[5].body.body[2].consequent.body[1].argument.consequent Identifier: exit
2025-06-05T08:42:12.321Z babel program.body[4].body.body[5].body.body[2].consequent.body[1].argument.alternate Identifier: enter
2025-06-05T08:42:12.321Z babel program.body[4].body.body[5].body.body[2].consequent.body[1].argument.alternate Identifier: Recursing into...
2025-06-05T08:42:12.321Z babel program.body[4].body.body[5].body.body[2].consequent.body[1].argument.alternate Identifier: exit
2025-06-05T08:42:12.321Z babel program.body[4].body.body[5].body.body[2].consequent.body[1].argument ConditionalExpression: exit
2025-06-05T08:42:12.321Z babel program.body[4].body.body[5].body.body[2].consequent.body[1] ReturnStatement: exit
2025-06-05T08:42:12.321Z babel program.body[4].body.body[5].body.body[2].consequent BlockStatement: exit
2025-06-05T08:42:12.321Z babel program.body[4].body.body[5].body.body[2] IfStatement: exit
2025-06-05T08:42:12.321Z babel program.body[4].body.body[5].body.body[3] ReturnStatement: enter
2025-06-05T08:42:12.321Z babel program.body[4].body.body[5].body.body[3] ReturnStatement: Recursing into...
2025-06-05T08:42:12.321Z babel program.body[4].body.body[5].body.body[3].argument Identifier: enter
2025-06-05T08:42:12.321Z babel program.body[4].body.body[5].body.body[3].argument Identifier: Recursing into...
2025-06-05T08:42:12.321Z babel program.body[4].body.body[5].body.body[3].argument Identifier: exit
2025-06-05T08:42:12.321Z babel program.body[4].body.body[5].body.body[3] ReturnStatement: exit
2025-06-05T08:42:12.321Z babel program.body[4].body.body[5].body BlockStatement: exit
2025-06-05T08:42:12.321Z babel program.body[4].body.body[5] ClassMethod: exit
2025-06-05T08:42:12.321Z babel program.body[4].body ClassBody: exit
2025-06-05T08:42:12.321Z babel program.body[4] ClassDeclaration: exit
2025-06-05T08:42:12.321Z babel program.body[5] ExpressionStatement: enter
2025-06-05T08:42:12.321Z babel program.body[5] ExpressionStatement: Recursing into...
2025-06-05T08:42:12.321Z babel program.body[5].expression AssignmentExpression: enter
2025-06-05T08:42:12.321Z babel program.body[5].expression AssignmentExpression: Recursing into...
2025-06-05T08:42:12.321Z babel program.body[5].expression.left MemberExpression: enter
2025-06-05T08:42:12.321Z babel program.body[5].expression.left MemberExpression: Recursing into...
2025-06-05T08:42:12.321Z babel program.body[5].expression.left.object Identifier: enter
2025-06-05T08:42:12.321Z babel program.body[5].expression.left.object Identifier: Recursing into...
2025-06-05T08:42:12.321Z babel program.body[5].expression.left.object Identifier: exit
2025-06-05T08:42:12.321Z babel program.body[5].expression.left.property Identifier: enter
2025-06-05T08:42:12.321Z babel program.body[5].expression.left.property Identifier: Recursing into...
2025-06-05T08:42:12.321Z babel program.body[5].expression.left.property Identifier: exit
2025-06-05T08:42:12.321Z babel program.body[5].expression.left MemberExpression: exit
2025-06-05T08:42:12.321Z babel program.body[5].expression.right Identifier: enter
2025-06-05T08:42:12.321Z babel program.body[5].expression.right Identifier: Recursing into...
2025-06-05T08:42:12.321Z babel program.body[5].expression.right Identifier: exit
2025-06-05T08:42:12.321Z babel program.body[5].expression AssignmentExpression: exit
2025-06-05T08:42:12.322Z babel program.body[5] ExpressionStatement: exit
2025-06-05T08:42:12.322Z babel program.body[6] ExpressionStatement: enter
2025-06-05T08:42:12.322Z babel program.body[6] ExpressionStatement: Recursing into...
2025-06-05T08:42:12.322Z babel program.body[6].expression AssignmentExpression: enter
2025-06-05T08:42:12.322Z babel program.body[6].expression AssignmentExpression: Recursing into...
2025-06-05T08:42:12.322Z babel program.body[6].expression.left MemberExpression: enter
2025-06-05T08:42:12.322Z babel program.body[6].expression.left MemberExpression: Recursing into...
2025-06-05T08:42:12.322Z babel program.body[6].expression.left.object Identifier: enter
2025-06-05T08:42:12.322Z babel program.body[6].expression.left.object Identifier: Recursing into...
2025-06-05T08:42:12.322Z babel program.body[6].expression.left.object Identifier: exit
2025-06-05T08:42:12.322Z babel program.body[6].expression.left.property Identifier: enter
2025-06-05T08:42:12.322Z babel program.body[6].expression.left.property Identifier: Recursing into...
2025-06-05T08:42:12.322Z babel program.body[6].expression.left.property Identifier: exit
2025-06-05T08:42:12.322Z babel program.body[6].expression.left MemberExpression: exit
2025-06-05T08:42:12.322Z babel program.body[6].expression.right Identifier: enter
2025-06-05T08:42:12.322Z babel program.body[6].expression.right Identifier: Recursing into...
2025-06-05T08:42:12.322Z babel program.body[6].expression.right Identifier: exit
2025-06-05T08:42:12.322Z babel program.body[6].expression AssignmentExpression: exit
2025-06-05T08:42:12.322Z babel program.body[6] ExpressionStatement: exit
2025-06-05T08:42:12.324Z babel program Program: enter
2025-06-05T08:42:12.326Z babel program.directives[0] Directive: enter
2025-06-05T08:42:12.326Z babel program.directives[0] Directive: Recursing into...
2025-06-05T08:42:12.326Z babel program.directives[0] Directive: exit
2025-06-05T08:42:12.327Z babel program.body[0] VariableDeclaration: enter
2025-06-05T08:42:12.327Z babel program.body[0] VariableDeclaration: Recursing into...
2025-06-05T08:42:12.327Z babel program.body[0].declarations[0] VariableDeclarator: enter
2025-06-05T08:42:12.328Z babel program.body[0].declarations[0].init LogicalExpression: Replace with SequenceExpression
2025-06-05T08:42:12.328Z babel program.body[0].declarations[0] VariableDeclarator: Recursing into...
2025-06-05T08:42:12.328Z babel program.body[0].declarations[0].init SequenceExpression: enter
2025-06-05T08:42:12.328Z babel program.body[0].declarations[0].init SequenceExpression: Recursing into...
2025-06-05T08:42:12.328Z babel program.body[0].declarations[0].init.expressions[0] UpdateExpression: enter
2025-06-05T08:42:12.328Z babel program.body[0].declarations[0].init.expressions[0] UpdateExpression: Recursing into...
2025-06-05T08:42:12.328Z babel program.body[0].declarations[0].init.expressions[0].argument MemberExpression: enter
2025-06-05T08:42:12.328Z babel program.body[0].declarations[0].init.expressions[0].argument MemberExpression: Recursing into...
2025-06-05T08:42:12.328Z babel program.body[0].declarations[0].init.expressions[0].argument.object MemberExpression: enter
2025-06-05T08:42:12.328Z babel program.body[0].declarations[0].init.expressions[0].argument.object MemberExpression: Recursing into...
2025-06-05T08:42:12.328Z babel program.body[0].declarations[0].init.expressions[0].argument.object.object CallExpression: enter
2025-06-05T08:42:12.328Z babel program.body[0].declarations[0].init.expressions[0].argument.object.object CallExpression: Recursing into...
2025-06-05T08:42:12.328Z babel program.body[0].declarations[0].init.expressions[0].argument.object.object CallExpression: exit
2025-06-05T08:42:12.328Z babel program.body[0].declarations[0].init.expressions[0].argument.object MemberExpression: exit
2025-06-05T08:42:12.328Z babel program.body[0].declarations[0].init.expressions[0].argument MemberExpression: exit
2025-06-05T08:42:12.328Z babel program.body[0].declarations[0].init.expressions[0] UpdateExpression: exit
2025-06-05T08:42:12.328Z babel program.body[0].declarations[0].init.expressions[1] LogicalExpression: enter
2025-06-05T08:42:12.329Z babel program.body[0].declarations[0].init.expressions[1] LogicalExpression: Recursing into...
2025-06-05T08:42:12.329Z babel program.body[0].declarations[0].init.expressions[1].left LogicalExpression: enter
2025-06-05T08:42:12.329Z babel program.body[0].declarations[0].init.expressions[1].left LogicalExpression: Recursing into...
2025-06-05T08:42:12.329Z babel program.body[0].declarations[0].init.expressions[1].left.left SequenceExpression: enter
2025-06-05T08:42:12.329Z babel program.body[0].declarations[0].init.expressions[1].left.left SequenceExpression: Recursing into...
2025-06-05T08:42:12.329Z babel program.body[0].declarations[0].init.expressions[1].left.left.expressions[0] UpdateExpression: enter
2025-06-05T08:42:12.329Z babel program.body[0].declarations[0].init.expressions[1].left.left.expressions[0] UpdateExpression: Recursing into...
2025-06-05T08:42:12.329Z babel program.body[0].declarations[0].init.expressions[1].left.left.expressions[0].argument MemberExpression: enter
2025-06-05T08:42:12.329Z babel program.body[0].declarations[0].init.expressions[1].left.left.expressions[0].argument MemberExpression: Recursing into...
2025-06-05T08:42:12.329Z babel program.body[0].declarations[0].init.expressions[1].left.left.expressions[0].argument.object MemberExpression: enter
2025-06-05T08:42:12.329Z babel program.body[0].declarations[0].init.expressions[1].left.left.expressions[0].argument.object MemberExpression: Recursing into...
2025-06-05T08:42:12.329Z babel program.body[0].declarations[0].init.expressions[1].left.left.expressions[0].argument.object.object MemberExpression: enter
2025-06-05T08:42:12.329Z babel program.body[0].declarations[0].init.expressions[1].left.left.expressions[0].argument.object.object MemberExpression: Recursing into...
2025-06-05T08:42:12.329Z babel program.body[0].declarations[0].init.expressions[1].left.left.expressions[0].argument.object.object.object CallExpression: enter
2025-06-05T08:42:12.329Z babel program.body[0].declarations[0].init.expressions[1].left.left.expressions[0].argument.object.object.object CallExpression: Recursing into...
2025-06-05T08:42:12.329Z babel program.body[0].declarations[0].init.expressions[1].left.left.expressions[0].argument.object.object.object CallExpression: exit
2025-06-05T08:42:12.329Z babel program.body[0].declarations[0].init.expressions[1].left.left.expressions[0].argument.object.object MemberExpression: exit
2025-06-05T08:42:12.329Z babel program.body[0].declarations[0].init.expressions[1].left.left.expressions[0].argument.object MemberExpression: exit
2025-06-05T08:42:12.330Z babel program.body[0].declarations[0].init.expressions[1].left.left.expressions[0].argument MemberExpression: exit
2025-06-05T08:42:12.330Z babel program.body[0].declarations[0].init.expressions[1].left.left.expressions[0] UpdateExpression: exit
2025-06-05T08:42:12.330Z babel program.body[0].declarations[0].init.expressions[1].left.left SequenceExpression: exit
2025-06-05T08:42:12.330Z babel program.body[0].declarations[0].init.expressions[1].left.right SequenceExpression: enter
2025-06-05T08:42:12.330Z babel program.body[0].declarations[0].init.expressions[1].left.right SequenceExpression: Recursing into...
2025-06-05T08:42:12.330Z babel program.body[0].declarations[0].init.expressions[1].left.right.expressions[0] UpdateExpression: enter
2025-06-05T08:42:12.330Z babel program.body[0].declarations[0].init.expressions[1].left.right.expressions[0] UpdateExpression: Recursing into...
2025-06-05T08:42:12.330Z babel program.body[0].declarations[0].init.expressions[1].left.right.expressions[0].argument MemberExpression: enter
2025-06-05T08:42:12.330Z babel program.body[0].declarations[0].init.expressions[1].left.right.expressions[0].argument MemberExpression: Recursing into...
2025-06-05T08:42:12.330Z babel program.body[0].declarations[0].init.expressions[1].left.right.expressions[0].argument.object MemberExpression: enter
2025-06-05T08:42:12.330Z babel program.body[0].declarations[0].init.expressions[1].left.right.expressions[0].argument.object MemberExpression: Recursing into...
2025-06-05T08:42:12.330Z babel program.body[0].declarations[0].init.expressions[1].left.right.expressions[0].argument.object.object MemberExpression: enter
2025-06-05T08:42:12.330Z babel program.body[0].declarations[0].init.expressions[1].left.right.expressions[0].argument.object.object MemberExpression: Recursing into...
2025-06-05T08:42:12.330Z babel program.body[0].declarations[0].init.expressions[1].left.right.expressions[0].argument.object.object.object CallExpression: enter
2025-06-05T08:42:12.330Z babel program.body[0].declarations[0].init.expressions[1].left.right.expressions[0].argument.object.object.object CallExpression: Recursing into...
2025-06-05T08:42:12.330Z babel program.body[0].declarations[0].init.expressions[1].left.right.expressions[0].argument.object.object.object CallExpression: exit
2025-06-05T08:42:12.330Z babel program.body[0].declarations[0].init.expressions[1].left.right.expressions[0].argument.object.object MemberExpression: exit
2025-06-05T08:42:12.330Z babel program.body[0].declarations[0].init.expressions[1].left.right.expressions[0].argument.object MemberExpression: exit
2025-06-05T08:42:12.330Z babel program.body[0].declarations[0].init.expressions[1].left.right.expressions[0].argument MemberExpression: exit
2025-06-05T08:42:12.330Z babel program.body[0].declarations[0].init.expressions[1].left.right.expressions[0] UpdateExpression: exit
2025-06-05T08:42:12.330Z babel program.body[0].declarations[0].init.expressions[1].left.right.expressions[1] MemberExpression: enter
2025-06-05T08:42:12.330Z babel program.body[0].declarations[0].init.expressions[1].left.right.expressions[1] MemberExpression: Recursing into...
2025-06-05T08:42:12.330Z babel program.body[0].declarations[0].init.expressions[1].left.right.expressions[1] MemberExpression: exit
2025-06-05T08:42:12.330Z babel program.body[0].declarations[0].init.expressions[1].left.right SequenceExpression: exit
2025-06-05T08:42:12.330Z babel program.body[0].declarations[0].init.expressions[1].left LogicalExpression: exit
2025-06-05T08:42:12.330Z babel program.body[0].declarations[0].init.expressions[1].right SequenceExpression: enter
2025-06-05T08:42:12.330Z babel program.body[0].declarations[0].init.expressions[1].right SequenceExpression: Recursing into...
2025-06-05T08:42:12.330Z babel program.body[0].declarations[0].init.expressions[1].right.expressions[0] UpdateExpression: enter
2025-06-05T08:42:12.330Z babel program.body[0].declarations[0].init.expressions[1].right.expressions[0] UpdateExpression: Recursing into...
2025-06-05T08:42:12.330Z babel program.body[0].declarations[0].init.expressions[1].right.expressions[0].argument MemberExpression: enter
2025-06-05T08:42:12.330Z babel program.body[0].declarations[0].init.expressions[1].right.expressions[0].argument MemberExpression: Recursing into...
2025-06-05T08:42:12.330Z babel program.body[0].declarations[0].init.expressions[1].right.expressions[0].argument.object MemberExpression: enter
2025-06-05T08:42:12.330Z babel program.body[0].declarations[0].init.expressions[1].right.expressions[0].argument.object MemberExpression: Recursing into...
2025-06-05T08:42:12.330Z babel program.body[0].declarations[0].init.expressions[1].right.expressions[0].argument.object.object MemberExpression: enter
2025-06-05T08:42:12.330Z babel program.body[0].declarations[0].init.expressions[1].right.expressions[0].argument.object.object MemberExpression: Recursing into...
2025-06-05T08:42:12.330Z babel program.body[0].declarations[0].init.expressions[1].right.expressions[0].argument.object.object.object CallExpression: enter
2025-06-05T08:42:12.330Z babel program.body[0].declarations[0].init.expressions[1].right.expressions[0].argument.object.object.object CallExpression: Recursing into...
2025-06-05T08:42:12.330Z babel program.body[0].declarations[0].init.expressions[1].right.expressions[0].argument.object.object.object CallExpression: exit
2025-06-05T08:42:12.330Z babel program.body[0].declarations[0].init.expressions[1].right.expressions[0].argument.object.object MemberExpression: exit
2025-06-05T08:42:12.330Z babel program.body[0].declarations[0].init.expressions[1].right.expressions[0].argument.object MemberExpression: exit
2025-06-05T08:42:12.330Z babel program.body[0].declarations[0].init.expressions[1].right.expressions[0].argument MemberExpression: exit
2025-06-05T08:42:12.330Z babel program.body[0].declarations[0].init.expressions[1].right.expressions[0] UpdateExpression: exit
2025-06-05T08:42:12.330Z babel program.body[0].declarations[0].init.expressions[1].right.expressions[1].params[0] Identifier: enter
2025-06-05T08:42:12.330Z babel program.body[0].declarations[0].init.expressions[1].right.expressions[1].params[0] Identifier: Recursing into...
2025-06-05T08:42:12.330Z babel program.body[0].declarations[0].init.expressions[1].right.expressions[1].params[0] Identifier: exit
2025-06-05T08:42:12.330Z babel program.body[0].declarations[0].init.expressions[1].right.expressions[1].params[1] Identifier: enter
2025-06-05T08:42:12.330Z babel program.body[0].declarations[0].init.expressions[1].right.expressions[1].params[1] Identifier: Recursing into...
2025-06-05T08:42:12.330Z babel program.body[0].declarations[0].init.expressions[1].right.expressions[1].params[1] Identifier: exit
2025-06-05T08:42:12.330Z babel program.body[0].declarations[0].init.expressions[1].right.expressions[1].params[2] Identifier: enter
2025-06-05T08:42:12.330Z babel program.body[0].declarations[0].init.expressions[1].right.expressions[1].params[2] Identifier: Recursing into...
2025-06-05T08:42:12.330Z babel program.body[0].declarations[0].init.expressions[1].right.expressions[1].params[2] Identifier: exit
2025-06-05T08:42:12.330Z babel program.body[0].declarations[0].init.expressions[1].right.expressions[1].params[3] Identifier: enter
2025-06-05T08:42:12.330Z babel program.body[0].declarations[0].init.expressions[1].right.expressions[1].params[3] Identifier: Recursing into...
2025-06-05T08:42:12.330Z babel program.body[0].declarations[0].init.expressions[1].right.expressions[1].params[3] Identifier: exit
2025-06-05T08:42:12.330Z babel program.body[0].declarations[0].init.expressions[1].right.expressions[1].body BlockStatement: enter
2025-06-05T08:42:12.330Z babel program.body[0].declarations[0].init.expressions[1].right.expressions[1].body BlockStatement: Recursing into...
2025-06-05T08:42:12.330Z babel program.body[0].declarations[0].init.expressions[1].right.expressions[1].body.body[0] FunctionDeclaration: enter
2025-06-05T08:42:12.330Z babel program.body[0].declarations[0].init.expressions[1].right.expressions[1].body.body[0] FunctionDeclaration: Recursing into...
2025-06-05T08:42:12.330Z babel program.body[0].declarations[0].init.expressions[1].right.expressions[1].body.body[0].id Identifier: enter
2025-06-05T08:42:12.330Z babel program.body[0].declarations[0].init.expressions[1].right.expressions[1].body.body[0].id Identifier: Recursing into...
2025-06-05T08:42:12.331Z babel program.body[0].declarations[0].init.expressions[1].right.expressions[1].body.body[0].id Identifier: exit
2025-06-05T08:42:12.331Z babel program.body[0].declarations[0].init.expressions[1].right.expressions[1].body.body[0].params[0] Identifier: enter
2025-06-05T08:42:12.331Z babel program.body[0].declarations[0].init.expressions[1].right.expressions[1].body.body[0].params[0] Identifier: Recursing into...
2025-06-05T08:42:12.331Z babel program.body[0].declarations[0].init.expressions[1].right.expressions[1].body.body[0].params[0] Identifier: exit
2025-06-05T08:42:12.331Z babel program.body[0].declarations[0].init.expressions[1].right.expressions[1].body.body[0].body BlockStatement: enter
2025-06-05T08:42:12.331Z babel program.body[0].declarations[0].init.expressions[1].right.expressions[1].body.body[0].body BlockStatement: Recursing into...
2025-06-05T08:42:12.331Z babel program.body[0].declarations[0].init.expressions[1].right.expressions[1].body.body[0].body.body[0] ReturnStatement: enter
2025-06-05T08:42:12.331Z babel program.body[0].declarations[0].init.expressions[1].right.expressions[1].body.body[0].body.body[0] ReturnStatement: Recursing into...
2025-06-05T08:42:12.331Z babel program.body[0].declarations[0].init.expressions[1].right.expressions[1].body.body[0].body.body[0].argument ConditionalExpression: enter
2025-06-05T08:42:12.331Z babel program.body[0].declarations[0].init.expressions[1].right.expressions[1].body.body[0].body.body[0].argument ConditionalExpression: Recursing into...
2025-06-05T08:42:12.331Z babel program.body[0].declarations[0].init.expressions[1].right.expressions[1].body.body[0].body.body[0].argument.test BinaryExpression: enter
2025-06-05T08:42:12.331Z babel program.body[0].declarations[0].init.expressions[1].right.expressions[1].body.body[0].body.body[0].argument.test BinaryExpression: Recursing into...
2025-06-05T08:42:12.331Z babel program.body[0].declarations[0].init.expressions[1].right.expressions[1].body.body[0].body.body[0].argument.test.left Identifier: enter
2025-06-05T08:42:12.331Z babel program.body[0].declarations[0].init.expressions[1].right.expressions[1].body.body[0].body.body[0].argument.test.left Identifier: Recursing into...
2025-06-05T08:42:12.331Z babel program.body[0].declarations[0].init.expressions[1].right.expressions[1].body.body[0].body.body[0].argument.test.left Identifier: exit
2025-06-05T08:42:12.331Z babel program.body[0].declarations[0].init.expressions[1].right.expressions[1].body.body[0].body.body[0].argument.test.right Identifier: enter
2025-06-05T08:42:12.331Z babel program.body[0].declarations[0].init.expressions[1].right.expressions[1].body.body[0].body.body[0].argument.test.right Identifier: Recursing into...
2025-06-05T08:42:12.331Z babel program.body[0].declarations[0].init.expressions[1].right.expressions[1].body.body[0].body.body[0].argument.test.right Identifier: exit
2025-06-05T08:42:12.331Z babel program.body[0].declarations[0].init.expressions[1].right.expressions[1].body.body[0].body.body[0].argument.test BinaryExpression: exit
2025-06-05T08:42:12.331Z babel program.body[0].declarations[0].init.expressions[1].right.expressions[1].body.body[0].body.body[0].argument.consequent Identifier: enter
2025-06-05T08:42:12.331Z babel program.body[0].declarations[0].init.expressions[1].right.expressions[1].body.body[0].body.body[0].argument.consequent Identifier: Recursing into...
2025-06-05T08:42:12.331Z babel program.body[0].declarations[0].init.expressions[1].right.expressions[1].body.body[0].body.body[0].argument.consequent Identifier: exit
2025-06-05T08:42:12.331Z babel program.body[0].declarations[0].init.expressions[1].right.expressions[1].body.body[0].body.body[0].argument.alternate NewExpression: enter
2025-06-05T08:42:12.331Z babel program.body[0].declarations[0].init.expressions[1].right.expressions[1].body.body[0].body.body[0].argument.alternate NewExpression: Recursing into...
2025-06-05T08:42:12.331Z babel program.body[0].declarations[0].init.expressions[1].right.expressions[1].body.body[0].body.body[0].argument.alternate.callee Identifier: enter
2025-06-05T08:42:12.331Z babel program.body[0].declarations[0].init.expressions[1].right.expressions[1].body.body[0].body.body[0].argument.alternate.callee Identifier: Recursing into...
2025-06-05T08:42:12.331Z babel program.body[0].declarations[0].init.expressions[1].right.expressions[1].body.body[0].body.body[0].argument.alternate.callee Identifier: exit
2025-06-05T08:42:12.331Z babel program.body[0].declarations[0].init.expressions[1].right.expressions[1].body.body[0].body.body[0].argument.alternate.arguments[0] FunctionExpression: enter
2025-06-05T08:42:12.331Z babel program.body[0].declarations[0].init.expressions[1].right.expressions[1].body.body[0].body.body[0].argument.alternate.arguments[0] FunctionExpression: Recursing into...
2025-06-05T08:42:12.331Z babel program.body[0].declarations[0].init.expressions[1].right.expressions[1].body.body[0].body.body[0].argument.alternate.arguments[0].params[0] Identifier: enter
2025-06-05T08:42:12.331Z babel program.body[0].declarations[0].init.expressions[1].right.expressions[1].body.body[0].body.body[0].argument.alternate.arguments[0].params[0] Identifier: Recursing into...
2025-06-05T08:42:12.331Z babel program.body[0].declarations[0].init.expressions[1].right.expressions[1].body.body[0].body.body[0].argument.alternate.arguments[0].params[0] Identifier: exit
2025-06-05T08:42:12.331Z babel program.body[0].declarations[0].init.expressions[1].right.expressions[1].body.body[0].body.body[0].argument.alternate.arguments[0].body BlockStatement: enter
2025-06-05T08:42:12.331Z babel program.body[0].declarations[0].init.expressions[1].right.expressions[1].body.body[0].body.body[0].argument.alternate.arguments[0].body BlockStatement: Recursing into...
2025-06-05T08:42:12.331Z babel program.body[0].declarations[0].init.expressions[1].right.expressions[1].body.body[0].body.body[0].argument.alternate.arguments[0].body.body[0] ExpressionStatement: enter
2025-06-05T08:42:12.331Z babel program.body[0].declarations[0].init.expressions[1].right.expressions[1].body.body[0].body.body[0].argument.alternate.arguments[0].body.body[0] ExpressionStatement: Recursing into...
2025-06-05T08:42:12.331Z babel program.body[0].declarations[0].init.expressions[1].right.expressions[1].body.body[0].body.body[0].argument.alternate.arguments[0].body.body[0].expression CallExpression: enter
2025-06-05T08:42:12.331Z babel program.body[0].declarations[0].init.expressions[1].right.expressions[1].body.body[0].body.body[0].argument.alternate.arguments[0].body.body[0].expression CallExpression: Recursing into...
2025-06-05T08:42:12.331Z babel program.body[0].declarations[0].init.expressions[1].right.expressions[1].body.body[0].body.body[0].argument.alternate.arguments[0].body.body[0].expression.callee Identifier: enter
2025-06-05T08:42:12.331Z babel program.body[0].declarations[0].init.expressions[1].right.expressions[1].body.body[0].body.body[0].argument.alternate.arguments[0].body.body[0].expression.callee Identifier: Recursing into...
2025-06-05T08:42:12.331Z babel program.body[0].declarations[0].init.expressions[1].right.expressions[1].body.body[0].body.body[0].argument.alternate.arguments[0].body.body[0].expression.callee Identifier: exit
2025-06-05T08:42:12.332Z babel program.body[0].declarations[0].init.expressions[1].right.expressions[1].body.body[0].body.body[0].argument.alternate.arguments[0].body.body[0].expression.arguments[0] Identifier: enter
2025-06-05T08:42:12.332Z babel program.body[0].declarations[0].init.expressions[1].right.expressions[1].body.body[0].body.body[0].argument.alternate.arguments[0].body.body[0].expression.arguments[0] Identifier: Recursing into...
2025-06-05T08:42:12.332Z babel program.body[0].declarations[0].init.expressions[1].right.expressions[1].body.body[0].body.body[0].argument.alternate.arguments[0].body.body[0].expression.arguments[0] Identifier: exit
2025-06-05T08:42:12.332Z babel program.body[0].declarations[0].init.expressions[1].right.expressions[1].body.body[0].body.body[0].argument.alternate.arguments[0].body.body[0].expression CallExpression: exit
2025-06-05T08:42:12.332Z babel program.body[0].declarations[0].init.expressions[1].right.expressions[1].body.body[0].body.body[0].argument.alternate.arguments[0].body.body[0] ExpressionStatement: exit
2025-06-05T08:42:12.332Z babel program.body[0].declarations[0].init.expressions[1].right.expressions[1].body.body[0].body.body[0].argument.alternate.arguments[0].body BlockStatement: exit
2025-06-05T08:42:12.332Z babel program.body[0].declarations[0].init.expressions[1].right.expressions[1].body.body[0].body.body[0].argument.alternate.arguments[0] FunctionExpression: exit
2025-06-05T08:42:12.332Z babel program.body[0].declarations[0].init.expressions[1].right.expressions[1].body.body[0].body.body[0].argument.alternate NewExpression: exit
2025-06-05T08:42:12.332Z babel program.body[0].declarations[0].init.expressions[1].right.expressions[1].body.body[0].body.body[0].argument ConditionalExpression: exit
2025-06-05T08:42:12.332Z babel program.body[0].declarations[0].init.expressions[1].right.expressions[1].body.body[0].body.body[0] ReturnStatement: exit
2025-06-05T08:42:12.332Z babel program.body[0].declarations[0].init.expressions[1].right.expressions[1].body.body[0].body BlockStatement: exit
2025-06-05T08:42:12.332Z babel program.body[0].declarations[0].init.expressions[1].right.expressions[1].body.body[0] FunctionDeclaration: exit
2025-06-05T08:42:12.332Z babel program.body[0].declarations[0].init.expressions[1].right.expressions[1].body.body[1] ReturnStatement: enter
2025-06-05T08:42:12.332Z babel program.body[0].declarations[0].init.expressions[1].right.expressions[1].body.body[1] ReturnStatement: Recursing into...
2025-06-05T08:42:12.332Z babel program.body[0].declarations[0].init.expressions[1].right.expressions[1].body.body[1].argument NewExpression: enter
2025-06-05T08:42:12.332Z babel program.body[0].declarations[0].init.expressions[1].right.expressions[1].body.body[1].argument NewExpression: Recursing into...
2025-06-05T08:42:12.332Z babel program.body[0].declarations[0].init.expressions[1].right.expressions[1].body.body[1].argument.callee LogicalExpression: enter
2025-06-05T08:42:12.332Z babel program.body[0].declarations[0].init.expressions[1].right.expressions[1].body.body[1].argument.callee LogicalExpression: Recursing into...
2025-06-05T08:42:12.332Z babel program.body[0].declarations[0].init.expressions[1].right.expressions[1].body.body[1].argument.callee.left Identifier: enter
2025-06-05T08:42:12.332Z babel program.body[0].declarations[0].init.expressions[1].right.expressions[1].body.body[1].argument.callee.left Identifier: Recursing into...
2025-06-05T08:42:12.332Z babel program.body[0].declarations[0].init.expressions[1].right.expressions[1].body.body[1].argument.callee.left Identifier: exit
2025-06-05T08:42:12.332Z babel program.body[0].declarations[0].init.expressions[1].right.expressions[1].body.body[1].argument.callee.right AssignmentExpression: enter
2025-06-05T08:42:12.332Z babel program.body[0].declarations[0].init.expressions[1].right.expressions[1].body.body[1].argument.callee.right AssignmentExpression: Recursing into...
2025-06-05T08:42:12.332Z babel program.body[0].declarations[0].init.expressions[1].right.expressions[1].body.body[1].argument.callee.right.left Identifier: enter
2025-06-05T08:42:12.332Z babel program.body[0].declarations[0].init.expressions[1].right.expressions[1].body.body[1].argument.callee.right.left Identifier: Recursing into...
2025-06-05T08:42:12.332Z babel program.body[0].declarations[0].init.expressions[1].right.expressions[1].body.body[1].argument.callee.right.left Identifier: exit
2025-06-05T08:42:12.332Z babel program.body[0].declarations[0].init.expressions[1].right.expressions[1].body.body[1].argument.callee.right.right Identifier: enter
2025-06-05T08:42:12.332Z babel program.body[0].declarations[0].init.expressions[1].right.expressions[1].body.body[1].argument.callee.right.right Identifier: Recursing into...
2025-06-05T08:42:12.332Z babel program.body[0].declarations[0].init.expressions[1].right.expressions[1].body.body[1].argument.callee.right.right Identifier: exit
2025-06-05T08:42:12.332Z babel program.body[0].declarations[0].init.expressions[1].right.expressions[1].body.body[1].argument.callee.right AssignmentExpression: exit
2025-06-05T08:42:12.332Z babel program.body[0].declarations[0].init.expressions[1].right.expressions[1].body.body[1].argument.callee LogicalExpression: exit
2025-06-05T08:42:12.332Z babel program.body[0].declarations[0].init.expressions[1].right.expressions[1].body.body[1].argument.arguments[0] FunctionExpression: enter
2025-06-05T08:42:12.332Z babel program.body[0].declarations[0].init.expressions[1].right.expressions[1].body.body[1].argument.arguments[0] FunctionExpression: Recursing into...
2025-06-05T08:42:12.332Z babel program.body[0].declarations[0].init.expressions[1].right.expressions[1].body.body[1].argument.arguments[0].params[0] Identifier: enter
2025-06-05T08:42:12.332Z babel program.body[0].declarations[0].init.expressions[1].right.expressions[1].body.body[1].argument.arguments[0].params[0] Identifier: Recursing into...
2025-06-05T08:42:12.332Z babel program.body[0].declarations[0].init.expressions[1].right.expressions[1].body.body[1].argument.arguments[0].params[0] Identifier: exit
2025-06-05T08:42:12.332Z babel program.body[0].declarations[0].init.expressions[1].right.expressions[1].body.body[1].argument.arguments[0].params[1] Identifier: enter
2025-06-05T08:42:12.332Z babel program.body[0].declarations[0].init.expressions[1].right.expressions[1].body.body[1].argument.arguments[0].params[1] Identifier: Recursing into...
2025-06-05T08:42:12.332Z babel program.body[0].declarations[0].init.expressions[1].right.expressions[1].body.body[1].argument.arguments[0].params[1] Identifier: exit
2025-06-05T08:42:12.332Z babel program.body[0].declarations[0].init.expressions[1].right.expressions[1].body.body[1].argument.arguments[0].body BlockStatement: enter
2025-06-05T08:42:12.332Z babel program.body[0].declarations[0].init.expressions[1].right.expressions[1].body.body[1].argument.arguments[0].body BlockStatement: Recursing into...
2025-06-05T08:42:12.332Z babel program.body[0].declarations[0].init.expressions[1].right.expressions[1].body.body[1].argument.arguments[0].body.body[0] FunctionDeclaration: enter
2025-06-05T08:42:12.332Z babel program.body[0].declarations[0].init.expressions[1].right.expressions[1].body.body[1].argument.arguments[0].body.body[0] FunctionDeclaration: Recursing into...
2025-06-05T08:42:12.332Z babel program.body[0].declarations[0].init.expressions[1].right.expressions[1].body.body[1].argument.arguments[0].body.body[0].id Identifier: enter
2025-06-05T08:42:12.332Z babel program.body[0].declarations[0].init.expressions[1].right.expressions[1].body.body[1].argument.arguments[0].body.body[0].id Identifier: Recursing into...
2025-06-05T08:42:12.332Z babel program.body[0].declarations[0].init.expressions[1].right.expressions[1].body.body[1].argument.arguments[0].body.body[0].id Identifier: exit
2025-06-05T08:42:12.332Z babel program.body[0].declarations[0].init.expressions[1].right.expressions[1].body.body[1].argument.arguments[0].body.body[0].params[0] Identifier: enter
2025-06-05T08:42:12.332Z babel program.body[0].declarations[0].init.expressions[1].right.expressions[1].body.body[1].argument.arguments[0].body.body[0].params[0] Identifier: Recursing into...
2025-06-05T08:42:12.332Z babel program.body[0].declarations[0].init.expressions[1].right.expressions[1].body.body[1].argument.arguments[0].body.body[0].params[0] Identifier: exit
2025-06-05T08:42:12.332Z babel program.body[0].declarations[0].init.expressions[1].right.expressions[1].body.body[1].argument.arguments[0].body.body[0].body BlockStatement: enter
2025-06-05T08:42:12.332Z babel program.body[0].declarations[0].init.expressions[1].right.expressions[1].body.body[1].argument.arguments[0].body.body[0].body BlockStatement: Recursing into...
2025-06-05T08:42:12.332Z babel program.body[0].declarations[0].init.expressions[1].right.expressions[1].body.body[1].argument.arguments[0].body.body[0].body.body[0] TryStatement: enter
2025-06-05T08:42:12.332Z babel program.body[0].declarations[0].init.expressions[1].right.expressions[1].body.body[1].argument.arguments[0].body.body[0].body.body[0] TryStatement: Recursing into...
2025-06-05T08:42:12.332Z babel program.body[0].declarations[0].init.expressions[1].right.expressions[1].body.body[1].argument.arguments[0].body.body[0].body.body[0].block BlockStatement: enter
2025-06-05T08:42:12.332Z babel program.body[0].declarations[0].init.expressions[1].right.expressions[1].body.body[1].argument.arguments[0].body.body[0].body.body[0].block BlockStatement: Recursing into...
2025-06-05T08:42:12.332Z babel program.body[0].declarations[0].init.expressions[1].right.expressions[1].body.body[1].argument.arguments[0].body.body[0].body.body[0].block.body[0] ExpressionStatement: enter
2025-06-05T08:42:12.332Z babel program.body[0].declarations[0].init.expressions[1].right.expressions[1].body.body[1].argument.arguments[0].body.body[0].body.body[0].block.body[0] ExpressionStatement: Recursing into...
2025-06-05T08:42:12.332Z babel program.body[0].declarations[0].init.expressions[1].right.expressions[1].body.body[1].argument.arguments[0].body.body[0].body.body[0].block.body[0].expression CallExpression: enter
2025-06-05T08:42:12.332Z babel program.body[0].declarations[0].init.expressions[1].right.expressions[1].body.body[1].argument.arguments[0].body.body[0].body.body[0].block.body[0].expression CallExpression: Recursing into...
2025-06-05T08:42:12.332Z babel program.body[0].declarations[0].init.expressions[1].right.expressions[1].body.body[1].argument.arguments[0].body.body[0].body.body[0].block.body[0].expression.callee Identifier: enter
2025-06-05T08:42:12.332Z babel program.body[0].declarations[0].init.expressions[1].right.expressions[1].body.body[1].argument.arguments[0].body.body[0].body.body[0].block.body[0].expression.callee Identifier: Recursing into...
2025-06-05T08:42:12.332Z babel program.body[0].declarations[0].init.expressions[1].right.expressions[1].body.body[1].argument.arguments[0].body.body[0].body.body[0].block.body[0].expression.callee Identifier: exit
2025-06-05T08:42:12.332Z babel program.body[0].declarations[0].init.expressions[1].right.expressions[1].body.body[1].argument.arguments[0].body.body[0].body.body[0].block.body[0].expression.arguments[0] CallExpression: enter
2025-06-05T08:42:12.332Z babel program.body[0].declarations[0].init.expressions[1].right.expressions[1].body.body[1].argument.arguments[0].body.body[0].body.body[0].block.body[0].expression.arguments[0] CallExpression: Recursing into...
2025-06-05T08:42:12.332Z babel program.body[0].declarations[0].init.expressions[1].right.expressions[1].body.body[1].argument.arguments[0].body.body[0].body.body[0].block.body[0].expression.arguments[0].callee MemberExpression: enter
2025-06-05T08:42:12.332Z babel program.body[0].declarations[0].init.expressions[1].right.expressions[1].body.body[1].argument.arguments[0].body.body[0].body.body[0].block.body[0].expression.arguments[0].callee MemberExpression: Recursing into...
2025-06-05T08:42:12.332Z babel program.body[0].declarations[0].init.expressions[1].right.expressions[1].body.body[1].argument.arguments[0].body.body[0].body.body[0].block.body[0].expression.arguments[0].callee.object Identifier: enter
2025-06-05T08:42:12.332Z babel program.body[0].declarations[0].init.expressions[1].right.expressions[1].body.body[1].argument.arguments[0].body.body[0].body.body[0].block.body[0].expression.arguments[0].callee.object Identifier: Recursing into...
2025-06-05T08:42:12.332Z babel program.body[0].declarations[0].init.expressions[1].right.expressions[1].body.body[1].argument.arguments[0].body.body[0].body.body[0].block.body[0].expression.arguments[0].callee.object Identifier: exit
2025-06-05T08:42:12.332Z babel program.body[0].declarations[0].init.expressions[1].right.expressions[1].body.body[1].argument.arguments[0].body.body[0].body.body[0].block.body[0].expression.arguments[0].callee.property Identifier: enter
2025-06-05T08:42:12.332Z babel program.body[0].declarations[0].init.expressions[1].right.expressions[1].body.body[1].argument.arguments[0].body.body[0].body.body[0].block.body[0].expression.arguments[0].callee.property Identifier: Recursing into...
2025-06-05T08:42:12.332Z babel program.body[0].declarations[0].init.expressions[1].right.expressions[1].body.body[1].argument.arguments[0].body.body[0].body.body[0].block.body[0].expression.arguments[0].callee.property Identifier: exit
2025-06-05T08:42:12.332Z babel program.body[0].declarations[0].init.expressions[1].right.expressions[1].body.body[1].argument.arguments[0].body.body[0].body.body[0].block.body[0].expression.arguments[0].callee MemberExpression: exit
2025-06-05T08:42:12.332Z babel program.body[0].declarations[0].init.expressions[1].right.expressions[1].body.body[1].argument.arguments[0].body.body[0].body.body[0].block.body[0].expression.arguments[0].arguments[0] Identifier: enter
2025-06-05T08:42:12.332Z babel program.body[0].declarations[0].init.expressions[1].right.expressions[1].body.body[1].argument.arguments[0].body.body[0].body.body[0].block.body[0].expression.arguments[0].arguments[0] Identifier: Recursing into...
2025-06-05T08:42:12.332Z babel program.body[0].declarations[0].init.expressions[1].right.expressions[1].body.body[1].argument.arguments[0].body.body[0].body.body[0].block.body[0].expression.arguments[0].arguments[0] Identifier: exit
2025-06-05T08:42:12.332Z babel program.body[0].declarations[0].init.expressions[1].right.expressions[1].body.body[1].argument.arguments[0].body.body[0].body.body[0].block.body[0].expression.arguments[0] CallExpression: exit
2025-06-05T08:42:12.332Z babel program.body[0].declarations[0].init.expressions[1].right.expressions[1].body.body[1].argument.arguments[0].body.body[0].body.body[0].block.body[0].expression CallExpression: exit
2025-06-05T08:42:12.332Z babel program.body[0].declarations[0].init.expressions[1].right.expressions[1].body.body[1].argument.arguments[0].body.body[0].body.body[0].block.body[0] ExpressionStatement: exit
2025-06-05T08:42:12.332Z babel program.body[0].declarations[0].init.expressions[1].right.expressions[1].body.body[1].argument.arguments[0].body.body[0].body.body[0].block BlockStatement: exit
2025-06-05T08:42:12.332Z babel program.body[0].declarations[0].init.expressions[1].right.expressions[1].body.body[1].argument.arguments[0].body.body[0].body.body[0].handler CatchClause: enter
2025-06-05T08:42:12.332Z babel program.body[0].declarations[0].init.expressions[1].right.expressions[1].body.body[1].argument.arguments[0].body.body[0].body.body[0].handler CatchClause: Recursing into...
2025-06-05T08:42:12.332Z babel program.body[0].declarations[0].init.expressions[1].right.expressions[1].body.body[1].argument.arguments[0].body.body[0].body.body[0].handler.param Identifier: enter
2025-06-05T08:42:12.332Z babel program.body[0].declarations[0].init.expressions[1].right.expressions[1].body.body[1].argument.arguments[0].body.body[0].body.body[0].handler.param Identifier: Recursing into...
2025-06-05T08:42:12.332Z babel program.body[0].declarations[0].init.expressions[1].right.expressions[1].body.body[1].argument.arguments[0].body.body[0].body.body[0].handler.param Identifier: exit
2025-06-05T08:42:12.332Z babel program.body[0].declarations[0].init.expressions[1].right.expressions[1].body.body[1].argument.arguments[0].body.body[0].body.body[0].handler.body BlockStatement: enter
2025-06-05T08:42:12.332Z babel program.body[0].declarations[0].init.expressions[1].right.expressions[1].body.body[1].argument.arguments[0].body.body[0].body.body[0].handler.body BlockStatement: Recursing into...
2025-06-05T08:42:12.332Z babel program.body[0].declarations[0].init.expressions[1].right.expressions[1].body.body[1].argument.arguments[0].body.body[0].body.body[0].handler.body.body[0] ExpressionStatement: enter
2025-06-05T08:42:12.332Z babel program.body[0].declarations[0].init.expressions[1].right.expressions[1].body.body[1].argument.arguments[0].body.body[0].body.body[0].handler.body.body[0] ExpressionStatement: Recursing into...
2025-06-05T08:42:12.332Z babel program.body[0].declarations[0].init.expressions[1].right.expressions[1].body.body[1].argument.arguments[0].body.body[0].body.body[0].handler.body.body[0].expression CallExpression: enter
2025-06-05T08:42:12.332Z babel program.body[0].declarations[0].init.expressions[1].right.expressions[1].body.body[1].argument.arguments[0].body.body[0].body.body[0].handler.body.body[0].expression CallExpression: Recursing into...
2025-06-05T08:42:12.332Z babel program.body[0].declarations[0].init.expressions[1].right.expressions[1].body.body[1].argument.arguments[0].body.body[0].body.body[0].handler.body.body[0].expression.callee Identifier: enter
2025-06-05T08:42:12.332Z babel program.body[0].declarations[0].init.expressions[1].right.expressions[1].body.body[1].argument.arguments[0].body.body[0].body.body[0].handler.body.body[0].expression.callee Identifier: Recursing into...
2025-06-05T08:42:12.332Z babel program.body[0].declarations[0].init.expressions[1].right.expressions[1].body.body[1].argument.arguments[0].body.body[0].body.body[0].handler.body.body[0].expression.callee Identifier: exit
2025-06-05T08:42:12.332Z babel program.body[0].declarations[0].init.expressions[1].right.expressions[1].body.body[1].argument.arguments[0].body.body[0].body.body[0].handler.body.body[0].expression.arguments[0] Identifier: enter
2025-06-05T08:42:12.332Z babel program.body[0].declarations[0].init.expressions[1].right.expressions[1].body.body[1].argument.arguments[0].body.body[0].body.body[0].handler.body.body[0].expression.arguments[0] Identifier: Recursing into...
2025-06-05T08:42:12.332Z babel program.body[0].declarations[0].init.expressions[1].right.expressions[1].body.body[1].argument.arguments[0].body.body[0].body.body[0].handler.body.body[0].expression.arguments[0] Identifier: exit
2025-06-05T08:42:12.332Z babel program.body[0].declarations[0].init.expressions[1].right.expressions[1].body.body[1].argument.arguments[0].body.body[0].body.body[0].handler.body.body[0].expression CallExpression: exit
2025-06-05T08:42:12.332Z babel program.body[0].declarations[0].init.expressions[1].right.expressions[1].body.body[1].argument.arguments[0].body.body[0].body.body[0].handler.body.body[0] ExpressionStatement: exit
2025-06-05T08:42:12.332Z babel program.body[0].declarations[0].init.expressions[1].right.expressions[1].body.body[1].argument.arguments[0].body.body[0].body.body[0].handler.body BlockStatement: exit
2025-06-05T08:42:12.332Z babel program.body[0].declarations[0].init.expressions[1].right.expressions[1].body.body[1].argument.arguments[0].body.body[0].body.body[0].handler CatchClause: exit
2025-06-05T08:42:12.332Z babel program.body[0].declarations[0].init.expressions[1].right.expressions[1].body.body[1].argument.arguments[0].body.body[0].body.body[0] TryStatement: exit
2025-06-05T08:42:12.332Z babel program.body[0].declarations[0].init.expressions[1].right.expressions[1].body.body[1].argument.arguments[0].body.body[0].body BlockStatement: exit
2025-06-05T08:42:12.332Z babel program.body[0].declarations[0].init.expressions[1].right.expressions[1].body.body[1].argument.arguments[0].body.body[0] FunctionDeclaration: exit
2025-06-05T08:42:12.332Z babel program.body[0].declarations[0].init.expressions[1].right.expressions[1].body.body[1].argument.arguments[0].body.body[1] FunctionDeclaration: enter
2025-06-05T08:42:12.332Z babel program.body[0].declarations[0].init.expressions[1].right.expressions[1].body.body[1].argument.arguments[0].body.body[1] FunctionDeclaration: Recursing into...
2025-06-05T08:42:12.332Z babel program.body[0].declarations[0].init.expressions[1].right.expressions[1].body.body[1].argument.arguments[0].body.body[1].id Identifier: enter
2025-06-05T08:42:12.332Z babel program.body[0].declarations[0].init.expressions[1].right.expressions[1].body.body[1].argument.arguments[0].body.body[1].id Identifier: Recursing into...
2025-06-05T08:42:12.332Z babel program.body[0].declarations[0].init.expressions[1].right.expressions[1].body.body[1].argument.arguments[0].body.body[1].id Identifier: exit
2025-06-05T08:42:12.332Z babel program.body[0].declarations[0].init.expressions[1].right.expressions[1].body.body[1].argument.arguments[0].body.body[1].params[0] Identifier: enter
2025-06-05T08:42:12.332Z babel program.body[0].declarations[0].init.expressions[1].right.expressions[1].body.body[1].argument.arguments[0].body.body[1].params[0] Identifier: Recursing into...
2025-06-05T08:42:12.333Z babel program.body[0].declarations[0].init.expressions[1].right.expressions[1].body.body[1].argument.arguments[0].body.body[1].params[0] Identifier: exit
2025-06-05T08:42:12.333Z babel program.body[0].declarations[0].init.expressions[1].right.expressions[1].body.body[1].argument.arguments[0].body.body[1].body BlockStatement: enter
2025-06-05T08:42:12.333Z babel program.body[0].declarations[0].init.expressions[1].right.expressions[1].body.body[1].argument.arguments[0].body.body[1].body BlockStatement: Recursing into...
2025-06-05T08:42:12.333Z babel program.body[0].declarations[0].init.expressions[1].right.expressions[1].body.body[1].argument.arguments[0].body.body[1].body.body[0] TryStatement: enter
2025-06-05T08:42:12.333Z babel program.body[0].declarations[0].init.expressions[1].right.expressions[1].body.body[1].argument.arguments[0].body.body[1].body.body[0] TryStatement: Recursing into...
2025-06-05T08:42:12.333Z babel program.body[0].declarations[0].init.expressions[1].right.expressions[1].body.body[1].argument.arguments[0].body.body[1].body.body[0].block BlockStatement: enter
2025-06-05T08:42:12.333Z babel program.body[0].declarations[0].init.expressions[1].right.expressions[1].body.body[1].argument.arguments[0].body.body[1].body.body[0].block BlockStatement: Recursing into...
2025-06-05T08:42:12.333Z babel program.body[0].declarations[0].init.expressions[1].right.expressions[1].body.body[1].argument.arguments[0].body.body[1].body.body[0].block.body[0] ExpressionStatement: enter
2025-06-05T08:42:12.333Z babel program.body[0].declarations[0].init.expressions[1].right.expressions[1].body.body[1].argument.arguments[0].body.body[1].body.body[0].block.body[0] ExpressionStatement: Recursing into...
2025-06-05T08:42:12.333Z babel program.body[0].declarations[0].init.expressions[1].right.expressions[1].body.body[1].argument.arguments[0].body.body[1].body.body[0].block.body[0].expression CallExpression: enter
2025-06-05T08:42:12.333Z babel program.body[0].declarations[0].init.expressions[1].right.expressions[1].body.body[1].argument.arguments[0].body.body[1].body.body[0].block.body[0].expression CallExpression: Recursing into...
2025-06-05T08:42:12.333Z babel program.body[0].declarations[0].init.expressions[1].right.expressions[1].body.body[1].argument.arguments[0].body.body[1].body.body[0].block.body[0].expression.callee Identifier: enter
2025-06-05T08:42:12.333Z babel program.body[0].declarations[0].init.expressions[1].right.expressions[1].body.body[1].argument.arguments[0].body.body[1].body.body[0].block.body[0].expression.callee Identifier: Recursing into...
2025-06-05T08:42:12.333Z babel program.body[0].declarations[0].init.expressions[1].right.expressions[1].body.body[1].argument.arguments[0].body.body[1].body.body[0].block.body[0].expression.callee Identifier: exit
2025-06-05T08:42:12.333Z babel program.body[0].declarations[0].init.expressions[1].right.expressions[1].body.body[1].argument.arguments[0].body.body[1].body.body[0].block.body[0].expression.arguments[0] CallExpression: enter
2025-06-05T08:42:12.333Z babel program.body[0].declarations[0].init.expressions[1].right.expressions[1].body.body[1].argument.arguments[0].body.body[1].body.body[0].block.body[0].expression.arguments[0] CallExpression: Recursing into...
2025-06-05T08:42:12.333Z babel program.body[0].declarations[0].init.expressions[1].right.expressions[1].body.body[1].argument.arguments[0].body.body[1].body.body[0].block.body[0].expression.arguments[0].callee MemberExpression: enter
2025-06-05T08:42:12.333Z babel program.body[0].declarations[0].init.expressions[1].right.expressions[1].body.body[1].argument.arguments[0].body.body[1].body.body[0].block.body[0].expression.arguments[0].callee MemberExpression: Recursing into...
2025-06-05T08:42:12.333Z babel program.body[0].declarations[0].init.expressions[1].right.expressions[1].body.body[1].argument.arguments[0].body.body[1].body.body[0].block.body[0].expression.arguments[0].callee.object Identifier: enter
2025-06-05T08:42:12.333Z babel program.body[0].declarations[0].init.expressions[1].right.expressions[1].body.body[1].argument.arguments[0].body.body[1].body.body[0].block.body[0].expression.arguments[0].callee.object Identifier: Recursing into...
2025-06-05T08:42:12.333Z babel program.body[0].declarations[0].init.expressions[1].right.expressions[1].body.body[1].argument.arguments[0].body.body[1].body.body[0].block.body[0].expression.arguments[0].callee.object Identifier: exit
2025-06-05T08:42:12.333Z babel program.body[0].declarations[0].init.expressions[1].right.expressions[1].body.body[1].argument.arguments[0].body.body[1].body.body[0].block.body[0].expression.arguments[0].callee.property StringLiteral: enter
2025-06-05T08:42:12.333Z babel program.body[0].declarations[0].init.expressions[1].right.expressions[1].body.body[1].argument.arguments[0].body.body[1].body.body[0].block.body[0].expression.arguments[0].callee.property StringLiteral: Recursing into...
2025-06-05T08:42:12.333Z babel program.body[0].declarations[0].init.expressions[1].right.expressions[1].body.body[1].argument.arguments[0].body.body[1].body.body[0].block.body[0].expression.arguments[0].callee.property StringLiteral: exit
2025-06-05T08:42:12.333Z babel program.body[0].declarations[0].init.expressions[1].right.expressions[1].body.body[1].argument.arguments[0].body.body[1].body.body[0].block.body[0].expression.arguments[0].callee MemberExpression: exit
2025-06-05T08:42:12.333Z babel program.body[0].declarations[0].init.expressions[1].right.expressions[1].body.body[1].argument.arguments[0].body.body[1].body.body[0].block.body[0].expression.arguments[0].arguments[0] Identifier: enter
2025-06-05T08:42:12.333Z babel program.body[0].declarations[0].init.expressions[1].right.expressions[1].body.body[1].argument.arguments[0].body.body[1].body.body[0].block.body[0].expression.arguments[0].arguments[0] Identifier: Recursing into...
2025-06-05T08:42:12.333Z babel program.body[0].declarations[0].init.expressions[1].right.expressions[1].body.body[1].argument.arguments[0].body.body[1].body.body[0].block.body[0].expression.arguments[0].arguments[0] Identifier: exit
2025-06-05T08:42:12.333Z babel program.body[0].declarations[0].init.expressions[1].right.expressions[1].body.body[1].argument.arguments[0].body.body[1].body.body[0].block.body[0].expression.arguments[0] CallExpression: exit
2025-06-05T08:42:12.333Z babel program.body[0].declarations[0].init.expressions[1].right.expressions[1].body.body[1].argument.arguments[0].body.body[1].body.body[0].block.body[0].expression CallExpression: exit
2025-06-05T08:42:12.333Z babel program.body[0].declarations[0].init.expressions[1].right.expressions[1].body.body[1].argument.arguments[0].body.body[1].body.body[0].block.body[0] ExpressionStatement: exit
2025-06-05T08:42:12.333Z babel program.body[0].declarations[0].init.expressions[1].right.expressions[1].body.body[1].argument.arguments[0].body.body[1].body.body[0].block BlockStatement: exit
2025-06-05T08:42:12.333Z babel program.body[0].declarations[0].init.expressions[1].right.expressions[1].body.body[1].argument.arguments[0].body.body[1].body.body[0].handler CatchClause: enter
2025-06-05T08:42:12.333Z babel program.body[0].declarations[0].init.expressions[1].right.expressions[1].body.body[1].argument.arguments[0].body.body[1].body.body[0].handler CatchClause: Recursing into...
2025-06-05T08:42:12.333Z babel program.body[0].declarations[0].init.expressions[1].right.expressions[1].body.body[1].argument.arguments[0].body.body[1].body.body[0].handler.param Identifier: enter
2025-06-05T08:42:12.333Z babel program.body[0].declarations[0].init.expressions[1].right.expressions[1].body.body[1].argument.arguments[0].body.body[1].body.body[0].handler.param Identifier: Recursing into...
2025-06-05T08:42:12.333Z babel program.body[0].declarations[0].init.expressions[1].right.expressions[1].body.body[1].argument.arguments[0].body.body[1].body.body[0].handler.param Identifier: exit
2025-06-05T08:42:12.333Z babel program.body[0].declarations[0].init.expressions[1].right.expressions[1].body.body[1].argument.arguments[0].body.body[1].body.body[0].handler.body BlockStatement: enter
2025-06-05T08:42:12.333Z babel program.body[0].declarations[0].init.expressions[1].right.expressions[1].body.body[1].argument.arguments[0].body.body[1].body.body[0].handler.body BlockStatement: Recursing into...
2025-06-05T08:42:12.333Z babel program.body[0].declarations[0].init.expressions[1].right.expressions[1].body.body[1].argument.arguments[0].body.body[1].body.body[0].handler.body.body[0] ExpressionStatement: enter
2025-06-05T08:42:12.333Z babel program.body[0].declarations[0].init.expressions[1].right.expressions[1].body.body[1].argument.arguments[0].body.body[1].body.body[0].handler.body.body[0] ExpressionStatement: Recursing into...
2025-06-05T08:42:12.333Z babel program.body[0].declarations[0].init.expressions[1].right.expressions[1].body.body[1].argument.arguments[0].body.body[1].body.body[0].handler.body.body[0].expression CallExpression: enter
2025-06-05T08:42:12.333Z babel program.body[0].declarations[0].init.expressions[1].right.expressions[1].body.body[1].argument.arguments[0].body.body[1].body.body[0].handler.body.body[0].expression CallExpression: Recursing into...
2025-06-05T08:42:12.333Z babel program.body[0].declarations[0].init.expressions[1].right.expressions[1].body.body[1].argument.arguments[0].body.body[1].body.body[0].handler.body.body[0].expression.callee Identifier: enter
2025-06-05T08:42:12.333Z babel program.body[0].declarations[0].init.expressions[1].right.expressions[1].body.body[1].argument.arguments[0].body.body[1].body.body[0].handler.body.body[0].expression.callee Identifier: Recursing into...
2025-06-05T08:42:12.333Z babel program.body[0].declarations[0].init.expressions[1].right.expressions[1].body.body[1].argument.arguments[0].body.body[1].body.body[0].handler.body.body[0].expression.callee Identifier: exit
2025-06-05T08:42:12.333Z babel program.body[0].declarations[0].init.expressions[1].right.expressions[1].body.body[1].argument.arguments[0].body.body[1].body.body[0].handler.body.body[0].expression.arguments[0] Identifier: enter
2025-06-05T08:42:12.333Z babel program.body[0].declarations[0].init.expressions[1].right.expressions[1].body.body[1].argument.arguments[0].body.body[1].body.body[0].handler.body.body[0].expression.arguments[0] Identifier: Recursing into...
2025-06-05T08:42:12.333Z babel program.body[0].declarations[0].init.expressions[1].right.expressions[1].body.body[1].argument.arguments[0].body.body[1].body.body[0].handler.body.body[0].expression.arguments[0] Identifier: exit
2025-06-05T08:42:12.333Z babel program.body[0].declarations[0].init.expressions[1].right.expressions[1].body.body[1].argument.arguments[0].body.body[1].body.body[0].handler.body.body[0].expression CallExpression: exit
2025-06-05T08:42:12.333Z babel program.body[0].declarations[0].init.expressions[1].right.expressions[1].body.body[1].argument.arguments[0].body.body[1].body.body[0].handler.body.body[0] ExpressionStatement: exit
2025-06-05T08:42:12.333Z babel program.body[0].declarations[0].init.expressions[1].right.expressions[1].body.body[1].argument.arguments[0].body.body[1].body.body[0].handler.body BlockStatement: exit
2025-06-05T08:42:12.333Z babel program.body[0].declarations[0].init.expressions[1].right.expressions[1].body.body[1].argument.arguments[0].body.body[1].body.body[0].handler CatchClause: exit
2025-06-05T08:42:12.333Z babel program.body[0].declarations[0].init.expressions[1].right.expressions[1].body.body[1].argument.arguments[0].body.body[1].body.body[0] TryStatement: exit
2025-06-05T08:42:12.333Z babel program.body[0].declarations[0].init.expressions[1].right.expressions[1].body.body[1].argument.arguments[0].body.body[1].body BlockStatement: exit
2025-06-05T08:42:12.333Z babel program.body[0].declarations[0].init.expressions[1].right.expressions[1].body.body[1].argument.arguments[0].body.body[1] FunctionDeclaration: exit
2025-06-05T08:42:12.333Z babel program.body[0].declarations[0].init.expressions[1].right.expressions[1].body.body[1].argument.arguments[0].body.body[2] FunctionDeclaration: enter
2025-06-05T08:42:12.333Z babel program.body[0].declarations[0].init.expressions[1].right.expressions[1].body.body[1].argument.arguments[0].body.body[2] FunctionDeclaration: Recursing into...
2025-06-05T08:42:12.333Z babel program.body[0].declarations[0].init.expressions[1].right.expressions[1].body.body[1].argument.arguments[0].body.body[2].id Identifier: enter
2025-06-05T08:42:12.333Z babel program.body[0].declarations[0].init.expressions[1].right.expressions[1].body.body[1].argument.arguments[0].body.body[2].id Identifier: Recursing into...
2025-06-05T08:42:12.333Z babel program.body[0].declarations[0].init.expressions[1].right.expressions[1].body.body[1].argument.arguments[0].body.body[2].id Identifier: exit
2025-06-05T08:42:12.333Z babel program.body[0].declarations[0].init.expressions[1].right.expressions[1].body.body[1].argument.arguments[0].body.body[2].params[0] Identifier: enter
2025-06-05T08:42:12.333Z babel program.body[0].declarations[0].init.expressions[1].right.expressions[1].body.body[1].argument.arguments[0].body.body[2].params[0] Identifier: Recursing into...
2025-06-05T08:42:12.333Z babel program.body[0].declarations[0].init.expressions[1].right.expressions[1].body.body[1].argument.arguments[0].body.body[2].params[0] Identifier: exit
2025-06-05T08:42:12.333Z babel program.body[0].declarations[0].init.expressions[1].right.expressions[1].body.body[1].argument.arguments[0].body.body[2].body BlockStatement: enter
2025-06-05T08:42:12.333Z babel program.body[0].declarations[0].init.expressions[1].right.expressions[1].body.body[1].argument.arguments[0].body.body[2].body BlockStatement: Recursing into...
2025-06-05T08:42:12.333Z babel program.body[0].declarations[0].init.expressions[1].right.expressions[1].body.body[1].argument.arguments[0].body.body[2].body.body[0] ExpressionStatement: enter
2025-06-05T08:42:12.333Z babel program.body[0].declarations[0].init.expressions[1].right.expressions[1].body.body[1].argument.arguments[0].body.body[2].body.body[0] ExpressionStatement: Recursing into...
2025-06-05T08:42:12.333Z babel program.body[0].declarations[0].init.expressions[1].right.expressions[1].body.body[1].argument.arguments[0].body.body[2].body.body[0].expression ConditionalExpression: enter
2025-06-05T08:42:12.333Z babel program.body[0].declarations[0].init.expressions[1].right.expressions[1].body.body[1].argument.arguments[0].body.body[2].body.body[0].expression ConditionalExpression: Recursing into...
2025-06-05T08:42:12.333Z babel program.body[0].declarations[0].init.expressions[1].right.expressions[1].body.body[1].argument.arguments[0].body.body[2].body.body[0].expression.test MemberExpression: enter
2025-06-05T08:42:12.333Z babel program.body[0].declarations[0].init.expressions[1].right.expressions[1].body.body[1].argument.arguments[0].body.body[2].body.body[0].expression.test MemberExpression: Recursing into...
2025-06-05T08:42:12.333Z babel program.body[0].declarations[0].init.expressions[1].right.expressions[1].body.body[1].argument.arguments[0].body.body[2].body.body[0].expression.test.object Identifier: enter
2025-06-05T08:42:12.333Z babel program.body[0].declarations[0].init.expressions[1].right.expressions[1].body.body[1].argument.arguments[0].body.body[2].body.body[0].expression.test.object Identifier: Recursing into...
2025-06-05T08:42:12.333Z babel program.body[0].declarations[0].init.expressions[1].right.expressions[1].body.body[1].argument.arguments[0].body.body[2].body.body[0].expression.test.object Identifier: exit
2025-06-05T08:42:12.333Z babel program.body[0].declarations[0].init.expressions[1].right.expressions[1].body.body[1].argument.arguments[0].body.body[2].body.body[0].expression.test.property Identifier: enter
2025-06-05T08:42:12.333Z babel program.body[0].declarations[0].init.expressions[1].right.expressions[1].body.body[1].argument.arguments[0].body.body[2].body.body[0].expression.test.property Identifier: Recursing into...
2025-06-05T08:42:12.333Z babel program.body[0].declarations[0].init.expressions[1].right.expressions[1].body.body[1].argument.arguments[0].body.body[2].body.body[0].expression.test.property Identifier: exit
2025-06-05T08:42:12.333Z babel program.body[0].declarations[0].init.expressions[1].right.expressions[1].body.body[1].argument.arguments[0].body.body[2].body.body[0].expression.test MemberExpression: exit
2025-06-05T08:42:12.333Z babel program.body[0].declarations[0].init.expressions[1].right.expressions[1].body.body[1].argument.arguments[0].body.body[2].body.body[0].expression.consequent CallExpression: enter
2025-06-05T08:42:12.333Z babel program.body[0].declarations[0].init.expressions[1].right.expressions[1].body.body[1].argument.arguments[0].body.body[2].body.body[0].expression.consequent CallExpression: Recursing into...
2025-06-05T08:42:12.333Z babel program.body[0].declarations[0].init.expressions[1].right.expressions[1].body.body[1].argument.arguments[0].body.body[2].body.body[0].expression.consequent.callee Identifier: enter
2025-06-05T08:42:12.333Z babel program.body[0].declarations[0].init.expressions[1].right.expressions[1].body.body[1].argument.arguments[0].body.body[2].body.body[0].expression.consequent.callee Identifier: Recursing into...
2025-06-05T08:42:12.333Z babel program.body[0].declarations[0].init.expressions[1].right.expressions[1].body.body[1].argument.arguments[0].body.body[2].body.body[0].expression.consequent.callee Identifier: exit
2025-06-05T08:42:12.333Z babel program.body[0].declarations[0].init.expressions[1].right.expressions[1].body.body[1].argument.arguments[0].body.body[2].body.body[0].expression.consequent.arguments[0] MemberExpression: enter
2025-06-05T08:42:12.333Z babel program.body[0].declarations[0].init.expressions[1].right.expressions[1].body.body[1].argument.arguments[0].body.body[2].body.body[0].expression.consequent.arguments[0] MemberExpression: Recursing into...
2025-06-05T08:42:12.333Z babel program.body[0].declarations[0].init.expressions[1].right.expressions[1].body.body[1].argument.arguments[0].body.body[2].body.body[0].expression.consequent.arguments[0].object Identifier: enter
2025-06-05T08:42:12.333Z babel program.body[0].declarations[0].init.expressions[1].right.expressions[1].body.body[1].argument.arguments[0].body.body[2].body.body[0].expression.consequent.arguments[0].object Identifier: Recursing into...
2025-06-05T08:42:12.333Z babel program.body[0].declarations[0].init.expressions[1].right.expressions[1].body.body[1].argument.arguments[0].body.body[2].body.body[0].expression.consequent.arguments[0].object Identifier: exit
2025-06-05T08:42:12.333Z babel program.body[0].declarations[0].init.expressions[1].right.expressions[1].body.body[1].argument.arguments[0].body.body[2].body.body[0].expression.consequent.arguments[0].property Identifier: enter
2025-06-05T08:42:12.333Z babel program.body[0].declarations[0].init.expressions[1].right.expressions[1].body.body[1].argument.arguments[0].body.body[2].body.body[0].expression.consequent.arguments[0].property Identifier: Recursing into...
2025-06-05T08:42:12.333Z babel program.body[0].declarations[0].init.expressions[1].right.expressions[1].body.body[1].argument.arguments[0].body.body[2].body.body[0].expression.consequent.arguments[0].property Identifier: exit
2025-06-05T08:42:12.333Z babel program.body[0].declarations[0].init.expressions[1].right.expressions[1].body.body[1].argument.arguments[0].body.body[2].body.body[0].expression.consequent.arguments[0] MemberExpression: exit
2025-06-05T08:42:12.333Z babel program.body[0].declarations[0].init.expressions[1].right.expressions[1].body.body[1].argument.arguments[0].body.body[2].body.body[0].expression.consequent CallExpression: exit
2025-06-05T08:42:12.333Z babel program.body[0].declarations[0].init.expressions[1].right.expressions[1].body.body[1].argument.arguments[0].body.body[2].body.body[0].expression.alternate CallExpression: enter
2025-06-05T08:42:12.333Z babel program.body[0].declarations[0].init.expressions[1].right.expressions[1].body.body[1].argument.arguments[0].body.body[2].body.body[0].expression.alternate CallExpression: Recursing into...
2025-06-05T08:42:12.333Z babel program.body[0].declarations[0].init.expressions[1].right.expressions[1].body.body[1].argument.arguments[0].body.body[2].body.body[0].expression.alternate.callee MemberExpression: enter
2025-06-05T08:42:12.333Z babel program.body[0].declarations[0].init.expressions[1].right.expressions[1].body.body[1].argument.arguments[0].body.body[2].body.body[0].expression.alternate.callee MemberExpression: Recursing into...
2025-06-05T08:42:12.333Z babel program.body[0].declarations[0].init.expressions[1].right.expressions[1].body.body[1].argument.arguments[0].body.body[2].body.body[0].expression.alternate.callee.object CallExpression: enter
2025-06-05T08:42:12.333Z babel program.body[0].declarations[0].init.expressions[1].right.expressions[1].body.body[1].argument.arguments[0].body.body[2].body.body[0].expression.alternate.callee.object CallExpression: Recursing into...
2025-06-05T08:42:12.333Z babel program.body[0].declarations[0].init.expressions[1].right.expressions[1].body.body[1].argument.arguments[0].body.body[2].body.body[0].expression.alternate.callee.object.callee Identifier: enter
2025-06-05T08:42:12.333Z babel program.body[0].declarations[0].init.expressions[1].right.expressions[1].body.body[1].argument.arguments[0].body.body[2].body.body[0].expression.alternate.callee.object.callee Identifier: Recursing into...
2025-06-05T08:42:12.333Z babel program.body[0].declarations[0].init.expressions[1].right.expressions[1].body.body[1].argument.arguments[0].body.body[2].body.body[0].expression.alternate.callee.object.callee Identifier: exit
2025-06-05T08:42:12.333Z babel program.body[0].declarations[0].init.expressions[1].right.expressions[1].body.body[1].argument.arguments[0].body.body[2].body.body[0].expression.alternate.callee.object.arguments[0] MemberExpression: enter
2025-06-05T08:42:12.333Z babel program.body[0].declarations[0].init.expressions[1].right.expressions[1].body.body[1].argument.arguments[0].body.body[2].body.body[0].expression.alternate.callee.object.arguments[0] MemberExpression: Recursing into...
2025-06-05T08:42:12.333Z babel program.body[0].declarations[0].init.expressions[1].right.expressions[1].body.body[1].argument.arguments[0].body.body[2].body.body[0].expression.alternate.callee.object.arguments[0].object Identifier: enter
2025-06-05T08:42:12.333Z babel program.body[0].declarations[0].init.expressions[1].right.expressions[1].body.body[1].argument.arguments[0].body.body[2].body.body[0].expression.alternate.callee.object.arguments[0].object Identifier: Recursing into...
2025-06-05T08:42:12.333Z babel program.body[0].declarations[0].init.expressions[1].right.expressions[1].body.body[1].argument.arguments[0].body.body[2].body.body[0].expression.alternate.callee.object.arguments[0].object Identifier: exit
2025-06-05T08:42:12.333Z babel program.body[0].declarations[0].init.expressions[1].right.expressions[1].body.body[1].argument.arguments[0].body.body[2].body.body[0].expression.alternate.callee.object.arguments[0].property Identifier: enter
2025-06-05T08:42:12.333Z babel program.body[0].declarations[0].init.expressions[1].right.expressions[1].body.body[1].argument.arguments[0].body.body[2].body.body[0].expression.alternate.callee.object.arguments[0].property Identifier: Recursing into...
2025-06-05T08:42:12.333Z babel program.body[0].declarations[0].init.expressions[1].right.expressions[1].body.body[1].argument.arguments[0].body.body[2].body.body[0].expression.alternate.callee.object.arguments[0].property Identifier: exit
2025-06-05T08:42:12.333Z babel program.body[0].declarations[0].init.expressions[1].right.expressions[1].body.body[1].argument.arguments[0].body.body[2].body.body[0].expression.alternate.callee.object.arguments[0] MemberExpression: exit
2025-06-05T08:42:12.333Z babel program.body[0].declarations[0].init.expressions[1].right.expressions[1].body.body[1].argument.arguments[0].body.body[2].body.body[0].expression.alternate.callee.object CallExpression: exit
2025-06-05T08:42:12.333Z babel program.body[0].declarations[0].init.expressions[1].right.expressions[1].body.body[1].argument.arguments[0].body.body[2].body.body[0].expression.alternate.callee.property Identifier: enter
2025-06-05T08:42:12.333Z babel program.body[0].declarations[0].init.expressions[1].right.expressions[1].body.body[1].argument.arguments[0].body.body[2].body.body[0].expression.alternate.callee.property Identifier: Recursing into...
2025-06-05T08:42:12.333Z babel program.body[0].declarations[0].init.expressions[1].right.expressions[1].body.body[1].argument.arguments[0].body.body[2].body.body[0].expression.alternate.callee.property Identifier: exit
2025-06-05T08:42:12.333Z babel program.body[0].declarations[0].init.expressions[1].right.expressions[1].body.body[1].argument.arguments[0].body.body[2].body.body[0].expression.alternate.callee MemberExpression: exit
2025-06-05T08:42:12.333Z babel program.body[0].declarations[0].init.expressions[1].right.expressions[1].body.body[1].argument.arguments[0].body.body[2].body.body[0].expression.alternate.arguments[0] Identifier: enter
2025-06-05T08:42:12.333Z babel program.body[0].declarations[0].init.expressions[1].right.expressions[1].body.body[1].argument.arguments[0].body.body[2].body.body[0].expression.alternate.arguments[0] Identifier: Recursing into...
2025-06-05T08:42:12.333Z babel program.body[0].declarations[0].init.expressions[1].right.expressions[1].body.body[1].argument.arguments[0].body.body[2].body.body[0].expression.alternate.arguments[0] Identifier: exit
2025-06-05T08:42:12.333Z babel program.body[0].declarations[0].init.expressions[1].right.expressions[1].body.body[1].argument.arguments[0].body.body[2].body.body[0].expression.alternate.arguments[1] Identifier: enter
2025-06-05T08:42:12.333Z babel program.body[0].declarations[0].init.expressions[1].right.expressions[1].body.body[1].argument.arguments[0].body.body[2].body.body[0].expression.alternate.arguments[1] Identifier: Recursing into...
2025-06-05T08:42:12.333Z babel program.body[0].declarations[0].init.expressions[1].right.expressions[1].body.body[1].argument.arguments[0].body.body[2].body.body[0].expression.alternate.arguments[1] Identifier: exit
2025-06-05T08:42:12.333Z babel program.body[0].declarations[0].init.expressions[1].right.expressions[1].body.body[1].argument.arguments[0].body.body[2].body.body[0].expression.alternate CallExpression: exit
2025-06-05T08:42:12.333Z babel program.body[0].declarations[0].init.expressions[1].right.expressions[1].body.body[1].argument.arguments[0].body.body[2].body.body[0].expression ConditionalExpression: exit
2025-06-05T08:42:12.333Z babel program.body[0].declarations[0].init.expressions[1].right.expressions[1].body.body[1].argument.arguments[0].body.body[2].body.body[0] ExpressionStatement: exit
2025-06-05T08:42:12.333Z babel program.body[0].declarations[0].init.expressions[1].right.expressions[1].body.body[1].argument.arguments[0].body.body[2].body BlockStatement: exit
2025-06-05T08:42:12.333Z babel program.body[0].declarations[0].init.expressions[1].right.expressions[1].body.body[1].argument.arguments[0].body.body[2] FunctionDeclaration: exit
2025-06-05T08:42:12.333Z babel program.body[0].declarations[0].init.expressions[1].right.expressions[1].body.body[1].argument.arguments[0].body.body[3] ExpressionStatement: enter
2025-06-05T08:42:12.333Z babel program.body[0].declarations[0].init.expressions[1].right.expressions[1].body.body[1].argument.arguments[0].body.body[3] ExpressionStatement: Recursing into...
2025-06-05T08:42:12.333Z babel program.body[0].declarations[0].init.expressions[1].right.expressions[1].body.body[1].argument.arguments[0].body.body[3].expression CallExpression: enter
2025-06-05T08:42:12.333Z babel program.body[0].declarations[0].init.expressions[1].right.expressions[1].body.body[1].argument.arguments[0].body.body[3].expression CallExpression: Recursing into...
2025-06-05T08:42:12.333Z babel program.body[0].declarations[0].init.expressions[1].right.expressions[1].body.body[1].argument.arguments[0].body.body[3].expression.callee Identifier: enter
2025-06-05T08:42:12.333Z babel program.body[0].declarations[0].init.expressions[1].right.expressions[1].body.body[1].argument.arguments[0].body.body[3].expression.callee Identifier: Recursing into...
2025-06-05T08:42:12.333Z babel program.body[0].declarations[0].init.expressions[1].right.expressions[1].body.body[1].argument.arguments[0].body.body[3].expression.callee Identifier: exit
2025-06-05T08:42:12.333Z babel program.body[0].declarations[0].init.expressions[1].right.expressions[1].body.body[1].argument.arguments[0].body.body[3].expression.arguments[0] CallExpression: enter
2025-06-05T08:42:12.333Z babel program.body[0].declarations[0].init.expressions[1].right.expressions[1].body.body[1].argument.arguments[0].body.body[3].expression.arguments[0] CallExpression: Recursing into...
2025-06-05T08:42:12.333Z babel program.body[0].declarations[0].init.expressions[1].right.expressions[1].body.body[1].argument.arguments[0].body.body[3].expression.arguments[0].callee MemberExpression: enter
2025-06-05T08:42:12.333Z babel program.body[0].declarations[0].init.expressions[1].right.expressions[1].body.body[1].argument.arguments[0].body.body[3].expression.arguments[0].callee MemberExpression: Recursing into...
2025-06-05T08:42:12.333Z babel program.body[0].declarations[0].init.expressions[1].right.expressions[1].body.body[1].argument.arguments[0].body.body[3].expression.arguments[0].callee.object AssignmentExpression: enter
2025-06-05T08:42:12.333Z babel program.body[0].declarations[0].init.expressions[1].right.expressions[1].body.body[1].argument.arguments[0].body.body[3].expression.arguments[0].callee.object AssignmentExpression: Recursing into...
2025-06-05T08:42:12.333Z babel program.body[0].declarations[0].init.expressions[1].right.expressions[1].body.body[1].argument.arguments[0].body.body[3].expression.arguments[0].callee.object.left Identifier: enter
2025-06-05T08:42:12.333Z babel program.body[0].declarations[0].init.expressions[1].right.expressions[1].body.body[1].argument.arguments[0].body.body[3].expression.arguments[0].callee.object.left Identifier: Recursing into...
2025-06-05T08:42:12.333Z babel program.body[0].declarations[0].init.expressions[1].right.expressions[1].body.body[1].argument.arguments[0].body.body[3].expression.arguments[0].callee.object.left Identifier: exit
2025-06-05T08:42:12.333Z babel program.body[0].declarations[0].init.expressions[1].right.expressions[1].body.body[1].argument.arguments[0].body.body[3].expression.arguments[0].callee.object.right CallExpression: enter
2025-06-05T08:42:12.333Z babel program.body[0].declarations[0].init.expressions[1].right.expressions[1].body.body[1].argument.arguments[0].body.body[3].expression.arguments[0].callee.object.right CallExpression: Recursing into...
2025-06-05T08:42:12.333Z babel program.body[0].declarations[0].init.expressions[1].right.expressions[1].body.body[1].argument.arguments[0].body.body[3].expression.arguments[0].callee.object.right.callee MemberExpression: enter
2025-06-05T08:42:12.333Z babel program.body[0].declarations[0].init.expressions[1].right.expressions[1].body.body[1].argument.arguments[0].body.body[3].expression.arguments[0].callee.object.right.callee MemberExpression: Recursing into...
2025-06-05T08:42:12.333Z babel program.body[0].declarations[0].init.expressions[1].right.expressions[1].body.body[1].argument.arguments[0].body.body[3].expression.arguments[0].callee.object.right.callee.object Identifier: enter
2025-06-05T08:42:12.333Z babel program.body[0].declarations[0].init.expressions[1].right.expressions[1].body.body[1].argument.arguments[0].body.body[3].expression.arguments[0].callee.object.right.callee.object Identifier: Recursing into...
2025-06-05T08:42:12.333Z babel program.body[0].declarations[0].init.expressions[1].right.expressions[1].body.body[1].argument.arguments[0].body.body[3].expression.arguments[0].callee.object.right.callee.object Identifier: exit
2025-06-05T08:42:12.333Z babel program.body[0].declarations[0].init.expressions[1].right.expressions[1].body.body[1].argument.arguments[0].body.body[3].expression.arguments[0].callee.object.right.callee.property Identifier: enter
2025-06-05T08:42:12.333Z babel program.body[0].declarations[0].init.expressions[1].right.expressions[1].body.body[1].argument.arguments[0].body.body[3].expression.arguments[0].callee.object.right.callee.property Identifier: Recursing into...
2025-06-05T08:42:12.333Z babel program.body[0].declarations[0].init.expressions[1].right.expressions[1].body.body[1].argument.arguments[0].body.body[3].expression.arguments[0].callee.object.right.callee.property Identifier: exit
2025-06-05T08:42:12.333Z babel program.body[0].declarations[0].init.expressions[1].right.expressions[1].body.body[1].argument.arguments[0].body.body[3].expression.arguments[0].callee.object.right.callee MemberExpression: exit
2025-06-05T08:42:12.334Z babel program.body[0].declarations[0].init.expressions[1].right.expressions[1].body.body[1].argument.arguments[0].body.body[3].expression.arguments[0].callee.object.right.arguments[0] Identifier: enter
2025-06-05T08:42:12.334Z babel program.body[0].declarations[0].init.expressions[1].right.expressions[1].body.body[1].argument.arguments[0].body.body[3].expression.arguments[0].callee.object.right.arguments[0] Identifier: Recursing into...
2025-06-05T08:42:12.334Z babel program.body[0].declarations[0].init.expressions[1].right.expressions[1].body.body[1].argument.arguments[0].body.body[3].expression.arguments[0].callee.object.right.arguments[0] Identifier: exit
2025-06-05T08:42:12.334Z babel program.body[0].declarations[0].init.expressions[1].right.expressions[1].body.body[1].argument.arguments[0].body.body[3].expression.arguments[0].callee.object.right.arguments[1] LogicalExpression: enter
2025-06-05T08:42:12.334Z babel program.body[0].declarations[0].init.expressions[1].right.expressions[1].body.body[1].argument.arguments[0].body.body[3].expression.arguments[0].callee.object.right.arguments[1] LogicalExpression: Recursing into...
2025-06-05T08:42:12.334Z babel program.body[0].declarations[0].init.expressions[1].right.expressions[1].body.body[1].argument.arguments[0].body.body[3].expression.arguments[0].callee.object.right.arguments[1].left Identifier: enter
2025-06-05T08:42:12.334Z babel program.body[0].declarations[0].init.expressions[1].right.expressions[1].body.body[1].argument.arguments[0].body.body[3].expression.arguments[0].callee.object.right.arguments[1].left Identifier: Recursing into...
2025-06-05T08:42:12.334Z babel program.body[0].declarations[0].init.expressions[1].right.expressions[1].body.body[1].argument.arguments[0].body.body[3].expression.arguments[0].callee.object.right.arguments[1].left Identifier: exit
2025-06-05T08:42:12.334Z babel program.body[0].declarations[0].init.expressions[1].right.expressions[1].body.body[1].argument.arguments[0].body.body[3].expression.arguments[0].callee.object.right.arguments[1].right ArrayExpression: enter
2025-06-05T08:42:12.334Z babel program.body[0].declarations[0].init.expressions[1].right.expressions[1].body.body[1].argument.arguments[0].body.body[3].expression.arguments[0].callee.object.right.arguments[1].right ArrayExpression: Recursing into...
2025-06-05T08:42:12.334Z babel program.body[0].declarations[0].init.expressions[1].right.expressions[1].body.body[1].argument.arguments[0].body.body[3].expression.arguments[0].callee.object.right.arguments[1].right ArrayExpression: exit
2025-06-05T08:42:12.334Z babel program.body[0].declarations[0].init.expressions[1].right.expressions[1].body.body[1].argument.arguments[0].body.body[3].expression.arguments[0].callee.object.right.arguments[1] LogicalExpression: exit
2025-06-05T08:42:12.334Z babel program.body[0].declarations[0].init.expressions[1].right.expressions[1].body.body[1].argument.arguments[0].body.body[3].expression.arguments[0].callee.object.right CallExpression: exit
2025-06-05T08:42:12.334Z babel program.body[0].declarations[0].init.expressions[1].right.expressions[1].body.body[1].argument.arguments[0].body.body[3].expression.arguments[0].callee.object AssignmentExpression: exit
2025-06-05T08:42:12.334Z babel program.body[0].declarations[0].init.expressions[1].right.expressions[1].body.body[1].argument.arguments[0].body.body[3].expression.arguments[0].callee.property Identifier: enter
2025-06-05T08:42:12.334Z babel program.body[0].declarations[0].init.expressions[1].right.expressions[1].body.body[1].argument.arguments[0].body.body[3].expression.arguments[0].callee.property Identifier: Recursing into...
2025-06-05T08:42:12.334Z babel program.body[0].declarations[0].init.expressions[1].right.expressions[1].body.body[1].argument.arguments[0].body.body[3].expression.arguments[0].callee.property Identifier: exit
2025-06-05T08:42:12.334Z babel program.body[0].declarations[0].init.expressions[1].right.expressions[1].body.body[1].argument.arguments[0].body.body[3].expression.arguments[0].callee MemberExpression: exit
2025-06-05T08:42:12.334Z babel program.body[0].declarations[0].init.expressions[1].right.expressions[1].body.body[1].argument.arguments[0].body.body[3].expression.arguments[0] CallExpression: exit
2025-06-05T08:42:12.334Z babel program.body[0].declarations[0].init.expressions[1].right.expressions[1].body.body[1].argument.arguments[0].body.body[3].expression CallExpression: exit
2025-06-05T08:42:12.334Z babel program.body[0].declarations[0].init.expressions[1].right.expressions[1].body.body[1].argument.arguments[0].body.body[3] ExpressionStatement: exit
2025-06-05T08:42:12.334Z babel program.body[0].declarations[0].init.expressions[1].right.expressions[1].body.body[1].argument.arguments[0].body BlockStatement: exit
2025-06-05T08:42:12.334Z babel program.body[0].declarations[0].init.expressions[1].right.expressions[1].body.body[1].argument.arguments[0] FunctionExpression: exit
2025-06-05T08:42:12.334Z babel program.body[0].declarations[0].init.expressions[1].right.expressions[1].body.body[1].argument NewExpression: exit
2025-06-05T08:42:12.334Z babel program.body[0].declarations[0].init.expressions[1].right.expressions[1].body.body[1] ReturnStatement: exit
2025-06-05T08:42:12.334Z babel program.body[0].declarations[0].init.expressions[1].right.expressions[1].body BlockStatement: exit
2025-06-05T08:42:12.334Z babel program.body[0].declarations[0].init.expressions[1].right.expressions[1] FunctionExpression: enter
2025-06-05T08:42:12.334Z babel program.body[0].declarations[0].init.expressions[1].right.expressions[1] FunctionExpression: Recursing into...
2025-06-05T08:42:12.334Z babel program.body[0].declarations[0].init.expressions[1].right.expressions[1].body BlockStatement: enter
2025-06-05T08:42:12.334Z babel program.body[0].declarations[0].init.expressions[1].right.expressions[1].body BlockStatement: Recursing into...
2025-06-05T08:42:12.334Z babel program.body[0].declarations[0].init.expressions[1].right.expressions[1].body.body[0] ExpressionStatement: enter
2025-06-05T08:42:12.334Z babel program.body[0].declarations[0].init.expressions[1].right.expressions[1].body.body[0] ExpressionStatement: Recursing into...
2025-06-05T08:42:12.334Z babel program.body[0].declarations[0].init.expressions[1].right.expressions[1].body.body[0].expression UpdateExpression: enter
2025-06-05T08:42:12.334Z babel program.body[0].declarations[0].init.expressions[1].right.expressions[1].body.body[0].expression UpdateExpression: Recursing into...
2025-06-05T08:42:12.334Z babel program.body[0].declarations[0].init.expressions[1].right.expressions[1].body.body[0].expression.argument MemberExpression: enter
2025-06-05T08:42:12.334Z babel program.body[0].declarations[0].init.expressions[1].right.expressions[1].body.body[0].expression.argument MemberExpression: Recursing into...
2025-06-05T08:42:12.334Z babel program.body[0].declarations[0].init.expressions[1].right.expressions[1].body.body[0].expression.argument.object MemberExpression: enter
2025-06-05T08:42:12.334Z babel program.body[0].declarations[0].init.expressions[1].right.expressions[1].body.body[0].expression.argument.object MemberExpression: Recursing into...
2025-06-05T08:42:12.334Z babel program.body[0].declarations[0].init.expressions[1].right.expressions[1].body.body[0].expression.argument.object.object CallExpression: enter
2025-06-05T08:42:12.334Z babel program.body[0].declarations[0].init.expressions[1].right.expressions[1].body.body[0].expression.argument.object.object CallExpression: Recursing into...
2025-06-05T08:42:12.334Z babel program.body[0].declarations[0].init.expressions[1].right.expressions[1].body.body[0].expression.argument.object.object CallExpression: exit
2025-06-05T08:42:12.334Z babel program.body[0].declarations[0].init.expressions[1].right.expressions[1].body.body[0].expression.argument.object MemberExpression: exit
2025-06-05T08:42:12.334Z babel program.body[0].declarations[0].init.expressions[1].right.expressions[1].body.body[0].expression.argument MemberExpression: exit
2025-06-05T08:42:12.334Z babel program.body[0].declarations[0].init.expressions[1].right.expressions[1].body.body[0].expression UpdateExpression: exit
2025-06-05T08:42:12.334Z babel program.body[0].declarations[0].init.expressions[1].right.expressions[1].body.body[0] ExpressionStatement: exit
2025-06-05T08:42:12.334Z babel program.body[0].declarations[0].init.expressions[1].right.expressions[1].body.body[1] FunctionDeclaration: enter
2025-06-05T08:42:12.334Z babel program.body[0].declarations[0].init.expressions[1].right.expressions[1].body.body[1] FunctionDeclaration: Recursing into...
2025-06-05T08:42:12.335Z babel program.body[0].declarations[0].init.expressions[1].right.expressions[1].body.body[1].body BlockStatement: enter
2025-06-05T08:42:12.335Z babel program.body[0].declarations[0].init.expressions[1].right.expressions[1].body.body[1].body BlockStatement: Recursing into...
2025-06-05T08:42:12.335Z babel program.body[0].declarations[0].init.expressions[1].right.expressions[1].body.body[1].body.body[0] ExpressionStatement: enter
2025-06-05T08:42:12.335Z babel program.body[0].declarations[0].init.expressions[1].right.expressions[1].body.body[1].body.body[0] ExpressionStatement: Recursing into...
2025-06-05T08:42:12.335Z babel program.body[0].declarations[0].init.expressions[1].right.expressions[1].body.body[1].body.body[0].expression UpdateExpression: enter
2025-06-05T08:42:12.335Z babel program.body[0].declarations[0].init.expressions[1].right.expressions[1].body.body[1].body.body[0].expression UpdateExpression: Recursing into...
2025-06-05T08:42:12.335Z babel program.body[0].declarations[0].init.expressions[1].right.expressions[1].body.body[1].body.body[0].expression.argument MemberExpression: enter
2025-06-05T08:42:12.335Z babel program.body[0].declarations[0].init.expressions[1].right.expressions[1].body.body[1].body.body[0].expression.argument MemberExpression: Recursing into...
2025-06-05T08:42:12.335Z babel program.body[0].declarations[0].init.expressions[1].right.expressions[1].body.body[1].body.body[0].expression.argument.object MemberExpression: enter
2025-06-05T08:42:12.335Z babel program.body[0].declarations[0].init.expressions[1].right.expressions[1].body.body[1].body.body[0].expression.argument.object MemberExpression: Recursing into...
2025-06-05T08:42:12.335Z babel program.body[0].declarations[0].init.expressions[1].right.expressions[1].body.body[1].body.body[0].expression.argument.object.object CallExpression: enter
2025-06-05T08:42:12.335Z babel program.body[0].declarations[0].init.expressions[1].right.expressions[1].body.body[1].body.body[0].expression.argument.object.object CallExpression: Recursing into...
2025-06-05T08:42:12.335Z babel program.body[0].declarations[0].init.expressions[1].right.expressions[1].body.body[1].body.body[0].expression.argument.object.object CallExpression: exit
2025-06-05T08:42:12.335Z babel program.body[0].declarations[0].init.expressions[1].right.expressions[1].body.body[1].body.body[0].expression.argument.object MemberExpression: exit
2025-06-05T08:42:12.335Z babel program.body[0].declarations[0].init.expressions[1].right.expressions[1].body.body[1].body.body[0].expression.argument MemberExpression: exit
2025-06-05T08:42:12.335Z babel program.body[0].declarations[0].init.expressions[1].right.expressions[1].body.body[1].body.body[0].expression UpdateExpression: exit
2025-06-05T08:42:12.335Z babel program.body[0].declarations[0].init.expressions[1].right.expressions[1].body.body[1].body.body[0] ExpressionStatement: exit
2025-06-05T08:42:12.335Z babel program.body[0].declarations[0].init.expressions[1].right.expressions[1].body.body[1].body.body[1] ReturnStatement: enter
2025-06-05T08:42:12.335Z babel program.body[0].declarations[0].init.expressions[1].right.expressions[1].body.body[1].body.body[1] ExpressionStatement: Inserted.
2025-06-05T08:42:12.335Z babel program.body[0].declarations[0].init.expressions[1].right.expressions[1].body.body[1].body.body[2] ReturnStatement: Recursing into...
2025-06-05T08:42:12.335Z babel program.body[0].declarations[0].init.expressions[1].right.expressions[1].body.body[1].body.body[2].argument ConditionalExpression: enter
2025-06-05T08:42:12.335Z babel program.body[0].declarations[0].init.expressions[1].right.expressions[1].body.body[1].body.body[2].argument.consequent Identifier: Replace with SequenceExpression
2025-06-05T08:42:12.335Z babel program.body[0].declarations[0].init.expressions[1].right.expressions[1].body.body[1].body.body[2].argument.alternate NewExpression: Replace with SequenceExpression
2025-06-05T08:42:12.335Z babel program.body[0].declarations[0].init.expressions[1].right.expressions[1].body.body[1].body.body[2].argument ConditionalExpression: Recursing into...
2025-06-05T08:42:12.335Z babel program.body[0].declarations[0].init.expressions[1].right.expressions[1].body.body[1].body.body[2].argument.test BinaryExpression: enter
2025-06-05T08:42:12.335Z babel program.body[0].declarations[0].init.expressions[1].right.expressions[1].body.body[1].body.body[2].argument.test BinaryExpression: Recursing into...
2025-06-05T08:42:12.335Z babel program.body[0].declarations[0].init.expressions[1].right.expressions[1].body.body[1].body.body[2].argument.test BinaryExpression: exit
2025-06-05T08:42:12.335Z babel program.body[0].declarations[0].init.expressions[1].right.expressions[1].body.body[1].body.body[2].argument.consequent SequenceExpression: enter
2025-06-05T08:42:12.335Z babel program.body[0].declarations[0].init.expressions[1].right.expressions[1].body.body[1].body.body[2].argument.consequent SequenceExpression: Recursing into...
2025-06-05T08:42:12.335Z babel program.body[0].declarations[0].init.expressions[1].right.expressions[1].body.body[1].body.body[2].argument.consequent.expressions[0] UpdateExpression: enter
2025-06-05T08:42:12.335Z babel program.body[0].declarations[0].init.expressions[1].right.expressions[1].body.body[1].body.body[2].argument.consequent.expressions[0] UpdateExpression: Recursing into...
2025-06-05T08:42:12.336Z babel program.body[0].declarations[0].init.expressions[1].right.expressions[1].body.body[1].body.body[2].argument.consequent.expressions[0].argument MemberExpression: enter
2025-06-05T08:42:12.336Z babel program.body[0].declarations[0].init.expressions[1].right.expressions[1].body.body[1].body.body[2].argument.consequent.expressions[0].argument MemberExpression: Recursing into...
2025-06-05T08:42:12.336Z babel program.body[0].declarations[0].init.expressions[1].right.expressions[1].body.body[1].body.body[2].argument.consequent.expressions[0].argument.object MemberExpression: enter
2025-06-05T08:42:12.336Z babel program.body[0].declarations[0].init.expressions[1].right.expressions[1].body.body[1].body.body[2].argument.consequent.expressions[0].argument.object MemberExpression: Recursing into...
2025-06-05T08:42:12.336Z babel program.body[0].declarations[0].init.expressions[1].right.expressions[1].body.body[1].body.body[2].argument.consequent.expressions[0].argument.object.object MemberExpression: enter
2025-06-05T08:42:12.336Z babel program.body[0].declarations[0].init.expressions[1].right.expressions[1].body.body[1].body.body[2].argument.consequent.expressions[0].argument.object.object MemberExpression: Recursing into...
2025-06-05T08:42:12.336Z babel program.body[0].declarations[0].init.expressions[1].right.expressions[1].body.body[1].body.body[2].argument.consequent.expressions[0].argument.object.object.object CallExpression: enter
2025-06-05T08:42:12.336Z babel program.body[0].declarations[0].init.expressions[1].right.expressions[1].body.body[1].body.body[2].argument.consequent.expressions[0].argument.object.object.object CallExpression: Recursing into...
2025-06-05T08:42:12.336Z babel program.body[0].declarations[0].init.expressions[1].right.expressions[1].body.body[1].body.body[2].argument.consequent.expressions[0].argument.object.object.object CallExpression: exit
2025-06-05T08:42:12.336Z babel program.body[0].declarations[0].init.expressions[1].right.expressions[1].body.body[1].body.body[2].argument.consequent.expressions[0].argument.object.object MemberExpression: exit
2025-06-05T08:42:12.336Z babel program.body[0].declarations[0].init.expressions[1].right.expressions[1].body.body[1].body.body[2].argument.consequent.expressions[0].argument.object MemberExpression: exit
2025-06-05T08:42:12.336Z babel program.body[0].declarations[0].init.expressions[1].right.expressions[1].body.body[1].body.body[2].argument.consequent.expressions[0].argument MemberExpression: exit
2025-06-05T08:42:12.336Z babel program.body[0].declarations[0].init.expressions[1].right.expressions[1].body.body[1].body.body[2].argument.consequent.expressions[0] UpdateExpression: exit
2025-06-05T08:42:12.336Z babel program.body[0].declarations[0].init.expressions[1].right.expressions[1].body.body[1].body.body[2].argument.consequent SequenceExpression: exit
2025-06-05T08:42:12.336Z babel program.body[0].declarations[0].init.expressions[1].right.expressions[1].body.body[1].body.body[2].argument.alternate SequenceExpression: enter
2025-06-05T08:42:12.336Z babel program.body[0].declarations[0].init.expressions[1].right.expressions[1].body.body[1].body.body[2].argument.alternate SequenceExpression: Recursing into...
2025-06-05T08:42:12.336Z babel program.body[0].declarations[0].init.expressions[1].right.expressions[1].body.body[1].body.body[2].argument.alternate.expressions[0] UpdateExpression: enter
2025-06-05T08:42:12.336Z babel program.body[0].declarations[0].init.expressions[1].right.expressions[1].body.body[1].body.body[2].argument.alternate.expressions[0] UpdateExpression: Recursing into...
2025-06-05T08:42:12.336Z babel program.body[0].declarations[0].init.expressions[1].right.expressions[1].body.body[1].body.body[2].argument.alternate.expressions[0].argument MemberExpression: enter
2025-06-05T08:42:12.336Z babel program.body[0].declarations[0].init.expressions[1].right.expressions[1].body.body[1].body.body[2].argument.alternate.expressions[0].argument MemberExpression: Recursing into...
2025-06-05T08:42:12.336Z babel program.body[0].declarations[0].init.expressions[1].right.expressions[1].body.body[1].body.body[2].argument.alternate.expressions[0].argument.object MemberExpression: enter
2025-06-05T08:42:12.336Z babel program.body[0].declarations[0].init.expressions[1].right.expressions[1].body.body[1].body.body[2].argument.alternate.expressions[0].argument.object MemberExpression: Recursing into...
2025-06-05T08:42:12.336Z babel program.body[0].declarations[0].init.expressions[1].right.expressions[1].body.body[1].body.body[2].argument.alternate.expressions[0].argument.object.object MemberExpression: enter
2025-06-05T08:42:12.336Z babel program.body[0].declarations[0].init.expressions[1].right.expressions[1].body.body[1].body.body[2].argument.alternate.expressions[0].argument.object.object MemberExpression: Recursing into...
2025-06-05T08:42:12.336Z babel program.body[0].declarations[0].init.expressions[1].right.expressions[1].body.body[1].body.body[2].argument.alternate.expressions[0].argument.object.object.object CallExpression: enter
2025-06-05T08:42:12.336Z babel program.body[0].declarations[0].init.expressions[1].right.expressions[1].body.body[1].body.body[2].argument.alternate.expressions[0].argument.object.object.object CallExpression: Recursing into...
2025-06-05T08:42:12.336Z babel program.body[0].declarations[0].init.expressions[1].right.expressions[1].body.body[1].body.body[2].argument.alternate.expressions[0].argument.object.object.object CallExpression: exit
2025-06-05T08:42:12.336Z babel program.body[0].declarations[0].init.expressions[1].right.expressions[1].body.body[1].body.body[2].argument.alternate.expressions[0].argument.object.object MemberExpression: exit
2025-06-05T08:42:12.336Z babel program.body[0].declarations[0].init.expressions[1].right.expressions[1].body.body[1].body.body[2].argument.alternate.expressions[0].argument.object MemberExpression: exit
2025-06-05T08:42:12.336Z babel program.body[0].declarations[0].init.expressions[1].right.expressions[1].body.body[1].body.body[2].argument.alternate.expressions[0].argument MemberExpression: exit
2025-06-05T08:42:12.336Z babel program.body[0].declarations[0].init.expressions[1].right.expressions[1].body.body[1].body.body[2].argument.alternate.expressions[0] UpdateExpression: exit
2025-06-05T08:42:12.336Z babel program.body[0].declarations[0].init.expressions[1].right.expressions[1].body.body[1].body.body[2].argument.alternate.expressions[1] NewExpression: enter
2025-06-05T08:42:12.336Z babel program.body[0].declarations[0].init.expressions[1].right.expressions[1].body.body[1].body.body[2].argument.alternate.expressions[1] NewExpression: Recursing into...
2025-06-05T08:42:12.336Z babel program.body[0].declarations[0].init.expressions[1].right.expressions[1].body.body[1].body.body[2].argument.alternate.expressions[1].arguments[0] FunctionExpression: enter
2025-06-05T08:42:12.336Z babel program.body[0].declarations[0].init.expressions[1].right.expressions[1].body.body[1].body.body[2].argument.alternate.expressions[1].arguments[0] FunctionExpression: Recursing into...
2025-06-05T08:42:12.336Z babel program.body[0].declarations[0].init.expressions[1].right.expressions[1].body.body[1].body.body[2].argument.alternate.expressions[1].arguments[0].body BlockStatement: enter
2025-06-05T08:42:12.336Z babel program.body[0].declarations[0].init.expressions[1].right.expressions[1].body.body[1].body.body[2].argument.alternate.expressions[1].arguments[0].body BlockStatement: Recursing into...
2025-06-05T08:42:12.336Z babel program.body[0].declarations[0].init.expressions[1].right.expressions[1].body.body[1].body.body[2].argument.alternate.expressions[1].arguments[0].body.body[0] ExpressionStatement: enter
2025-06-05T08:42:12.336Z babel program.body[0].declarations[0].init.expressions[1].right.expressions[1].body.body[1].body.body[2].argument.alternate.expressions[1].arguments[0].body.body[0] ExpressionStatement: Recursing into...
2025-06-05T08:42:12.336Z babel program.body[0].declarations[0].init.expressions[1].right.expressions[1].body.body[1].body.body[2].argument.alternate.expressions[1].arguments[0].body.body[0].expression UpdateExpression: enter
2025-06-05T08:42:12.336Z babel program.body[0].declarations[0].init.expressions[1].right.expressions[1].body.body[1].body.body[2].argument.alternate.expressions[1].arguments[0].body.body[0].expression UpdateExpression: Recursing into...
2025-06-05T08:42:12.336Z babel program.body[0].declarations[0].init.expressions[1].right.expressions[1].body.body[1].body.body[2].argument.alternate.expressions[1].arguments[0].body.body[0].expression.argument MemberExpression: enter
2025-06-05T08:42:12.336Z babel program.body[0].declarations[0].init.expressions[1].right.expressions[1].body.body[1].body.body[2].argument.alternate.expressions[1].arguments[0].body.body[0].expression.argument MemberExpression: Recursing into...
2025-06-05T08:42:12.336Z babel program.body[0].declarations[0].init.expressions[1].right.expressions[1].body.body[1].body.body[2].argument.alternate.expressions[1].arguments[0].body.body[0].expression.argument.object MemberExpression: enter
2025-06-05T08:42:12.336Z babel program.body[0].declarations[0].init.expressions[1].right.expressions[1].body.body[1].body.body[2].argument.alternate.expressions[1].arguments[0].body.body[0].expression.argument.object MemberExpression: Recursing into...
2025-06-05T08:42:12.336Z babel program.body[0].declarations[0].init.expressions[1].right.expressions[1].body.body[1].body.body[2].argument.alternate.expressions[1].arguments[0].body.body[0].expression.argument.object.object CallExpression: enter
2025-06-05T08:42:12.336Z babel program.body[0].declarations[0].init.expressions[1].right.expressions[1].body.body[1].body.body[2].argument.alternate.expressions[1].arguments[0].body.body[0].expression.argument.object.object CallExpression: Recursing into...
2025-06-05T08:42:12.336Z babel program.body[0].declarations[0].init.expressions[1].right.expressions[1].body.body[1].body.body[2].argument.alternate.expressions[1].arguments[0].body.body[0].expression.argument.object.object CallExpression: exit
2025-06-05T08:42:12.336Z babel program.body[0].declarations[0].init.expressions[1].right.expressions[1].body.body[1].body.body[2].argument.alternate.expressions[1].arguments[0].body.body[0].expression.argument.object MemberExpression: exit
2025-06-05T08:42:12.336Z babel program.body[0].declarations[0].init.expressions[1].right.expressions[1].body.body[1].body.body[2].argument.alternate.expressions[1].arguments[0].body.body[0].expression.argument MemberExpression: exit
2025-06-05T08:42:12.336Z babel program.body[0].declarations[0].init.expressions[1].right.expressions[1].body.body[1].body.body[2].argument.alternate.expressions[1].arguments[0].body.body[0].expression UpdateExpression: exit
2025-06-05T08:42:12.336Z babel program.body[0].declarations[0].init.expressions[1].right.expressions[1].body.body[1].body.body[2].argument.alternate.expressions[1].arguments[0].body.body[0] ExpressionStatement: exit
2025-06-05T08:42:12.336Z babel program.body[0].declarations[0].init.expressions[1].right.expressions[1].body.body[1].body.body[2].argument.alternate.expressions[1].arguments[0].body.body[1] ExpressionStatement: enter
2025-06-05T08:42:12.336Z babel program.body[0].declarations[0].init.expressions[1].right.expressions[1].body.body[1].body.body[2].argument.alternate.expressions[1].arguments[0].body.body[1] ExpressionStatement: Inserted.
2025-06-05T08:42:12.336Z babel program.body[0].declarations[0].init.expressions[1].right.expressions[1].body.body[1].body.body[2].argument.alternate.expressions[1].arguments[0].body.body[2] ExpressionStatement: Recursing into...
2025-06-05T08:42:12.336Z babel program.body[0].declarations[0].init.expressions[1].right.expressions[1].body.body[1].body.body[2].argument.alternate.expressions[1].arguments[0].body.body[2].expression CallExpression: enter
2025-06-05T08:42:12.336Z babel program.body[0].declarations[0].init.expressions[1].right.expressions[1].body.body[1].body.body[2].argument.alternate.expressions[1].arguments[0].body.body[2].expression CallExpression: Recursing into...
2025-06-05T08:42:12.336Z babel program.body[0].declarations[0].init.expressions[1].right.expressions[1].body.body[1].body.body[2].argument.alternate.expressions[1].arguments[0].body.body[2].expression CallExpression: exit
2025-06-05T08:42:12.336Z babel program.body[0].declarations[0].init.expressions[1].right.expressions[1].body.body[1].body.body[2].argument.alternate.expressions[1].arguments[0].body.body[2] ExpressionStatement: exit
2025-06-05T08:42:12.336Z babel program.body[0].declarations[0].init.expressions[1].right.expressions[1].body.body[1].body.body[2].argument.alternate.expressions[1].arguments[0].body.body[1] ExpressionStatement: enter
2025-06-05T08:42:12.336Z babel program.body[0].declarations[0].init.expressions[1].right.expressions[1].body.body[1].body.body[2].argument.alternate.expressions[1].arguments[0].body.body[1] ExpressionStatement: Recursing into...
2025-06-05T08:42:12.336Z babel program.body[0].declarations[0].init.expressions[1].right.expressions[1].body.body[1].body.body[2].argument.alternate.expressions[1].arguments[0].body.body[1].expression UpdateExpression: enter
2025-06-05T08:42:12.336Z babel program.body[0].declarations[0].init.expressions[1].right.expressions[1].body.body[1].body.body[2].argument.alternate.expressions[1].arguments[0].body.body[1].expression UpdateExpression: Recursing into...
2025-06-05T08:42:12.336Z babel program.body[0].declarations[0].init.expressions[1].right.expressions[1].body.body[1].body.body[2].argument.alternate.expressions[1].arguments[0].body.body[1].expression.argument MemberExpression: enter
2025-06-05T08:42:12.336Z babel program.body[0].declarations[0].init.expressions[1].right.expressions[1].body.body[1].body.body[2].argument.alternate.expressions[1].arguments[0].body.body[1].expression.argument MemberExpression: Recursing into...
2025-06-05T08:42:12.336Z babel program.body[0].declarations[0].init.expressions[1].right.expressions[1].body.body[1].body.body[2].argument.alternate.expressions[1].arguments[0].body.body[1].expression.argument.object MemberExpression: enter
2025-06-05T08:42:12.336Z babel program.body[0].declarations[0].init.expressions[1].right.expressions[1].body.body[1].body.body[2].argument.alternate.expressions[1].arguments[0].body.body[1].expression.argument.object MemberExpression: Recursing into...
2025-06-05T08:42:12.336Z babel program.body[0].declarations[0].init.expressions[1].right.expressions[1].body.body[1].body.body[2].argument.alternate.expressions[1].arguments[0].body.body[1].expression.argument.object.object CallExpression: enter
2025-06-05T08:42:12.336Z babel program.body[0].declarations[0].init.expressions[1].right.expressions[1].body.body[1].body.body[2].argument.alternate.expressions[1].arguments[0].body.body[1].expression.argument.object.object CallExpression: Recursing into...
2025-06-05T08:42:12.336Z babel program.body[0].declarations[0].init.expressions[1].right.expressions[1].body.body[1].body.body[2].argument.alternate.expressions[1].arguments[0].body.body[1].expression.argument.object.object CallExpression: exit
2025-06-05T08:42:12.336Z babel program.body[0].declarations[0].init.expressions[1].right.expressions[1].body.body[1].body.body[2].argument.alternate.expressions[1].arguments[0].body.body[1].expression.argument.object MemberExpression: exit
2025-06-05T08:42:12.336Z babel program.body[0].declarations[0].init.expressions[1].right.expressions[1].body.body[1].body.body[2].argument.alternate.expressions[1].arguments[0].body.body[1].expression.argument MemberExpression: exit
2025-06-05T08:42:12.336Z babel program.body[0].declarations[0].init.expressions[1].right.expressions[1].body.body[1].body.body[2].argument.alternate.expressions[1].arguments[0].body.body[1].expression UpdateExpression: exit
2025-06-05T08:42:12.336Z babel program.body[0].declarations[0].init.expressions[1].right.expressions[1].body.body[1].body.body[2].argument.alternate.expressions[1].arguments[0].body.body[1] ExpressionStatement: exit
2025-06-05T08:42:12.336Z babel program.body[0].declarations[0].init.expressions[1].right.expressions[1].body.body[1].body.body[2].argument.alternate.expressions[1].arguments[0].body BlockStatement: exit
2025-06-05T08:42:12.336Z babel program.body[0].declarations[0].init.expressions[1].right.expressions[1].body.body[1].body.body[2].argument.alternate.expressions[1].arguments[0] FunctionExpression: exit
2025-06-05T08:42:12.336Z babel program.body[0].declarations[0].init.expressions[1].right.expressions[1].body.body[1].body.body[2].argument.alternate.expressions[1] NewExpression: exit
2025-06-05T08:42:12.336Z babel program.body[0].declarations[0].init.expressions[1].right.expressions[1].body.body[1].body.body[2].argument.alternate SequenceExpression: exit
2025-06-05T08:42:12.336Z babel program.body[0].declarations[0].init.expressions[1].right.expressions[1].body.body[1].body.body[2].argument ConditionalExpression: exit
2025-06-05T08:42:12.336Z babel program.body[0].declarations[0].init.expressions[1].right.expressions[1].body.body[1].body.body[2] ReturnStatement: exit
2025-06-05T08:42:12.336Z babel program.body[0].declarations[0].init.expressions[1].right.expressions[1].body.body[1].body.body[1] ExpressionStatement: enter
2025-06-05T08:42:12.336Z babel program.body[0].declarations[0].init.expressions[1].right.expressions[1].body.body[1].body.body[1] ExpressionStatement: Recursing into...
2025-06-05T08:42:12.336Z babel program.body[0].declarations[0].init.expressions[1].right.expressions[1].body.body[1].body.body[1].expression UpdateExpression: enter
2025-06-05T08:42:12.336Z babel program.body[0].declarations[0].init.expressions[1].right.expressions[1].body.body[1].body.body[1].expression UpdateExpression: Recursing into...
2025-06-05T08:42:12.336Z babel program.body[0].declarations[0].init.expressions[1].right.expressions[1].body.body[1].body.body[1].expression.argument MemberExpression: enter
2025-06-05T08:42:12.336Z babel program.body[0].declarations[0].init.expressions[1].right.expressions[1].body.body[1].body.body[1].expression.argument MemberExpression: Recursing into...
2025-06-05T08:42:12.336Z babel program.body[0].declarations[0].init.expressions[1].right.expressions[1].body.body[1].body.body[1].expression.argument.object MemberExpression: enter
2025-06-05T08:42:12.336Z babel program.body[0].declarations[0].init.expressions[1].right.expressions[1].body.body[1].body.body[1].expression.argument.object MemberExpression: Recursing into...
2025-06-05T08:42:12.336Z babel program.body[0].declarations[0].init.expressions[1].right.expressions[1].body.body[1].body.body[1].expression.argument.object.object CallExpression: enter
2025-06-05T08:42:12.336Z babel program.body[0].declarations[0].init.expressions[1].right.expressions[1].body.body[1].body.body[1].expression.argument.object.object CallExpression: Recursing into...
2025-06-05T08:42:12.336Z babel program.body[0].declarations[0].init.expressions[1].right.expressions[1].body.body[1].body.body[1].expression.argument.object.object CallExpression: exit
2025-06-05T08:42:12.336Z babel program.body[0].declarations[0].init.expressions[1].right.expressions[1].body.body[1].body.body[1].expression.argument.object MemberExpression: exit
2025-06-05T08:42:12.336Z babel program.body[0].declarations[0].init.expressions[1].right.expressions[1].body.body[1].body.body[1].expression.argument MemberExpression: exit
2025-06-05T08:42:12.336Z babel program.body[0].declarations[0].init.expressions[1].right.expressions[1].body.body[1].body.body[1].expression UpdateExpression: exit
2025-06-05T08:42:12.336Z babel program.body[0].declarations[0].init.expressions[1].right.expressions[1].body.body[1].body.body[1] ExpressionStatement: exit
2025-06-05T08:42:12.336Z babel program.body[0].declarations[0].init.expressions[1].right.expressions[1].body.body[1].body BlockStatement: exit
2025-06-05T08:42:12.336Z babel program.body[0].declarations[0].init.expressions[1].right.expressions[1].body.body[1] FunctionDeclaration: exit
2025-06-05T08:42:12.336Z babel program.body[0].declarations[0].init.expressions[1].right.expressions[1].body.body[2] ReturnStatement: enter
2025-06-05T08:42:12.337Z babel program.body[0].declarations[0].init.expressions[1].right.expressions[1].body.body[2] ExpressionStatement: Inserted.
2025-06-05T08:42:12.337Z babel program.body[0].declarations[0].init.expressions[1].right.expressions[1].body.body[3] ReturnStatement: Recursing into...
2025-06-05T08:42:12.337Z babel program.body[0].declarations[0].init.expressions[1].right.expressions[1].body.body[3].argument NewExpression: enter
2025-06-05T08:42:12.337Z babel program.body[0].declarations[0].init.expressions[1].right.expressions[1].body.body[3].argument NewExpression: Recursing into...
2025-06-05T08:42:12.337Z babel program.body[0].declarations[0].init.expressions[1].right.expressions[1].body.body[3].argument.callee LogicalExpression: enter
2025-06-05T08:42:12.337Z babel program.body[0].declarations[0].init.expressions[1].right.expressions[1].body.body[3].argument.callee LogicalExpression: Recursing into...
2025-06-05T08:42:12.337Z babel program.body[0].declarations[0].init.expressions[1].right.expressions[1].body.body[3].argument.callee.left SequenceExpression: enter
2025-06-05T08:42:12.337Z babel program.body[0].declarations[0].init.expressions[1].right.expressions[1].body.body[3].argument.callee.left SequenceExpression: Recursing into...
2025-06-05T08:42:12.337Z babel program.body[0].declarations[0].init.expressions[1].right.expressions[1].body.body[3].argument.callee.left.expressions[0] UpdateExpression: enter
2025-06-05T08:42:12.337Z babel program.body[0].declarations[0].init.expressions[1].right.expressions[1].body.body[3].argument.callee.left.expressions[0] UpdateExpression: Recursing into...
2025-06-05T08:42:12.337Z babel program.body[0].declarations[0].init.expressions[1].right.expressions[1].body.body[3].argument.callee.left.expressions[0].argument MemberExpression: enter
2025-06-05T08:42:12.337Z babel program.body[0].declarations[0].init.expressions[1].right.expressions[1].body.body[3].argument.callee.left.expressions[0].argument MemberExpression: Recursing into...
2025-06-05T08:42:12.337Z babel program.body[0].declarations[0].init.expressions[1].right.expressions[1].body.body[3].argument.callee.left.expressions[0].argument.object MemberExpression: enter
2025-06-05T08:42:12.337Z babel program.body[0].declarations[0].init.expressions[1].right.expressions[1].body.body[3].argument.callee.left.expressions[0].argument.object MemberExpression: Recursing into...
2025-06-05T08:42:12.337Z babel program.body[0].declarations[0].init.expressions[1].right.expressions[1].body.body[3].argument.callee.left.expressions[0].argument.object.object MemberExpression: enter
2025-06-05T08:42:12.337Z babel program.body[0].declarations[0].init.expressions[1].right.expressions[1].body.body[3].argument.callee.left.expressions[0].argument.object.object MemberExpression: Recursing into...
2025-06-05T08:42:12.337Z babel program.body[0].declarations[0].init.expressions[1].right.expressions[1].body.body[3].argument.callee.left.expressions[0].argument.object.object.object CallExpression: enter
2025-06-05T08:42:12.337Z babel program.body[0].declarations[0].init.expressions[1].right.expressions[1].body.body[3].argument.callee.left.expressions[0].argument.object.object.object CallExpression: Recursing into...
2025-06-05T08:42:12.337Z babel program.body[0].declarations[0].init.expressions[1].right.expressions[1].body.body[3].argument.callee.left.expressions[0].argument.object.object.object CallExpression: exit
2025-06-05T08:42:12.337Z babel program.body[0].declarations[0].init.expressions[1].right.expressions[1].body.body[3].argument.callee.left.expressions[0].argument.object.object MemberExpression: exit
2025-06-05T08:42:12.337Z babel program.body[0].declarations[0].init.expressions[1].right.expressions[1].body.body[3].argument.callee.left.expressions[0].argument.object MemberExpression: exit
2025-06-05T08:42:12.337Z babel program.body[0].declarations[0].init.expressions[1].right.expressions[1].body.body[3].argument.callee.left.expressions[0].argument MemberExpression: exit
2025-06-05T08:42:12.337Z babel program.body[0].declarations[0].init.expressions[1].right.expressions[1].body.body[3].argument.callee.left.expressions[0] UpdateExpression: exit
2025-06-05T08:42:12.337Z babel program.body[0].declarations[0].init.expressions[1].right.expressions[1].body.body[3].argument.callee.left SequenceExpression: exit
2025-06-05T08:42:12.337Z babel program.body[0].declarations[0].init.expressions[1].right.expressions[1].body.body[3].argument.callee.right SequenceExpression: enter
2025-06-05T08:42:12.337Z babel program.body[0].declarations[0].init.expressions[1].right.expressions[1].body.body[3].argument.callee.right SequenceExpression: Recursing into...
2025-06-05T08:42:12.337Z babel program.body[0].declarations[0].init.expressions[1].right.expressions[1].body.body[3].argument.callee.right.expressions[0] UpdateExpression: enter
2025-06-05T08:42:12.337Z babel program.body[0].declarations[0].init.expressions[1].right.expressions[1].body.body[3].argument.callee.right.expressions[0] UpdateExpression: Recursing into...
2025-06-05T08:42:12.337Z babel program.body[0].declarations[0].init.expressions[1].right.expressions[1].body.body[3].argument.callee.right.expressions[0].argument MemberExpression: enter
2025-06-05T08:42:12.337Z babel program.body[0].declarations[0].init.expressions[1].right.expressions[1].body.body[3].argument.callee.right.expressions[0].argument MemberExpression: Recursing into...
2025-06-05T08:42:12.337Z babel program.body[0].declarations[0].init.expressions[1].right.expressions[1].body.body[3].argument.callee.right.expressions[0].argument.object MemberExpression: enter
2025-06-05T08:42:12.337Z babel program.body[0].declarations[0].init.expressions[1].right.expressions[1].body.body[3].argument.callee.right.expressions[0].argument.object MemberExpression: Recursing into...
2025-06-05T08:42:12.337Z babel program.body[0].declarations[0].init.expressions[1].right.expressions[1].body.body[3].argument.callee.right.expressions[0].argument.object.object MemberExpression: enter
2025-06-05T08:42:12.337Z babel program.body[0].declarations[0].init.expressions[1].right.expressions[1].body.body[3].argument.callee.right.expressions[0].argument.object.object MemberExpression: Recursing into...
2025-06-05T08:42:12.337Z babel program.body[0].declarations[0].init.expressions[1].right.expressions[1].body.body[3].argument.callee.right.expressions[0].argument.object.object.object CallExpression: enter
2025-06-05T08:42:12.337Z babel program.body[0].declarations[0].init.expressions[1].right.expressions[1].body.body[3].argument.callee.right.expressions[0].argument.object.object.object CallExpression: Recursing into...
2025-06-05T08:42:12.337Z babel program.body[0].declarations[0].init.expressions[1].right.expressions[1].body.body[3].argument.callee.right.expressions[0].argument.object.object.object CallExpression: exit
2025-06-05T08:42:12.337Z babel program.body[0].declarations[0].init.expressions[1].right.expressions[1].body.body[3].argument.callee.right.expressions[0].argument.object.object MemberExpression: exit
2025-06-05T08:42:12.337Z babel program.body[0].declarations[0].init.expressions[1].right.expressions[1].body.body[3].argument.callee.right.expressions[0].argument.object MemberExpression: exit
2025-06-05T08:42:12.337Z babel program.body[0].declarations[0].init.expressions[1].right.expressions[1].body.body[3].argument.callee.right.expressions[0].argument MemberExpression: exit
2025-06-05T08:42:12.337Z babel program.body[0].declarations[0].init.expressions[1].right.expressions[1].body.body[3].argument.callee.right.expressions[0] UpdateExpression: exit
2025-06-05T08:42:12.337Z babel program.body[0].declarations[0].init.expressions[1].right.expressions[1].body.body[3].argument.callee.right.expressions[1] AssignmentExpression: enter
2025-06-05T08:42:12.337Z babel program.body[0].declarations[0].init.expressions[1].right.expressions[1].body.body[3].argument.callee.right.expressions[1] AssignmentExpression: Recursing into...
2025-06-05T08:42:12.337Z babel program.body[0].declarations[0].init.expressions[1].right.expressions[1].body.body[3].argument.callee.right.expressions[1] AssignmentExpression: exit
2025-06-05T08:42:12.337Z babel program.body[0].declarations[0].init.expressions[1].right.expressions[1].body.body[3].argument.callee.right SequenceExpression: exit
2025-06-05T08:42:12.337Z babel program.body[0].declarations[0].init.expressions[1].right.expressions[1].body.body[3].argument.callee LogicalExpression: exit
2025-06-05T08:42:12.337Z babel program.body[0].declarations[0].init.expressions[1].right.expressions[1].body.body[3].argument.arguments[0] FunctionExpression: enter
2025-06-05T08:42:12.337Z babel program.body[0].declarations[0].init.expressions[1].right.expressions[1].body.body[3].argument.arguments[0] FunctionExpression: Recursing into...
2025-06-05T08:42:12.337Z babel program.body[0].declarations[0].init.expressions[1].right.expressions[1].body.body[3].argument.arguments[0].body BlockStatement: enter
2025-06-05T08:42:12.337Z babel program.body[0].declarations[0].init.expressions[1].right.expressions[1].body.body[3].argument.arguments[0].body BlockStatement: Recursing into...
2025-06-05T08:42:12.337Z babel program.body[0].declarations[0].init.expressions[1].right.expressions[1].body.body[3].argument.arguments[0].body.body[0] ExpressionStatement: enter
2025-06-05T08:42:12.337Z babel program.body[0].declarations[0].init.expressions[1].right.expressions[1].body.body[3].argument.arguments[0].body.body[0] ExpressionStatement: Recursing into...
2025-06-05T08:42:12.337Z babel program.body[0].declarations[0].init.expressions[1].right.expressions[1].body.body[3].argument.arguments[0].body.body[0].expression UpdateExpression: enter
2025-06-05T08:42:12.337Z babel program.body[0].declarations[0].init.expressions[1].right.expressions[1].body.body[3].argument.arguments[0].body.body[0].expression UpdateExpression: Recursing into...
2025-06-05T08:42:12.337Z babel program.body[0].declarations[0].init.expressions[1].right.expressions[1].body.body[3].argument.arguments[0].body.body[0].expression.argument MemberExpression: enter
2025-06-05T08:42:12.337Z babel program.body[0].declarations[0].init.expressions[1].right.expressions[1].body.body[3].argument.arguments[0].body.body[0].expression.argument MemberExpression: Recursing into...
2025-06-05T08:42:12.337Z babel program.body[0].declarations[0].init.expressions[1].right.expressions[1].body.body[3].argument.arguments[0].body.body[0].expression.argument.object MemberExpression: enter
2025-06-05T08:42:12.337Z babel program.body[0].declarations[0].init.expressions[1].right.expressions[1].body.body[3].argument.arguments[0].body.body[0].expression.argument.object MemberExpression: Recursing into...
2025-06-05T08:42:12.337Z babel program.body[0].declarations[0].init.expressions[1].right.expressions[1].body.body[3].argument.arguments[0].body.body[0].expression.argument.object.object CallExpression: enter
2025-06-05T08:42:12.337Z babel program.body[0].declarations[0].init.expressions[1].right.expressions[1].body.body[3].argument.arguments[0].body.body[0].expression.argument.object.object CallExpression: Recursing into...
2025-06-05T08:42:12.337Z babel program.body[0].declarations[0].init.expressions[1].right.expressions[1].body.body[3].argument.arguments[0].body.body[0].expression.argument.object.object CallExpression: exit
2025-06-05T08:42:12.337Z babel program.body[0].declarations[0].init.expressions[1].right.expressions[1].body.body[3].argument.arguments[0].body.body[0].expression.argument.object MemberExpression: exit
2025-06-05T08:42:12.337Z babel program.body[0].declarations[0].init.expressions[1].right.expressions[1].body.body[3].argument.arguments[0].body.body[0].expression.argument MemberExpression: exit
2025-06-05T08:42:12.337Z babel program.body[0].declarations[0].init.expressions[1].right.expressions[1].body.body[3].argument.arguments[0].body.body[0].expression UpdateExpression: exit
2025-06-05T08:42:12.337Z babel program.body[0].declarations[0].init.expressions[1].right.expressions[1].body.body[3].argument.arguments[0].body.body[0] ExpressionStatement: exit
2025-06-05T08:42:12.337Z babel program.body[0].declarations[0].init.expressions[1].right.expressions[1].body.body[3].argument.arguments[0].body.body[1] FunctionDeclaration: enter
2025-06-05T08:42:12.337Z babel program.body[0].declarations[0].init.expressions[1].right.expressions[1].body.body[3].argument.arguments[0].body.body[1] FunctionDeclaration: Recursing into...
2025-06-05T08:42:12.337Z babel program.body[0].declarations[0].init.expressions[1].right.expressions[1].body.body[3].argument.arguments[0].body.body[1].body BlockStatement: enter
2025-06-05T08:42:12.337Z babel program.body[0].declarations[0].init.expressions[1].right.expressions[1].body.body[3].argument.arguments[0].body.body[1].body BlockStatement: Recursing into...
2025-06-05T08:42:12.337Z babel program.body[0].declarations[0].init.expressions[1].right.expressions[1].body.body[3].argument.arguments[0].body.body[1].body.body[0] ExpressionStatement: enter
2025-06-05T08:42:12.337Z babel program.body[0].declarations[0].init.expressions[1].right.expressions[1].body.body[3].argument.arguments[0].body.body[1].body.body[0] ExpressionStatement: Recursing into...
2025-06-05T08:42:12.337Z babel program.body[0].declarations[0].init.expressions[1].right.expressions[1].body.body[3].argument.arguments[0].body.body[1].body.body[0].expression UpdateExpression: enter
2025-06-05T08:42:12.337Z babel program.body[0].declarations[0].init.expressions[1].right.expressions[1].body.body[3].argument.arguments[0].body.body[1].body.body[0].expression UpdateExpression: Recursing into...
2025-06-05T08:42:12.337Z babel program.body[0].declarations[0].init.expressions[1].right.expressions[1].body.body[3].argument.arguments[0].body.body[1].body.body[0].expression.argument MemberExpression: enter
2025-06-05T08:42:12.337Z babel program.body[0].declarations[0].init.expressions[1].right.expressions[1].body.body[3].argument.arguments[0].body.body[1].body.body[0].expression.argument MemberExpression: Recursing into...
2025-06-05T08:42:12.337Z babel program.body[0].declarations[0].init.expressions[1].right.expressions[1].body.body[3].argument.arguments[0].body.body[1].body.body[0].expression.argument.object MemberExpression: enter
2025-06-05T08:42:12.337Z babel program.body[0].declarations[0].init.expressions[1].right.expressions[1].body.body[3].argument.arguments[0].body.body[1].body.body[0].expression.argument.object MemberExpression: Recursing into...
2025-06-05T08:42:12.337Z babel program.body[0].declarations[0].init.expressions[1].right.expressions[1].body.body[3].argument.arguments[0].body.body[1].body.body[0].expression.argument.object.object CallExpression: enter
2025-06-05T08:42:12.337Z babel program.body[0].declarations[0].init.expressions[1].right.expressions[1].body.body[3].argument.arguments[0].body.body[1].body.body[0].expression.argument.object.object CallExpression: Recursing into...
2025-06-05T08:42:12.337Z babel program.body[0].declarations[0].init.expressions[1].right.expressions[1].body.body[3].argument.arguments[0].body.body[1].body.body[0].expression.argument.object.object CallExpression: exit
2025-06-05T08:42:12.337Z babel program.body[0].declarations[0].init.expressions[1].right.expressions[1].body.body[3].argument.arguments[0].body.body[1].body.body[0].expression.argument.object MemberExpression: exit
2025-06-05T08:42:12.337Z babel program.body[0].declarations[0].init.expressions[1].right.expressions[1].body.body[3].argument.arguments[0].body.body[1].body.body[0].expression.argument MemberExpression: exit
2025-06-05T08:42:12.337Z babel program.body[0].declarations[0].init.expressions[1].right.expressions[1].body.body[3].argument.arguments[0].body.body[1].body.body[0].expression UpdateExpression: exit
2025-06-05T08:42:12.337Z babel program.body[0].declarations[0].init.expressions[1].right.expressions[1].body.body[3].argument.arguments[0].body.body[1].body.body[0] ExpressionStatement: exit
2025-06-05T08:42:12.337Z babel program.body[0].declarations[0].init.expressions[1].right.expressions[1].body.body[3].argument.arguments[0].body.body[1].body.body[1] TryStatement: enter
2025-06-05T08:42:12.338Z babel program.body[0].declarations[0].init.expressions[1].right.expressions[1].body.body[3].argument.arguments[0].body.body[1].body.body[1] ExpressionStatement: Inserted.
2025-06-05T08:42:12.338Z babel program.body[0].declarations[0].init.expressions[1].right.expressions[1].body.body[3].argument.arguments[0].body.body[1].body.body[2] TryStatement: Recursing into...
2025-06-05T08:42:12.338Z babel program.body[0].declarations[0].init.expressions[1].right.expressions[1].body.body[3].argument.arguments[0].body.body[1].body.body[2].block BlockStatement: enter
2025-06-05T08:42:12.338Z babel program.body[0].declarations[0].init.expressions[1].right.expressions[1].body.body[3].argument.arguments[0].body.body[1].body.body[2].block BlockStatement: Recursing into...
2025-06-05T08:42:12.338Z babel program.body[0].declarations[0].init.expressions[1].right.expressions[1].body.body[3].argument.arguments[0].body.body[1].body.body[2].block.body[0] ExpressionStatement: enter
2025-06-05T08:42:12.338Z babel program.body[0].declarations[0].init.expressions[1].right.expressions[1].body.body[3].argument.arguments[0].body.body[1].body.body[2].block.body[0] ExpressionStatement: Inserted.
2025-06-05T08:42:12.338Z babel program.body[0].declarations[0].init.expressions[1].right.expressions[1].body.body[3].argument.arguments[0].body.body[1].body.body[2].block.body[1] ExpressionStatement: Recursing into...
2025-06-05T08:42:12.338Z babel program.body[0].declarations[0].init.expressions[1].right.expressions[1].body.body[3].argument.arguments[0].body.body[1].body.body[2].block.body[1].expression CallExpression: enter
2025-06-05T08:42:12.338Z babel program.body[0].declarations[0].init.expressions[1].right.expressions[1].body.body[3].argument.arguments[0].body.body[1].body.body[2].block.body[1].expression CallExpression: Recursing into...
2025-06-05T08:42:12.338Z babel program.body[0].declarations[0].init.expressions[1].right.expressions[1].body.body[3].argument.arguments[0].body.body[1].body.body[2].block.body[1].expression.arguments[0] CallExpression: enter
2025-06-05T08:42:12.338Z babel program.body[0].declarations[0].init.expressions[1].right.expressions[1].body.body[3].argument.arguments[0].body.body[1].body.body[2].block.body[1].expression.arguments[0] CallExpression: Recursing into...
2025-06-05T08:42:12.338Z babel program.body[0].declarations[0].init.expressions[1].right.expressions[1].body.body[3].argument.arguments[0].body.body[1].body.body[2].block.body[1].expression.arguments[0].callee MemberExpression: enter
2025-06-05T08:42:12.338Z babel program.body[0].declarations[0].init.expressions[1].right.expressions[1].body.body[3].argument.arguments[0].body.body[1].body.body[2].block.body[1].expression.arguments[0].callee MemberExpression: Recursing into...
2025-06-05T08:42:12.338Z babel program.body[0].declarations[0].init.expressions[1].right.expressions[1].body.body[3].argument.arguments[0].body.body[1].body.body[2].block.body[1].expression.arguments[0].callee MemberExpression: exit
2025-06-05T08:42:12.338Z babel program.body[0].declarations[0].init.expressions[1].right.expressions[1].body.body[3].argument.arguments[0].body.body[1].body.body[2].block.body[1].expression.arguments[0] CallExpression: exit
2025-06-05T08:42:12.338Z babel program.body[0].declarations[0].init.expressions[1].right.expressions[1].body.body[3].argument.arguments[0].body.body[1].body.body[2].block.body[1].expression CallExpression: exit
2025-06-05T08:42:12.338Z babel program.body[0].declarations[0].init.expressions[1].right.expressions[1].body.body[3].argument.arguments[0].body.body[1].body.body[2].block.body[1] ExpressionStatement: exit
2025-06-05T08:42:12.338Z babel program.body[0].declarations[0].init.expressions[1].right.expressions[1].body.body[3].argument.arguments[0].body.body[1].body.body[2].block.body[0] ExpressionStatement: enter
2025-06-05T08:42:12.338Z babel program.body[0].declarations[0].init.expressions[1].right.expressions[1].body.body[3].argument.arguments[0].body.body[1].body.body[2].block.body[0] ExpressionStatement: Recursing into...
2025-06-05T08:42:12.338Z babel program.body[0].declarations[0].init.expressions[1].right.expressions[1].body.body[3].argument.arguments[0].body.body[1].body.body[2].block.body[0].expression UpdateExpression: enter
2025-06-05T08:42:12.338Z babel program.body[0].declarations[0].init.expressions[1].right.expressions[1].body.body[3].argument.arguments[0].body.body[1].body.body[2].block.body[0].expression UpdateExpression: Recursing into...
2025-06-05T08:42:12.338Z babel program.body[0].declarations[0].init.expressions[1].right.expressions[1].body.body[3].argument.arguments[0].body.body[1].body.body[2].block.body[0].expression.argument MemberExpression: enter
2025-06-05T08:42:12.338Z babel program.body[0].declarations[0].init.expressions[1].right.expressions[1].body.body[3].argument.arguments[0].body.body[1].body.body[2].block.body[0].expression.argument MemberExpression: Recursing into...
2025-06-05T08:42:12.338Z babel program.body[0].declarations[0].init.expressions[1].right.expressions[1].body.body[3].argument.arguments[0].body.body[1].body.body[2].block.body[0].expression.argument.object MemberExpression: enter
2025-06-05T08:42:12.338Z babel program.body[0].declarations[0].init.expressions[1].right.expressions[1].body.body[3].argument.arguments[0].body.body[1].body.body[2].block.body[0].expression.argument.object MemberExpression: Recursing into...
2025-06-05T08:42:12.338Z babel program.body[0].declarations[0].init.expressions[1].right.expressions[1].body.body[3].argument.arguments[0].body.body[1].body.body[2].block.body[0].expression.argument.object.object CallExpression: enter
2025-06-05T08:42:12.338Z babel program.body[0].declarations[0].init.expressions[1].right.expressions[1].body.body[3].argument.arguments[0].body.body[1].body.body[2].block.body[0].expression.argument.object.object CallExpression: Recursing into...
2025-06-05T08:42:12.338Z babel program.body[0].declarations[0].init.expressions[1].right.expressions[1].body.body[3].argument.arguments[0].body.body[1].body.body[2].block.body[0].expression.argument.object.object CallExpression: exit
2025-06-05T08:42:12.338Z babel program.body[0].declarations[0].init.expressions[1].right.expressions[1].body.body[3].argument.arguments[0].body.body[1].body.body[2].block.body[0].expression.argument.object MemberExpression: exit
2025-06-05T08:42:12.338Z babel program.body[0].declarations[0].init.expressions[1].right.expressions[1].body.body[3].argument.arguments[0].body.body[1].body.body[2].block.body[0].expression.argument MemberExpression: exit
2025-06-05T08:42:12.338Z babel program.body[0].declarations[0].init.expressions[1].right.expressions[1].body.body[3].argument.arguments[0].body.body[1].body.body[2].block.body[0].expression UpdateExpression: exit
2025-06-05T08:42:12.338Z babel program.body[0].declarations[0].init.expressions[1].right.expressions[1].body.body[3].argument.arguments[0].body.body[1].body.body[2].block.body[0] ExpressionStatement: exit
2025-06-05T08:42:12.338Z babel program.body[0].declarations[0].init.expressions[1].right.expressions[1].body.body[3].argument.arguments[0].body.body[1].body.body[2].block BlockStatement: exit
2025-06-05T08:42:12.338Z babel program.body[0].declarations[0].init.expressions[1].right.expressions[1].body.body[3].argument.arguments[0].body.body[1].body.body[2].handler CatchClause: enter
2025-06-05T08:42:12.338Z babel program.body[0].declarations[0].init.expressions[1].right.expressions[1].body.body[3].argument.arguments[0].body.body[1].body.body[2].handler CatchClause: Recursing into...
2025-06-05T08:42:12.338Z babel program.body[0].declarations[0].init.expressions[1].right.expressions[1].body.body[3].argument.arguments[0].body.body[1].body.body[2].handler.body BlockStatement: enter
2025-06-05T08:42:12.338Z babel program.body[0].declarations[0].init.expressions[1].right.expressions[1].body.body[3].argument.arguments[0].body.body[1].body.body[2].handler.body BlockStatement: Recursing into...
2025-06-05T08:42:12.338Z babel program.body[0].declarations[0].init.expressions[1].right.expressions[1].body.body[3].argument.arguments[0].body.body[1].body.body[2].handler.body.body[0] ExpressionStatement: enter
2025-06-05T08:42:12.338Z babel program.body[0].declarations[0].init.expressions[1].right.expressions[1].body.body[3].argument.arguments[0].body.body[1].body.body[2].handler.body.body[0] ExpressionStatement: Inserted.
2025-06-05T08:42:12.338Z babel program.body[0].declarations[0].init.expressions[1].right.expressions[1].body.body[3].argument.arguments[0].body.body[1].body.body[2].handler.body.body[1] ExpressionStatement: Recursing into...
2025-06-05T08:42:12.338Z babel program.body[0].declarations[0].init.expressions[1].right.expressions[1].body.body[3].argument.arguments[0].body.body[1].body.body[2].handler.body.body[1].expression CallExpression: enter
2025-06-05T08:42:12.338Z babel program.body[0].declarations[0].init.expressions[1].right.expressions[1].body.body[3].argument.arguments[0].body.body[1].body.body[2].handler.body.body[1].expression CallExpression: Recursing into...
2025-06-05T08:42:12.338Z babel program.body[0].declarations[0].init.expressions[1].right.expressions[1].body.body[3].argument.arguments[0].body.body[1].body.body[2].handler.body.body[1].expression CallExpression: exit
2025-06-05T08:42:12.338Z babel program.body[0].declarations[0].init.expressions[1].right.expressions[1].body.body[3].argument.arguments[0].body.body[1].body.body[2].handler.body.body[1] ExpressionStatement: exit
2025-06-05T08:42:12.338Z babel program.body[0].declarations[0].init.expressions[1].right.expressions[1].body.body[3].argument.arguments[0].body.body[1].body.body[2].handler.body.body[0] ExpressionStatement: enter
2025-06-05T08:42:12.338Z babel program.body[0].declarations[0].init.expressions[1].right.expressions[1].body.body[3].argument.arguments[0].body.body[1].body.body[2].handler.body.body[0] ExpressionStatement: Recursing into...
2025-06-05T08:42:12.338Z babel program.body[0].declarations[0].init.expressions[1].right.expressions[1].body.body[3].argument.arguments[0].body.body[1].body.body[2].handler.body.body[0].expression UpdateExpression: enter
2025-06-05T08:42:12.338Z babel program.body[0].declarations[0].init.expressions[1].right.expressions[1].body.body[3].argument.arguments[0].body.body[1].body.body[2].handler.body.body[0].expression UpdateExpression: Recursing into...
2025-06-05T08:42:12.338Z babel program.body[0].declarations[0].init.expressions[1].right.expressions[1].body.body[3].argument.arguments[0].body.body[1].body.body[2].handler.body.body[0].expression.argument MemberExpression: enter
2025-06-05T08:42:12.338Z babel program.body[0].declarations[0].init.expressions[1].right.expressions[1].body.body[3].argument.arguments[0].body.body[1].body.body[2].handler.body.body[0].expression.argument MemberExpression: Recursing into...
2025-06-05T08:42:12.338Z babel program.body[0].declarations[0].init.expressions[1].right.expressions[1].body.body[3].argument.arguments[0].body.body[1].body.body[2].handler.body.body[0].expression.argument.object MemberExpression: enter
2025-06-05T08:42:12.338Z babel program.body[0].declarations[0].init.expressions[1].right.expressions[1].body.body[3].argument.arguments[0].body.body[1].body.body[2].handler.body.body[0].expression.argument.object MemberExpression: Recursing into...
2025-06-05T08:42:12.338Z babel program.body[0].declarations[0].init.expressions[1].right.expressions[1].body.body[3].argument.arguments[0].body.body[1].body.body[2].handler.body.body[0].expression.argument.object.object CallExpression: enter
2025-06-05T08:42:12.338Z babel program.body[0].declarations[0].init.expressions[1].right.expressions[1].body.body[3].argument.arguments[0].body.body[1].body.body[2].handler.body.body[0].expression.argument.object.object CallExpression: Recursing into...
2025-06-05T08:42:12.338Z babel program.body[0].declarations[0].init.expressions[1].right.expressions[1].body.body[3].argument.arguments[0].body.body[1].body.body[2].handler.body.body[0].expression.argument.object.object CallExpression: exit
2025-06-05T08:42:12.338Z babel program.body[0].declarations[0].init.expressions[1].right.expressions[1].body.body[3].argument.arguments[0].body.body[1].body.body[2].handler.body.body[0].expression.argument.object MemberExpression: exit
2025-06-05T08:42:12.338Z babel program.body[0].declarations[0].init.expressions[1].right.expressions[1].body.body[3].argument.arguments[0].body.body[1].body.body[2].handler.body.body[0].expression.argument MemberExpression: exit
2025-06-05T08:42:12.338Z babel program.body[0].declarations[0].init.expressions[1].right.expressions[1].body.body[3].argument.arguments[0].body.body[1].body.body[2].handler.body.body[0].expression UpdateExpression: exit
2025-06-05T08:42:12.338Z babel program.body[0].declarations[0].init.expressions[1].right.expressions[1].body.body[3].argument.arguments[0].body.body[1].body.body[2].handler.body.body[0] ExpressionStatement: exit
2025-06-05T08:42:12.338Z babel program.body[0].declarations[0].init.expressions[1].right.expressions[1].body.body[3].argument.arguments[0].body.body[1].body.body[2].handler.body BlockStatement: exit
2025-06-05T08:42:12.338Z babel program.body[0].declarations[0].init.expressions[1].right.expressions[1].body.body[3].argument.arguments[0].body.body[1].body.body[2].handler CatchClause: exit
2025-06-05T08:42:12.338Z babel program.body[0].declarations[0].init.expressions[1].right.expressions[1].body.body[3].argument.arguments[0].body.body[1].body.body[2] TryStatement: exit
2025-06-05T08:42:12.338Z babel program.body[0].declarations[0].init.expressions[1].right.expressions[1].body.body[3].argument.arguments[0].body.body[1].body.body[1] ExpressionStatement: enter
2025-06-05T08:42:12.338Z babel program.body[0].declarations[0].init.expressions[1].right.expressions[1].body.body[3].argument.arguments[0].body.body[1].body.body[1] ExpressionStatement: Recursing into...
2025-06-05T08:42:12.338Z babel program.body[0].declarations[0].init.expressions[1].right.expressions[1].body.body[3].argument.arguments[0].body.body[1].body.body[1].expression UpdateExpression: enter
2025-06-05T08:42:12.338Z babel program.body[0].declarations[0].init.expressions[1].right.expressions[1].body.body[3].argument.arguments[0].body.body[1].body.body[1].expression UpdateExpression: Recursing into...
2025-06-05T08:42:12.338Z babel program.body[0].declarations[0].init.expressions[1].right.expressions[1].body.body[3].argument.arguments[0].body.body[1].body.body[1].expression.argument MemberExpression: enter
2025-06-05T08:42:12.338Z babel program.body[0].declarations[0].init.expressions[1].right.expressions[1].body.body[3].argument.arguments[0].body.body[1].body.body[1].expression.argument MemberExpression: Recursing into...
2025-06-05T08:42:12.338Z babel program.body[0].declarations[0].init.expressions[1].right.expressions[1].body.body[3].argument.arguments[0].body.body[1].body.body[1].expression.argument.object MemberExpression: enter
2025-06-05T08:42:12.338Z babel program.body[0].declarations[0].init.expressions[1].right.expressions[1].body.body[3].argument.arguments[0].body.body[1].body.body[1].expression.argument.object MemberExpression: Recursing into...
2025-06-05T08:42:12.338Z babel program.body[0].declarations[0].init.expressions[1].right.expressions[1].body.body[3].argument.arguments[0].body.body[1].body.body[1].expression.argument.object.object CallExpression: enter
2025-06-05T08:42:12.338Z babel program.body[0].declarations[0].init.expressions[1].right.expressions[1].body.body[3].argument.arguments[0].body.body[1].body.body[1].expression.argument.object.object CallExpression: Recursing into...
2025-06-05T08:42:12.338Z babel program.body[0].declarations[0].init.expressions[1].right.expressions[1].body.body[3].argument.arguments[0].body.body[1].body.body[1].expression.argument.object.object CallExpression: exit
2025-06-05T08:42:12.338Z babel program.body[0].declarations[0].init.expressions[1].right.expressions[1].body.body[3].argument.arguments[0].body.body[1].body.body[1].expression.argument.object MemberExpression: exit
2025-06-05T08:42:12.338Z babel program.body[0].declarations[0].init.expressions[1].right.expressions[1].body.body[3].argument.arguments[0].body.body[1].body.body[1].expression.argument MemberExpression: exit
2025-06-05T08:42:12.338Z babel program.body[0].declarations[0].init.expressions[1].right.expressions[1].body.body[3].argument.arguments[0].body.body[1].body.body[1].expression UpdateExpression: exit
2025-06-05T08:42:12.338Z babel program.body[0].declarations[0].init.expressions[1].right.expressions[1].body.body[3].argument.arguments[0].body.body[1].body.body[1] ExpressionStatement: exit
2025-06-05T08:42:12.338Z babel program.body[0].declarations[0].init.expressions[1].right.expressions[1].body.body[3].argument.arguments[0].body.body[1].body BlockStatement: exit
2025-06-05T08:42:12.338Z babel program.body[0].declarations[0].init.expressions[1].right.expressions[1].body.body[3].argument.arguments[0].body.body[1] FunctionDeclaration: exit
2025-06-05T08:42:12.338Z babel program.body[0].declarations[0].init.expressions[1].right.expressions[1].body.body[3].argument.arguments[0].body.body[2] FunctionDeclaration: enter
2025-06-05T08:42:12.338Z babel program.body[0].declarations[0].init.expressions[1].right.expressions[1].body.body[3].argument.arguments[0].body.body[2] FunctionDeclaration: Recursing into...
2025-06-05T08:42:12.338Z babel program.body[0].declarations[0].init.expressions[1].right.expressions[1].body.body[3].argument.arguments[0].body.body[2].body BlockStatement: enter
2025-06-05T08:42:12.338Z babel program.body[0].declarations[0].init.expressions[1].right.expressions[1].body.body[3].argument.arguments[0].body.body[2].body BlockStatement: Recursing into...
2025-06-05T08:42:12.338Z babel program.body[0].declarations[0].init.expressions[1].right.expressions[1].body.body[3].argument.arguments[0].body.body[2].body.body[0] ExpressionStatement: enter
2025-06-05T08:42:12.338Z babel program.body[0].declarations[0].init.expressions[1].right.expressions[1].body.body[3].argument.arguments[0].body.body[2].body.body[0] ExpressionStatement: Recursing into...
2025-06-05T08:42:12.338Z babel program.body[0].declarations[0].init.expressions[1].right.expressions[1].body.body[3].argument.arguments[0].body.body[2].body.body[0].expression UpdateExpression: enter
2025-06-05T08:42:12.338Z babel program.body[0].declarations[0].init.expressions[1].right.expressions[1].body.body[3].argument.arguments[0].body.body[2].body.body[0].expression UpdateExpression: Recursing into...
2025-06-05T08:42:12.338Z babel program.body[0].declarations[0].init.expressions[1].right.expressions[1].body.body[3].argument.arguments[0].body.body[2].body.body[0].expression.argument MemberExpression: enter
2025-06-05T08:42:12.338Z babel program.body[0].declarations[0].init.expressions[1].right.expressions[1].body.body[3].argument.arguments[0].body.body[2].body.body[0].expression.argument MemberExpression: Recursing into...
2025-06-05T08:42:12.338Z babel program.body[0].declarations[0].init.expressions[1].right.expressions[1].body.body[3].argument.arguments[0].body.body[2].body.body[0].expression.argument.object MemberExpression: enter
2025-06-05T08:42:12.338Z babel program.body[0].declarations[0].init.expressions[1].right.expressions[1].body.body[3].argument.arguments[0].body.body[2].body.body[0].expression.argument.object MemberExpression: Recursing into...
2025-06-05T08:42:12.338Z babel program.body[0].declarations[0].init.expressions[1].right.expressions[1].body.body[3].argument.arguments[0].body.body[2].body.body[0].expression.argument.object.object CallExpression: enter
2025-06-05T08:42:12.338Z babel program.body[0].declarations[0].init.expressions[1].right.expressions[1].body.body[3].argument.arguments[0].body.body[2].body.body[0].expression.argument.object.object CallExpression: Recursing into...
2025-06-05T08:42:12.338Z babel program.body[0].declarations[0].init.expressions[1].right.expressions[1].body.body[3].argument.arguments[0].body.body[2].body.body[0].expression.argument.object.object CallExpression: exit
2025-06-05T08:42:12.338Z babel program.body[0].declarations[0].init.expressions[1].right.expressions[1].body.body[3].argument.arguments[0].body.body[2].body.body[0].expression.argument.object MemberExpression: exit
2025-06-05T08:42:12.338Z babel program.body[0].declarations[0].init.expressions[1].right.expressions[1].body.body[3].argument.arguments[0].body.body[2].body.body[0].expression.argument MemberExpression: exit
2025-06-05T08:42:12.339Z babel program.body[0].declarations[0].init.expressions[1].right.expressions[1].body.body[3].argument.arguments[0].body.body[2].body.body[0].expression UpdateExpression: exit
2025-06-05T08:42:12.339Z babel program.body[0].declarations[0].init.expressions[1].right.expressions[1].body.body[3].argument.arguments[0].body.body[2].body.body[0] ExpressionStatement: exit
2025-06-05T08:42:12.339Z babel program.body[0].declarations[0].init.expressions[1].right.expressions[1].body.body[3].argument.arguments[0].body.body[2].body.body[1] TryStatement: enter
2025-06-05T08:42:12.339Z babel program.body[0].declarations[0].init.expressions[1].right.expressions[1].body.body[3].argument.arguments[0].body.body[2].body.body[1] ExpressionStatement: Inserted.
2025-06-05T08:42:12.339Z babel program.body[0].declarations[0].init.expressions[1].right.expressions[1].body.body[3].argument.arguments[0].body.body[2].body.body[2] TryStatement: Recursing into...
2025-06-05T08:42:12.339Z babel program.body[0].declarations[0].init.expressions[1].right.expressions[1].body.body[3].argument.arguments[0].body.body[2].body.body[2].block BlockStatement: enter
2025-06-05T08:42:12.339Z babel program.body[0].declarations[0].init.expressions[1].right.expressions[1].body.body[3].argument.arguments[0].body.body[2].body.body[2].block BlockStatement: Recursing into...
2025-06-05T08:42:12.339Z babel program.body[0].declarations[0].init.expressions[1].right.expressions[1].body.body[3].argument.arguments[0].body.body[2].body.body[2].block.body[0] ExpressionStatement: enter
2025-06-05T08:42:12.339Z babel program.body[0].declarations[0].init.expressions[1].right.expressions[1].body.body[3].argument.arguments[0].body.body[2].body.body[2].block.body[0] ExpressionStatement: Inserted.
2025-06-05T08:42:12.339Z babel program.body[0].declarations[0].init.expressions[1].right.expressions[1].body.body[3].argument.arguments[0].body.body[2].body.body[2].block.body[1] ExpressionStatement: Recursing into...
2025-06-05T08:42:12.339Z babel program.body[0].declarations[0].init.expressions[1].right.expressions[1].body.body[3].argument.arguments[0].body.body[2].body.body[2].block.body[1].expression CallExpression: enter
2025-06-05T08:42:12.339Z babel program.body[0].declarations[0].init.expressions[1].right.expressions[1].body.body[3].argument.arguments[0].body.body[2].body.body[2].block.body[1].expression CallExpression: Recursing into...
2025-06-05T08:42:12.339Z babel program.body[0].declarations[0].init.expressions[1].right.expressions[1].body.body[3].argument.arguments[0].body.body[2].body.body[2].block.body[1].expression.arguments[0] CallExpression: enter
2025-06-05T08:42:12.339Z babel program.body[0].declarations[0].init.expressions[1].right.expressions[1].body.body[3].argument.arguments[0].body.body[2].body.body[2].block.body[1].expression.arguments[0] CallExpression: Recursing into...
2025-06-05T08:42:12.339Z babel program.body[0].declarations[0].init.expressions[1].right.expressions[1].body.body[3].argument.arguments[0].body.body[2].body.body[2].block.body[1].expression.arguments[0].callee MemberExpression: enter
2025-06-05T08:42:12.339Z babel program.body[0].declarations[0].init.expressions[1].right.expressions[1].body.body[3].argument.arguments[0].body.body[2].body.body[2].block.body[1].expression.arguments[0].callee MemberExpression: Recursing into...
2025-06-05T08:42:12.339Z babel program.body[0].declarations[0].init.expressions[1].right.expressions[1].body.body[3].argument.arguments[0].body.body[2].body.body[2].block.body[1].expression.arguments[0].callee MemberExpression: exit
2025-06-05T08:42:12.339Z babel program.body[0].declarations[0].init.expressions[1].right.expressions[1].body.body[3].argument.arguments[0].body.body[2].body.body[2].block.body[1].expression.arguments[0] CallExpression: exit
2025-06-05T08:42:12.339Z babel program.body[0].declarations[0].init.expressions[1].right.expressions[1].body.body[3].argument.arguments[0].body.body[2].body.body[2].block.body[1].expression CallExpression: exit
2025-06-05T08:42:12.339Z babel program.body[0].declarations[0].init.expressions[1].right.expressions[1].body.body[3].argument.arguments[0].body.body[2].body.body[2].block.body[1] ExpressionStatement: exit
2025-06-05T08:42:12.339Z babel program.body[0].declarations[0].init.expressions[1].right.expressions[1].body.body[3].argument.arguments[0].body.body[2].body.body[2].block.body[0] ExpressionStatement: enter
2025-06-05T08:42:12.339Z babel program.body[0].declarations[0].init.expressions[1].right.expressions[1].body.body[3].argument.arguments[0].body.body[2].body.body[2].block.body[0] ExpressionStatement: Recursing into...
2025-06-05T08:42:12.339Z babel program.body[0].declarations[0].init.expressions[1].right.expressions[1].body.body[3].argument.arguments[0].body.body[2].body.body[2].block.body[0].expression UpdateExpression: enter
2025-06-05T08:42:12.339Z babel program.body[0].declarations[0].init.expressions[1].right.expressions[1].body.body[3].argument.arguments[0].body.body[2].body.body[2].block.body[0].expression UpdateExpression: Recursing into...
2025-06-05T08:42:12.339Z babel program.body[0].declarations[0].init.expressions[1].right.expressions[1].body.body[3].argument.arguments[0].body.body[2].body.body[2].block.body[0].expression.argument MemberExpression: enter
2025-06-05T08:42:12.339Z babel program.body[0].declarations[0].init.expressions[1].right.expressions[1].body.body[3].argument.arguments[0].body.body[2].body.body[2].block.body[0].expression.argument MemberExpression: Recursing into...
2025-06-05T08:42:12.339Z babel program.body[0].declarations[0].init.expressions[1].right.expressions[1].body.body[3].argument.arguments[0].body.body[2].body.body[2].block.body[0].expression.argument.object MemberExpression: enter
2025-06-05T08:42:12.339Z babel program.body[0].declarations[0].init.expressions[1].right.expressions[1].body.body[3].argument.arguments[0].body.body[2].body.body[2].block.body[0].expression.argument.object MemberExpression: Recursing into...
2025-06-05T08:42:12.339Z babel program.body[0].declarations[0].init.expressions[1].right.expressions[1].body.body[3].argument.arguments[0].body.body[2].body.body[2].block.body[0].expression.argument.object.object CallExpression: enter
2025-06-05T08:42:12.339Z babel program.body[0].declarations[0].init.expressions[1].right.expressions[1].body.body[3].argument.arguments[0].body.body[2].body.body[2].block.body[0].expression.argument.object.object CallExpression: Recursing into...
2025-06-05T08:42:12.339Z babel program.body[0].declarations[0].init.expressions[1].right.expressions[1].body.body[3].argument.arguments[0].body.body[2].body.body[2].block.body[0].expression.argument.object.object CallExpression: exit
2025-06-05T08:42:12.339Z babel program.body[0].declarations[0].init.expressions[1].right.expressions[1].body.body[3].argument.arguments[0].body.body[2].body.body[2].block.body[0].expression.argument.object MemberExpression: exit
2025-06-05T08:42:12.339Z babel program.body[0].declarations[0].init.expressions[1].right.expressions[1].body.body[3].argument.arguments[0].body.body[2].body.body[2].block.body[0].expression.argument MemberExpression: exit
2025-06-05T08:42:12.339Z babel program.body[0].declarations[0].init.expressions[1].right.expressions[1].body.body[3].argument.arguments[0].body.body[2].body.body[2].block.body[0].expression UpdateExpression: exit
2025-06-05T08:42:12.339Z babel program.body[0].declarations[0].init.expressions[1].right.expressions[1].body.body[3].argument.arguments[0].body.body[2].body.body[2].block.body[0] ExpressionStatement: exit
2025-06-05T08:42:12.339Z babel program.body[0].declarations[0].init.expressions[1].right.expressions[1].body.body[3].argument.arguments[0].body.body[2].body.body[2].block BlockStatement: exit
2025-06-05T08:42:12.339Z babel program.body[0].declarations[0].init.expressions[1].right.expressions[1].body.body[3].argument.arguments[0].body.body[2].body.body[2].handler CatchClause: enter
2025-06-05T08:42:12.339Z babel program.body[0].declarations[0].init.expressions[1].right.expressions[1].body.body[3].argument.arguments[0].body.body[2].body.body[2].handler CatchClause: Recursing into...
2025-06-05T08:42:12.339Z babel program.body[0].declarations[0].init.expressions[1].right.expressions[1].body.body[3].argument.arguments[0].body.body[2].body.body[2].handler.body BlockStatement: enter
2025-06-05T08:42:12.339Z babel program.body[0].declarations[0].init.expressions[1].right.expressions[1].body.body[3].argument.arguments[0].body.body[2].body.body[2].handler.body BlockStatement: Recursing into...
2025-06-05T08:42:12.339Z babel program.body[0].declarations[0].init.expressions[1].right.expressions[1].body.body[3].argument.arguments[0].body.body[2].body.body[2].handler.body.body[0] ExpressionStatement: enter
2025-06-05T08:42:12.339Z babel program.body[0].declarations[0].init.expressions[1].right.expressions[1].body.body[3].argument.arguments[0].body.body[2].body.body[2].handler.body.body[0] ExpressionStatement: Inserted.
2025-06-05T08:42:12.339Z babel program.body[0].declarations[0].init.expressions[1].right.expressions[1].body.body[3].argument.arguments[0].body.body[2].body.body[2].handler.body.body[1] ExpressionStatement: Recursing into...
2025-06-05T08:42:12.339Z babel program.body[0].declarations[0].init.expressions[1].right.expressions[1].body.body[3].argument.arguments[0].body.body[2].body.body[2].handler.body.body[1].expression CallExpression: enter
2025-06-05T08:42:12.339Z babel program.body[0].declarations[0].init.expressions[1].right.expressions[1].body.body[3].argument.arguments[0].body.body[2].body.body[2].handler.body.body[1].expression CallExpression: Recursing into...
2025-06-05T08:42:12.339Z babel program.body[0].declarations[0].init.expressions[1].right.expressions[1].body.body[3].argument.arguments[0].body.body[2].body.body[2].handler.body.body[1].expression CallExpression: exit
2025-06-05T08:42:12.339Z babel program.body[0].declarations[0].init.expressions[1].right.expressions[1].body.body[3].argument.arguments[0].body.body[2].body.body[2].handler.body.body[1] ExpressionStatement: exit
2025-06-05T08:42:12.339Z babel program.body[0].declarations[0].init.expressions[1].right.expressions[1].body.body[3].argument.arguments[0].body.body[2].body.body[2].handler.body.body[0] ExpressionStatement: enter
2025-06-05T08:42:12.339Z babel program.body[0].declarations[0].init.expressions[1].right.expressions[1].body.body[3].argument.arguments[0].body.body[2].body.body[2].handler.body.body[0] ExpressionStatement: Recursing into...
2025-06-05T08:42:12.339Z babel program.body[0].declarations[0].init.expressions[1].right.expressions[1].body.body[3].argument.arguments[0].body.body[2].body.body[2].handler.body.body[0].expression UpdateExpression: enter
2025-06-05T08:42:12.339Z babel program.body[0].declarations[0].init.expressions[1].right.expressions[1].body.body[3].argument.arguments[0].body.body[2].body.body[2].handler.body.body[0].expression UpdateExpression: Recursing into...
2025-06-05T08:42:12.339Z babel program.body[0].declarations[0].init.expressions[1].right.expressions[1].body.body[3].argument.arguments[0].body.body[2].body.body[2].handler.body.body[0].expression.argument MemberExpression: enter
2025-06-05T08:42:12.339Z babel program.body[0].declarations[0].init.expressions[1].right.expressions[1].body.body[3].argument.arguments[0].body.body[2].body.body[2].handler.body.body[0].expression.argument MemberExpression: Recursing into...
2025-06-05T08:42:12.339Z babel program.body[0].declarations[0].init.expressions[1].right.expressions[1].body.body[3].argument.arguments[0].body.body[2].body.body[2].handler.body.body[0].expression.argument.object MemberExpression: enter
2025-06-05T08:42:12.339Z babel program.body[0].declarations[0].init.expressions[1].right.expressions[1].body.body[3].argument.arguments[0].body.body[2].body.body[2].handler.body.body[0].expression.argument.object MemberExpression: Recursing into...
2025-06-05T08:42:12.339Z babel program.body[0].declarations[0].init.expressions[1].right.expressions[1].body.body[3].argument.arguments[0].body.body[2].body.body[2].handler.body.body[0].expression.argument.object.object CallExpression: enter
2025-06-05T08:42:12.339Z babel program.body[0].declarations[0].init.expressions[1].right.expressions[1].body.body[3].argument.arguments[0].body.body[2].body.body[2].handler.body.body[0].expression.argument.object.object CallExpression: Recursing into...
2025-06-05T08:42:12.339Z babel program.body[0].declarations[0].init.expressions[1].right.expressions[1].body.body[3].argument.arguments[0].body.body[2].body.body[2].handler.body.body[0].expression.argument.object.object CallExpression: exit
2025-06-05T08:42:12.339Z babel program.body[0].declarations[0].init.expressions[1].right.expressions[1].body.body[3].argument.arguments[0].body.body[2].body.body[2].handler.body.body[0].expression.argument.object MemberExpression: exit
2025-06-05T08:42:12.339Z babel program.body[0].declarations[0].init.expressions[1].right.expressions[1].body.body[3].argument.arguments[0].body.body[2].body.body[2].handler.body.body[0].expression.argument MemberExpression: exit
2025-06-05T08:42:12.339Z babel program.body[0].declarations[0].init.expressions[1].right.expressions[1].body.body[3].argument.arguments[0].body.body[2].body.body[2].handler.body.body[0].expression UpdateExpression: exit
2025-06-05T08:42:12.339Z babel program.body[0].declarations[0].init.expressions[1].right.expressions[1].body.body[3].argument.arguments[0].body.body[2].body.body[2].handler.body.body[0] ExpressionStatement: exit
2025-06-05T08:42:12.339Z babel program.body[0].declarations[0].init.expressions[1].right.expressions[1].body.body[3].argument.arguments[0].body.body[2].body.body[2].handler.body BlockStatement: exit
2025-06-05T08:42:12.339Z babel program.body[0].declarations[0].init.expressions[1].right.expressions[1].body.body[3].argument.arguments[0].body.body[2].body.body[2].handler CatchClause: exit
2025-06-05T08:42:12.339Z babel program.body[0].declarations[0].init.expressions[1].right.expressions[1].body.body[3].argument.arguments[0].body.body[2].body.body[2] TryStatement: exit
2025-06-05T08:42:12.339Z babel program.body[0].declarations[0].init.expressions[1].right.expressions[1].body.body[3].argument.arguments[0].body.body[2].body.body[1] ExpressionStatement: enter
2025-06-05T08:42:12.339Z babel program.body[0].declarations[0].init.expressions[1].right.expressions[1].body.body[3].argument.arguments[0].body.body[2].body.body[1] ExpressionStatement: Recursing into...
2025-06-05T08:42:12.339Z babel program.body[0].declarations[0].init.expressions[1].right.expressions[1].body.body[3].argument.arguments[0].body.body[2].body.body[1].expression UpdateExpression: enter
2025-06-05T08:42:12.339Z babel program.body[0].declarations[0].init.expressions[1].right.expressions[1].body.body[3].argument.arguments[0].body.body[2].body.body[1].expression UpdateExpression: Recursing into...
2025-06-05T08:42:12.339Z babel program.body[0].declarations[0].init.expressions[1].right.expressions[1].body.body[3].argument.arguments[0].body.body[2].body.body[1].expression.argument MemberExpression: enter
2025-06-05T08:42:12.339Z babel program.body[0].declarations[0].init.expressions[1].right.expressions[1].body.body[3].argument.arguments[0].body.body[2].body.body[1].expression.argument MemberExpression: Recursing into...
2025-06-05T08:42:12.339Z babel program.body[0].declarations[0].init.expressions[1].right.expressions[1].body.body[3].argument.arguments[0].body.body[2].body.body[1].expression.argument.object MemberExpression: enter
2025-06-05T08:42:12.339Z babel program.body[0].declarations[0].init.expressions[1].right.expressions[1].body.body[3].argument.arguments[0].body.body[2].body.body[1].expression.argument.object MemberExpression: Recursing into...
2025-06-05T08:42:12.339Z babel program.body[0].declarations[0].init.expressions[1].right.expressions[1].body.body[3].argument.arguments[0].body.body[2].body.body[1].expression.argument.object.object CallExpression: enter
2025-06-05T08:42:12.339Z babel program.body[0].declarations[0].init.expressions[1].right.expressions[1].body.body[3].argument.arguments[0].body.body[2].body.body[1].expression.argument.object.object CallExpression: Recursing into...
2025-06-05T08:42:12.339Z babel program.body[0].declarations[0].init.expressions[1].right.expressions[1].body.body[3].argument.arguments[0].body.body[2].body.body[1].expression.argument.object.object CallExpression: exit
2025-06-05T08:42:12.339Z babel program.body[0].declarations[0].init.expressions[1].right.expressions[1].body.body[3].argument.arguments[0].body.body[2].body.body[1].expression.argument.object MemberExpression: exit
2025-06-05T08:42:12.339Z babel program.body[0].declarations[0].init.expressions[1].right.expressions[1].body.body[3].argument.arguments[0].body.body[2].body.body[1].expression.argument MemberExpression: exit
2025-06-05T08:42:12.339Z babel program.body[0].declarations[0].init.expressions[1].right.expressions[1].body.body[3].argument.arguments[0].body.body[2].body.body[1].expression UpdateExpression: exit
2025-06-05T08:42:12.339Z babel program.body[0].declarations[0].init.expressions[1].right.expressions[1].body.body[3].argument.arguments[0].body.body[2].body.body[1] ExpressionStatement: exit
2025-06-05T08:42:12.339Z babel program.body[0].declarations[0].init.expressions[1].right.expressions[1].body.body[3].argument.arguments[0].body.body[2].body BlockStatement: exit
2025-06-05T08:42:12.339Z babel program.body[0].declarations[0].init.expressions[1].right.expressions[1].body.body[3].argument.arguments[0].body.body[2] FunctionDeclaration: exit
2025-06-05T08:42:12.339Z babel program.body[0].declarations[0].init.expressions[1].right.expressions[1].body.body[3].argument.arguments[0].body.body[3] FunctionDeclaration: enter
2025-06-05T08:42:12.339Z babel program.body[0].declarations[0].init.expressions[1].right.expressions[1].body.body[3].argument.arguments[0].body.body[3] FunctionDeclaration: Recursing into...
2025-06-05T08:42:12.339Z babel program.body[0].declarations[0].init.expressions[1].right.expressions[1].body.body[3].argument.arguments[0].body.body[3].body BlockStatement: enter
2025-06-05T08:42:12.339Z babel program.body[0].declarations[0].init.expressions[1].right.expressions[1].body.body[3].argument.arguments[0].body.body[3].body BlockStatement: Recursing into...
2025-06-05T08:42:12.339Z babel program.body[0].declarations[0].init.expressions[1].right.expressions[1].body.body[3].argument.arguments[0].body.body[3].body.body[0] ExpressionStatement: enter
2025-06-05T08:42:12.339Z babel program.body[0].declarations[0].init.expressions[1].right.expressions[1].body.body[3].argument.arguments[0].body.body[3].body.body[0] ExpressionStatement: Recursing into...
2025-06-05T08:42:12.339Z babel program.body[0].declarations[0].init.expressions[1].right.expressions[1].body.body[3].argument.arguments[0].body.body[3].body.body[0].expression UpdateExpression: enter
2025-06-05T08:42:12.339Z babel program.body[0].declarations[0].init.expressions[1].right.expressions[1].body.body[3].argument.arguments[0].body.body[3].body.body[0].expression UpdateExpression: Recursing into...
2025-06-05T08:42:12.339Z babel program.body[0].declarations[0].init.expressions[1].right.expressions[1].body.body[3].argument.arguments[0].body.body[3].body.body[0].expression.argument MemberExpression: enter
2025-06-05T08:42:12.339Z babel program.body[0].declarations[0].init.expressions[1].right.expressions[1].body.body[3].argument.arguments[0].body.body[3].body.body[0].expression.argument MemberExpression: Recursing into...
2025-06-05T08:42:12.339Z babel program.body[0].declarations[0].init.expressions[1].right.expressions[1].body.body[3].argument.arguments[0].body.body[3].body.body[0].expression.argument.object MemberExpression: enter
2025-06-05T08:42:12.339Z babel program.body[0].declarations[0].init.expressions[1].right.expressions[1].body.body[3].argument.arguments[0].body.body[3].body.body[0].expression.argument.object MemberExpression: Recursing into...
2025-06-05T08:42:12.339Z babel program.body[0].declarations[0].init.expressions[1].right.expressions[1].body.body[3].argument.arguments[0].body.body[3].body.body[0].expression.argument.object.object CallExpression: enter
2025-06-05T08:42:12.339Z babel program.body[0].declarations[0].init.expressions[1].right.expressions[1].body.body[3].argument.arguments[0].body.body[3].body.body[0].expression.argument.object.object CallExpression: Recursing into...
2025-06-05T08:42:12.339Z babel program.body[0].declarations[0].init.expressions[1].right.expressions[1].body.body[3].argument.arguments[0].body.body[3].body.body[0].expression.argument.object.object CallExpression: exit
2025-06-05T08:42:12.339Z babel program.body[0].declarations[0].init.expressions[1].right.expressions[1].body.body[3].argument.arguments[0].body.body[3].body.body[0].expression.argument.object MemberExpression: exit
2025-06-05T08:42:12.339Z babel program.body[0].declarations[0].init.expressions[1].right.expressions[1].body.body[3].argument.arguments[0].body.body[3].body.body[0].expression.argument MemberExpression: exit
2025-06-05T08:42:12.339Z babel program.body[0].declarations[0].init.expressions[1].right.expressions[1].body.body[3].argument.arguments[0].body.body[3].body.body[0].expression UpdateExpression: exit
2025-06-05T08:42:12.339Z babel program.body[0].declarations[0].init.expressions[1].right.expressions[1].body.body[3].argument.arguments[0].body.body[3].body.body[0] ExpressionStatement: exit
2025-06-05T08:42:12.339Z babel program.body[0].declarations[0].init.expressions[1].right.expressions[1].body.body[3].argument.arguments[0].body.body[3].body.body[1] ExpressionStatement: enter
2025-06-05T08:42:12.339Z babel program.body[0].declarations[0].init.expressions[1].right.expressions[1].body.body[3].argument.arguments[0].body.body[3].body.body[1] ExpressionStatement: Inserted.
2025-06-05T08:42:12.339Z babel program.body[0].declarations[0].init.expressions[1].right.expressions[1].body.body[3].argument.arguments[0].body.body[3].body.body[2] ExpressionStatement: Recursing into...
2025-06-05T08:42:12.339Z babel program.body[0].declarations[0].init.expressions[1].right.expressions[1].body.body[3].argument.arguments[0].body.body[3].body.body[2].expression ConditionalExpression: enter
2025-06-05T08:42:12.340Z babel program.body[0].declarations[0].init.expressions[1].right.expressions[1].body.body[3].argument.arguments[0].body.body[3].body.body[2].expression.consequent CallExpression: Replace with SequenceExpression
2025-06-05T08:42:12.340Z babel program.body[0].declarations[0].init.expressions[1].right.expressions[1].body.body[3].argument.arguments[0].body.body[3].body.body[2].expression.alternate CallExpression: Replace with SequenceExpression
2025-06-05T08:42:12.340Z babel program.body[0].declarations[0].init.expressions[1].right.expressions[1].body.body[3].argument.arguments[0].body.body[3].body.body[2].expression ConditionalExpression: Recursing into...
2025-06-05T08:42:12.340Z babel program.body[0].declarations[0].init.expressions[1].right.expressions[1].body.body[3].argument.arguments[0].body.body[3].body.body[2].expression.test MemberExpression: enter
2025-06-05T08:42:12.340Z babel program.body[0].declarations[0].init.expressions[1].right.expressions[1].body.body[3].argument.arguments[0].body.body[3].body.body[2].expression.test MemberExpression: Recursing into...
2025-06-05T08:42:12.340Z babel program.body[0].declarations[0].init.expressions[1].right.expressions[1].body.body[3].argument.arguments[0].body.body[3].body.body[2].expression.test MemberExpression: exit
2025-06-05T08:42:12.340Z babel program.body[0].declarations[0].init.expressions[1].right.expressions[1].body.body[3].argument.arguments[0].body.body[3].body.body[2].expression.consequent SequenceExpression: enter
2025-06-05T08:42:12.340Z babel program.body[0].declarations[0].init.expressions[1].right.expressions[1].body.body[3].argument.arguments[0].body.body[3].body.body[2].expression.consequent SequenceExpression: Recursing into...
2025-06-05T08:42:12.340Z babel program.body[0].declarations[0].init.expressions[1].right.expressions[1].body.body[3].argument.arguments[0].body.body[3].body.body[2].expression.consequent.expressions[0] UpdateExpression: enter
2025-06-05T08:42:12.340Z babel program.body[0].declarations[0].init.expressions[1].right.expressions[1].body.body[3].argument.arguments[0].body.body[3].body.body[2].expression.consequent.expressions[0] UpdateExpression: Recursing into...
2025-06-05T08:42:12.340Z babel program.body[0].declarations[0].init.expressions[1].right.expressions[1].body.body[3].argument.arguments[0].body.body[3].body.body[2].expression.consequent.expressions[0].argument MemberExpression: enter
2025-06-05T08:42:12.340Z babel program.body[0].declarations[0].init.expressions[1].right.expressions[1].body.body[3].argument.arguments[0].body.body[3].body.body[2].expression.consequent.expressions[0].argument MemberExpression: Recursing into...
2025-06-05T08:42:12.340Z babel program.body[0].declarations[0].init.expressions[1].right.expressions[1].body.body[3].argument.arguments[0].body.body[3].body.body[2].expression.consequent.expressions[0].argument.object MemberExpression: enter
2025-06-05T08:42:12.340Z babel program.body[0].declarations[0].init.expressions[1].right.expressions[1].body.body[3].argument.arguments[0].body.body[3].body.body[2].expression.consequent.expressions[0].argument.object MemberExpression: Recursing into...
2025-06-05T08:42:12.340Z babel program.body[0].declarations[0].init.expressions[1].right.expressions[1].body.body[3].argument.arguments[0].body.body[3].body.body[2].expression.consequent.expressions[0].argument.object.object MemberExpression: enter
2025-06-05T08:42:12.340Z babel program.body[0].declarations[0].init.expressions[1].right.expressions[1].body.body[3].argument.arguments[0].body.body[3].body.body[2].expression.consequent.expressions[0].argument.object.object MemberExpression: Recursing into...
2025-06-05T08:42:12.340Z babel program.body[0].declarations[0].init.expressions[1].right.expressions[1].body.body[3].argument.arguments[0].body.body[3].body.body[2].expression.consequent.expressions[0].argument.object.object.object CallExpression: enter
2025-06-05T08:42:12.340Z babel program.body[0].declarations[0].init.expressions[1].right.expressions[1].body.body[3].argument.arguments[0].body.body[3].body.body[2].expression.consequent.expressions[0].argument.object.object.object CallExpression: Recursing into...
2025-06-05T08:42:12.340Z babel program.body[0].declarations[0].init.expressions[1].right.expressions[1].body.body[3].argument.arguments[0].body.body[3].body.body[2].expression.consequent.expressions[0].argument.object.object.object CallExpression: exit
2025-06-05T08:42:12.340Z babel program.body[0].declarations[0].init.expressions[1].right.expressions[1].body.body[3].argument.arguments[0].body.body[3].body.body[2].expression.consequent.expressions[0].argument.object.object MemberExpression: exit
2025-06-05T08:42:12.340Z babel program.body[0].declarations[0].init.expressions[1].right.expressions[1].body.body[3].argument.arguments[0].body.body[3].body.body[2].expression.consequent.expressions[0].argument.object MemberExpression: exit
2025-06-05T08:42:12.340Z babel program.body[0].declarations[0].init.expressions[1].right.expressions[1].body.body[3].argument.arguments[0].body.body[3].body.body[2].expression.consequent.expressions[0].argument MemberExpression: exit
2025-06-05T08:42:12.340Z babel program.body[0].declarations[0].init.expressions[1].right.expressions[1].body.body[3].argument.arguments[0].body.body[3].body.body[2].expression.consequent.expressions[0] UpdateExpression: exit
2025-06-05T08:42:12.340Z babel program.body[0].declarations[0].init.expressions[1].right.expressions[1].body.body[3].argument.arguments[0].body.body[3].body.body[2].expression.consequent.expressions[1] CallExpression: enter
2025-06-05T08:42:12.340Z babel program.body[0].declarations[0].init.expressions[1].right.expressions[1].body.body[3].argument.arguments[0].body.body[3].body.body[2].expression.consequent.expressions[1] CallExpression: Recursing into...
2025-06-05T08:42:12.340Z babel program.body[0].declarations[0].init.expressions[1].right.expressions[1].body.body[3].argument.arguments[0].body.body[3].body.body[2].expression.consequent.expressions[1].arguments[0] MemberExpression: enter
2025-06-05T08:42:12.340Z babel program.body[0].declarations[0].init.expressions[1].right.expressions[1].body.body[3].argument.arguments[0].body.body[3].body.body[2].expression.consequent.expressions[1].arguments[0] MemberExpression: Recursing into...
2025-06-05T08:42:12.340Z babel program.body[0].declarations[0].init.expressions[1].right.expressions[1].body.body[3].argument.arguments[0].body.body[3].body.body[2].expression.consequent.expressions[1].arguments[0] MemberExpression: exit
2025-06-05T08:42:12.340Z babel program.body[0].declarations[0].init.expressions[1].right.expressions[1].body.body[3].argument.arguments[0].body.body[3].body.body[2].expression.consequent.expressions[1] CallExpression: exit
2025-06-05T08:42:12.340Z babel program.body[0].declarations[0].init.expressions[1].right.expressions[1].body.body[3].argument.arguments[0].body.body[3].body.body[2].expression.consequent SequenceExpression: exit
2025-06-05T08:42:12.340Z babel program.body[0].declarations[0].init.expressions[1].right.expressions[1].body.body[3].argument.arguments[0].body.body[3].body.body[2].expression.alternate SequenceExpression: enter
2025-06-05T08:42:12.340Z babel program.body[0].declarations[0].init.expressions[1].right.expressions[1].body.body[3].argument.arguments[0].body.body[3].body.body[2].expression.alternate SequenceExpression: Recursing into...
2025-06-05T08:42:12.340Z babel program.body[0].declarations[0].init.expressions[1].right.expressions[1].body.body[3].argument.arguments[0].body.body[3].body.body[2].expression.alternate.expressions[0] UpdateExpression: enter
2025-06-05T08:42:12.340Z babel program.body[0].declarations[0].init.expressions[1].right.expressions[1].body.body[3].argument.arguments[0].body.body[3].body.body[2].expression.alternate.expressions[0] UpdateExpression: Recursing into...
2025-06-05T08:42:12.340Z babel program.body[0].declarations[0].init.expressions[1].right.expressions[1].body.body[3].argument.arguments[0].body.body[3].body.body[2].expression.alternate.expressions[0].argument MemberExpression: enter
2025-06-05T08:42:12.340Z babel program.body[0].declarations[0].init.expressions[1].right.expressions[1].body.body[3].argument.arguments[0].body.body[3].body.body[2].expression.alternate.expressions[0].argument MemberExpression: Recursing into...
2025-06-05T08:42:12.340Z babel program.body[0].declarations[0].init.expressions[1].right.expressions[1].body.body[3].argument.arguments[0].body.body[3].body.body[2].expression.alternate.expressions[0].argument.object MemberExpression: enter
2025-06-05T08:42:12.340Z babel program.body[0].declarations[0].init.expressions[1].right.expressions[1].body.body[3].argument.arguments[0].body.body[3].body.body[2].expression.alternate.expressions[0].argument.object MemberExpression: Recursing into...
2025-06-05T08:42:12.340Z babel program.body[0].declarations[0].init.expressions[1].right.expressions[1].body.body[3].argument.arguments[0].body.body[3].body.body[2].expression.alternate.expressions[0].argument.object.object MemberExpression: enter
2025-06-05T08:42:12.340Z babel program.body[0].declarations[0].init.expressions[1].right.expressions[1].body.body[3].argument.arguments[0].body.body[3].body.body[2].expression.alternate.expressions[0].argument.object.object MemberExpression: Recursing into...
2025-06-05T08:42:12.340Z babel program.body[0].declarations[0].init.expressions[1].right.expressions[1].body.body[3].argument.arguments[0].body.body[3].body.body[2].expression.alternate.expressions[0].argument.object.object.object CallExpression: enter
2025-06-05T08:42:12.340Z babel program.body[0].declarations[0].init.expressions[1].right.expressions[1].body.body[3].argument.arguments[0].body.body[3].body.body[2].expression.alternate.expressions[0].argument.object.object.object CallExpression: Recursing into...
2025-06-05T08:42:12.340Z babel program.body[0].declarations[0].init.expressions[1].right.expressions[1].body.body[3].argument.arguments[0].body.body[3].body.body[2].expression.alternate.expressions[0].argument.object.object.object CallExpression: exit
2025-06-05T08:42:12.340Z babel program.body[0].declarations[0].init.expressions[1].right.expressions[1].body.body[3].argument.arguments[0].body.body[3].body.body[2].expression.alternate.expressions[0].argument.object.object MemberExpression: exit
2025-06-05T08:42:12.340Z babel program.body[0].declarations[0].init.expressions[1].right.expressions[1].body.body[3].argument.arguments[0].body.body[3].body.body[2].expression.alternate.expressions[0].argument.object MemberExpression: exit
2025-06-05T08:42:12.340Z babel program.body[0].declarations[0].init.expressions[1].right.expressions[1].body.body[3].argument.arguments[0].body.body[3].body.body[2].expression.alternate.expressions[0].argument MemberExpression: exit
2025-06-05T08:42:12.340Z babel program.body[0].declarations[0].init.expressions[1].right.expressions[1].body.body[3].argument.arguments[0].body.body[3].body.body[2].expression.alternate.expressions[0] UpdateExpression: exit
2025-06-05T08:42:12.340Z babel program.body[0].declarations[0].init.expressions[1].right.expressions[1].body.body[3].argument.arguments[0].body.body[3].body.body[2].expression.alternate.expressions[1] CallExpression: enter
2025-06-05T08:42:12.340Z babel program.body[0].declarations[0].init.expressions[1].right.expressions[1].body.body[3].argument.arguments[0].body.body[3].body.body[2].expression.alternate.expressions[1] CallExpression: Recursing into...
2025-06-05T08:42:12.340Z babel program.body[0].declarations[0].init.expressions[1].right.expressions[1].body.body[3].argument.arguments[0].body.body[3].body.body[2].expression.alternate.expressions[1].callee MemberExpression: enter
2025-06-05T08:42:12.340Z babel program.body[0].declarations[0].init.expressions[1].right.expressions[1].body.body[3].argument.arguments[0].body.body[3].body.body[2].expression.alternate.expressions[1].callee MemberExpression: Recursing into...
2025-06-05T08:42:12.340Z babel program.body[0].declarations[0].init.expressions[1].right.expressions[1].body.body[3].argument.arguments[0].body.body[3].body.body[2].expression.alternate.expressions[1].callee.object CallExpression: enter
2025-06-05T08:42:12.340Z babel program.body[0].declarations[0].init.expressions[1].right.expressions[1].body.body[3].argument.arguments[0].body.body[3].body.body[2].expression.alternate.expressions[1].callee.object CallExpression: Recursing into...
2025-06-05T08:42:12.340Z babel program.body[0].declarations[0].init.expressions[1].right.expressions[1].body.body[3].argument.arguments[0].body.body[3].body.body[2].expression.alternate.expressions[1].callee.object.arguments[0] MemberExpression: enter
2025-06-05T08:42:12.340Z babel program.body[0].declarations[0].init.expressions[1].right.expressions[1].body.body[3].argument.arguments[0].body.body[3].body.body[2].expression.alternate.expressions[1].callee.object.arguments[0] MemberExpression: Recursing into...
2025-06-05T08:42:12.340Z babel program.body[0].declarations[0].init.expressions[1].right.expressions[1].body.body[3].argument.arguments[0].body.body[3].body.body[2].expression.alternate.expressions[1].callee.object.arguments[0] MemberExpression: exit
2025-06-05T08:42:12.340Z babel program.body[0].declarations[0].init.expressions[1].right.expressions[1].body.body[3].argument.arguments[0].body.body[3].body.body[2].expression.alternate.expressions[1].callee.object CallExpression: exit
2025-06-05T08:42:12.340Z babel program.body[0].declarations[0].init.expressions[1].right.expressions[1].body.body[3].argument.arguments[0].body.body[3].body.body[2].expression.alternate.expressions[1].callee MemberExpression: exit
2025-06-05T08:42:12.340Z babel program.body[0].declarations[0].init.expressions[1].right.expressions[1].body.body[3].argument.arguments[0].body.body[3].body.body[2].expression.alternate.expressions[1] CallExpression: exit
2025-06-05T08:42:12.340Z babel program.body[0].declarations[0].init.expressions[1].right.expressions[1].body.body[3].argument.arguments[0].body.body[3].body.body[2].expression.alternate SequenceExpression: exit
2025-06-05T08:42:12.340Z babel program.body[0].declarations[0].init.expressions[1].right.expressions[1].body.body[3].argument.arguments[0].body.body[3].body.body[2].expression ConditionalExpression: exit
2025-06-05T08:42:12.340Z babel program.body[0].declarations[0].init.expressions[1].right.expressions[1].body.body[3].argument.arguments[0].body.body[3].body.body[2] ExpressionStatement: exit
2025-06-05T08:42:12.340Z babel program.body[0].declarations[0].init.expressions[1].right.expressions[1].body.body[3].argument.arguments[0].body.body[3].body.body[1] ExpressionStatement: enter
2025-06-05T08:42:12.340Z babel program.body[0].declarations[0].init.expressions[1].right.expressions[1].body.body[3].argument.arguments[0].body.body[3].body.body[1] ExpressionStatement: Recursing into...
2025-06-05T08:42:12.340Z babel program.body[0].declarations[0].init.expressions[1].right.expressions[1].body.body[3].argument.arguments[0].body.body[3].body.body[1].expression UpdateExpression: enter
2025-06-05T08:42:12.340Z babel program.body[0].declarations[0].init.expressions[1].right.expressions[1].body.body[3].argument.arguments[0].body.body[3].body.body[1].expression UpdateExpression: Recursing into...
2025-06-05T08:42:12.340Z babel program.body[0].declarations[0].init.expressions[1].right.expressions[1].body.body[3].argument.arguments[0].body.body[3].body.body[1].expression.argument MemberExpression: enter
2025-06-05T08:42:12.340Z babel program.body[0].declarations[0].init.expressions[1].right.expressions[1].body.body[3].argument.arguments[0].body.body[3].body.body[1].expression.argument MemberExpression: Recursing into...
2025-06-05T08:42:12.340Z babel program.body[0].declarations[0].init.expressions[1].right.expressions[1].body.body[3].argument.arguments[0].body.body[3].body.body[1].expression.argument.object MemberExpression: enter
2025-06-05T08:42:12.340Z babel program.body[0].declarations[0].init.expressions[1].right.expressions[1].body.body[3].argument.arguments[0].body.body[3].body.body[1].expression.argument.object MemberExpression: Recursing into...
2025-06-05T08:42:12.340Z babel program.body[0].declarations[0].init.expressions[1].right.expressions[1].body.body[3].argument.arguments[0].body.body[3].body.body[1].expression.argument.object.object CallExpression: enter
2025-06-05T08:42:12.340Z babel program.body[0].declarations[0].init.expressions[1].right.expressions[1].body.body[3].argument.arguments[0].body.body[3].body.body[1].expression.argument.object.object CallExpression: Recursing into...
2025-06-05T08:42:12.340Z babel program.body[0].declarations[0].init.expressions[1].right.expressions[1].body.body[3].argument.arguments[0].body.body[3].body.body[1].expression.argument.object.object CallExpression: exit
2025-06-05T08:42:12.340Z babel program.body[0].declarations[0].init.expressions[1].right.expressions[1].body.body[3].argument.arguments[0].body.body[3].body.body[1].expression.argument.object MemberExpression: exit
2025-06-05T08:42:12.340Z babel program.body[0].declarations[0].init.expressions[1].right.expressions[1].body.body[3].argument.arguments[0].body.body[3].body.body[1].expression.argument MemberExpression: exit
2025-06-05T08:42:12.340Z babel program.body[0].declarations[0].init.expressions[1].right.expressions[1].body.body[3].argument.arguments[0].body.body[3].body.body[1].expression UpdateExpression: exit
2025-06-05T08:42:12.340Z babel program.body[0].declarations[0].init.expressions[1].right.expressions[1].body.body[3].argument.arguments[0].body.body[3].body.body[1] ExpressionStatement: exit
2025-06-05T08:42:12.340Z babel program.body[0].declarations[0].init.expressions[1].right.expressions[1].body.body[3].argument.arguments[0].body.body[3].body BlockStatement: exit
2025-06-05T08:42:12.340Z babel program.body[0].declarations[0].init.expressions[1].right.expressions[1].body.body[3].argument.arguments[0].body.body[3] FunctionDeclaration: exit
2025-06-05T08:42:12.340Z babel program.body[0].declarations[0].init.expressions[1].right.expressions[1].body.body[3].argument.arguments[0].body.body[4] ExpressionStatement: enter
2025-06-05T08:42:12.340Z babel program.body[0].declarations[0].init.expressions[1].right.expressions[1].body.body[3].argument.arguments[0].body.body[4] ExpressionStatement: Inserted.
2025-06-05T08:42:12.340Z babel program.body[0].declarations[0].init.expressions[1].right.expressions[1].body.body[3].argument.arguments[0].body.body[5] ExpressionStatement: Recursing into...
2025-06-05T08:42:12.340Z babel program.body[0].declarations[0].init.expressions[1].right.expressions[1].body.body[3].argument.arguments[0].body.body[5].expression CallExpression: enter
2025-06-05T08:42:12.340Z babel program.body[0].declarations[0].init.expressions[1].right.expressions[1].body.body[3].argument.arguments[0].body.body[5].expression CallExpression: Recursing into...
2025-06-05T08:42:12.340Z babel program.body[0].declarations[0].init.expressions[1].right.expressions[1].body.body[3].argument.arguments[0].body.body[5].expression.arguments[0] CallExpression: enter
2025-06-05T08:42:12.340Z babel program.body[0].declarations[0].init.expressions[1].right.expressions[1].body.body[3].argument.arguments[0].body.body[5].expression.arguments[0] CallExpression: Recursing into...
2025-06-05T08:42:12.340Z babel program.body[0].declarations[0].init.expressions[1].right.expressions[1].body.body[3].argument.arguments[0].body.body[5].expression.arguments[0].callee MemberExpression: enter
2025-06-05T08:42:12.340Z babel program.body[0].declarations[0].init.expressions[1].right.expressions[1].body.body[3].argument.arguments[0].body.body[5].expression.arguments[0].callee MemberExpression: Recursing into...
2025-06-05T08:42:12.340Z babel program.body[0].declarations[0].init.expressions[1].right.expressions[1].body.body[3].argument.arguments[0].body.body[5].expression.arguments[0].callee.object AssignmentExpression: enter
2025-06-05T08:42:12.340Z babel program.body[0].declarations[0].init.expressions[1].right.expressions[1].body.body[3].argument.arguments[0].body.body[5].expression.arguments[0].callee.object AssignmentExpression: Recursing into...
2025-06-05T08:42:12.340Z babel program.body[0].declarations[0].init.expressions[1].right.expressions[1].body.body[3].argument.arguments[0].body.body[5].expression.arguments[0].callee.object.right CallExpression: enter
2025-06-05T08:42:12.340Z babel program.body[0].declarations[0].init.expressions[1].right.expressions[1].body.body[3].argument.arguments[0].body.body[5].expression.arguments[0].callee.object.right CallExpression: Recursing into...
2025-06-05T08:42:12.340Z babel program.body[0].declarations[0].init.expressions[1].right.expressions[1].body.body[3].argument.arguments[0].body.body[5].expression.arguments[0].callee.object.right.callee MemberExpression: enter
2025-06-05T08:42:12.340Z babel program.body[0].declarations[0].init.expressions[1].right.expressions[1].body.body[3].argument.arguments[0].body.body[5].expression.arguments[0].callee.object.right.callee MemberExpression: Recursing into...
2025-06-05T08:42:12.340Z babel program.body[0].declarations[0].init.expressions[1].right.expressions[1].body.body[3].argument.arguments[0].body.body[5].expression.arguments[0].callee.object.right.callee MemberExpression: exit
2025-06-05T08:42:12.340Z babel program.body[0].declarations[0].init.expressions[1].right.expressions[1].body.body[3].argument.arguments[0].body.body[5].expression.arguments[0].callee.object.right.arguments[1] LogicalExpression: enter
2025-06-05T08:42:12.340Z babel program.body[0].declarations[0].init.expressions[1].right.expressions[1].body.body[3].argument.arguments[0].body.body[5].expression.arguments[0].callee.object.right.arguments[1] LogicalExpression: Recursing into...
2025-06-05T08:42:12.340Z babel program.body[0].declarations[0].init.expressions[1].right.expressions[1].body.body[3].argument.arguments[0].body.body[5].expression.arguments[0].callee.object.right.arguments[1].left SequenceExpression: enter
2025-06-05T08:42:12.340Z babel program.body[0].declarations[0].init.expressions[1].right.expressions[1].body.body[3].argument.arguments[0].body.body[5].expression.arguments[0].callee.object.right.arguments[1].left SequenceExpression: Recursing into...
2025-06-05T08:42:12.340Z babel program.body[0].declarations[0].init.expressions[1].right.expressions[1].body.body[3].argument.arguments[0].body.body[5].expression.arguments[0].callee.object.right.arguments[1].left.expressions[0] UpdateExpression: enter
2025-06-05T08:42:12.340Z babel program.body[0].declarations[0].init.expressions[1].right.expressions[1].body.body[3].argument.arguments[0].body.body[5].expression.arguments[0].callee.object.right.arguments[1].left.expressions[0] UpdateExpression: Recursing into...
2025-06-05T08:42:12.340Z babel program.body[0].declarations[0].init.expressions[1].right.expressions[1].body.body[3].argument.arguments[0].body.body[5].expression.arguments[0].callee.object.right.arguments[1].left.expressions[0].argument MemberExpression: enter
2025-06-05T08:42:12.340Z babel program.body[0].declarations[0].init.expressions[1].right.expressions[1].body.body[3].argument.arguments[0].body.body[5].expression.arguments[0].callee.object.right.arguments[1].left.expressions[0].argument MemberExpression: Recursing into...
2025-06-05T08:42:12.340Z babel program.body[0].declarations[0].init.expressions[1].right.expressions[1].body.body[3].argument.arguments[0].body.body[5].expression.arguments[0].callee.object.right.arguments[1].left.expressions[0].argument.object MemberExpression: enter
2025-06-05T08:42:12.340Z babel program.body[0].declarations[0].init.expressions[1].right.expressions[1].body.body[3].argument.arguments[0].body.body[5].expression.arguments[0].callee.object.right.arguments[1].left.expressions[0].argument.object MemberExpression: Recursing into...
2025-06-05T08:42:12.340Z babel program.body[0].declarations[0].init.expressions[1].right.expressions[1].body.body[3].argument.arguments[0].body.body[5].expression.arguments[0].callee.object.right.arguments[1].left.expressions[0].argument.object.object MemberExpression: enter
2025-06-05T08:42:12.340Z babel program.body[0].declarations[0].init.expressions[1].right.expressions[1].body.body[3].argument.arguments[0].body.body[5].expression.arguments[0].callee.object.right.arguments[1].left.expressions[0].argument.object.object MemberExpression: Recursing into...
2025-06-05T08:42:12.340Z babel program.body[0].declarations[0].init.expressions[1].right.expressions[1].body.body[3].argument.arguments[0].body.body[5].expression.arguments[0].callee.object.right.arguments[1].left.expressions[0].argument.object.object.object CallExpression: enter
2025-06-05T08:42:12.340Z babel program.body[0].declarations[0].init.expressions[1].right.expressions[1].body.body[3].argument.arguments[0].body.body[5].expression.arguments[0].callee.object.right.arguments[1].left.expressions[0].argument.object.object.object CallExpression: Recursing into...
2025-06-05T08:42:12.340Z babel program.body[0].declarations[0].init.expressions[1].right.expressions[1].body.body[3].argument.arguments[0].body.body[5].expression.arguments[0].callee.object.right.arguments[1].left.expressions[0].argument.object.object.object CallExpression: exit
2025-06-05T08:42:12.340Z babel program.body[0].declarations[0].init.expressions[1].right.expressions[1].body.body[3].argument.arguments[0].body.body[5].expression.arguments[0].callee.object.right.arguments[1].left.expressions[0].argument.object.object MemberExpression: exit
2025-06-05T08:42:12.340Z babel program.body[0].declarations[0].init.expressions[1].right.expressions[1].body.body[3].argument.arguments[0].body.body[5].expression.arguments[0].callee.object.right.arguments[1].left.expressions[0].argument.object MemberExpression: exit
2025-06-05T08:42:12.340Z babel program.body[0].declarations[0].init.expressions[1].right.expressions[1].body.body[3].argument.arguments[0].body.body[5].expression.arguments[0].callee.object.right.arguments[1].left.expressions[0].argument MemberExpression: exit
2025-06-05T08:42:12.340Z babel program.body[0].declarations[0].init.expressions[1].right.expressions[1].body.body[3].argument.arguments[0].body.body[5].expression.arguments[0].callee.object.right.arguments[1].left.expressions[0] UpdateExpression: exit
2025-06-05T08:42:12.340Z babel program.body[0].declarations[0].init.expressions[1].right.expressions[1].body.body[3].argument.arguments[0].body.body[5].expression.arguments[0].callee.object.right.arguments[1].left SequenceExpression: exit
2025-06-05T08:42:12.340Z babel program.body[0].declarations[0].init.expressions[1].right.expressions[1].body.body[3].argument.arguments[0].body.body[5].expression.arguments[0].callee.object.right.arguments[1].right SequenceExpression: enter
2025-06-05T08:42:12.340Z babel program.body[0].declarations[0].init.expressions[1].right.expressions[1].body.body[3].argument.arguments[0].body.body[5].expression.arguments[0].callee.object.right.arguments[1].right SequenceExpression: Recursing into...
2025-06-05T08:42:12.340Z babel program.body[0].declarations[0].init.expressions[1].right.expressions[1].body.body[3].argument.arguments[0].body.body[5].expression.arguments[0].callee.object.right.arguments[1].right.expressions[0] UpdateExpression: enter
2025-06-05T08:42:12.340Z babel program.body[0].declarations[0].init.expressions[1].right.expressions[1].body.body[3].argument.arguments[0].body.body[5].expression.arguments[0].callee.object.right.arguments[1].right.expressions[0] UpdateExpression: Recursing into...
2025-06-05T08:42:12.340Z babel program.body[0].declarations[0].init.expressions[1].right.expressions[1].body.body[3].argument.arguments[0].body.body[5].expression.arguments[0].callee.object.right.arguments[1].right.expressions[0].argument MemberExpression: enter
2025-06-05T08:42:12.340Z babel program.body[0].declarations[0].init.expressions[1].right.expressions[1].body.body[3].argument.arguments[0].body.body[5].expression.arguments[0].callee.object.right.arguments[1].right.expressions[0].argument MemberExpression: Recursing into...
2025-06-05T08:42:12.340Z babel program.body[0].declarations[0].init.expressions[1].right.expressions[1].body.body[3].argument.arguments[0].body.body[5].expression.arguments[0].callee.object.right.arguments[1].right.expressions[0].argument.object MemberExpression: enter
2025-06-05T08:42:12.340Z babel program.body[0].declarations[0].init.expressions[1].right.expressions[1].body.body[3].argument.arguments[0].body.body[5].expression.arguments[0].callee.object.right.arguments[1].right.expressions[0].argument.object MemberExpression: Recursing into...
2025-06-05T08:42:12.340Z babel program.body[0].declarations[0].init.expressions[1].right.expressions[1].body.body[3].argument.arguments[0].body.body[5].expression.arguments[0].callee.object.right.arguments[1].right.expressions[0].argument.object.object MemberExpression: enter
2025-06-05T08:42:12.340Z babel program.body[0].declarations[0].init.expressions[1].right.expressions[1].body.body[3].argument.arguments[0].body.body[5].expression.arguments[0].callee.object.right.arguments[1].right.expressions[0].argument.object.object MemberExpression: Recursing into...
2025-06-05T08:42:12.340Z babel program.body[0].declarations[0].init.expressions[1].right.expressions[1].body.body[3].argument.arguments[0].body.body[5].expression.arguments[0].callee.object.right.arguments[1].right.expressions[0].argument.object.object.object CallExpression: enter
2025-06-05T08:42:12.340Z babel program.body[0].declarations[0].init.expressions[1].right.expressions[1].body.body[3].argument.arguments[0].body.body[5].expression.arguments[0].callee.object.right.arguments[1].right.expressions[0].argument.object.object.object CallExpression: Recursing into...
2025-06-05T08:42:12.340Z babel program.body[0].declarations[0].init.expressions[1].right.expressions[1].body.body[3].argument.arguments[0].body.body[5].expression.arguments[0].callee.object.right.arguments[1].right.expressions[0].argument.object.object.object CallExpression: exit
2025-06-05T08:42:12.340Z babel program.body[0].declarations[0].init.expressions[1].right.expressions[1].body.body[3].argument.arguments[0].body.body[5].expression.arguments[0].callee.object.right.arguments[1].right.expressions[0].argument.object.object MemberExpression: exit
2025-06-05T08:42:12.340Z babel program.body[0].declarations[0].init.expressions[1].right.expressions[1].body.body[3].argument.arguments[0].body.body[5].expression.arguments[0].callee.object.right.arguments[1].right.expressions[0].argument.object MemberExpression: exit
2025-06-05T08:42:12.340Z babel program.body[0].declarations[0].init.expressions[1].right.expressions[1].body.body[3].argument.arguments[0].body.body[5].expression.arguments[0].callee.object.right.arguments[1].right.expressions[0].argument MemberExpression: exit
2025-06-05T08:42:12.340Z babel program.body[0].declarations[0].init.expressions[1].right.expressions[1].body.body[3].argument.arguments[0].body.body[5].expression.arguments[0].callee.object.right.arguments[1].right.expressions[0] UpdateExpression: exit
2025-06-05T08:42:12.340Z babel program.body[0].declarations[0].init.expressions[1].right.expressions[1].body.body[3].argument.arguments[0].body.body[5].expression.arguments[0].callee.object.right.arguments[1].right.expressions[1] ArrayExpression: enter
2025-06-05T08:42:12.340Z babel program.body[0].declarations[0].init.expressions[1].right.expressions[1].body.body[3].argument.arguments[0].body.body[5].expression.arguments[0].callee.object.right.arguments[1].right.expressions[1] ArrayExpression: Recursing into...
2025-06-05T08:42:12.340Z babel program.body[0].declarations[0].init.expressions[1].right.expressions[1].body.body[3].argument.arguments[0].body.body[5].expression.arguments[0].callee.object.right.arguments[1].right.expressions[1] ArrayExpression: exit
2025-06-05T08:42:12.340Z babel program.body[0].declarations[0].init.expressions[1].right.expressions[1].body.body[3].argument.arguments[0].body.body[5].expression.arguments[0].callee.object.right.arguments[1].right SequenceExpression: exit
2025-06-05T08:42:12.340Z babel program.body[0].declarations[0].init.expressions[1].right.expressions[1].body.body[3].argument.arguments[0].body.body[5].expression.arguments[0].callee.object.right.arguments[1] LogicalExpression: exit
2025-06-05T08:42:12.340Z babel program.body[0].declarations[0].init.expressions[1].right.expressions[1].body.body[3].argument.arguments[0].body.body[5].expression.arguments[0].callee.object.right CallExpression: exit
2025-06-05T08:42:12.340Z babel program.body[0].declarations[0].init.expressions[1].right.expressions[1].body.body[3].argument.arguments[0].body.body[5].expression.arguments[0].callee.object AssignmentExpression: exit
2025-06-05T08:42:12.340Z babel program.body[0].declarations[0].init.expressions[1].right.expressions[1].body.body[3].argument.arguments[0].body.body[5].expression.arguments[0].callee MemberExpression: exit
2025-06-05T08:42:12.340Z babel program.body[0].declarations[0].init.expressions[1].right.expressions[1].body.body[3].argument.arguments[0].body.body[5].expression.arguments[0] CallExpression: exit
2025-06-05T08:42:12.340Z babel program.body[0].declarations[0].init.expressions[1].right.expressions[1].body.body[3].argument.arguments[0].body.body[5].expression CallExpression: exit
2025-06-05T08:42:12.341Z babel program.body[0].declarations[0].init.expressions[1].right.expressions[1].body.body[3].argument.arguments[0].body.body[5] ExpressionStatement: exit
2025-06-05T08:42:12.341Z babel program.body[0].declarations[0].init.expressions[1].right.expressions[1].body.body[3].argument.arguments[0].body.body[4] ExpressionStatement: enter
2025-06-05T08:42:12.341Z babel program.body[0].declarations[0].init.expressions[1].right.expressions[1].body.body[3].argument.arguments[0].body.body[4] ExpressionStatement: Recursing into...
2025-06-05T08:42:12.341Z babel program.body[0].declarations[0].init.expressions[1].right.expressions[1].body.body[3].argument.arguments[0].body.body[4].expression UpdateExpression: enter
2025-06-05T08:42:12.341Z babel program.body[0].declarations[0].init.expressions[1].right.expressions[1].body.body[3].argument.arguments[0].body.body[4].expression UpdateExpression: Recursing into...
2025-06-05T08:42:12.341Z babel program.body[0].declarations[0].init.expressions[1].right.expressions[1].body.body[3].argument.arguments[0].body.body[4].expression.argument MemberExpression: enter
2025-06-05T08:42:12.341Z babel program.body[0].declarations[0].init.expressions[1].right.expressions[1].body.body[3].argument.arguments[0].body.body[4].expression.argument MemberExpression: Recursing into...
2025-06-05T08:42:12.341Z babel program.body[0].declarations[0].init.expressions[1].right.expressions[1].body.body[3].argument.arguments[0].body.body[4].expression.argument.object MemberExpression: enter
2025-06-05T08:42:12.341Z babel program.body[0].declarations[0].init.expressions[1].right.expressions[1].body.body[3].argument.arguments[0].body.body[4].expression.argument.object MemberExpression: Recursing into...
2025-06-05T08:42:12.341Z babel program.body[0].declarations[0].init.expressions[1].right.expressions[1].body.body[3].argument.arguments[0].body.body[4].expression.argument.object.object CallExpression: enter
2025-06-05T08:42:12.341Z babel program.body[0].declarations[0].init.expressions[1].right.expressions[1].body.body[3].argument.arguments[0].body.body[4].expression.argument.object.object CallExpression: Recursing into...
2025-06-05T08:42:12.341Z babel program.body[0].declarations[0].init.expressions[1].right.expressions[1].body.body[3].argument.arguments[0].body.body[4].expression.argument.object.object CallExpression: exit
2025-06-05T08:42:12.341Z babel program.body[0].declarations[0].init.expressions[1].right.expressions[1].body.body[3].argument.arguments[0].body.body[4].expression.argument.object MemberExpression: exit
2025-06-05T08:42:12.341Z babel program.body[0].declarations[0].init.expressions[1].right.expressions[1].body.body[3].argument.arguments[0].body.body[4].expression.argument MemberExpression: exit
2025-06-05T08:42:12.341Z babel program.body[0].declarations[0].init.expressions[1].right.expressions[1].body.body[3].argument.arguments[0].body.body[4].expression UpdateExpression: exit
2025-06-05T08:42:12.341Z babel program.body[0].declarations[0].init.expressions[1].right.expressions[1].body.body[3].argument.arguments[0].body.body[4] ExpressionStatement: exit
2025-06-05T08:42:12.341Z babel program.body[0].declarations[0].init.expressions[1].right.expressions[1].body.body[3].argument.arguments[0].body BlockStatement: exit
2025-06-05T08:42:12.341Z babel program.body[0].declarations[0].init.expressions[1].right.expressions[1].body.body[3].argument.arguments[0] FunctionExpression: exit
2025-06-05T08:42:12.341Z babel program.body[0].declarations[0].init.expressions[1].right.expressions[1].body.body[3].argument NewExpression: exit
2025-06-05T08:42:12.341Z babel program.body[0].declarations[0].init.expressions[1].right.expressions[1].body.body[3] ReturnStatement: exit
2025-06-05T08:42:12.341Z babel program.body[0].declarations[0].init.expressions[1].right.expressions[1].body.body[2] ExpressionStatement: enter
2025-06-05T08:42:12.341Z babel program.body[0].declarations[0].init.expressions[1].right.expressions[1].body.body[2] ExpressionStatement: Recursing into...
2025-06-05T08:42:12.341Z babel program.body[0].declarations[0].init.expressions[1].right.expressions[1].body.body[2].expression UpdateExpression: enter
2025-06-05T08:42:12.341Z babel program.body[0].declarations[0].init.expressions[1].right.expressions[1].body.body[2].expression UpdateExpression: Recursing into...
2025-06-05T08:42:12.341Z babel program.body[0].declarations[0].init.expressions[1].right.expressions[1].body.body[2].expression.argument MemberExpression: enter
2025-06-05T08:42:12.341Z babel program.body[0].declarations[0].init.expressions[1].right.expressions[1].body.body[2].expression.argument MemberExpression: Recursing into...
2025-06-05T08:42:12.341Z babel program.body[0].declarations[0].init.expressions[1].right.expressions[1].body.body[2].expression.argument.object MemberExpression: enter
2025-06-05T08:42:12.341Z babel program.body[0].declarations[0].init.expressions[1].right.expressions[1].body.body[2].expression.argument.object MemberExpression: Recursing into...
2025-06-05T08:42:12.341Z babel program.body[0].declarations[0].init.expressions[1].right.expressions[1].body.body[2].expression.argument.object.object CallExpression: enter
2025-06-05T08:42:12.341Z babel program.body[0].declarations[0].init.expressions[1].right.expressions[1].body.body[2].expression.argument.object.object CallExpression: Recursing into...
2025-06-05T08:42:12.341Z babel program.body[0].declarations[0].init.expressions[1].right.expressions[1].body.body[2].expression.argument.object.object CallExpression: exit
2025-06-05T08:42:12.341Z babel program.body[0].declarations[0].init.expressions[1].right.expressions[1].body.body[2].expression.argument.object MemberExpression: exit
2025-06-05T08:42:12.341Z babel program.body[0].declarations[0].init.expressions[1].right.expressions[1].body.body[2].expression.argument MemberExpression: exit
2025-06-05T08:42:12.341Z babel program.body[0].declarations[0].init.expressions[1].right.expressions[1].body.body[2].expression UpdateExpression: exit
2025-06-05T08:42:12.341Z babel program.body[0].declarations[0].init.expressions[1].right.expressions[1].body.body[2] ExpressionStatement: exit
2025-06-05T08:42:12.341Z babel program.body[0].declarations[0].init.expressions[1].right.expressions[1].body BlockStatement: exit
2025-06-05T08:42:12.341Z babel program.body[0].declarations[0].init.expressions[1].right.expressions[1] FunctionExpression: exit
2025-06-05T08:42:12.341Z babel program.body[0].declarations[0].init.expressions[1].right SequenceExpression: exit
2025-06-05T08:42:12.341Z babel program.body[0].declarations[0].init.expressions[1] LogicalExpression: exit
2025-06-05T08:42:12.341Z babel program.body[0].declarations[0].init SequenceExpression: exit
2025-06-05T08:42:12.341Z babel program.body[0].declarations[0] VariableDeclarator: exit
2025-06-05T08:42:12.341Z babel program.body[0] VariableDeclaration: exit
2025-06-05T08:42:12.341Z babel program.body[1] ExpressionStatement: enter
2025-06-05T08:42:12.341Z babel program.body[1] ExpressionStatement: Inserted.
2025-06-05T08:42:12.341Z babel program.body[2] ExpressionStatement: Recursing into...
2025-06-05T08:42:12.341Z babel program.body[2].expression CallExpression: enter
2025-06-05T08:42:12.341Z babel program.body[2].expression CallExpression: Recursing into...
2025-06-05T08:42:12.341Z babel program.body[2].expression.callee MemberExpression: enter
2025-06-05T08:42:12.341Z babel program.body[2].expression.callee MemberExpression: Recursing into...
2025-06-05T08:42:12.341Z babel program.body[2].expression.callee MemberExpression: exit
2025-06-05T08:42:12.341Z babel program.body[2].expression.arguments[2] ObjectExpression: enter
2025-06-05T08:42:12.341Z babel program.body[2].expression.arguments[2] ObjectExpression: Recursing into...
2025-06-05T08:42:12.341Z babel program.body[2].expression.arguments[2].properties[0] ObjectProperty: enter
2025-06-05T08:42:12.341Z babel program.body[2].expression.arguments[2].properties[0] ObjectProperty: Recursing into...
2025-06-05T08:42:12.341Z babel program.body[2].expression.arguments[2].properties[0] ObjectProperty: exit
2025-06-05T08:42:12.341Z babel program.body[2].expression.arguments[2] ObjectExpression: exit
2025-06-05T08:42:12.341Z babel program.body[2].expression CallExpression: exit
2025-06-05T08:42:12.341Z babel program.body[2] ExpressionStatement: exit
2025-06-05T08:42:12.341Z babel program.body[3] ExpressionStatement: enter
2025-06-05T08:42:12.341Z babel program.body[3] ExpressionStatement: Inserted.
2025-06-05T08:42:12.341Z babel program.body[4] ExpressionStatement: Recursing into...
2025-06-05T08:42:12.341Z babel program.body[4].expression AssignmentExpression: enter
2025-06-05T08:42:12.341Z babel program.body[4].expression AssignmentExpression: Recursing into...
2025-06-05T08:42:12.341Z babel program.body[4].expression.left MemberExpression: enter
2025-06-05T08:42:12.341Z babel program.body[4].expression.left MemberExpression: Recursing into...
2025-06-05T08:42:12.341Z babel program.body[4].expression.left MemberExpression: exit
2025-06-05T08:42:12.341Z babel program.body[4].expression.right UnaryExpression: enter
2025-06-05T08:42:12.341Z babel program.body[4].expression.right UnaryExpression: Recursing into...
2025-06-05T08:42:12.341Z babel program.body[4].expression.right UnaryExpression: exit
2025-06-05T08:42:12.341Z babel program.body[4].expression AssignmentExpression: exit
2025-06-05T08:42:12.341Z babel program.body[4] ExpressionStatement: exit
2025-06-05T08:42:12.341Z babel program.body[5] VariableDeclaration: enter
2025-06-05T08:42:12.341Z babel program.body[5] VariableDeclaration: Recursing into...
2025-06-05T08:42:12.341Z babel program.body[5].declarations[0] VariableDeclarator: enter
2025-06-05T08:42:12.341Z babel program.body[5].declarations[0].init CallExpression: Replace with SequenceExpression
2025-06-05T08:42:12.341Z babel program.body[5].declarations[0] VariableDeclarator: Recursing into...
2025-06-05T08:42:12.341Z babel program.body[5].declarations[0].init SequenceExpression: enter
2025-06-05T08:42:12.341Z babel program.body[5].declarations[0].init SequenceExpression: Recursing into...
2025-06-05T08:42:12.341Z babel program.body[5].declarations[0].init.expressions[0] UpdateExpression: enter
2025-06-05T08:42:12.341Z babel program.body[5].declarations[0].init.expressions[0] UpdateExpression: Recursing into...
2025-06-05T08:42:12.341Z babel program.body[5].declarations[0].init.expressions[0].argument MemberExpression: enter
2025-06-05T08:42:12.341Z babel program.body[5].declarations[0].init.expressions[0].argument MemberExpression: Recursing into...
2025-06-05T08:42:12.341Z babel program.body[5].declarations[0].init.expressions[0].argument.object MemberExpression: enter
2025-06-05T08:42:12.341Z babel program.body[5].declarations[0].init.expressions[0].argument.object MemberExpression: Recursing into...
2025-06-05T08:42:12.341Z babel program.body[5].declarations[0].init.expressions[0].argument.object.object CallExpression: enter
2025-06-05T08:42:12.341Z babel program.body[5].declarations[0].init.expressions[0].argument.object.object CallExpression: Recursing into...
2025-06-05T08:42:12.341Z babel program.body[5].declarations[0].init.expressions[0].argument.object.object CallExpression: exit
2025-06-05T08:42:12.341Z babel program.body[5].declarations[0].init.expressions[0].argument.object MemberExpression: exit
2025-06-05T08:42:12.341Z babel program.body[5].declarations[0].init.expressions[0].argument MemberExpression: exit
2025-06-05T08:42:12.341Z babel program.body[5].declarations[0].init.expressions[0] UpdateExpression: exit
2025-06-05T08:42:12.341Z babel program.body[5].declarations[0].init.expressions[1] CallExpression: enter
2025-06-05T08:42:12.341Z babel program.body[5].declarations[0].init.expressions[1] CallExpression: Recursing into...
2025-06-05T08:42:12.341Z babel program.body[5].declarations[0].init.expressions[1] CallExpression: exit
2025-06-05T08:42:12.341Z babel program.body[5].declarations[0].init SequenceExpression: exit
2025-06-05T08:42:12.341Z babel program.body[5].declarations[0] VariableDeclarator: exit
2025-06-05T08:42:12.341Z babel program.body[5] VariableDeclaration: exit
2025-06-05T08:42:12.341Z babel program.body[6] ClassDeclaration: enter
2025-06-05T08:42:12.341Z babel program.body[6].superClass MemberExpression: Replace with ParenthesizedExpression
2025-06-05T08:42:12.342Z babel program.body[6] ClassDeclaration: Recursing into...
2025-06-05T08:42:12.342Z babel program.body[6].superClass ParenthesizedExpression: enter
2025-06-05T08:42:12.342Z babel program.body[6].superClass ParenthesizedExpression: Recursing into...
2025-06-05T08:42:12.342Z babel program.body[6].superClass.expression MemberExpression: enter
2025-06-05T08:42:12.342Z babel program.body[6].superClass.expression MemberExpression: Recursing into...
2025-06-05T08:42:12.342Z babel program.body[6].superClass.expression MemberExpression: exit
2025-06-05T08:42:12.342Z babel program.body[6].superClass ParenthesizedExpression: exit
2025-06-05T08:42:12.342Z babel program.body[6].body ClassBody: enter
2025-06-05T08:42:12.342Z babel program.body[6].body ClassBody: Recursing into...
2025-06-05T08:42:12.342Z babel program.body[6].body.body[0] ClassMethod: enter
2025-06-05T08:42:12.342Z babel program.body[6].body.body[0] ClassMethod: Recursing into...
2025-06-05T08:42:12.342Z babel program.body[6].body.body[0].body BlockStatement: enter
2025-06-05T08:42:12.342Z babel program.body[6].body.body[0].body BlockStatement: Recursing into...
2025-06-05T08:42:12.342Z babel program.body[6].body.body[0].body.body[0] ExpressionStatement: enter
2025-06-05T08:42:12.342Z babel program.body[6].body.body[0].body.body[0] ExpressionStatement: Recursing into...
2025-06-05T08:42:12.342Z babel program.body[6].body.body[0].body.body[0].expression UpdateExpression: enter
2025-06-05T08:42:12.342Z babel program.body[6].body.body[0].body.body[0].expression UpdateExpression: Recursing into...
2025-06-05T08:42:12.342Z babel program.body[6].body.body[0].body.body[0].expression.argument MemberExpression: enter
2025-06-05T08:42:12.342Z babel program.body[6].body.body[0].body.body[0].expression.argument MemberExpression: Recursing into...
2025-06-05T08:42:12.342Z babel program.body[6].body.body[0].body.body[0].expression.argument.object MemberExpression: enter
2025-06-05T08:42:12.342Z babel program.body[6].body.body[0].body.body[0].expression.argument.object MemberExpression: Recursing into...
2025-06-05T08:42:12.342Z babel program.body[6].body.body[0].body.body[0].expression.argument.object.object CallExpression: enter
2025-06-05T08:42:12.342Z babel program.body[6].body.body[0].body.body[0].expression.argument.object.object CallExpression: Recursing into...
2025-06-05T08:42:12.342Z babel program.body[6].body.body[0].body.body[0].expression.argument.object.object CallExpression: exit
2025-06-05T08:42:12.342Z babel program.body[6].body.body[0].body.body[0].expression.argument.object MemberExpression: exit
2025-06-05T08:42:12.342Z babel program.body[6].body.body[0].body.body[0].expression.argument MemberExpression: exit
2025-06-05T08:42:12.342Z babel program.body[6].body.body[0].body.body[0].expression UpdateExpression: exit
2025-06-05T08:42:12.342Z babel program.body[6].body.body[0].body.body[0] ExpressionStatement: exit
2025-06-05T08:42:12.342Z babel program.body[6].body.body[0].body.body[1] ReturnStatement: enter
2025-06-05T08:42:12.342Z babel program.body[6].body.body[0].body.body[1] ExpressionStatement: Inserted.
2025-06-05T08:42:12.342Z babel program.body[6].body.body[0].body.body[2] ReturnStatement: Recursing into...
2025-06-05T08:42:12.342Z babel program.body[6].body.body[0].body.body[2] ReturnStatement: exit
2025-06-05T08:42:12.342Z babel program.body[6].body.body[0].body.body[1] ExpressionStatement: enter
2025-06-05T08:42:12.342Z babel program.body[6].body.body[0].body.body[1] ExpressionStatement: Recursing into...
2025-06-05T08:42:12.342Z babel program.body[6].body.body[0].body.body[1].expression UpdateExpression: enter
2025-06-05T08:42:12.342Z babel program.body[6].body.body[0].body.body[1].expression UpdateExpression: Recursing into...
2025-06-05T08:42:12.342Z babel program.body[6].body.body[0].body.body[1].expression.argument MemberExpression: enter
2025-06-05T08:42:12.342Z babel program.body[6].body.body[0].body.body[1].expression.argument MemberExpression: Recursing into...
2025-06-05T08:42:12.342Z babel program.body[6].body.body[0].body.body[1].expression.argument.object MemberExpression: enter
2025-06-05T08:42:12.342Z babel program.body[6].body.body[0].body.body[1].expression.argument.object MemberExpression: Recursing into...
2025-06-05T08:42:12.342Z babel program.body[6].body.body[0].body.body[1].expression.argument.object.object CallExpression: enter
2025-06-05T08:42:12.342Z babel program.body[6].body.body[0].body.body[1].expression.argument.object.object CallExpression: Recursing into...
2025-06-05T08:42:12.342Z babel program.body[6].body.body[0].body.body[1].expression.argument.object.object CallExpression: exit
2025-06-05T08:42:12.342Z babel program.body[6].body.body[0].body.body[1].expression.argument.object MemberExpression: exit
2025-06-05T08:42:12.342Z babel program.body[6].body.body[0].body.body[1].expression.argument MemberExpression: exit
2025-06-05T08:42:12.342Z babel program.body[6].body.body[0].body.body[1].expression UpdateExpression: exit
2025-06-05T08:42:12.342Z babel program.body[6].body.body[0].body.body[1] ExpressionStatement: exit
2025-06-05T08:42:12.342Z babel program.body[6].body.body[0].body BlockStatement: exit
2025-06-05T08:42:12.342Z babel program.body[6].body.body[0] ClassMethod: exit
2025-06-05T08:42:12.342Z babel program.body[6].body.body[1] ClassMethod: enter
2025-06-05T08:42:12.342Z babel program.body[6].body.body[1] ClassMethod: Recursing into...
2025-06-05T08:42:12.342Z babel program.body[6].body.body[1].body BlockStatement: enter
2025-06-05T08:42:12.342Z babel program.body[6].body.body[1].body BlockStatement: Recursing into...
2025-06-05T08:42:12.342Z babel program.body[6].body.body[1].body.body[0] ExpressionStatement: enter
2025-06-05T08:42:12.342Z babel program.body[6].body.body[1].body.body[0] ExpressionStatement: Recursing into...
2025-06-05T08:42:12.342Z babel program.body[6].body.body[1].body.body[0].expression UpdateExpression: enter
2025-06-05T08:42:12.342Z babel program.body[6].body.body[1].body.body[0].expression UpdateExpression: Recursing into...
2025-06-05T08:42:12.342Z babel program.body[6].body.body[1].body.body[0].expression.argument MemberExpression: enter
2025-06-05T08:42:12.342Z babel program.body[6].body.body[1].body.body[0].expression.argument MemberExpression: Recursing into...
2025-06-05T08:42:12.342Z babel program.body[6].body.body[1].body.body[0].expression.argument.object MemberExpression: enter
2025-06-05T08:42:12.342Z babel program.body[6].body.body[1].body.body[0].expression.argument.object MemberExpression: Recursing into...
2025-06-05T08:42:12.342Z babel program.body[6].body.body[1].body.body[0].expression.argument.object.object CallExpression: enter
2025-06-05T08:42:12.342Z babel program.body[6].body.body[1].body.body[0].expression.argument.object.object CallExpression: Recursing into...
2025-06-05T08:42:12.342Z babel program.body[6].body.body[1].body.body[0].expression.argument.object.object CallExpression: exit
2025-06-05T08:42:12.342Z babel program.body[6].body.body[1].body.body[0].expression.argument.object MemberExpression: exit
2025-06-05T08:42:12.342Z babel program.body[6].body.body[1].body.body[0].expression.argument MemberExpression: exit
2025-06-05T08:42:12.342Z babel program.body[6].body.body[1].body.body[0].expression UpdateExpression: exit
2025-06-05T08:42:12.342Z babel program.body[6].body.body[1].body.body[0] ExpressionStatement: exit
2025-06-05T08:42:12.342Z babel program.body[6].body.body[1].body.body[1] ReturnStatement: enter
2025-06-05T08:42:12.342Z babel program.body[6].body.body[1].body.body[1] ExpressionStatement: Inserted.
2025-06-05T08:42:12.342Z babel program.body[6].body.body[1].body.body[2] ReturnStatement: Recursing into...
2025-06-05T08:42:12.342Z babel program.body[6].body.body[1].body.body[2].argument CallExpression: enter
2025-06-05T08:42:12.342Z babel program.body[6].body.body[1].body.body[2].argument CallExpression: Recursing into...
2025-06-05T08:42:12.342Z babel program.body[6].body.body[1].body.body[2].argument.arguments[1] UnaryExpression: enter
2025-06-05T08:42:12.342Z babel program.body[6].body.body[1].body.body[2].argument.arguments[1] UnaryExpression: Recursing into...
2025-06-05T08:42:12.342Z babel program.body[6].body.body[1].body.body[2].argument.arguments[1] UnaryExpression: exit
2025-06-05T08:42:12.342Z babel program.body[6].body.body[1].body.body[2].argument.arguments[2] UnaryExpression: enter
2025-06-05T08:42:12.342Z babel program.body[6].body.body[1].body.body[2].argument.arguments[2] UnaryExpression: Recursing into...
2025-06-05T08:42:12.342Z babel program.body[6].body.body[1].body.body[2].argument.arguments[2] UnaryExpression: exit
2025-06-05T08:42:12.342Z babel program.body[6].body.body[1].body.body[2].argument.arguments[3] FunctionExpression: enter
2025-06-05T08:42:12.342Z babel program.body[6].body.body[1].body.body[2].argument.arguments[3] FunctionExpression: Recursing into...
2025-06-05T08:42:12.342Z babel program.body[6].body.body[1].body.body[2].argument.arguments[3].body BlockStatement: enter
2025-06-05T08:42:12.342Z babel program.body[6].body.body[1].body.body[2].argument.arguments[3].body BlockStatement: Recursing into...
2025-06-05T08:42:12.342Z babel program.body[6].body.body[1].body.body[2].argument.arguments[3].body.body[0] ExpressionStatement: enter
2025-06-05T08:42:12.342Z babel program.body[6].body.body[1].body.body[2].argument.arguments[3].body.body[0] ExpressionStatement: Recursing into...
2025-06-05T08:42:12.342Z babel program.body[6].body.body[1].body.body[2].argument.arguments[3].body.body[0].expression UpdateExpression: enter
2025-06-05T08:42:12.342Z babel program.body[6].body.body[1].body.body[2].argument.arguments[3].body.body[0].expression UpdateExpression: Recursing into...
2025-06-05T08:42:12.342Z babel program.body[6].body.body[1].body.body[2].argument.arguments[3].body.body[0].expression.argument MemberExpression: enter
2025-06-05T08:42:12.342Z babel program.body[6].body.body[1].body.body[2].argument.arguments[3].body.body[0].expression.argument MemberExpression: Recursing into...
2025-06-05T08:42:12.342Z babel program.body[6].body.body[1].body.body[2].argument.arguments[3].body.body[0].expression.argument.object MemberExpression: enter
2025-06-05T08:42:12.342Z babel program.body[6].body.body[1].body.body[2].argument.arguments[3].body.body[0].expression.argument.object MemberExpression: Recursing into...
2025-06-05T08:42:12.342Z babel program.body[6].body.body[1].body.body[2].argument.arguments[3].body.body[0].expression.argument.object.object CallExpression: enter
2025-06-05T08:42:12.342Z babel program.body[6].body.body[1].body.body[2].argument.arguments[3].body.body[0].expression.argument.object.object CallExpression: Recursing into...
2025-06-05T08:42:12.342Z babel program.body[6].body.body[1].body.body[2].argument.arguments[3].body.body[0].expression.argument.object.object CallExpression: exit
2025-06-05T08:42:12.342Z babel program.body[6].body.body[1].body.body[2].argument.arguments[3].body.body[0].expression.argument.object MemberExpression: exit
2025-06-05T08:42:12.342Z babel program.body[6].body.body[1].body.body[2].argument.arguments[3].body.body[0].expression.argument MemberExpression: exit
2025-06-05T08:42:12.342Z babel program.body[6].body.body[1].body.body[2].argument.arguments[3].body.body[0].expression UpdateExpression: exit
2025-06-05T08:42:12.342Z babel program.body[6].body.body[1].body.body[2].argument.arguments[3].body.body[0] ExpressionStatement: exit
2025-06-05T08:42:12.342Z babel program.body[6].body.body[1].body.body[2].argument.arguments[3].body.body[1] VariableDeclaration: enter
2025-06-05T08:42:12.342Z babel program.body[6].body.body[1].body.body[2].argument.arguments[3].body.body[1] VariableDeclaration: Recursing into...
2025-06-05T08:42:12.342Z babel program.body[6].body.body[1].body.body[2].argument.arguments[3].body.body[1].declarations[0] VariableDeclarator: enter
2025-06-05T08:42:12.342Z babel program.body[6].body.body[1].body.body[2].argument.arguments[3].body.body[1].declarations[0] VariableDeclarator: Recursing into...
2025-06-05T08:42:12.342Z babel program.body[6].body.body[1].body.body[2].argument.arguments[3].body.body[1].declarations[0] VariableDeclarator: exit
2025-06-05T08:42:12.342Z babel program.body[6].body.body[1].body.body[2].argument.arguments[3].body.body[1].declarations[1] VariableDeclarator: enter
2025-06-05T08:42:12.342Z babel program.body[6].body.body[1].body.body[2].argument.arguments[3].body.body[1].declarations[1] VariableDeclarator: Recursing into...
2025-06-05T08:42:12.342Z babel program.body[6].body.body[1].body.body[2].argument.arguments[3].body.body[1].declarations[1] VariableDeclarator: exit
2025-06-05T08:42:12.342Z babel program.body[6].body.body[1].body.body[2].argument.arguments[3].body.body[1].declarations[2] VariableDeclarator: enter
2025-06-05T08:42:12.342Z babel program.body[6].body.body[1].body.body[2].argument.arguments[3].body.body[1].declarations[2] VariableDeclarator: Recursing into...
2025-06-05T08:42:12.342Z babel program.body[6].body.body[1].body.body[2].argument.arguments[3].body.body[1].declarations[2] VariableDeclarator: exit
2025-06-05T08:42:12.342Z babel program.body[6].body.body[1].body.body[2].argument.arguments[3].body.body[1].declarations[3] VariableDeclarator: enter
2025-06-05T08:42:12.342Z babel program.body[6].body.body[1].body.body[2].argument.arguments[3].body.body[1].declarations[3] VariableDeclarator: Recursing into...
2025-06-05T08:42:12.342Z babel program.body[6].body.body[1].body.body[2].argument.arguments[3].body.body[1].declarations[3] VariableDeclarator: exit
2025-06-05T08:42:12.342Z babel program.body[6].body.body[1].body.body[2].argument.arguments[3].body.body[1] VariableDeclaration: exit
2025-06-05T08:42:12.342Z babel program.body[6].body.body[1].body.body[2].argument.arguments[3].body.body[2] TryStatement: enter
2025-06-05T08:42:12.342Z babel program.body[6].body.body[1].body.body[2].argument.arguments[3].body.body[2] ExpressionStatement: Inserted.
2025-06-05T08:42:12.342Z babel program.body[6].body.body[1].body.body[2].argument.arguments[3].body.body[3] TryStatement: Recursing into...
2025-06-05T08:42:12.342Z babel program.body[6].body.body[1].body.body[2].argument.arguments[3].body.body[3].block BlockStatement: enter
2025-06-05T08:42:12.342Z babel program.body[6].body.body[1].body.body[2].argument.arguments[3].body.body[3].block BlockStatement: Recursing into...
2025-06-05T08:42:12.342Z babel program.body[6].body.body[1].body.body[2].argument.arguments[3].body.body[3].block.body[0] IfStatement: enter
2025-06-05T08:42:12.343Z babel program.body[6].body.body[1].body.body[2].argument.arguments[3].body.body[3].block.body[0].alternate undefined: Replace with BlockStatement
2025-06-05T08:42:12.343Z babel program.body[6].body.body[1].body.body[2].argument.arguments[3].body.body[3].block.body[0] ExpressionStatement: Inserted.
2025-06-05T08:42:12.343Z babel program.body[6].body.body[1].body.body[2].argument.arguments[3].body.body[3].block.body[1] IfStatement: Recursing into...
2025-06-05T08:42:12.343Z babel program.body[6].body.body[1].body.body[2].argument.arguments[3].body.body[3].block.body[1].test CallExpression: enter
2025-06-05T08:42:12.343Z babel program.body[6].body.body[1].body.body[2].argument.arguments[3].body.body[3].block.body[1].test CallExpression: Recursing into...
2025-06-05T08:42:12.343Z babel program.body[6].body.body[1].body.body[2].argument.arguments[3].body.body[3].block.body[1].test.callee MemberExpression: enter
2025-06-05T08:42:12.343Z babel program.body[6].body.body[1].body.body[2].argument.arguments[3].body.body[3].block.body[1].test.callee MemberExpression: Recursing into...
2025-06-05T08:42:12.343Z babel program.body[6].body.body[1].body.body[2].argument.arguments[3].body.body[3].block.body[1].test.callee MemberExpression: exit
2025-06-05T08:42:12.343Z babel program.body[6].body.body[1].body.body[2].argument.arguments[3].body.body[3].block.body[1].test CallExpression: exit
2025-06-05T08:42:12.343Z babel program.body[6].body.body[1].body.body[2].argument.arguments[3].body.body[3].block.body[1].consequent BlockStatement: enter
2025-06-05T08:42:12.343Z babel program.body[6].body.body[1].body.body[2].argument.arguments[3].body.body[3].block.body[1].consequent BlockStatement: Recursing into...
2025-06-05T08:42:12.343Z babel program.body[6].body.body[1].body.body[2].argument.arguments[3].body.body[3].block.body[1].consequent.body[0] ExpressionStatement: enter
2025-06-05T08:42:12.343Z babel program.body[6].body.body[1].body.body[2].argument.arguments[3].body.body[3].block.body[1].consequent.body[0] ExpressionStatement: Recursing into...
2025-06-05T08:42:12.343Z babel program.body[6].body.body[1].body.body[2].argument.arguments[3].body.body[3].block.body[1].consequent.body[0].expression UpdateExpression: enter
2025-06-05T08:42:12.343Z babel program.body[6].body.body[1].body.body[2].argument.arguments[3].body.body[3].block.body[1].consequent.body[0].expression UpdateExpression: Recursing into...
2025-06-05T08:42:12.343Z babel program.body[6].body.body[1].body.body[2].argument.arguments[3].body.body[3].block.body[1].consequent.body[0].expression.argument MemberExpression: enter
2025-06-05T08:42:12.343Z babel program.body[6].body.body[1].body.body[2].argument.arguments[3].body.body[3].block.body[1].consequent.body[0].expression.argument MemberExpression: Recursing into...
2025-06-05T08:42:12.343Z babel program.body[6].body.body[1].body.body[2].argument.arguments[3].body.body[3].block.body[1].consequent.body[0].expression.argument.object MemberExpression: enter
2025-06-05T08:42:12.343Z babel program.body[6].body.body[1].body.body[2].argument.arguments[3].body.body[3].block.body[1].consequent.body[0].expression.argument.object MemberExpression: Recursing into...
2025-06-05T08:42:12.343Z babel program.body[6].body.body[1].body.body[2].argument.arguments[3].body.body[3].block.body[1].consequent.body[0].expression.argument.object.object MemberExpression: enter
2025-06-05T08:42:12.343Z babel program.body[6].body.body[1].body.body[2].argument.arguments[3].body.body[3].block.body[1].consequent.body[0].expression.argument.object.object MemberExpression: Recursing into...
2025-06-05T08:42:12.343Z babel program.body[6].body.body[1].body.body[2].argument.arguments[3].body.body[3].block.body[1].consequent.body[0].expression.argument.object.object.object CallExpression: enter
2025-06-05T08:42:12.343Z babel program.body[6].body.body[1].body.body[2].argument.arguments[3].body.body[3].block.body[1].consequent.body[0].expression.argument.object.object.object CallExpression: Recursing into...
2025-06-05T08:42:12.343Z babel program.body[6].body.body[1].body.body[2].argument.arguments[3].body.body[3].block.body[1].consequent.body[0].expression.argument.object.object.object CallExpression: exit
2025-06-05T08:42:12.343Z babel program.body[6].body.body[1].body.body[2].argument.arguments[3].body.body[3].block.body[1].consequent.body[0].expression.argument.object.object MemberExpression: exit
2025-06-05T08:42:12.343Z babel program.body[6].body.body[1].body.body[2].argument.arguments[3].body.body[3].block.body[1].consequent.body[0].expression.argument.object MemberExpression: exit
2025-06-05T08:42:12.343Z babel program.body[6].body.body[1].body.body[2].argument.arguments[3].body.body[3].block.body[1].consequent.body[0].expression.argument MemberExpression: exit
2025-06-05T08:42:12.343Z babel program.body[6].body.body[1].body.body[2].argument.arguments[3].body.body[3].block.body[1].consequent.body[0].expression UpdateExpression: exit
2025-06-05T08:42:12.343Z babel program.body[6].body.body[1].body.body[2].argument.arguments[3].body.body[3].block.body[1].consequent.body[0] ExpressionStatement: exit
2025-06-05T08:42:12.343Z babel program.body[6].body.body[1].body.body[2].argument.arguments[3].body.body[3].block.body[1].consequent.body[1] ReturnStatement: enter
2025-06-05T08:42:12.343Z babel program.body[6].body.body[1].body.body[2].argument.arguments[3].body.body[3].block.body[1].consequent.body[1] ExpressionStatement: Inserted.
2025-06-05T08:42:12.343Z babel program.body[6].body.body[1].body.body[2].argument.arguments[3].body.body[3].block.body[1].consequent.body[2] ReturnStatement: Recursing into...
2025-06-05T08:42:12.343Z babel program.body[6].body.body[1].body.body[2].argument.arguments[3].body.body[3].block.body[1].consequent.body[2] ReturnStatement: exit
2025-06-05T08:42:12.343Z babel program.body[6].body.body[1].body.body[2].argument.arguments[3].body.body[3].block.body[1].consequent.body[1] ExpressionStatement: enter
2025-06-05T08:42:12.343Z babel program.body[6].body.body[1].body.body[2].argument.arguments[3].body.body[3].block.body[1].consequent.body[1] ExpressionStatement: Recursing into...
2025-06-05T08:42:12.343Z babel program.body[6].body.body[1].body.body[2].argument.arguments[3].body.body[3].block.body[1].consequent.body[1].expression UpdateExpression: enter
2025-06-05T08:42:12.343Z babel program.body[6].body.body[1].body.body[2].argument.arguments[3].body.body[3].block.body[1].consequent.body[1].expression UpdateExpression: Recursing into...
2025-06-05T08:42:12.343Z babel program.body[6].body.body[1].body.body[2].argument.arguments[3].body.body[3].block.body[1].consequent.body[1].expression.argument MemberExpression: enter
2025-06-05T08:42:12.343Z babel program.body[6].body.body[1].body.body[2].argument.arguments[3].body.body[3].block.body[1].consequent.body[1].expression.argument MemberExpression: Recursing into...
2025-06-05T08:42:12.343Z babel program.body[6].body.body[1].body.body[2].argument.arguments[3].body.body[3].block.body[1].consequent.body[1].expression.argument.object MemberExpression: enter
2025-06-05T08:42:12.343Z babel program.body[6].body.body[1].body.body[2].argument.arguments[3].body.body[3].block.body[1].consequent.body[1].expression.argument.object MemberExpression: Recursing into...
2025-06-05T08:42:12.343Z babel program.body[6].body.body[1].body.body[2].argument.arguments[3].body.body[3].block.body[1].consequent.body[1].expression.argument.object.object CallExpression: enter
2025-06-05T08:42:12.343Z babel program.body[6].body.body[1].body.body[2].argument.arguments[3].body.body[3].block.body[1].consequent.body[1].expression.argument.object.object CallExpression: Recursing into...
2025-06-05T08:42:12.343Z babel program.body[6].body.body[1].body.body[2].argument.arguments[3].body.body[3].block.body[1].consequent.body[1].expression.argument.object.object CallExpression: exit
2025-06-05T08:42:12.343Z babel program.body[6].body.body[1].body.body[2].argument.arguments[3].body.body[3].block.body[1].consequent.body[1].expression.argument.object MemberExpression: exit
2025-06-05T08:42:12.343Z babel program.body[6].body.body[1].body.body[2].argument.arguments[3].body.body[3].block.body[1].consequent.body[1].expression.argument MemberExpression: exit
2025-06-05T08:42:12.343Z babel program.body[6].body.body[1].body.body[2].argument.arguments[3].body.body[3].block.body[1].consequent.body[1].expression UpdateExpression: exit
2025-06-05T08:42:12.343Z babel program.body[6].body.body[1].body.body[2].argument.arguments[3].body.body[3].block.body[1].consequent.body[1] ExpressionStatement: exit
2025-06-05T08:42:12.343Z babel program.body[6].body.body[1].body.body[2].argument.arguments[3].body.body[3].block.body[1].consequent BlockStatement: exit
2025-06-05T08:42:12.343Z babel program.body[6].body.body[1].body.body[2].argument.arguments[3].body.body[3].block.body[1].alternate BlockStatement: enter
2025-06-05T08:42:12.343Z babel program.body[6].body.body[1].body.body[2].argument.arguments[3].body.body[3].block.body[1].alternate BlockStatement: Recursing into...
2025-06-05T08:42:12.343Z babel program.body[6].body.body[1].body.body[2].argument.arguments[3].body.body[3].block.body[1].alternate.body[0] ExpressionStatement: enter
2025-06-05T08:42:12.343Z babel program.body[6].body.body[1].body.body[2].argument.arguments[3].body.body[3].block.body[1].alternate.body[0] ExpressionStatement: Recursing into...
2025-06-05T08:42:12.343Z babel program.body[6].body.body[1].body.body[2].argument.arguments[3].body.body[3].block.body[1].alternate.body[0].expression UpdateExpression: enter
2025-06-05T08:42:12.343Z babel program.body[6].body.body[1].body.body[2].argument.arguments[3].body.body[3].block.body[1].alternate.body[0].expression UpdateExpression: Recursing into...
2025-06-05T08:42:12.343Z babel program.body[6].body.body[1].body.body[2].argument.arguments[3].body.body[3].block.body[1].alternate.body[0].expression.argument MemberExpression: enter
2025-06-05T08:42:12.343Z babel program.body[6].body.body[1].body.body[2].argument.arguments[3].body.body[3].block.body[1].alternate.body[0].expression.argument MemberExpression: Recursing into...
2025-06-05T08:42:12.343Z babel program.body[6].body.body[1].body.body[2].argument.arguments[3].body.body[3].block.body[1].alternate.body[0].expression.argument.object MemberExpression: enter
2025-06-05T08:42:12.343Z babel program.body[6].body.body[1].body.body[2].argument.arguments[3].body.body[3].block.body[1].alternate.body[0].expression.argument.object MemberExpression: Recursing into...
2025-06-05T08:42:12.343Z babel program.body[6].body.body[1].body.body[2].argument.arguments[3].body.body[3].block.body[1].alternate.body[0].expression.argument.object.object MemberExpression: enter
2025-06-05T08:42:12.343Z babel program.body[6].body.body[1].body.body[2].argument.arguments[3].body.body[3].block.body[1].alternate.body[0].expression.argument.object.object MemberExpression: Recursing into...
2025-06-05T08:42:12.343Z babel program.body[6].body.body[1].body.body[2].argument.arguments[3].body.body[3].block.body[1].alternate.body[0].expression.argument.object.object.object CallExpression: enter
2025-06-05T08:42:12.343Z babel program.body[6].body.body[1].body.body[2].argument.arguments[3].body.body[3].block.body[1].alternate.body[0].expression.argument.object.object.object CallExpression: Recursing into...
2025-06-05T08:42:12.343Z babel program.body[6].body.body[1].body.body[2].argument.arguments[3].body.body[3].block.body[1].alternate.body[0].expression.argument.object.object.object CallExpression: exit
2025-06-05T08:42:12.343Z babel program.body[6].body.body[1].body.body[2].argument.arguments[3].body.body[3].block.body[1].alternate.body[0].expression.argument.object.object MemberExpression: exit
2025-06-05T08:42:12.343Z babel program.body[6].body.body[1].body.body[2].argument.arguments[3].body.body[3].block.body[1].alternate.body[0].expression.argument.object MemberExpression: exit
2025-06-05T08:42:12.343Z babel program.body[6].body.body[1].body.body[2].argument.arguments[3].body.body[3].block.body[1].alternate.body[0].expression.argument MemberExpression: exit
2025-06-05T08:42:12.343Z babel program.body[6].body.body[1].body.body[2].argument.arguments[3].body.body[3].block.body[1].alternate.body[0].expression UpdateExpression: exit
2025-06-05T08:42:12.343Z babel program.body[6].body.body[1].body.body[2].argument.arguments[3].body.body[3].block.body[1].alternate.body[0] ExpressionStatement: exit
2025-06-05T08:42:12.343Z babel program.body[6].body.body[1].body.body[2].argument.arguments[3].body.body[3].block.body[1].alternate BlockStatement: exit
2025-06-05T08:42:12.343Z babel program.body[6].body.body[1].body.body[2].argument.arguments[3].body.body[3].block.body[1] IfStatement: exit
2025-06-05T08:42:12.343Z babel program.body[6].body.body[1].body.body[2].argument.arguments[3].body.body[3].block.body[2] VariableDeclaration: enter
2025-06-05T08:42:12.343Z babel program.body[6].body.body[1].body.body[2].argument.arguments[3].body.body[3].block.body[2] VariableDeclaration: Recursing into...
2025-06-05T08:42:12.343Z babel program.body[6].body.body[1].body.body[2].argument.arguments[3].body.body[3].block.body[2].declarations[0] VariableDeclarator: enter
2025-06-05T08:42:12.343Z babel program.body[6].body.body[1].body.body[2].argument.arguments[3].body.body[3].block.body[2].declarations[0] VariableDeclarator: Recursing into...
2025-06-05T08:42:12.343Z babel program.body[6].body.body[1].body.body[2].argument.arguments[3].body.body[3].block.body[2].declarations[0] VariableDeclarator: exit
2025-06-05T08:42:12.343Z babel program.body[6].body.body[1].body.body[2].argument.arguments[3].body.body[3].block.body[2] VariableDeclaration: exit
2025-06-05T08:42:12.343Z babel program.body[6].body.body[1].body.body[2].argument.arguments[3].body.body[3].block.body[3] IfStatement: enter
2025-06-05T08:42:12.343Z babel program.body[6].body.body[1].body.body[2].argument.arguments[3].body.body[3].block.body[3] ExpressionStatement: Inserted.
2025-06-05T08:42:12.343Z babel program.body[6].body.body[1].body.body[2].argument.arguments[3].body.body[3].block.body[4] IfStatement: Recursing into...
2025-06-05T08:42:12.343Z babel program.body[6].body.body[1].body.body[2].argument.arguments[3].body.body[3].block.body[4].test BinaryExpression: enter
2025-06-05T08:42:12.343Z babel program.body[6].body.body[1].body.body[2].argument.arguments[3].body.body[3].block.body[4].test BinaryExpression: Recursing into...
2025-06-05T08:42:12.343Z babel program.body[6].body.body[1].body.body[2].argument.arguments[3].body.body[3].block.body[4].test.left UnaryExpression: enter
2025-06-05T08:42:12.343Z babel program.body[6].body.body[1].body.body[2].argument.arguments[3].body.body[3].block.body[4].test.left UnaryExpression: Recursing into...
2025-06-05T08:42:12.343Z babel program.body[6].body.body[1].body.body[2].argument.arguments[3].body.body[3].block.body[4].test.left UnaryExpression: exit
2025-06-05T08:42:12.343Z babel program.body[6].body.body[1].body.body[2].argument.arguments[3].body.body[3].block.body[4].test BinaryExpression: exit
2025-06-05T08:42:12.343Z babel program.body[6].body.body[1].body.body[2].argument.arguments[3].body.body[3].block.body[4].consequent BlockStatement: enter
2025-06-05T08:42:12.343Z babel program.body[6].body.body[1].body.body[2].argument.arguments[3].body.body[3].block.body[4].consequent BlockStatement: Recursing into...
2025-06-05T08:42:12.343Z babel program.body[6].body.body[1].body.body[2].argument.arguments[3].body.body[3].block.body[4].consequent.body[0] ExpressionStatement: enter
2025-06-05T08:42:12.343Z babel program.body[6].body.body[1].body.body[2].argument.arguments[3].body.body[3].block.body[4].consequent.body[0] ExpressionStatement: Recursing into...
2025-06-05T08:42:12.343Z babel program.body[6].body.body[1].body.body[2].argument.arguments[3].body.body[3].block.body[4].consequent.body[0].expression UpdateExpression: enter
2025-06-05T08:42:12.343Z babel program.body[6].body.body[1].body.body[2].argument.arguments[3].body.body[3].block.body[4].consequent.body[0].expression UpdateExpression: Recursing into...
2025-06-05T08:42:12.343Z babel program.body[6].body.body[1].body.body[2].argument.arguments[3].body.body[3].block.body[4].consequent.body[0].expression.argument MemberExpression: enter
2025-06-05T08:42:12.343Z babel program.body[6].body.body[1].body.body[2].argument.arguments[3].body.body[3].block.body[4].consequent.body[0].expression.argument MemberExpression: Recursing into...
2025-06-05T08:42:12.343Z babel program.body[6].body.body[1].body.body[2].argument.arguments[3].body.body[3].block.body[4].consequent.body[0].expression.argument.object MemberExpression: enter
2025-06-05T08:42:12.343Z babel program.body[6].body.body[1].body.body[2].argument.arguments[3].body.body[3].block.body[4].consequent.body[0].expression.argument.object MemberExpression: Recursing into...
2025-06-05T08:42:12.343Z babel program.body[6].body.body[1].body.body[2].argument.arguments[3].body.body[3].block.body[4].consequent.body[0].expression.argument.object.object MemberExpression: enter
2025-06-05T08:42:12.343Z babel program.body[6].body.body[1].body.body[2].argument.arguments[3].body.body[3].block.body[4].consequent.body[0].expression.argument.object.object MemberExpression: Recursing into...
2025-06-05T08:42:12.343Z babel program.body[6].body.body[1].body.body[2].argument.arguments[3].body.body[3].block.body[4].consequent.body[0].expression.argument.object.object.object CallExpression: enter
2025-06-05T08:42:12.343Z babel program.body[6].body.body[1].body.body[2].argument.arguments[3].body.body[3].block.body[4].consequent.body[0].expression.argument.object.object.object CallExpression: Recursing into...
2025-06-05T08:42:12.343Z babel program.body[6].body.body[1].body.body[2].argument.arguments[3].body.body[3].block.body[4].consequent.body[0].expression.argument.object.object.object CallExpression: exit
2025-06-05T08:42:12.344Z babel program.body[6].body.body[1].body.body[2].argument.arguments[3].body.body[3].block.body[4].consequent.body[0].expression.argument.object.object MemberExpression: exit
2025-06-05T08:42:12.344Z babel program.body[6].body.body[1].body.body[2].argument.arguments[3].body.body[3].block.body[4].consequent.body[0].expression.argument.object MemberExpression: exit
2025-06-05T08:42:12.344Z babel program.body[6].body.body[1].body.body[2].argument.arguments[3].body.body[3].block.body[4].consequent.body[0].expression.argument MemberExpression: exit
2025-06-05T08:42:12.344Z babel program.body[6].body.body[1].body.body[2].argument.arguments[3].body.body[3].block.body[4].consequent.body[0].expression UpdateExpression: exit
2025-06-05T08:42:12.344Z babel program.body[6].body.body[1].body.body[2].argument.arguments[3].body.body[3].block.body[4].consequent.body[0] ExpressionStatement: exit
2025-06-05T08:42:12.344Z babel program.body[6].body.body[1].body.body[2].argument.arguments[3].body.body[3].block.body[4].consequent.body[1] TryStatement: enter
2025-06-05T08:42:12.344Z babel program.body[6].body.body[1].body.body[2].argument.arguments[3].body.body[3].block.body[4].consequent.body[1] ExpressionStatement: Inserted.
2025-06-05T08:42:12.344Z babel program.body[6].body.body[1].body.body[2].argument.arguments[3].body.body[3].block.body[4].consequent.body[2] TryStatement: Recursing into...
2025-06-05T08:42:12.344Z babel program.body[6].body.body[1].body.body[2].argument.arguments[3].body.body[3].block.body[4].consequent.body[2].block BlockStatement: enter
2025-06-05T08:42:12.344Z babel program.body[6].body.body[1].body.body[2].argument.arguments[3].body.body[3].block.body[4].consequent.body[2].block BlockStatement: Recursing into...
2025-06-05T08:42:12.344Z babel program.body[6].body.body[1].body.body[2].argument.arguments[3].body.body[3].block.body[4].consequent.body[2].block.body[0] ExpressionStatement: enter
2025-06-05T08:42:12.344Z babel program.body[6].body.body[1].body.body[2].argument.arguments[3].body.body[3].block.body[4].consequent.body[2].block.body[0] ExpressionStatement: Inserted.
2025-06-05T08:42:12.344Z babel program.body[6].body.body[1].body.body[2].argument.arguments[3].body.body[3].block.body[4].consequent.body[2].block.body[1] ExpressionStatement: Recursing into...
2025-06-05T08:42:12.344Z babel program.body[6].body.body[1].body.body[2].argument.arguments[3].body.body[3].block.body[4].consequent.body[2].block.body[1].expression AssignmentExpression: enter
2025-06-05T08:42:12.344Z babel program.body[6].body.body[1].body.body[2].argument.arguments[3].body.body[3].block.body[4].consequent.body[2].block.body[1].expression AssignmentExpression: Recursing into...
2025-06-05T08:42:12.344Z babel program.body[6].body.body[1].body.body[2].argument.arguments[3].body.body[3].block.body[4].consequent.body[2].block.body[1].expression.right CallExpression: enter
2025-06-05T08:42:12.344Z babel program.body[6].body.body[1].body.body[2].argument.arguments[3].body.body[3].block.body[4].consequent.body[2].block.body[1].expression.right CallExpression: Recursing into...
2025-06-05T08:42:12.344Z babel program.body[6].body.body[1].body.body[2].argument.arguments[3].body.body[3].block.body[4].consequent.body[2].block.body[1].expression.right.callee MemberExpression: enter
2025-06-05T08:42:12.344Z babel program.body[6].body.body[1].body.body[2].argument.arguments[3].body.body[3].block.body[4].consequent.body[2].block.body[1].expression.right.callee MemberExpression: Recursing into...
2025-06-05T08:42:12.344Z babel program.body[6].body.body[1].body.body[2].argument.arguments[3].body.body[3].block.body[4].consequent.body[2].block.body[1].expression.right.callee MemberExpression: exit
2025-06-05T08:42:12.344Z babel program.body[6].body.body[1].body.body[2].argument.arguments[3].body.body[3].block.body[4].consequent.body[2].block.body[1].expression.right CallExpression: exit
2025-06-05T08:42:12.344Z babel program.body[6].body.body[1].body.body[2].argument.arguments[3].body.body[3].block.body[4].consequent.body[2].block.body[1].expression AssignmentExpression: exit
2025-06-05T08:42:12.344Z babel program.body[6].body.body[1].body.body[2].argument.arguments[3].body.body[3].block.body[4].consequent.body[2].block.body[1] ExpressionStatement: exit
2025-06-05T08:42:12.344Z babel program.body[6].body.body[1].body.body[2].argument.arguments[3].body.body[3].block.body[4].consequent.body[2].block.body[0] ExpressionStatement: enter
2025-06-05T08:42:12.344Z babel program.body[6].body.body[1].body.body[2].argument.arguments[3].body.body[3].block.body[4].consequent.body[2].block.body[0] ExpressionStatement: Recursing into...
2025-06-05T08:42:12.344Z babel program.body[6].body.body[1].body.body[2].argument.arguments[3].body.body[3].block.body[4].consequent.body[2].block.body[0].expression UpdateExpression: enter
2025-06-05T08:42:12.344Z babel program.body[6].body.body[1].body.body[2].argument.arguments[3].body.body[3].block.body[4].consequent.body[2].block.body[0].expression UpdateExpression: Recursing into...
2025-06-05T08:42:12.344Z babel program.body[6].body.body[1].body.body[2].argument.arguments[3].body.body[3].block.body[4].consequent.body[2].block.body[0].expression.argument MemberExpression: enter
2025-06-05T08:42:12.344Z babel program.body[6].body.body[1].body.body[2].argument.arguments[3].body.body[3].block.body[4].consequent.body[2].block.body[0].expression.argument MemberExpression: Recursing into...
2025-06-05T08:42:12.344Z babel program.body[6].body.body[1].body.body[2].argument.arguments[3].body.body[3].block.body[4].consequent.body[2].block.body[0].expression.argument.object MemberExpression: enter
2025-06-05T08:42:12.344Z babel program.body[6].body.body[1].body.body[2].argument.arguments[3].body.body[3].block.body[4].consequent.body[2].block.body[0].expression.argument.object MemberExpression: Recursing into...
2025-06-05T08:42:12.344Z babel program.body[6].body.body[1].body.body[2].argument.arguments[3].body.body[3].block.body[4].consequent.body[2].block.body[0].expression.argument.object.object CallExpression: enter
2025-06-05T08:42:12.344Z babel program.body[6].body.body[1].body.body[2].argument.arguments[3].body.body[3].block.body[4].consequent.body[2].block.body[0].expression.argument.object.object CallExpression: Recursing into...
2025-06-05T08:42:12.344Z babel program.body[6].body.body[1].body.body[2].argument.arguments[3].body.body[3].block.body[4].consequent.body[2].block.body[0].expression.argument.object.object CallExpression: exit
2025-06-05T08:42:12.344Z babel program.body[6].body.body[1].body.body[2].argument.arguments[3].body.body[3].block.body[4].consequent.body[2].block.body[0].expression.argument.object MemberExpression: exit
2025-06-05T08:42:12.344Z babel program.body[6].body.body[1].body.body[2].argument.arguments[3].body.body[3].block.body[4].consequent.body[2].block.body[0].expression.argument MemberExpression: exit
2025-06-05T08:42:12.344Z babel program.body[6].body.body[1].body.body[2].argument.arguments[3].body.body[3].block.body[4].consequent.body[2].block.body[0].expression UpdateExpression: exit
2025-06-05T08:42:12.344Z babel program.body[6].body.body[1].body.body[2].argument.arguments[3].body.body[3].block.body[4].consequent.body[2].block.body[0] ExpressionStatement: exit
2025-06-05T08:42:12.344Z babel program.body[6].body.body[1].body.body[2].argument.arguments[3].body.body[3].block.body[4].consequent.body[2].block BlockStatement: exit
2025-06-05T08:42:12.344Z babel program.body[6].body.body[1].body.body[2].argument.arguments[3].body.body[3].block.body[4].consequent.body[2].handler CatchClause: enter
2025-06-05T08:42:12.344Z babel program.body[6].body.body[1].body.body[2].argument.arguments[3].body.body[3].block.body[4].consequent.body[2].handler CatchClause: Recursing into...
2025-06-05T08:42:12.344Z babel program.body[6].body.body[1].body.body[2].argument.arguments[3].body.body[3].block.body[4].consequent.body[2].handler.body BlockStatement: enter
2025-06-05T08:42:12.344Z babel program.body[6].body.body[1].body.body[2].argument.arguments[3].body.body[3].block.body[4].consequent.body[2].handler.body BlockStatement: Recursing into...
2025-06-05T08:42:12.344Z babel program.body[6].body.body[1].body.body[2].argument.arguments[3].body.body[3].block.body[4].consequent.body[2].handler.body.body[0] ReturnStatement: enter
2025-06-05T08:42:12.344Z babel program.body[6].body.body[1].body.body[2].argument.arguments[3].body.body[3].block.body[4].consequent.body[2].handler.body.body[0] ExpressionStatement: Inserted.
2025-06-05T08:42:12.344Z babel program.body[6].body.body[1].body.body[2].argument.arguments[3].body.body[3].block.body[4].consequent.body[2].handler.body.body[1] ReturnStatement: Recursing into...
2025-06-05T08:42:12.344Z babel program.body[6].body.body[1].body.body[2].argument.arguments[3].body.body[3].block.body[4].consequent.body[2].handler.body.body[1].argument CallExpression: enter
2025-06-05T08:42:12.344Z babel program.body[6].body.body[1].body.body[2].argument.arguments[3].body.body[3].block.body[4].consequent.body[2].handler.body.body[1].argument CallExpression: Recursing into...
2025-06-05T08:42:12.344Z babel program.body[6].body.body[1].body.body[2].argument.arguments[3].body.body[3].block.body[4].consequent.body[2].handler.body.body[1].argument.callee MemberExpression: enter
2025-06-05T08:42:12.344Z babel program.body[6].body.body[1].body.body[2].argument.arguments[3].body.body[3].block.body[4].consequent.body[2].handler.body.body[1].argument.callee MemberExpression: Recursing into...
2025-06-05T08:42:12.344Z babel program.body[6].body.body[1].body.body[2].argument.arguments[3].body.body[3].block.body[4].consequent.body[2].handler.body.body[1].argument.callee MemberExpression: exit
2025-06-05T08:42:12.344Z babel program.body[6].body.body[1].body.body[2].argument.arguments[3].body.body[3].block.body[4].consequent.body[2].handler.body.body[1].argument.arguments[2] ObjectExpression: enter
2025-06-05T08:42:12.344Z babel program.body[6].body.body[1].body.body[2].argument.arguments[3].body.body[3].block.body[4].consequent.body[2].handler.body.body[1].argument.arguments[2] ObjectExpression: Recursing into...
2025-06-05T08:42:12.344Z babel program.body[6].body.body[1].body.body[2].argument.arguments[3].body.body[3].block.body[4].consequent.body[2].handler.body.body[1].argument.arguments[2].properties[0] ObjectProperty: enter
2025-06-05T08:42:12.344Z babel program.body[6].body.body[1].body.body[2].argument.arguments[3].body.body[3].block.body[4].consequent.body[2].handler.body.body[1].argument.arguments[2].properties[0] ObjectProperty: Recursing into...
2025-06-05T08:42:12.344Z babel program.body[6].body.body[1].body.body[2].argument.arguments[3].body.body[3].block.body[4].consequent.body[2].handler.body.body[1].argument.arguments[2].properties[0] ObjectProperty: exit
2025-06-05T08:42:12.344Z babel program.body[6].body.body[1].body.body[2].argument.arguments[3].body.body[3].block.body[4].consequent.body[2].handler.body.body[1].argument.arguments[2] ObjectExpression: exit
2025-06-05T08:42:12.344Z babel program.body[6].body.body[1].body.body[2].argument.arguments[3].body.body[3].block.body[4].consequent.body[2].handler.body.body[1].argument CallExpression: exit
2025-06-05T08:42:12.344Z babel program.body[6].body.body[1].body.body[2].argument.arguments[3].body.body[3].block.body[4].consequent.body[2].handler.body.body[1] ReturnStatement: exit
2025-06-05T08:42:12.344Z babel program.body[6].body.body[1].body.body[2].argument.arguments[3].body.body[3].block.body[4].consequent.body[2].handler.body.body[0] ExpressionStatement: enter
2025-06-05T08:42:12.344Z babel program.body[6].body.body[1].body.body[2].argument.arguments[3].body.body[3].block.body[4].consequent.body[2].handler.body.body[0] ExpressionStatement: Recursing into...
2025-06-05T08:42:12.344Z babel program.body[6].body.body[1].body.body[2].argument.arguments[3].body.body[3].block.body[4].consequent.body[2].handler.body.body[0].expression UpdateExpression: enter
2025-06-05T08:42:12.344Z babel program.body[6].body.body[1].body.body[2].argument.arguments[3].body.body[3].block.body[4].consequent.body[2].handler.body.body[0].expression UpdateExpression: Recursing into...
2025-06-05T08:42:12.344Z babel program.body[6].body.body[1].body.body[2].argument.arguments[3].body.body[3].block.body[4].consequent.body[2].handler.body.body[0].expression.argument MemberExpression: enter
2025-06-05T08:42:12.344Z babel program.body[6].body.body[1].body.body[2].argument.arguments[3].body.body[3].block.body[4].consequent.body[2].handler.body.body[0].expression.argument MemberExpression: Recursing into...
2025-06-05T08:42:12.344Z babel program.body[6].body.body[1].body.body[2].argument.arguments[3].body.body[3].block.body[4].consequent.body[2].handler.body.body[0].expression.argument.object MemberExpression: enter
2025-06-05T08:42:12.344Z babel program.body[6].body.body[1].body.body[2].argument.arguments[3].body.body[3].block.body[4].consequent.body[2].handler.body.body[0].expression.argument.object MemberExpression: Recursing into...
2025-06-05T08:42:12.344Z babel program.body[6].body.body[1].body.body[2].argument.arguments[3].body.body[3].block.body[4].consequent.body[2].handler.body.body[0].expression.argument.object.object CallExpression: enter
2025-06-05T08:42:12.344Z babel program.body[6].body.body[1].body.body[2].argument.arguments[3].body.body[3].block.body[4].consequent.body[2].handler.body.body[0].expression.argument.object.object CallExpression: Recursing into...
2025-06-05T08:42:12.344Z babel program.body[6].body.body[1].body.body[2].argument.arguments[3].body.body[3].block.body[4].consequent.body[2].handler.body.body[0].expression.argument.object.object CallExpression: exit
2025-06-05T08:42:12.344Z babel program.body[6].body.body[1].body.body[2].argument.arguments[3].body.body[3].block.body[4].consequent.body[2].handler.body.body[0].expression.argument.object MemberExpression: exit
2025-06-05T08:42:12.344Z babel program.body[6].body.body[1].body.body[2].argument.arguments[3].body.body[3].block.body[4].consequent.body[2].handler.body.body[0].expression.argument MemberExpression: exit
2025-06-05T08:42:12.344Z babel program.body[6].body.body[1].body.body[2].argument.arguments[3].body.body[3].block.body[4].consequent.body[2].handler.body.body[0].expression UpdateExpression: exit
2025-06-05T08:42:12.344Z babel program.body[6].body.body[1].body.body[2].argument.arguments[3].body.body[3].block.body[4].consequent.body[2].handler.body.body[0] ExpressionStatement: exit
2025-06-05T08:42:12.344Z babel program.body[6].body.body[1].body.body[2].argument.arguments[3].body.body[3].block.body[4].consequent.body[2].handler.body BlockStatement: exit
2025-06-05T08:42:12.344Z babel program.body[6].body.body[1].body.body[2].argument.arguments[3].body.body[3].block.body[4].consequent.body[2].handler CatchClause: exit
2025-06-05T08:42:12.344Z babel program.body[6].body.body[1].body.body[2].argument.arguments[3].body.body[3].block.body[4].consequent.body[2] TryStatement: exit
2025-06-05T08:42:12.344Z babel program.body[6].body.body[1].body.body[2].argument.arguments[3].body.body[3].block.body[4].consequent.body[1] ExpressionStatement: enter
2025-06-05T08:42:12.344Z babel program.body[6].body.body[1].body.body[2].argument.arguments[3].body.body[3].block.body[4].consequent.body[1] ExpressionStatement: Recursing into...
2025-06-05T08:42:12.344Z babel program.body[6].body.body[1].body.body[2].argument.arguments[3].body.body[3].block.body[4].consequent.body[1].expression UpdateExpression: enter
2025-06-05T08:42:12.344Z babel program.body[6].body.body[1].body.body[2].argument.arguments[3].body.body[3].block.body[4].consequent.body[1].expression UpdateExpression: Recursing into...
2025-06-05T08:42:12.344Z babel program.body[6].body.body[1].body.body[2].argument.arguments[3].body.body[3].block.body[4].consequent.body[1].expression.argument MemberExpression: enter
2025-06-05T08:42:12.344Z babel program.body[6].body.body[1].body.body[2].argument.arguments[3].body.body[3].block.body[4].consequent.body[1].expression.argument MemberExpression: Recursing into...
2025-06-05T08:42:12.344Z babel program.body[6].body.body[1].body.body[2].argument.arguments[3].body.body[3].block.body[4].consequent.body[1].expression.argument.object MemberExpression: enter
2025-06-05T08:42:12.344Z babel program.body[6].body.body[1].body.body[2].argument.arguments[3].body.body[3].block.body[4].consequent.body[1].expression.argument.object MemberExpression: Recursing into...
2025-06-05T08:42:12.344Z babel program.body[6].body.body[1].body.body[2].argument.arguments[3].body.body[3].block.body[4].consequent.body[1].expression.argument.object.object CallExpression: enter
2025-06-05T08:42:12.344Z babel program.body[6].body.body[1].body.body[2].argument.arguments[3].body.body[3].block.body[4].consequent.body[1].expression.argument.object.object CallExpression: Recursing into...
2025-06-05T08:42:12.344Z babel program.body[6].body.body[1].body.body[2].argument.arguments[3].body.body[3].block.body[4].consequent.body[1].expression.argument.object.object CallExpression: exit
2025-06-05T08:42:12.344Z babel program.body[6].body.body[1].body.body[2].argument.arguments[3].body.body[3].block.body[4].consequent.body[1].expression.argument.object MemberExpression: exit
2025-06-05T08:42:12.344Z babel program.body[6].body.body[1].body.body[2].argument.arguments[3].body.body[3].block.body[4].consequent.body[1].expression.argument MemberExpression: exit
2025-06-05T08:42:12.344Z babel program.body[6].body.body[1].body.body[2].argument.arguments[3].body.body[3].block.body[4].consequent.body[1].expression UpdateExpression: exit
2025-06-05T08:42:12.344Z babel program.body[6].body.body[1].body.body[2].argument.arguments[3].body.body[3].block.body[4].consequent.body[1] ExpressionStatement: exit
2025-06-05T08:42:12.344Z babel program.body[6].body.body[1].body.body[2].argument.arguments[3].body.body[3].block.body[4].consequent BlockStatement: exit
2025-06-05T08:42:12.344Z babel program.body[6].body.body[1].body.body[2].argument.arguments[3].body.body[3].block.body[4].alternate BlockStatement: enter
2025-06-05T08:42:12.344Z babel program.body[6].body.body[1].body.body[2].argument.arguments[3].body.body[3].block.body[4].alternate BlockStatement: Recursing into...
2025-06-05T08:42:12.344Z babel program.body[6].body.body[1].body.body[2].argument.arguments[3].body.body[3].block.body[4].alternate.body[0] ExpressionStatement: enter
2025-06-05T08:42:12.344Z babel program.body[6].body.body[1].body.body[2].argument.arguments[3].body.body[3].block.body[4].alternate.body[0] ExpressionStatement: Recursing into...
2025-06-05T08:42:12.344Z babel program.body[6].body.body[1].body.body[2].argument.arguments[3].body.body[3].block.body[4].alternate.body[0].expression UpdateExpression: enter
2025-06-05T08:42:12.344Z babel program.body[6].body.body[1].body.body[2].argument.arguments[3].body.body[3].block.body[4].alternate.body[0].expression UpdateExpression: Recursing into...
2025-06-05T08:42:12.344Z babel program.body[6].body.body[1].body.body[2].argument.arguments[3].body.body[3].block.body[4].alternate.body[0].expression.argument MemberExpression: enter
2025-06-05T08:42:12.344Z babel program.body[6].body.body[1].body.body[2].argument.arguments[3].body.body[3].block.body[4].alternate.body[0].expression.argument MemberExpression: Recursing into...
2025-06-05T08:42:12.344Z babel program.body[6].body.body[1].body.body[2].argument.arguments[3].body.body[3].block.body[4].alternate.body[0].expression.argument.object MemberExpression: enter
2025-06-05T08:42:12.344Z babel program.body[6].body.body[1].body.body[2].argument.arguments[3].body.body[3].block.body[4].alternate.body[0].expression.argument.object MemberExpression: Recursing into...
2025-06-05T08:42:12.344Z babel program.body[6].body.body[1].body.body[2].argument.arguments[3].body.body[3].block.body[4].alternate.body[0].expression.argument.object.object MemberExpression: enter
2025-06-05T08:42:12.344Z babel program.body[6].body.body[1].body.body[2].argument.arguments[3].body.body[3].block.body[4].alternate.body[0].expression.argument.object.object MemberExpression: Recursing into...
2025-06-05T08:42:12.344Z babel program.body[6].body.body[1].body.body[2].argument.arguments[3].body.body[3].block.body[4].alternate.body[0].expression.argument.object.object.object CallExpression: enter
2025-06-05T08:42:12.344Z babel program.body[6].body.body[1].body.body[2].argument.arguments[3].body.body[3].block.body[4].alternate.body[0].expression.argument.object.object.object CallExpression: Recursing into...
2025-06-05T08:42:12.344Z babel program.body[6].body.body[1].body.body[2].argument.arguments[3].body.body[3].block.body[4].alternate.body[0].expression.argument.object.object.object CallExpression: exit
2025-06-05T08:42:12.344Z babel program.body[6].body.body[1].body.body[2].argument.arguments[3].body.body[3].block.body[4].alternate.body[0].expression.argument.object.object MemberExpression: exit
2025-06-05T08:42:12.344Z babel program.body[6].body.body[1].body.body[2].argument.arguments[3].body.body[3].block.body[4].alternate.body[0].expression.argument.object MemberExpression: exit
2025-06-05T08:42:12.344Z babel program.body[6].body.body[1].body.body[2].argument.arguments[3].body.body[3].block.body[4].alternate.body[0].expression.argument MemberExpression: exit
2025-06-05T08:42:12.344Z babel program.body[6].body.body[1].body.body[2].argument.arguments[3].body.body[3].block.body[4].alternate.body[0].expression UpdateExpression: exit
2025-06-05T08:42:12.344Z babel program.body[6].body.body[1].body.body[2].argument.arguments[3].body.body[3].block.body[4].alternate.body[0] ExpressionStatement: exit
2025-06-05T08:42:12.345Z babel program.body[6].body.body[1].body.body[2].argument.arguments[3].body.body[3].block.body[4].alternate.body[1] ExpressionStatement: enter
2025-06-05T08:42:12.345Z babel program.body[6].body.body[1].body.body[2].argument.arguments[3].body.body[3].block.body[4].alternate.body[1] ExpressionStatement: Inserted.
2025-06-05T08:42:12.345Z babel program.body[6].body.body[1].body.body[2].argument.arguments[3].body.body[3].block.body[4].alternate.body[2] ExpressionStatement: Recursing into...
2025-06-05T08:42:12.345Z babel program.body[6].body.body[1].body.body[2].argument.arguments[3].body.body[3].block.body[4].alternate.body[2].expression AssignmentExpression: enter
2025-06-05T08:42:12.345Z babel program.body[6].body.body[1].body.body[2].argument.arguments[3].body.body[3].block.body[4].alternate.body[2].expression AssignmentExpression: Recursing into...
2025-06-05T08:42:12.345Z babel program.body[6].body.body[1].body.body[2].argument.arguments[3].body.body[3].block.body[4].alternate.body[2].expression AssignmentExpression: exit
2025-06-05T08:42:12.345Z babel program.body[6].body.body[1].body.body[2].argument.arguments[3].body.body[3].block.body[4].alternate.body[2] ExpressionStatement: exit
2025-06-05T08:42:12.345Z babel program.body[6].body.body[1].body.body[2].argument.arguments[3].body.body[3].block.body[4].alternate.body[1] ExpressionStatement: enter
2025-06-05T08:42:12.345Z babel program.body[6].body.body[1].body.body[2].argument.arguments[3].body.body[3].block.body[4].alternate.body[1] ExpressionStatement: Recursing into...
2025-06-05T08:42:12.345Z babel program.body[6].body.body[1].body.body[2].argument.arguments[3].body.body[3].block.body[4].alternate.body[1].expression UpdateExpression: enter
2025-06-05T08:42:12.345Z babel program.body[6].body.body[1].body.body[2].argument.arguments[3].body.body[3].block.body[4].alternate.body[1].expression UpdateExpression: Recursing into...
2025-06-05T08:42:12.345Z babel program.body[6].body.body[1].body.body[2].argument.arguments[3].body.body[3].block.body[4].alternate.body[1].expression.argument MemberExpression: enter
2025-06-05T08:42:12.345Z babel program.body[6].body.body[1].body.body[2].argument.arguments[3].body.body[3].block.body[4].alternate.body[1].expression.argument MemberExpression: Recursing into...
2025-06-05T08:42:12.345Z babel program.body[6].body.body[1].body.body[2].argument.arguments[3].body.body[3].block.body[4].alternate.body[1].expression.argument.object MemberExpression: enter
2025-06-05T08:42:12.345Z babel program.body[6].body.body[1].body.body[2].argument.arguments[3].body.body[3].block.body[4].alternate.body[1].expression.argument.object MemberExpression: Recursing into...
2025-06-05T08:42:12.345Z babel program.body[6].body.body[1].body.body[2].argument.arguments[3].body.body[3].block.body[4].alternate.body[1].expression.argument.object.object CallExpression: enter
2025-06-05T08:42:12.345Z babel program.body[6].body.body[1].body.body[2].argument.arguments[3].body.body[3].block.body[4].alternate.body[1].expression.argument.object.object CallExpression: Recursing into...
2025-06-05T08:42:12.345Z babel program.body[6].body.body[1].body.body[2].argument.arguments[3].body.body[3].block.body[4].alternate.body[1].expression.argument.object.object CallExpression: exit
2025-06-05T08:42:12.345Z babel program.body[6].body.body[1].body.body[2].argument.arguments[3].body.body[3].block.body[4].alternate.body[1].expression.argument.object MemberExpression: exit
2025-06-05T08:42:12.345Z babel program.body[6].body.body[1].body.body[2].argument.arguments[3].body.body[3].block.body[4].alternate.body[1].expression.argument MemberExpression: exit
2025-06-05T08:42:12.345Z babel program.body[6].body.body[1].body.body[2].argument.arguments[3].body.body[3].block.body[4].alternate.body[1].expression UpdateExpression: exit
2025-06-05T08:42:12.345Z babel program.body[6].body.body[1].body.body[2].argument.arguments[3].body.body[3].block.body[4].alternate.body[1] ExpressionStatement: exit
2025-06-05T08:42:12.345Z babel program.body[6].body.body[1].body.body[2].argument.arguments[3].body.body[3].block.body[4].alternate BlockStatement: exit
2025-06-05T08:42:12.345Z babel program.body[6].body.body[1].body.body[2].argument.arguments[3].body.body[3].block.body[4] IfStatement: exit
2025-06-05T08:42:12.345Z babel program.body[6].body.body[1].body.body[2].argument.arguments[3].body.body[3].block.body[5] ReturnStatement: enter
2025-06-05T08:42:12.345Z babel program.body[6].body.body[1].body.body[2].argument.arguments[3].body.body[3].block.body[5] ExpressionStatement: Inserted.
2025-06-05T08:42:12.345Z babel program.body[6].body.body[1].body.body[2].argument.arguments[3].body.body[3].block.body[6] ReturnStatement: Recursing into...
2025-06-05T08:42:12.345Z babel program.body[6].body.body[1].body.body[2].argument.arguments[3].body.body[3].block.body[6].argument ObjectExpression: enter
2025-06-05T08:42:12.345Z babel program.body[6].body.body[1].body.body[2].argument.arguments[3].body.body[3].block.body[6].argument ObjectExpression: Recursing into...
2025-06-05T08:42:12.345Z babel program.body[6].body.body[1].body.body[2].argument.arguments[3].body.body[3].block.body[6].argument.properties[0] ObjectProperty: enter
2025-06-05T08:42:12.345Z babel program.body[6].body.body[1].body.body[2].argument.arguments[3].body.body[3].block.body[6].argument.properties[0] ObjectProperty: Recursing into...
2025-06-05T08:42:12.345Z babel program.body[6].body.body[1].body.body[2].argument.arguments[3].body.body[3].block.body[6].argument.properties[0].value CallExpression: enter
2025-06-05T08:42:12.345Z babel program.body[6].body.body[1].body.body[2].argument.arguments[3].body.body[3].block.body[6].argument.properties[0].value CallExpression: Recursing into...
2025-06-05T08:42:12.345Z babel program.body[6].body.body[1].body.body[2].argument.arguments[3].body.body[3].block.body[6].argument.properties[0].value.callee MemberExpression: enter
2025-06-05T08:42:12.345Z babel program.body[6].body.body[1].body.body[2].argument.arguments[3].body.body[3].block.body[6].argument.properties[0].value.callee MemberExpression: Recursing into...
2025-06-05T08:42:12.345Z babel program.body[6].body.body[1].body.body[2].argument.arguments[3].body.body[3].block.body[6].argument.properties[0].value.callee MemberExpression: exit
2025-06-05T08:42:12.345Z babel program.body[6].body.body[1].body.body[2].argument.arguments[3].body.body[3].block.body[6].argument.properties[0].value.arguments[2] BinaryExpression: enter
2025-06-05T08:42:12.345Z babel program.body[6].body.body[1].body.body[2].argument.arguments[3].body.body[3].block.body[6].argument.properties[0].value.arguments[2] BinaryExpression: Recursing into...
2025-06-05T08:42:12.345Z babel program.body[6].body.body[1].body.body[2].argument.arguments[3].body.body[3].block.body[6].argument.properties[0].value.arguments[2].left MemberExpression: enter
2025-06-05T08:42:12.345Z babel program.body[6].body.body[1].body.body[2].argument.arguments[3].body.body[3].block.body[6].argument.properties[0].value.arguments[2].left MemberExpression: Recursing into...
2025-06-05T08:42:12.345Z babel program.body[6].body.body[1].body.body[2].argument.arguments[3].body.body[3].block.body[6].argument.properties[0].value.arguments[2].left MemberExpression: exit
2025-06-05T08:42:12.345Z babel program.body[6].body.body[1].body.body[2].argument.arguments[3].body.body[3].block.body[6].argument.properties[0].value.arguments[2] BinaryExpression: exit
2025-06-05T08:42:12.345Z babel program.body[6].body.body[1].body.body[2].argument.arguments[3].body.body[3].block.body[6].argument.properties[0].value CallExpression: exit
2025-06-05T08:42:12.345Z babel program.body[6].body.body[1].body.body[2].argument.arguments[3].body.body[3].block.body[6].argument.properties[0] ObjectProperty: exit
2025-06-05T08:42:12.345Z babel program.body[6].body.body[1].body.body[2].argument.arguments[3].body.body[3].block.body[6].argument.properties[1] ObjectProperty: enter
2025-06-05T08:42:12.345Z babel program.body[6].body.body[1].body.body[2].argument.arguments[3].body.body[3].block.body[6].argument.properties[1] ObjectProperty: Recursing into...
2025-06-05T08:42:12.345Z babel program.body[6].body.body[1].body.body[2].argument.arguments[3].body.body[3].block.body[6].argument.properties[1].value CallExpression: enter
2025-06-05T08:42:12.345Z babel program.body[6].body.body[1].body.body[2].argument.arguments[3].body.body[3].block.body[6].argument.properties[1].value CallExpression: Recursing into...
2025-06-05T08:42:12.345Z babel program.body[6].body.body[1].body.body[2].argument.arguments[3].body.body[3].block.body[6].argument.properties[1].value.callee MemberExpression: enter
2025-06-05T08:42:12.345Z babel program.body[6].body.body[1].body.body[2].argument.arguments[3].body.body[3].block.body[6].argument.properties[1].value.callee MemberExpression: Recursing into...
2025-06-05T08:42:12.345Z babel program.body[6].body.body[1].body.body[2].argument.arguments[3].body.body[3].block.body[6].argument.properties[1].value.callee MemberExpression: exit
2025-06-05T08:42:12.345Z babel program.body[6].body.body[1].body.body[2].argument.arguments[3].body.body[3].block.body[6].argument.properties[1].value.arguments[0] LogicalExpression: enter
2025-06-05T08:42:12.345Z babel program.body[6].body.body[1].body.body[2].argument.arguments[3].body.body[3].block.body[6].argument.properties[1].value.arguments[0] LogicalExpression: Recursing into...
2025-06-05T08:42:12.345Z babel program.body[6].body.body[1].body.body[2].argument.arguments[3].body.body[3].block.body[6].argument.properties[1].value.arguments[0].left SequenceExpression: enter
2025-06-05T08:42:12.345Z babel program.body[6].body.body[1].body.body[2].argument.arguments[3].body.body[3].block.body[6].argument.properties[1].value.arguments[0].left SequenceExpression: Recursing into...
2025-06-05T08:42:12.345Z babel program.body[6].body.body[1].body.body[2].argument.arguments[3].body.body[3].block.body[6].argument.properties[1].value.arguments[0].left.expressions[0] UpdateExpression: enter
2025-06-05T08:42:12.345Z babel program.body[6].body.body[1].body.body[2].argument.arguments[3].body.body[3].block.body[6].argument.properties[1].value.arguments[0].left.expressions[0] UpdateExpression: Recursing into...
2025-06-05T08:42:12.345Z babel program.body[6].body.body[1].body.body[2].argument.arguments[3].body.body[3].block.body[6].argument.properties[1].value.arguments[0].left.expressions[0].argument MemberExpression: enter
2025-06-05T08:42:12.345Z babel program.body[6].body.body[1].body.body[2].argument.arguments[3].body.body[3].block.body[6].argument.properties[1].value.arguments[0].left.expressions[0].argument MemberExpression: Recursing into...
2025-06-05T08:42:12.345Z babel program.body[6].body.body[1].body.body[2].argument.arguments[3].body.body[3].block.body[6].argument.properties[1].value.arguments[0].left.expressions[0].argument.object MemberExpression: enter
2025-06-05T08:42:12.345Z babel program.body[6].body.body[1].body.body[2].argument.arguments[3].body.body[3].block.body[6].argument.properties[1].value.arguments[0].left.expressions[0].argument.object MemberExpression: Recursing into...
2025-06-05T08:42:12.345Z babel program.body[6].body.body[1].body.body[2].argument.arguments[3].body.body[3].block.body[6].argument.properties[1].value.arguments[0].left.expressions[0].argument.object.object MemberExpression: enter
2025-06-05T08:42:12.345Z babel program.body[6].body.body[1].body.body[2].argument.arguments[3].body.body[3].block.body[6].argument.properties[1].value.arguments[0].left.expressions[0].argument.object.object MemberExpression: Recursing into...
2025-06-05T08:42:12.345Z babel program.body[6].body.body[1].body.body[2].argument.arguments[3].body.body[3].block.body[6].argument.properties[1].value.arguments[0].left.expressions[0].argument.object.object.object CallExpression: enter
2025-06-05T08:42:12.345Z babel program.body[6].body.body[1].body.body[2].argument.arguments[3].body.body[3].block.body[6].argument.properties[1].value.arguments[0].left.expressions[0].argument.object.object.object CallExpression: Recursing into...
2025-06-05T08:42:12.345Z babel program.body[6].body.body[1].body.body[2].argument.arguments[3].body.body[3].block.body[6].argument.properties[1].value.arguments[0].left.expressions[0].argument.object.object.object CallExpression: exit
2025-06-05T08:42:12.345Z babel program.body[6].body.body[1].body.body[2].argument.arguments[3].body.body[3].block.body[6].argument.properties[1].value.arguments[0].left.expressions[0].argument.object.object MemberExpression: exit
2025-06-05T08:42:12.345Z babel program.body[6].body.body[1].body.body[2].argument.arguments[3].body.body[3].block.body[6].argument.properties[1].value.arguments[0].left.expressions[0].argument.object MemberExpression: exit
2025-06-05T08:42:12.345Z babel program.body[6].body.body[1].body.body[2].argument.arguments[3].body.body[3].block.body[6].argument.properties[1].value.arguments[0].left.expressions[0].argument MemberExpression: exit
2025-06-05T08:42:12.345Z babel program.body[6].body.body[1].body.body[2].argument.arguments[3].body.body[3].block.body[6].argument.properties[1].value.arguments[0].left.expressions[0] UpdateExpression: exit
2025-06-05T08:42:12.345Z babel program.body[6].body.body[1].body.body[2].argument.arguments[3].body.body[3].block.body[6].argument.properties[1].value.arguments[0].left.expressions[1] MemberExpression: enter
2025-06-05T08:42:12.345Z babel program.body[6].body.body[1].body.body[2].argument.arguments[3].body.body[3].block.body[6].argument.properties[1].value.arguments[0].left.expressions[1] MemberExpression: Recursing into...
2025-06-05T08:42:12.345Z babel program.body[6].body.body[1].body.body[2].argument.arguments[3].body.body[3].block.body[6].argument.properties[1].value.arguments[0].left.expressions[1] MemberExpression: exit
2025-06-05T08:42:12.345Z babel program.body[6].body.body[1].body.body[2].argument.arguments[3].body.body[3].block.body[6].argument.properties[1].value.arguments[0].left SequenceExpression: exit
2025-06-05T08:42:12.345Z babel program.body[6].body.body[1].body.body[2].argument.arguments[3].body.body[3].block.body[6].argument.properties[1].value.arguments[0].right SequenceExpression: enter
2025-06-05T08:42:12.345Z babel program.body[6].body.body[1].body.body[2].argument.arguments[3].body.body[3].block.body[6].argument.properties[1].value.arguments[0].right SequenceExpression: Recursing into...
2025-06-05T08:42:12.345Z babel program.body[6].body.body[1].body.body[2].argument.arguments[3].body.body[3].block.body[6].argument.properties[1].value.arguments[0].right.expressions[0] UpdateExpression: enter
2025-06-05T08:42:12.345Z babel program.body[6].body.body[1].body.body[2].argument.arguments[3].body.body[3].block.body[6].argument.properties[1].value.arguments[0].right.expressions[0] UpdateExpression: Recursing into...
2025-06-05T08:42:12.345Z babel program.body[6].body.body[1].body.body[2].argument.arguments[3].body.body[3].block.body[6].argument.properties[1].value.arguments[0].right.expressions[0].argument MemberExpression: enter
2025-06-05T08:42:12.345Z babel program.body[6].body.body[1].body.body[2].argument.arguments[3].body.body[3].block.body[6].argument.properties[1].value.arguments[0].right.expressions[0].argument MemberExpression: Recursing into...
2025-06-05T08:42:12.345Z babel program.body[6].body.body[1].body.body[2].argument.arguments[3].body.body[3].block.body[6].argument.properties[1].value.arguments[0].right.expressions[0].argument.object MemberExpression: enter
2025-06-05T08:42:12.345Z babel program.body[6].body.body[1].body.body[2].argument.arguments[3].body.body[3].block.body[6].argument.properties[1].value.arguments[0].right.expressions[0].argument.object MemberExpression: Recursing into...
2025-06-05T08:42:12.345Z babel program.body[6].body.body[1].body.body[2].argument.arguments[3].body.body[3].block.body[6].argument.properties[1].value.arguments[0].right.expressions[0].argument.object.object MemberExpression: enter
2025-06-05T08:42:12.345Z babel program.body[6].body.body[1].body.body[2].argument.arguments[3].body.body[3].block.body[6].argument.properties[1].value.arguments[0].right.expressions[0].argument.object.object MemberExpression: Recursing into...
2025-06-05T08:42:12.345Z babel program.body[6].body.body[1].body.body[2].argument.arguments[3].body.body[3].block.body[6].argument.properties[1].value.arguments[0].right.expressions[0].argument.object.object.object CallExpression: enter
2025-06-05T08:42:12.345Z babel program.body[6].body.body[1].body.body[2].argument.arguments[3].body.body[3].block.body[6].argument.properties[1].value.arguments[0].right.expressions[0].argument.object.object.object CallExpression: Recursing into...
2025-06-05T08:42:12.345Z babel program.body[6].body.body[1].body.body[2].argument.arguments[3].body.body[3].block.body[6].argument.properties[1].value.arguments[0].right.expressions[0].argument.object.object.object CallExpression: exit
2025-06-05T08:42:12.345Z babel program.body[6].body.body[1].body.body[2].argument.arguments[3].body.body[3].block.body[6].argument.properties[1].value.arguments[0].right.expressions[0].argument.object.object MemberExpression: exit
2025-06-05T08:42:12.345Z babel program.body[6].body.body[1].body.body[2].argument.arguments[3].body.body[3].block.body[6].argument.properties[1].value.arguments[0].right.expressions[0].argument.object MemberExpression: exit
2025-06-05T08:42:12.345Z babel program.body[6].body.body[1].body.body[2].argument.arguments[3].body.body[3].block.body[6].argument.properties[1].value.arguments[0].right.expressions[0].argument MemberExpression: exit
2025-06-05T08:42:12.345Z babel program.body[6].body.body[1].body.body[2].argument.arguments[3].body.body[3].block.body[6].argument.properties[1].value.arguments[0].right.expressions[0] UpdateExpression: exit
2025-06-05T08:42:12.345Z babel program.body[6].body.body[1].body.body[2].argument.arguments[3].body.body[3].block.body[6].argument.properties[1].value.arguments[0].right.expressions[1] MemberExpression: enter
2025-06-05T08:42:12.345Z babel program.body[6].body.body[1].body.body[2].argument.arguments[3].body.body[3].block.body[6].argument.properties[1].value.arguments[0].right.expressions[1] MemberExpression: Recursing into...
2025-06-05T08:42:12.345Z babel program.body[6].body.body[1].body.body[2].argument.arguments[3].body.body[3].block.body[6].argument.properties[1].value.arguments[0].right.expressions[1] MemberExpression: exit
2025-06-05T08:42:12.345Z babel program.body[6].body.body[1].body.body[2].argument.arguments[3].body.body[3].block.body[6].argument.properties[1].value.arguments[0].right SequenceExpression: exit
2025-06-05T08:42:12.345Z babel program.body[6].body.body[1].body.body[2].argument.arguments[3].body.body[3].block.body[6].argument.properties[1].value.arguments[0] LogicalExpression: exit
2025-06-05T08:42:12.345Z babel program.body[6].body.body[1].body.body[2].argument.arguments[3].body.body[3].block.body[6].argument.properties[1].value CallExpression: exit
2025-06-05T08:42:12.345Z babel program.body[6].body.body[1].body.body[2].argument.arguments[3].body.body[3].block.body[6].argument.properties[1] ObjectProperty: exit
2025-06-05T08:42:12.345Z babel program.body[6].body.body[1].body.body[2].argument.arguments[3].body.body[3].block.body[6].argument.properties[2] ObjectProperty: enter
2025-06-05T08:42:12.345Z babel program.body[6].body.body[1].body.body[2].argument.arguments[3].body.body[3].block.body[6].argument.properties[2] ObjectProperty: Recursing into...
2025-06-05T08:42:12.345Z babel program.body[6].body.body[1].body.body[2].argument.arguments[3].body.body[3].block.body[6].argument.properties[2].value CallExpression: enter
2025-06-05T08:42:12.345Z babel program.body[6].body.body[1].body.body[2].argument.arguments[3].body.body[3].block.body[6].argument.properties[2].value CallExpression: Recursing into...
2025-06-05T08:42:12.345Z babel program.body[6].body.body[1].body.body[2].argument.arguments[3].body.body[3].block.body[6].argument.properties[2].value.callee MemberExpression: enter
2025-06-05T08:42:12.345Z babel program.body[6].body.body[1].body.body[2].argument.arguments[3].body.body[3].block.body[6].argument.properties[2].value.callee MemberExpression: Recursing into...
2025-06-05T08:42:12.345Z babel program.body[6].body.body[1].body.body[2].argument.arguments[3].body.body[3].block.body[6].argument.properties[2].value.callee MemberExpression: exit
2025-06-05T08:42:12.345Z babel program.body[6].body.body[1].body.body[2].argument.arguments[3].body.body[3].block.body[6].argument.properties[2].value.arguments[0] LogicalExpression: enter
2025-06-05T08:42:12.345Z babel program.body[6].body.body[1].body.body[2].argument.arguments[3].body.body[3].block.body[6].argument.properties[2].value.arguments[0] LogicalExpression: Recursing into...
2025-06-05T08:42:12.345Z babel program.body[6].body.body[1].body.body[2].argument.arguments[3].body.body[3].block.body[6].argument.properties[2].value.arguments[0].left SequenceExpression: enter
2025-06-05T08:42:12.345Z babel program.body[6].body.body[1].body.body[2].argument.arguments[3].body.body[3].block.body[6].argument.properties[2].value.arguments[0].left SequenceExpression: Recursing into...
2025-06-05T08:42:12.346Z babel program.body[6].body.body[1].body.body[2].argument.arguments[3].body.body[3].block.body[6].argument.properties[2].value.arguments[0].left.expressions[0] UpdateExpression: enter
2025-06-05T08:42:12.346Z babel program.body[6].body.body[1].body.body[2].argument.arguments[3].body.body[3].block.body[6].argument.properties[2].value.arguments[0].left.expressions[0] UpdateExpression: Recursing into...
2025-06-05T08:42:12.346Z babel program.body[6].body.body[1].body.body[2].argument.arguments[3].body.body[3].block.body[6].argument.properties[2].value.arguments[0].left.expressions[0].argument MemberExpression: enter
2025-06-05T08:42:12.346Z babel program.body[6].body.body[1].body.body[2].argument.arguments[3].body.body[3].block.body[6].argument.properties[2].value.arguments[0].left.expressions[0].argument MemberExpression: Recursing into...
2025-06-05T08:42:12.346Z babel program.body[6].body.body[1].body.body[2].argument.arguments[3].body.body[3].block.body[6].argument.properties[2].value.arguments[0].left.expressions[0].argument.object MemberExpression: enter
2025-06-05T08:42:12.346Z babel program.body[6].body.body[1].body.body[2].argument.arguments[3].body.body[3].block.body[6].argument.properties[2].value.arguments[0].left.expressions[0].argument.object MemberExpression: Recursing into...
2025-06-05T08:42:12.346Z babel program.body[6].body.body[1].body.body[2].argument.arguments[3].body.body[3].block.body[6].argument.properties[2].value.arguments[0].left.expressions[0].argument.object.object MemberExpression: enter
2025-06-05T08:42:12.346Z babel program.body[6].body.body[1].body.body[2].argument.arguments[3].body.body[3].block.body[6].argument.properties[2].value.arguments[0].left.expressions[0].argument.object.object MemberExpression: Recursing into...
2025-06-05T08:42:12.346Z babel program.body[6].body.body[1].body.body[2].argument.arguments[3].body.body[3].block.body[6].argument.properties[2].value.arguments[0].left.expressions[0].argument.object.object.object CallExpression: enter
2025-06-05T08:42:12.346Z babel program.body[6].body.body[1].body.body[2].argument.arguments[3].body.body[3].block.body[6].argument.properties[2].value.arguments[0].left.expressions[0].argument.object.object.object CallExpression: Recursing into...
2025-06-05T08:42:12.346Z babel program.body[6].body.body[1].body.body[2].argument.arguments[3].body.body[3].block.body[6].argument.properties[2].value.arguments[0].left.expressions[0].argument.object.object.object CallExpression: exit
2025-06-05T08:42:12.346Z babel program.body[6].body.body[1].body.body[2].argument.arguments[3].body.body[3].block.body[6].argument.properties[2].value.arguments[0].left.expressions[0].argument.object.object MemberExpression: exit
2025-06-05T08:42:12.346Z babel program.body[6].body.body[1].body.body[2].argument.arguments[3].body.body[3].block.body[6].argument.properties[2].value.arguments[0].left.expressions[0].argument.object MemberExpression: exit
2025-06-05T08:42:12.346Z babel program.body[6].body.body[1].body.body[2].argument.arguments[3].body.body[3].block.body[6].argument.properties[2].value.arguments[0].left.expressions[0].argument MemberExpression: exit
2025-06-05T08:42:12.346Z babel program.body[6].body.body[1].body.body[2].argument.arguments[3].body.body[3].block.body[6].argument.properties[2].value.arguments[0].left.expressions[0] UpdateExpression: exit
2025-06-05T08:42:12.346Z babel program.body[6].body.body[1].body.body[2].argument.arguments[3].body.body[3].block.body[6].argument.properties[2].value.arguments[0].left.expressions[1] MemberExpression: enter
2025-06-05T08:42:12.346Z babel program.body[6].body.body[1].body.body[2].argument.arguments[3].body.body[3].block.body[6].argument.properties[2].value.arguments[0].left.expressions[1] MemberExpression: Recursing into...
2025-06-05T08:42:12.346Z babel program.body[6].body.body[1].body.body[2].argument.arguments[3].body.body[3].block.body[6].argument.properties[2].value.arguments[0].left.expressions[1] MemberExpression: exit
2025-06-05T08:42:12.346Z babel program.body[6].body.body[1].body.body[2].argument.arguments[3].body.body[3].block.body[6].argument.properties[2].value.arguments[0].left SequenceExpression: exit
2025-06-05T08:42:12.346Z babel program.body[6].body.body[1].body.body[2].argument.arguments[3].body.body[3].block.body[6].argument.properties[2].value.arguments[0].right SequenceExpression: enter
2025-06-05T08:42:12.346Z babel program.body[6].body.body[1].body.body[2].argument.arguments[3].body.body[3].block.body[6].argument.properties[2].value.arguments[0].right SequenceExpression: Recursing into...
2025-06-05T08:42:12.346Z babel program.body[6].body.body[1].body.body[2].argument.arguments[3].body.body[3].block.body[6].argument.properties[2].value.arguments[0].right.expressions[0] UpdateExpression: enter
2025-06-05T08:42:12.346Z babel program.body[6].body.body[1].body.body[2].argument.arguments[3].body.body[3].block.body[6].argument.properties[2].value.arguments[0].right.expressions[0] UpdateExpression: Recursing into...
2025-06-05T08:42:12.346Z babel program.body[6].body.body[1].body.body[2].argument.arguments[3].body.body[3].block.body[6].argument.properties[2].value.arguments[0].right.expressions[0].argument MemberExpression: enter
2025-06-05T08:42:12.346Z babel program.body[6].body.body[1].body.body[2].argument.arguments[3].body.body[3].block.body[6].argument.properties[2].value.arguments[0].right.expressions[0].argument MemberExpression: Recursing into...
2025-06-05T08:42:12.346Z babel program.body[6].body.body[1].body.body[2].argument.arguments[3].body.body[3].block.body[6].argument.properties[2].value.arguments[0].right.expressions[0].argument.object MemberExpression: enter
2025-06-05T08:42:12.346Z babel program.body[6].body.body[1].body.body[2].argument.arguments[3].body.body[3].block.body[6].argument.properties[2].value.arguments[0].right.expressions[0].argument.object MemberExpression: Recursing into...
2025-06-05T08:42:12.346Z babel program.body[6].body.body[1].body.body[2].argument.arguments[3].body.body[3].block.body[6].argument.properties[2].value.arguments[0].right.expressions[0].argument.object.object MemberExpression: enter
2025-06-05T08:42:12.346Z babel program.body[6].body.body[1].body.body[2].argument.arguments[3].body.body[3].block.body[6].argument.properties[2].value.arguments[0].right.expressions[0].argument.object.object MemberExpression: Recursing into...
2025-06-05T08:42:12.346Z babel program.body[6].body.body[1].body.body[2].argument.arguments[3].body.body[3].block.body[6].argument.properties[2].value.arguments[0].right.expressions[0].argument.object.object.object CallExpression: enter
2025-06-05T08:42:12.346Z babel program.body[6].body.body[1].body.body[2].argument.arguments[3].body.body[3].block.body[6].argument.properties[2].value.arguments[0].right.expressions[0].argument.object.object.object CallExpression: Recursing into...
2025-06-05T08:42:12.346Z babel program.body[6].body.body[1].body.body[2].argument.arguments[3].body.body[3].block.body[6].argument.properties[2].value.arguments[0].right.expressions[0].argument.object.object.object CallExpression: exit
2025-06-05T08:42:12.346Z babel program.body[6].body.body[1].body.body[2].argument.arguments[3].body.body[3].block.body[6].argument.properties[2].value.arguments[0].right.expressions[0].argument.object.object MemberExpression: exit
2025-06-05T08:42:12.346Z babel program.body[6].body.body[1].body.body[2].argument.arguments[3].body.body[3].block.body[6].argument.properties[2].value.arguments[0].right.expressions[0].argument.object MemberExpression: exit
2025-06-05T08:42:12.346Z babel program.body[6].body.body[1].body.body[2].argument.arguments[3].body.body[3].block.body[6].argument.properties[2].value.arguments[0].right.expressions[0].argument MemberExpression: exit
2025-06-05T08:42:12.346Z babel program.body[6].body.body[1].body.body[2].argument.arguments[3].body.body[3].block.body[6].argument.properties[2].value.arguments[0].right.expressions[0] UpdateExpression: exit
2025-06-05T08:42:12.346Z babel program.body[6].body.body[1].body.body[2].argument.arguments[3].body.body[3].block.body[6].argument.properties[2].value.arguments[0].right.expressions[1] MemberExpression: enter
2025-06-05T08:42:12.346Z babel program.body[6].body.body[1].body.body[2].argument.arguments[3].body.body[3].block.body[6].argument.properties[2].value.arguments[0].right.expressions[1] MemberExpression: Recursing into...
2025-06-05T08:42:12.346Z babel program.body[6].body.body[1].body.body[2].argument.arguments[3].body.body[3].block.body[6].argument.properties[2].value.arguments[0].right.expressions[1] MemberExpression: exit
2025-06-05T08:42:12.346Z babel program.body[6].body.body[1].body.body[2].argument.arguments[3].body.body[3].block.body[6].argument.properties[2].value.arguments[0].right SequenceExpression: exit
2025-06-05T08:42:12.346Z babel program.body[6].body.body[1].body.body[2].argument.arguments[3].body.body[3].block.body[6].argument.properties[2].value.arguments[0] LogicalExpression: exit
2025-06-05T08:42:12.346Z babel program.body[6].body.body[1].body.body[2].argument.arguments[3].body.body[3].block.body[6].argument.properties[2].value CallExpression: exit
2025-06-05T08:42:12.346Z babel program.body[6].body.body[1].body.body[2].argument.arguments[3].body.body[3].block.body[6].argument.properties[2] ObjectProperty: exit
2025-06-05T08:42:12.346Z babel program.body[6].body.body[1].body.body[2].argument.arguments[3].body.body[3].block.body[6].argument.properties[3] ObjectProperty: enter
2025-06-05T08:42:12.346Z babel program.body[6].body.body[1].body.body[2].argument.arguments[3].body.body[3].block.body[6].argument.properties[3] ObjectProperty: Recursing into...
2025-06-05T08:42:12.346Z babel program.body[6].body.body[1].body.body[2].argument.arguments[3].body.body[3].block.body[6].argument.properties[3].value ConditionalExpression: enter
2025-06-05T08:42:12.346Z babel program.body[6].body.body[1].body.body[2].argument.arguments[3].body.body[3].block.body[6].argument.properties[3].value.consequent CallExpression: Replace with SequenceExpression
2025-06-05T08:42:12.346Z babel program.body[6].body.body[1].body.body[2].argument.arguments[3].body.body[3].block.body[6].argument.properties[3].value.alternate Identifier: Replace with SequenceExpression
2025-06-05T08:42:12.346Z babel program.body[6].body.body[1].body.body[2].argument.arguments[3].body.body[3].block.body[6].argument.properties[3].value ConditionalExpression: Recursing into...
2025-06-05T08:42:12.346Z babel program.body[6].body.body[1].body.body[2].argument.arguments[3].body.body[3].block.body[6].argument.properties[3].value.test MemberExpression: enter
2025-06-05T08:42:12.346Z babel program.body[6].body.body[1].body.body[2].argument.arguments[3].body.body[3].block.body[6].argument.properties[3].value.test MemberExpression: Recursing into...
2025-06-05T08:42:12.346Z babel program.body[6].body.body[1].body.body[2].argument.arguments[3].body.body[3].block.body[6].argument.properties[3].value.test MemberExpression: exit
2025-06-05T08:42:12.346Z babel program.body[6].body.body[1].body.body[2].argument.arguments[3].body.body[3].block.body[6].argument.properties[3].value.consequent SequenceExpression: enter
2025-06-05T08:42:12.346Z babel program.body[6].body.body[1].body.body[2].argument.arguments[3].body.body[3].block.body[6].argument.properties[3].value.consequent SequenceExpression: Recursing into...
2025-06-05T08:42:12.346Z babel program.body[6].body.body[1].body.body[2].argument.arguments[3].body.body[3].block.body[6].argument.properties[3].value.consequent.expressions[0] UpdateExpression: enter
2025-06-05T08:42:12.346Z babel program.body[6].body.body[1].body.body[2].argument.arguments[3].body.body[3].block.body[6].argument.properties[3].value.consequent.expressions[0] UpdateExpression: Recursing into...
2025-06-05T08:42:12.346Z babel program.body[6].body.body[1].body.body[2].argument.arguments[3].body.body[3].block.body[6].argument.properties[3].value.consequent.expressions[0].argument MemberExpression: enter
2025-06-05T08:42:12.346Z babel program.body[6].body.body[1].body.body[2].argument.arguments[3].body.body[3].block.body[6].argument.properties[3].value.consequent.expressions[0].argument MemberExpression: Recursing into...
2025-06-05T08:42:12.346Z babel program.body[6].body.body[1].body.body[2].argument.arguments[3].body.body[3].block.body[6].argument.properties[3].value.consequent.expressions[0].argument.object MemberExpression: enter
2025-06-05T08:42:12.346Z babel program.body[6].body.body[1].body.body[2].argument.arguments[3].body.body[3].block.body[6].argument.properties[3].value.consequent.expressions[0].argument.object MemberExpression: Recursing into...
2025-06-05T08:42:12.346Z babel program.body[6].body.body[1].body.body[2].argument.arguments[3].body.body[3].block.body[6].argument.properties[3].value.consequent.expressions[0].argument.object.object MemberExpression: enter
2025-06-05T08:42:12.347Z babel program.body[6].body.body[1].body.body[2].argument.arguments[3].body.body[3].block.body[6].argument.properties[3].value.consequent.expressions[0].argument.object.object MemberExpression: Recursing into...
2025-06-05T08:42:12.347Z babel program.body[6].body.body[1].body.body[2].argument.arguments[3].body.body[3].block.body[6].argument.properties[3].value.consequent.expressions[0].argument.object.object.object CallExpression: enter
2025-06-05T08:42:12.347Z babel program.body[6].body.body[1].body.body[2].argument.arguments[3].body.body[3].block.body[6].argument.properties[3].value.consequent.expressions[0].argument.object.object.object CallExpression: Recursing into...
2025-06-05T08:42:12.347Z babel program.body[6].body.body[1].body.body[2].argument.arguments[3].body.body[3].block.body[6].argument.properties[3].value.consequent.expressions[0].argument.object.object.object CallExpression: exit
2025-06-05T08:42:12.347Z babel program.body[6].body.body[1].body.body[2].argument.arguments[3].body.body[3].block.body[6].argument.properties[3].value.consequent.expressions[0].argument.object.object MemberExpression: exit
2025-06-05T08:42:12.347Z babel program.body[6].body.body[1].body.body[2].argument.arguments[3].body.body[3].block.body[6].argument.properties[3].value.consequent.expressions[0].argument.object MemberExpression: exit
2025-06-05T08:42:12.347Z babel program.body[6].body.body[1].body.body[2].argument.arguments[3].body.body[3].block.body[6].argument.properties[3].value.consequent.expressions[0].argument MemberExpression: exit
2025-06-05T08:42:12.347Z babel program.body[6].body.body[1].body.body[2].argument.arguments[3].body.body[3].block.body[6].argument.properties[3].value.consequent.expressions[0] UpdateExpression: exit
2025-06-05T08:42:12.347Z babel program.body[6].body.body[1].body.body[2].argument.arguments[3].body.body[3].block.body[6].argument.properties[3].value.consequent.expressions[1] CallExpression: enter
2025-06-05T08:42:12.347Z babel program.body[6].body.body[1].body.body[2].argument.arguments[3].body.body[3].block.body[6].argument.properties[3].value.consequent.expressions[1] CallExpression: Recursing into...
2025-06-05T08:42:12.347Z babel program.body[6].body.body[1].body.body[2].argument.arguments[3].body.body[3].block.body[6].argument.properties[3].value.consequent.expressions[1].callee MemberExpression: enter
2025-06-05T08:42:12.347Z babel program.body[6].body.body[1].body.body[2].argument.arguments[3].body.body[3].block.body[6].argument.properties[3].value.consequent.expressions[1].callee MemberExpression: Recursing into...
2025-06-05T08:42:12.347Z babel program.body[6].body.body[1].body.body[2].argument.arguments[3].body.body[3].block.body[6].argument.properties[3].value.consequent.expressions[1].callee MemberExpression: exit
2025-06-05T08:42:12.347Z babel program.body[6].body.body[1].body.body[2].argument.arguments[3].body.body[3].block.body[6].argument.properties[3].value.consequent.expressions[1].arguments[0] CallExpression: enter
2025-06-05T08:42:12.347Z babel program.body[6].body.body[1].body.body[2].argument.arguments[3].body.body[3].block.body[6].argument.properties[3].value.consequent.expressions[1].arguments[0] CallExpression: Recursing into...
2025-06-05T08:42:12.347Z babel program.body[6].body.body[1].body.body[2].argument.arguments[3].body.body[3].block.body[6].argument.properties[3].value.consequent.expressions[1].arguments[0].callee MemberExpression: enter
2025-06-05T08:42:12.347Z babel program.body[6].body.body[1].body.body[2].argument.arguments[3].body.body[3].block.body[6].argument.properties[3].value.consequent.expressions[1].arguments[0].callee MemberExpression: Recursing into...
2025-06-05T08:42:12.347Z babel program.body[6].body.body[1].body.body[2].argument.arguments[3].body.body[3].block.body[6].argument.properties[3].value.consequent.expressions[1].arguments[0].callee MemberExpression: exit
2025-06-05T08:42:12.347Z babel program.body[6].body.body[1].body.body[2].argument.arguments[3].body.body[3].block.body[6].argument.properties[3].value.consequent.expressions[1].arguments[0].arguments[0] ObjectExpression: enter
2025-06-05T08:42:12.347Z babel program.body[6].body.body[1].body.body[2].argument.arguments[3].body.body[3].block.body[6].argument.properties[3].value.consequent.expressions[1].arguments[0].arguments[0] ObjectExpression: Recursing into...
2025-06-05T08:42:12.347Z babel program.body[6].body.body[1].body.body[2].argument.arguments[3].body.body[3].block.body[6].argument.properties[3].value.consequent.expressions[1].arguments[0].arguments[0].properties[0] ObjectProperty: enter
2025-06-05T08:42:12.347Z babel program.body[6].body.body[1].body.body[2].argument.arguments[3].body.body[3].block.body[6].argument.properties[3].value.consequent.expressions[1].arguments[0].arguments[0].properties[0] ObjectProperty: Recursing into...
2025-06-05T08:42:12.347Z babel program.body[6].body.body[1].body.body[2].argument.arguments[3].body.body[3].block.body[6].argument.properties[3].value.consequent.expressions[1].arguments[0].arguments[0].properties[0].value ConditionalExpression: enter
2025-06-05T08:42:12.347Z babel program.body[6].body.body[1].body.body[2].argument.arguments[3].body.body[3].block.body[6].argument.properties[3].value.consequent.expressions[1].arguments[0].arguments[0].properties[0].value.consequent Identifier: Replace with SequenceExpression
2025-06-05T08:42:12.347Z babel program.body[6].body.body[1].body.body[2].argument.arguments[3].body.body[3].block.body[6].argument.properties[3].value.consequent.expressions[1].arguments[0].arguments[0].properties[0].value.alternate NumericLiteral: Replace with SequenceExpression
2025-06-05T08:42:12.347Z babel program.body[6].body.body[1].body.body[2].argument.arguments[3].body.body[3].block.body[6].argument.properties[3].value.consequent.expressions[1].arguments[0].arguments[0].properties[0].value ConditionalExpression: Recursing into...
2025-06-05T08:42:12.347Z babel program.body[6].body.body[1].body.body[2].argument.arguments[3].body.body[3].block.body[6].argument.properties[3].value.consequent.expressions[1].arguments[0].arguments[0].properties[0].value.test LogicalExpression: enter
2025-06-05T08:42:12.347Z babel program.body[6].body.body[1].body.body[2].argument.arguments[3].body.body[3].block.body[6].argument.properties[3].value.consequent.expressions[1].arguments[0].arguments[0].properties[0].value.test LogicalExpression: Recursing into...
2025-06-05T08:42:12.347Z babel program.body[6].body.body[1].body.body[2].argument.arguments[3].body.body[3].block.body[6].argument.properties[3].value.consequent.expressions[1].arguments[0].arguments[0].properties[0].value.test.left SequenceExpression: enter
2025-06-05T08:42:12.347Z babel program.body[6].body.body[1].body.body[2].argument.arguments[3].body.body[3].block.body[6].argument.properties[3].value.consequent.expressions[1].arguments[0].arguments[0].properties[0].value.test.left SequenceExpression: Recursing into...
2025-06-05T08:42:12.347Z babel program.body[6].body.body[1].body.body[2].argument.arguments[3].body.body[3].block.body[6].argument.properties[3].value.consequent.expressions[1].arguments[0].arguments[0].properties[0].value.test.left.expressions[0] UpdateExpression: enter
2025-06-05T08:42:12.347Z babel program.body[6].body.body[1].body.body[2].argument.arguments[3].body.body[3].block.body[6].argument.properties[3].value.consequent.expressions[1].arguments[0].arguments[0].properties[0].value.test.left.expressions[0] UpdateExpression: Recursing into...
2025-06-05T08:42:12.347Z babel program.body[6].body.body[1].body.body[2].argument.arguments[3].body.body[3].block.body[6].argument.properties[3].value.consequent.expressions[1].arguments[0].arguments[0].properties[0].value.test.left.expressions[0].argument MemberExpression: enter
2025-06-05T08:42:12.347Z babel program.body[6].body.body[1].body.body[2].argument.arguments[3].body.body[3].block.body[6].argument.properties[3].value.consequent.expressions[1].arguments[0].arguments[0].properties[0].value.test.left.expressions[0].argument MemberExpression: Recursing into...
2025-06-05T08:42:12.347Z babel program.body[6].body.body[1].body.body[2].argument.arguments[3].body.body[3].block.body[6].argument.properties[3].value.consequent.expressions[1].arguments[0].arguments[0].properties[0].value.test.left.expressions[0].argument.object MemberExpression: enter
2025-06-05T08:42:12.347Z babel program.body[6].body.body[1].body.body[2].argument.arguments[3].body.body[3].block.body[6].argument.properties[3].value.consequent.expressions[1].arguments[0].arguments[0].properties[0].value.test.left.expressions[0].argument.object MemberExpression: Recursing into...
2025-06-05T08:42:12.347Z babel program.body[6].body.body[1].body.body[2].argument.arguments[3].body.body[3].block.body[6].argument.properties[3].value.consequent.expressions[1].arguments[0].arguments[0].properties[0].value.test.left.expressions[0].argument.object.object MemberExpression: enter
2025-06-05T08:42:12.347Z babel program.body[6].body.body[1].body.body[2].argument.arguments[3].body.body[3].block.body[6].argument.properties[3].value.consequent.expressions[1].arguments[0].arguments[0].properties[0].value.test.left.expressions[0].argument.object.object MemberExpression: Recursing into...
2025-06-05T08:42:12.347Z babel program.body[6].body.body[1].body.body[2].argument.arguments[3].body.body[3].block.body[6].argument.properties[3].value.consequent.expressions[1].arguments[0].arguments[0].properties[0].value.test.left.expressions[0].argument.object.object.object CallExpression: enter
2025-06-05T08:42:12.347Z babel program.body[6].body.body[1].body.body[2].argument.arguments[3].body.body[3].block.body[6].argument.properties[3].value.consequent.expressions[1].arguments[0].arguments[0].properties[0].value.test.left.expressions[0].argument.object.object.object CallExpression: Recursing into...
2025-06-05T08:42:12.347Z babel program.body[6].body.body[1].body.body[2].argument.arguments[3].body.body[3].block.body[6].argument.properties[3].value.consequent.expressions[1].arguments[0].arguments[0].properties[0].value.test.left.expressions[0].argument.object.object.object CallExpression: exit
2025-06-05T08:42:12.347Z babel program.body[6].body.body[1].body.body[2].argument.arguments[3].body.body[3].block.body[6].argument.properties[3].value.consequent.expressions[1].arguments[0].arguments[0].properties[0].value.test.left.expressions[0].argument.object.object MemberExpression: exit
2025-06-05T08:42:12.347Z babel program.body[6].body.body[1].body.body[2].argument.arguments[3].body.body[3].block.body[6].argument.properties[3].value.consequent.expressions[1].arguments[0].arguments[0].properties[0].value.test.left.expressions[0].argument.object MemberExpression: exit
2025-06-05T08:42:12.347Z babel program.body[6].body.body[1].body.body[2].argument.arguments[3].body.body[3].block.body[6].argument.properties[3].value.consequent.expressions[1].arguments[0].arguments[0].properties[0].value.test.left.expressions[0].argument MemberExpression: exit
2025-06-05T08:42:12.347Z babel program.body[6].body.body[1].body.body[2].argument.arguments[3].body.body[3].block.body[6].argument.properties[3].value.consequent.expressions[1].arguments[0].arguments[0].properties[0].value.test.left.expressions[0] UpdateExpression: exit
2025-06-05T08:42:12.347Z babel program.body[6].body.body[1].body.body[2].argument.arguments[3].body.body[3].block.body[6].argument.properties[3].value.consequent.expressions[1].arguments[0].arguments[0].properties[0].value.test.left.expressions[1] BinaryExpression: enter
2025-06-05T08:42:12.347Z babel program.body[6].body.body[1].body.body[2].argument.arguments[3].body.body[3].block.body[6].argument.properties[3].value.consequent.expressions[1].arguments[0].arguments[0].properties[0].value.test.left.expressions[1] BinaryExpression: Recursing into...
2025-06-05T08:42:12.347Z babel program.body[6].body.body[1].body.body[2].argument.arguments[3].body.body[3].block.body[6].argument.properties[3].value.consequent.expressions[1].arguments[0].arguments[0].properties[0].value.test.left.expressions[1].left AssignmentExpression: enter
2025-06-05T08:42:12.347Z babel program.body[6].body.body[1].body.body[2].argument.arguments[3].body.body[3].block.body[6].argument.properties[3].value.consequent.expressions[1].arguments[0].arguments[0].properties[0].value.test.left.expressions[1].left AssignmentExpression: Recursing into...
2025-06-05T08:42:12.347Z babel program.body[6].body.body[1].body.body[2].argument.arguments[3].body.body[3].block.body[6].argument.properties[3].value.consequent.expressions[1].arguments[0].arguments[0].properties[0].value.test.left.expressions[1].left.right CallExpression: enter
2025-06-05T08:42:12.347Z babel program.body[6].body.body[1].body.body[2].argument.arguments[3].body.body[3].block.body[6].argument.properties[3].value.consequent.expressions[1].arguments[0].arguments[0].properties[0].value.test.left.expressions[1].left.right CallExpression: Recursing into...
2025-06-05T08:42:12.347Z babel program.body[6].body.body[1].body.body[2].argument.arguments[3].body.body[3].block.body[6].argument.properties[3].value.consequent.expressions[1].arguments[0].arguments[0].properties[0].value.test.left.expressions[1].left.right.callee MemberExpression: enter
2025-06-05T08:42:12.347Z babel program.body[6].body.body[1].body.body[2].argument.arguments[3].body.body[3].block.body[6].argument.properties[3].value.consequent.expressions[1].arguments[0].arguments[0].properties[0].value.test.left.expressions[1].left.right.callee MemberExpression: Recursing into...
2025-06-05T08:42:12.347Z babel program.body[6].body.body[1].body.body[2].argument.arguments[3].body.body[3].block.body[6].argument.properties[3].value.consequent.expressions[1].arguments[0].arguments[0].properties[0].value.test.left.expressions[1].left.right.callee MemberExpression: exit
2025-06-05T08:42:12.347Z babel program.body[6].body.body[1].body.body[2].argument.arguments[3].body.body[3].block.body[6].argument.properties[3].value.consequent.expressions[1].arguments[0].arguments[0].properties[0].value.test.left.expressions[1].left.right.arguments[0] MemberExpression: enter
2025-06-05T08:42:12.347Z babel program.body[6].body.body[1].body.body[2].argument.arguments[3].body.body[3].block.body[6].argument.properties[3].value.consequent.expressions[1].arguments[0].arguments[0].properties[0].value.test.left.expressions[1].left.right.arguments[0] MemberExpression: Recursing into...
2025-06-05T08:42:12.347Z babel program.body[6].body.body[1].body.body[2].argument.arguments[3].body.body[3].block.body[6].argument.properties[3].value.consequent.expressions[1].arguments[0].arguments[0].properties[0].value.test.left.expressions[1].left.right.arguments[0] MemberExpression: exit
2025-06-05T08:42:12.347Z babel program.body[6].body.body[1].body.body[2].argument.arguments[3].body.body[3].block.body[6].argument.properties[3].value.consequent.expressions[1].arguments[0].arguments[0].properties[0].value.test.left.expressions[1].left.right CallExpression: exit
2025-06-05T08:42:12.347Z babel program.body[6].body.body[1].body.body[2].argument.arguments[3].body.body[3].block.body[6].argument.properties[3].value.consequent.expressions[1].arguments[0].arguments[0].properties[0].value.test.left.expressions[1].left AssignmentExpression: exit
2025-06-05T08:42:12.347Z babel program.body[6].body.body[1].body.body[2].argument.arguments[3].body.body[3].block.body[6].argument.properties[3].value.consequent.expressions[1].arguments[0].arguments[0].properties[0].value.test.left.expressions[1] BinaryExpression: exit
2025-06-05T08:42:12.347Z babel program.body[6].body.body[1].body.body[2].argument.arguments[3].body.body[3].block.body[6].argument.properties[3].value.consequent.expressions[1].arguments[0].arguments[0].properties[0].value.test.left SequenceExpression: exit
2025-06-05T08:42:12.347Z babel program.body[6].body.body[1].body.body[2].argument.arguments[3].body.body[3].block.body[6].argument.properties[3].value.consequent.expressions[1].arguments[0].arguments[0].properties[0].value.test.right SequenceExpression: enter
2025-06-05T08:42:12.347Z babel program.body[6].body.body[1].body.body[2].argument.arguments[3].body.body[3].block.body[6].argument.properties[3].value.consequent.expressions[1].arguments[0].arguments[0].properties[0].value.test.right SequenceExpression: Recursing into...
2025-06-05T08:42:12.347Z babel program.body[6].body.body[1].body.body[2].argument.arguments[3].body.body[3].block.body[6].argument.properties[3].value.consequent.expressions[1].arguments[0].arguments[0].properties[0].value.test.right.expressions[0] UpdateExpression: enter
2025-06-05T08:42:12.347Z babel program.body[6].body.body[1].body.body[2].argument.arguments[3].body.body[3].block.body[6].argument.properties[3].value.consequent.expressions[1].arguments[0].arguments[0].properties[0].value.test.right.expressions[0] UpdateExpression: Recursing into...
2025-06-05T08:42:12.347Z babel program.body[6].body.body[1].body.body[2].argument.arguments[3].body.body[3].block.body[6].argument.properties[3].value.consequent.expressions[1].arguments[0].arguments[0].properties[0].value.test.right.expressions[0].argument MemberExpression: enter
2025-06-05T08:42:12.347Z babel program.body[6].body.body[1].body.body[2].argument.arguments[3].body.body[3].block.body[6].argument.properties[3].value.consequent.expressions[1].arguments[0].arguments[0].properties[0].value.test.right.expressions[0].argument MemberExpression: Recursing into...
2025-06-05T08:42:12.347Z babel program.body[6].body.body[1].body.body[2].argument.arguments[3].body.body[3].block.body[6].argument.properties[3].value.consequent.expressions[1].arguments[0].arguments[0].properties[0].value.test.right.expressions[0].argument.object MemberExpression: enter
2025-06-05T08:42:12.347Z babel program.body[6].body.body[1].body.body[2].argument.arguments[3].body.body[3].block.body[6].argument.properties[3].value.consequent.expressions[1].arguments[0].arguments[0].properties[0].value.test.right.expressions[0].argument.object MemberExpression: Recursing into...
2025-06-05T08:42:12.347Z babel program.body[6].body.body[1].body.body[2].argument.arguments[3].body.body[3].block.body[6].argument.properties[3].value.consequent.expressions[1].arguments[0].arguments[0].properties[0].value.test.right.expressions[0].argument.object.object MemberExpression: enter
2025-06-05T08:42:12.347Z babel program.body[6].body.body[1].body.body[2].argument.arguments[3].body.body[3].block.body[6].argument.properties[3].value.consequent.expressions[1].arguments[0].arguments[0].properties[0].value.test.right.expressions[0].argument.object.object MemberExpression: Recursing into...
2025-06-05T08:42:12.347Z babel program.body[6].body.body[1].body.body[2].argument.arguments[3].body.body[3].block.body[6].argument.properties[3].value.consequent.expressions[1].arguments[0].arguments[0].properties[0].value.test.right.expressions[0].argument.object.object.object CallExpression: enter
2025-06-05T08:42:12.347Z babel program.body[6].body.body[1].body.body[2].argument.arguments[3].body.body[3].block.body[6].argument.properties[3].value.consequent.expressions[1].arguments[0].arguments[0].properties[0].value.test.right.expressions[0].argument.object.object.object CallExpression: Recursing into...
2025-06-05T08:42:12.347Z babel program.body[6].body.body[1].body.body[2].argument.arguments[3].body.body[3].block.body[6].argument.properties[3].value.consequent.expressions[1].arguments[0].arguments[0].properties[0].value.test.right.expressions[0].argument.object.object.object CallExpression: exit
2025-06-05T08:42:12.347Z babel program.body[6].body.body[1].body.body[2].argument.arguments[3].body.body[3].block.body[6].argument.properties[3].value.consequent.expressions[1].arguments[0].arguments[0].properties[0].value.test.right.expressions[0].argument.object.object MemberExpression: exit
2025-06-05T08:42:12.347Z babel program.body[6].body.body[1].body.body[2].argument.arguments[3].body.body[3].block.body[6].argument.properties[3].value.consequent.expressions[1].arguments[0].arguments[0].properties[0].value.test.right.expressions[0].argument.object MemberExpression: exit
2025-06-05T08:42:12.347Z babel program.body[6].body.body[1].body.body[2].argument.arguments[3].body.body[3].block.body[6].argument.properties[3].value.consequent.expressions[1].arguments[0].arguments[0].properties[0].value.test.right.expressions[0].argument MemberExpression: exit
2025-06-05T08:42:12.347Z babel program.body[6].body.body[1].body.body[2].argument.arguments[3].body.body[3].block.body[6].argument.properties[3].value.consequent.expressions[1].arguments[0].arguments[0].properties[0].value.test.right.expressions[0] UpdateExpression: exit
2025-06-05T08:42:12.347Z babel program.body[6].body.body[1].body.body[2].argument.arguments[3].body.body[3].block.body[6].argument.properties[3].value.consequent.expressions[1].arguments[0].arguments[0].properties[0].value.test.right.expressions[1] BinaryExpression: enter
2025-06-05T08:42:12.347Z babel program.body[6].body.body[1].body.body[2].argument.arguments[3].body.body[3].block.body[6].argument.properties[3].value.consequent.expressions[1].arguments[0].arguments[0].properties[0].value.test.right.expressions[1] BinaryExpression: Recursing into...
2025-06-05T08:42:12.347Z babel program.body[6].body.body[1].body.body[2].argument.arguments[3].body.body[3].block.body[6].argument.properties[3].value.consequent.expressions[1].arguments[0].arguments[0].properties[0].value.test.right.expressions[1].right UnaryExpression: enter
2025-06-05T08:42:12.347Z babel program.body[6].body.body[1].body.body[2].argument.arguments[3].body.body[3].block.body[6].argument.properties[3].value.consequent.expressions[1].arguments[0].arguments[0].properties[0].value.test.right.expressions[1].right UnaryExpression: Recursing into...
2025-06-05T08:42:12.347Z babel program.body[6].body.body[1].body.body[2].argument.arguments[3].body.body[3].block.body[6].argument.properties[3].value.consequent.expressions[1].arguments[0].arguments[0].properties[0].value.test.right.expressions[1].right UnaryExpression: exit
2025-06-05T08:42:12.347Z babel program.body[6].body.body[1].body.body[2].argument.arguments[3].body.body[3].block.body[6].argument.properties[3].value.consequent.expressions[1].arguments[0].arguments[0].properties[0].value.test.right.expressions[1] BinaryExpression: exit
2025-06-05T08:42:12.347Z babel program.body[6].body.body[1].body.body[2].argument.arguments[3].body.body[3].block.body[6].argument.properties[3].value.consequent.expressions[1].arguments[0].arguments[0].properties[0].value.test.right SequenceExpression: exit
2025-06-05T08:42:12.347Z babel program.body[6].body.body[1].body.body[2].argument.arguments[3].body.body[3].block.body[6].argument.properties[3].value.consequent.expressions[1].arguments[0].arguments[0].properties[0].value.test LogicalExpression: exit
2025-06-05T08:42:12.347Z babel program.body[6].body.body[1].body.body[2].argument.arguments[3].body.body[3].block.body[6].argument.properties[3].value.consequent.expressions[1].arguments[0].arguments[0].properties[0].value.consequent SequenceExpression: enter
2025-06-05T08:42:12.347Z babel program.body[6].body.body[1].body.body[2].argument.arguments[3].body.body[3].block.body[6].argument.properties[3].value.consequent.expressions[1].arguments[0].arguments[0].properties[0].value.consequent SequenceExpression: Recursing into...
2025-06-05T08:42:12.347Z babel program.body[6].body.body[1].body.body[2].argument.arguments[3].body.body[3].block.body[6].argument.properties[3].value.consequent.expressions[1].arguments[0].arguments[0].properties[0].value.consequent.expressions[0] UpdateExpression: enter
2025-06-05T08:42:12.347Z babel program.body[6].body.body[1].body.body[2].argument.arguments[3].body.body[3].block.body[6].argument.properties[3].value.consequent.expressions[1].arguments[0].arguments[0].properties[0].value.consequent.expressions[0] UpdateExpression: Recursing into...
2025-06-05T08:42:12.347Z babel program.body[6].body.body[1].body.body[2].argument.arguments[3].body.body[3].block.body[6].argument.properties[3].value.consequent.expressions[1].arguments[0].arguments[0].properties[0].value.consequent.expressions[0].argument MemberExpression: enter
2025-06-05T08:42:12.348Z babel program.body[6].body.body[1].body.body[2].argument.arguments[3].body.body[3].block.body[6].argument.properties[3].value.consequent.expressions[1].arguments[0].arguments[0].properties[0].value.consequent.expressions[0].argument MemberExpression: Recursing into...
2025-06-05T08:42:12.348Z babel program.body[6].body.body[1].body.body[2].argument.arguments[3].body.body[3].block.body[6].argument.properties[3].value.consequent.expressions[1].arguments[0].arguments[0].properties[0].value.consequent.expressions[0].argument.object MemberExpression: enter
2025-06-05T08:42:12.348Z babel program.body[6].body.body[1].body.body[2].argument.arguments[3].body.body[3].block.body[6].argument.properties[3].value.consequent.expressions[1].arguments[0].arguments[0].properties[0].value.consequent.expressions[0].argument.object MemberExpression: Recursing into...
2025-06-05T08:42:12.348Z babel program.body[6].body.body[1].body.body[2].argument.arguments[3].body.body[3].block.body[6].argument.properties[3].value.consequent.expressions[1].arguments[0].arguments[0].properties[0].value.consequent.expressions[0].argument.object.object MemberExpression: enter
2025-06-05T08:42:12.348Z babel program.body[6].body.body[1].body.body[2].argument.arguments[3].body.body[3].block.body[6].argument.properties[3].value.consequent.expressions[1].arguments[0].arguments[0].properties[0].value.consequent.expressions[0].argument.object.object MemberExpression: Recursing into...
2025-06-05T08:42:12.348Z babel program.body[6].body.body[1].body.body[2].argument.arguments[3].body.body[3].block.body[6].argument.properties[3].value.consequent.expressions[1].arguments[0].arguments[0].properties[0].value.consequent.expressions[0].argument.object.object.object CallExpression: enter
2025-06-05T08:42:12.348Z babel program.body[6].body.body[1].body.body[2].argument.arguments[3].body.body[3].block.body[6].argument.properties[3].value.consequent.expressions[1].arguments[0].arguments[0].properties[0].value.consequent.expressions[0].argument.object.object.object CallExpression: Recursing into...
2025-06-05T08:42:12.348Z babel program.body[6].body.body[1].body.body[2].argument.arguments[3].body.body[3].block.body[6].argument.properties[3].value.consequent.expressions[1].arguments[0].arguments[0].properties[0].value.consequent.expressions[0].argument.object.object.object CallExpression: exit
2025-06-05T08:42:12.348Z babel program.body[6].body.body[1].body.body[2].argument.arguments[3].body.body[3].block.body[6].argument.properties[3].value.consequent.expressions[1].arguments[0].arguments[0].properties[0].value.consequent.expressions[0].argument.object.object MemberExpression: exit
2025-06-05T08:42:12.348Z babel program.body[6].body.body[1].body.body[2].argument.arguments[3].body.body[3].block.body[6].argument.properties[3].value.consequent.expressions[1].arguments[0].arguments[0].properties[0].value.consequent.expressions[0].argument.object MemberExpression: exit
2025-06-05T08:42:12.348Z babel program.body[6].body.body[1].body.body[2].argument.arguments[3].body.body[3].block.body[6].argument.properties[3].value.consequent.expressions[1].arguments[0].arguments[0].properties[0].value.consequent.expressions[0].argument MemberExpression: exit
2025-06-05T08:42:12.348Z babel program.body[6].body.body[1].body.body[2].argument.arguments[3].body.body[3].block.body[6].argument.properties[3].value.consequent.expressions[1].arguments[0].arguments[0].properties[0].value.consequent.expressions[0] UpdateExpression: exit
2025-06-05T08:42:12.348Z babel program.body[6].body.body[1].body.body[2].argument.arguments[3].body.body[3].block.body[6].argument.properties[3].value.consequent.expressions[1].arguments[0].arguments[0].properties[0].value.consequent SequenceExpression: exit
2025-06-05T08:42:12.348Z babel program.body[6].body.body[1].body.body[2].argument.arguments[3].body.body[3].block.body[6].argument.properties[3].value.consequent.expressions[1].arguments[0].arguments[0].properties[0].value.alternate SequenceExpression: enter
2025-06-05T08:42:12.348Z babel program.body[6].body.body[1].body.body[2].argument.arguments[3].body.body[3].block.body[6].argument.properties[3].value.consequent.expressions[1].arguments[0].arguments[0].properties[0].value.alternate SequenceExpression: Recursing into...
2025-06-05T08:42:12.348Z babel program.body[6].body.body[1].body.body[2].argument.arguments[3].body.body[3].block.body[6].argument.properties[3].value.consequent.expressions[1].arguments[0].arguments[0].properties[0].value.alternate.expressions[0] UpdateExpression: enter
2025-06-05T08:42:12.348Z babel program.body[6].body.body[1].body.body[2].argument.arguments[3].body.body[3].block.body[6].argument.properties[3].value.consequent.expressions[1].arguments[0].arguments[0].properties[0].value.alternate.expressions[0] UpdateExpression: Recursing into...
2025-06-05T08:42:12.348Z babel program.body[6].body.body[1].body.body[2].argument.arguments[3].body.body[3].block.body[6].argument.properties[3].value.consequent.expressions[1].arguments[0].arguments[0].properties[0].value.alternate.expressions[0].argument MemberExpression: enter
2025-06-05T08:42:12.348Z babel program.body[6].body.body[1].body.body[2].argument.arguments[3].body.body[3].block.body[6].argument.properties[3].value.consequent.expressions[1].arguments[0].arguments[0].properties[0].value.alternate.expressions[0].argument MemberExpression: Recursing into...
2025-06-05T08:42:12.348Z babel program.body[6].body.body[1].body.body[2].argument.arguments[3].body.body[3].block.body[6].argument.properties[3].value.consequent.expressions[1].arguments[0].arguments[0].properties[0].value.alternate.expressions[0].argument.object MemberExpression: enter
2025-06-05T08:42:12.348Z babel program.body[6].body.body[1].body.body[2].argument.arguments[3].body.body[3].block.body[6].argument.properties[3].value.consequent.expressions[1].arguments[0].arguments[0].properties[0].value.alternate.expressions[0].argument.object MemberExpression: Recursing into...
2025-06-05T08:42:12.348Z babel program.body[6].body.body[1].body.body[2].argument.arguments[3].body.body[3].block.body[6].argument.properties[3].value.consequent.expressions[1].arguments[0].arguments[0].properties[0].value.alternate.expressions[0].argument.object.object MemberExpression: enter
2025-06-05T08:42:12.348Z babel program.body[6].body.body[1].body.body[2].argument.arguments[3].body.body[3].block.body[6].argument.properties[3].value.consequent.expressions[1].arguments[0].arguments[0].properties[0].value.alternate.expressions[0].argument.object.object MemberExpression: Recursing into...
2025-06-05T08:42:12.349Z babel program.body[6].body.body[1].body.body[2].argument.arguments[3].body.body[3].block.body[6].argument.properties[3].value.consequent.expressions[1].arguments[0].arguments[0].properties[0].value.alternate.expressions[0].argument.object.object.object CallExpression: enter
2025-06-05T08:42:12.349Z babel program.body[6].body.body[1].body.body[2].argument.arguments[3].body.body[3].block.body[6].argument.properties[3].value.consequent.expressions[1].arguments[0].arguments[0].properties[0].value.alternate.expressions[0].argument.object.object.object CallExpression: Recursing into...
2025-06-05T08:42:12.349Z babel program.body[6].body.body[1].body.body[2].argument.arguments[3].body.body[3].block.body[6].argument.properties[3].value.consequent.expressions[1].arguments[0].arguments[0].properties[0].value.alternate.expressions[0].argument.object.object.object CallExpression: exit
2025-06-05T08:42:12.349Z babel program.body[6].body.body[1].body.body[2].argument.arguments[3].body.body[3].block.body[6].argument.properties[3].value.consequent.expressions[1].arguments[0].arguments[0].properties[0].value.alternate.expressions[0].argument.object.object MemberExpression: exit
2025-06-05T08:42:12.349Z babel program.body[6].body.body[1].body.body[2].argument.arguments[3].body.body[3].block.body[6].argument.properties[3].value.consequent.expressions[1].arguments[0].arguments[0].properties[0].value.alternate.expressions[0].argument.object MemberExpression: exit
2025-06-05T08:42:12.349Z babel program.body[6].body.body[1].body.body[2].argument.arguments[3].body.body[3].block.body[6].argument.properties[3].value.consequent.expressions[1].arguments[0].arguments[0].properties[0].value.alternate.expressions[0].argument MemberExpression: exit
2025-06-05T08:42:12.349Z babel program.body[6].body.body[1].body.body[2].argument.arguments[3].body.body[3].block.body[6].argument.properties[3].value.consequent.expressions[1].arguments[0].arguments[0].properties[0].value.alternate.expressions[0] UpdateExpression: exit
2025-06-05T08:42:12.349Z babel program.body[6].body.body[1].body.body[2].argument.arguments[3].body.body[3].block.body[6].argument.properties[3].value.consequent.expressions[1].arguments[0].arguments[0].properties[0].value.alternate SequenceExpression: exit
2025-06-05T08:42:12.349Z babel program.body[6].body.body[1].body.body[2].argument.arguments[3].body.body[3].block.body[6].argument.properties[3].value.consequent.expressions[1].arguments[0].arguments[0].properties[0].value ConditionalExpression: exit
2025-06-05T08:42:12.349Z babel program.body[6].body.body[1].body.body[2].argument.arguments[3].body.body[3].block.body[6].argument.properties[3].value.consequent.expressions[1].arguments[0].arguments[0].properties[0] ObjectProperty: exit
2025-06-05T08:42:12.349Z babel program.body[6].body.body[1].body.body[2].argument.arguments[3].body.body[3].block.body[6].argument.properties[3].value.consequent.expressions[1].arguments[0].arguments[0].properties[1] ObjectProperty: enter
2025-06-05T08:42:12.349Z babel program.body[6].body.body[1].body.body[2].argument.arguments[3].body.body[3].block.body[6].argument.properties[3].value.consequent.expressions[1].arguments[0].arguments[0].properties[1] ObjectProperty: Recursing into...
2025-06-05T08:42:12.349Z babel program.body[6].body.body[1].body.body[2].argument.arguments[3].body.body[3].block.body[6].argument.properties[3].value.consequent.expressions[1].arguments[0].arguments[0].properties[1].value ConditionalExpression: enter
2025-06-05T08:42:12.349Z babel program.body[6].body.body[1].body.body[2].argument.arguments[3].body.body[3].block.body[6].argument.properties[3].value.consequent.expressions[1].arguments[0].arguments[0].properties[1].value.consequent Identifier: Replace with SequenceExpression
2025-06-05T08:42:12.349Z babel program.body[6].body.body[1].body.body[2].argument.arguments[3].body.body[3].block.body[6].argument.properties[3].value.consequent.expressions[1].arguments[0].arguments[0].properties[1].value.alternate NumericLiteral: Replace with SequenceExpression
2025-06-05T08:42:12.349Z babel program.body[6].body.body[1].body.body[2].argument.arguments[3].body.body[3].block.body[6].argument.properties[3].value.consequent.expressions[1].arguments[0].arguments[0].properties[1].value ConditionalExpression: Recursing into...
2025-06-05T08:42:12.349Z babel program.body[6].body.body[1].body.body[2].argument.arguments[3].body.body[3].block.body[6].argument.properties[3].value.consequent.expressions[1].arguments[0].arguments[0].properties[1].value.test LogicalExpression: enter
2025-06-05T08:42:12.349Z babel program.body[6].body.body[1].body.body[2].argument.arguments[3].body.body[3].block.body[6].argument.properties[3].value.consequent.expressions[1].arguments[0].arguments[0].properties[1].value.test LogicalExpression: Recursing into...
2025-06-05T08:42:12.349Z babel program.body[6].body.body[1].body.body[2].argument.arguments[3].body.body[3].block.body[6].argument.properties[3].value.consequent.expressions[1].arguments[0].arguments[0].properties[1].value.test.left SequenceExpression: enter
2025-06-05T08:42:12.349Z babel program.body[6].body.body[1].body.body[2].argument.arguments[3].body.body[3].block.body[6].argument.properties[3].value.consequent.expressions[1].arguments[0].arguments[0].properties[1].value.test.left SequenceExpression: Recursing into...
2025-06-05T08:42:12.349Z babel program.body[6].body.body[1].body.body[2].argument.arguments[3].body.body[3].block.body[6].argument.properties[3].value.consequent.expressions[1].arguments[0].arguments[0].properties[1].value.test.left.expressions[0] UpdateExpression: enter
2025-06-05T08:42:12.349Z babel program.body[6].body.body[1].body.body[2].argument.arguments[3].body.body[3].block.body[6].argument.properties[3].value.consequent.expressions[1].arguments[0].arguments[0].properties[1].value.test.left.expressions[0] UpdateExpression: Recursing into...
2025-06-05T08:42:12.349Z babel program.body[6].body.body[1].body.body[2].argument.arguments[3].body.body[3].block.body[6].argument.properties[3].value.consequent.expressions[1].arguments[0].arguments[0].properties[1].value.test.left.expressions[0].argument MemberExpression: enter
2025-06-05T08:42:12.349Z babel program.body[6].body.body[1].body.body[2].argument.arguments[3].body.body[3].block.body[6].argument.properties[3].value.consequent.expressions[1].arguments[0].arguments[0].properties[1].value.test.left.expressions[0].argument MemberExpression: Recursing into...
2025-06-05T08:42:12.349Z babel program.body[6].body.body[1].body.body[2].argument.arguments[3].body.body[3].block.body[6].argument.properties[3].value.consequent.expressions[1].arguments[0].arguments[0].properties[1].value.test.left.expressions[0].argument.object MemberExpression: enter
2025-06-05T08:42:12.349Z babel program.body[6].body.body[1].body.body[2].argument.arguments[3].body.body[3].block.body[6].argument.properties[3].value.consequent.expressions[1].arguments[0].arguments[0].properties[1].value.test.left.expressions[0].argument.object MemberExpression: Recursing into...
2025-06-05T08:42:12.349Z babel program.body[6].body.body[1].body.body[2].argument.arguments[3].body.body[3].block.body[6].argument.properties[3].value.consequent.expressions[1].arguments[0].arguments[0].properties[1].value.test.left.expressions[0].argument.object.object MemberExpression: enter
2025-06-05T08:42:12.349Z babel program.body[6].body.body[1].body.body[2].argument.arguments[3].body.body[3].block.body[6].argument.properties[3].value.consequent.expressions[1].arguments[0].arguments[0].properties[1].value.test.left.expressions[0].argument.object.object MemberExpression: Recursing into...
2025-06-05T08:42:12.349Z babel program.body[6].body.body[1].body.body[2].argument.arguments[3].body.body[3].block.body[6].argument.properties[3].value.consequent.expressions[1].arguments[0].arguments[0].properties[1].value.test.left.expressions[0].argument.object.object.object CallExpression: enter
2025-06-05T08:42:12.349Z babel program.body[6].body.body[1].body.body[2].argument.arguments[3].body.body[3].block.body[6].argument.properties[3].value.consequent.expressions[1].arguments[0].arguments[0].properties[1].value.test.left.expressions[0].argument.object.object.object CallExpression: Recursing into...
2025-06-05T08:42:12.349Z babel program.body[6].body.body[1].body.body[2].argument.arguments[3].body.body[3].block.body[6].argument.properties[3].value.consequent.expressions[1].arguments[0].arguments[0].properties[1].value.test.left.expressions[0].argument.object.object.object CallExpression: exit
2025-06-05T08:42:12.349Z babel program.body[6].body.body[1].body.body[2].argument.arguments[3].body.body[3].block.body[6].argument.properties[3].value.consequent.expressions[1].arguments[0].arguments[0].properties[1].value.test.left.expressions[0].argument.object.object MemberExpression: exit
2025-06-05T08:42:12.350Z babel program.body[6].body.body[1].body.body[2].argument.arguments[3].body.body[3].block.body[6].argument.properties[3].value.consequent.expressions[1].arguments[0].arguments[0].properties[1].value.test.left.expressions[0].argument.object MemberExpression: exit
2025-06-05T08:42:12.350Z babel program.body[6].body.body[1].body.body[2].argument.arguments[3].body.body[3].block.body[6].argument.properties[3].value.consequent.expressions[1].arguments[0].arguments[0].properties[1].value.test.left.expressions[0].argument MemberExpression: exit
2025-06-05T08:42:12.350Z babel program.body[6].body.body[1].body.body[2].argument.arguments[3].body.body[3].block.body[6].argument.properties[3].value.consequent.expressions[1].arguments[0].arguments[0].properties[1].value.test.left.expressions[0] UpdateExpression: exit
2025-06-05T08:42:12.350Z babel program.body[6].body.body[1].body.body[2].argument.arguments[3].body.body[3].block.body[6].argument.properties[3].value.consequent.expressions[1].arguments[0].arguments[0].properties[1].value.test.left.expressions[1] BinaryExpression: enter
2025-06-05T08:42:12.350Z babel program.body[6].body.body[1].body.body[2].argument.arguments[3].body.body[3].block.body[6].argument.properties[3].value.consequent.expressions[1].arguments[0].arguments[0].properties[1].value.test.left.expressions[1] BinaryExpression: Recursing into...
2025-06-05T08:42:12.350Z babel program.body[6].body.body[1].body.body[2].argument.arguments[3].body.body[3].block.body[6].argument.properties[3].value.consequent.expressions[1].arguments[0].arguments[0].properties[1].value.test.left.expressions[1].left AssignmentExpression: enter
2025-06-05T08:42:12.350Z babel program.body[6].body.body[1].body.body[2].argument.arguments[3].body.body[3].block.body[6].argument.properties[3].value.consequent.expressions[1].arguments[0].arguments[0].properties[1].value.test.left.expressions[1].left AssignmentExpression: Recursing into...
2025-06-05T08:42:12.350Z babel program.body[6].body.body[1].body.body[2].argument.arguments[3].body.body[3].block.body[6].argument.properties[3].value.consequent.expressions[1].arguments[0].arguments[0].properties[1].value.test.left.expressions[1].left.right CallExpression: enter
2025-06-05T08:42:12.350Z babel program.body[6].body.body[1].body.body[2].argument.arguments[3].body.body[3].block.body[6].argument.properties[3].value.consequent.expressions[1].arguments[0].arguments[0].properties[1].value.test.left.expressions[1].left.right CallExpression: Recursing into...
2025-06-05T08:42:12.350Z babel program.body[6].body.body[1].body.body[2].argument.arguments[3].body.body[3].block.body[6].argument.properties[3].value.consequent.expressions[1].arguments[0].arguments[0].properties[1].value.test.left.expressions[1].left.right.callee MemberExpression: enter
2025-06-05T08:42:12.350Z babel program.body[6].body.body[1].body.body[2].argument.arguments[3].body.body[3].block.body[6].argument.properties[3].value.consequent.expressions[1].arguments[0].arguments[0].properties[1].value.test.left.expressions[1].left.right.callee MemberExpression: Recursing into...
2025-06-05T08:42:12.350Z babel program.body[6].body.body[1].body.body[2].argument.arguments[3].body.body[3].block.body[6].argument.properties[3].value.consequent.expressions[1].arguments[0].arguments[0].properties[1].value.test.left.expressions[1].left.right.callee MemberExpression: exit
2025-06-05T08:42:12.350Z babel program.body[6].body.body[1].body.body[2].argument.arguments[3].body.body[3].block.body[6].argument.properties[3].value.consequent.expressions[1].arguments[0].arguments[0].properties[1].value.test.left.expressions[1].left.right.arguments[0] MemberExpression: enter
2025-06-05T08:42:12.350Z babel program.body[6].body.body[1].body.body[2].argument.arguments[3].body.body[3].block.body[6].argument.properties[3].value.consequent.expressions[1].arguments[0].arguments[0].properties[1].value.test.left.expressions[1].left.right.arguments[0] MemberExpression: Recursing into...
2025-06-05T08:42:12.350Z babel program.body[6].body.body[1].body.body[2].argument.arguments[3].body.body[3].block.body[6].argument.properties[3].value.consequent.expressions[1].arguments[0].arguments[0].properties[1].value.test.left.expressions[1].left.right.arguments[0] MemberExpression: exit
2025-06-05T08:42:12.350Z babel program.body[6].body.body[1].body.body[2].argument.arguments[3].body.body[3].block.body[6].argument.properties[3].value.consequent.expressions[1].arguments[0].arguments[0].properties[1].value.test.left.expressions[1].left.right CallExpression: exit
2025-06-05T08:42:12.350Z babel program.body[6].body.body[1].body.body[2].argument.arguments[3].body.body[3].block.body[6].argument.properties[3].value.consequent.expressions[1].arguments[0].arguments[0].properties[1].value.test.left.expressions[1].left AssignmentExpression: exit
2025-06-05T08:42:12.350Z babel program.body[6].body.body[1].body.body[2].argument.arguments[3].body.body[3].block.body[6].argument.properties[3].value.consequent.expressions[1].arguments[0].arguments[0].properties[1].value.test.left.expressions[1] BinaryExpression: exit
2025-06-05T08:42:12.350Z babel program.body[6].body.body[1].body.body[2].argument.arguments[3].body.body[3].block.body[6].argument.properties[3].value.consequent.expressions[1].arguments[0].arguments[0].properties[1].value.test.left SequenceExpression: exit
2025-06-05T08:42:12.350Z babel program.body[6].body.body[1].body.body[2].argument.arguments[3].body.body[3].block.body[6].argument.properties[3].value.consequent.expressions[1].arguments[0].arguments[0].properties[1].value.test.right SequenceExpression: enter
2025-06-05T08:42:12.350Z babel program.body[6].body.body[1].body.body[2].argument.arguments[3].body.body[3].block.body[6].argument.properties[3].value.consequent.expressions[1].arguments[0].arguments[0].properties[1].value.test.right SequenceExpression: Recursing into...
2025-06-05T08:42:12.350Z babel program.body[6].body.body[1].body.body[2].argument.arguments[3].body.body[3].block.body[6].argument.properties[3].value.consequent.expressions[1].arguments[0].arguments[0].properties[1].value.test.right.expressions[0] UpdateExpression: enter
2025-06-05T08:42:12.350Z babel program.body[6].body.body[1].body.body[2].argument.arguments[3].body.body[3].block.body[6].argument.properties[3].value.consequent.expressions[1].arguments[0].arguments[0].properties[1].value.test.right.expressions[0] UpdateExpression: Recursing into...
2025-06-05T08:42:12.350Z babel program.body[6].body.body[1].body.body[2].argument.arguments[3].body.body[3].block.body[6].argument.properties[3].value.consequent.expressions[1].arguments[0].arguments[0].properties[1].value.test.right.expressions[0].argument MemberExpression: enter
2025-06-05T08:42:12.350Z babel program.body[6].body.body[1].body.body[2].argument.arguments[3].body.body[3].block.body[6].argument.properties[3].value.consequent.expressions[1].arguments[0].arguments[0].properties[1].value.test.right.expressions[0].argument MemberExpression: Recursing into...
2025-06-05T08:42:12.350Z babel program.body[6].body.body[1].body.body[2].argument.arguments[3].body.body[3].block.body[6].argument.properties[3].value.consequent.expressions[1].arguments[0].arguments[0].properties[1].value.test.right.expressions[0].argument.object MemberExpression: enter
2025-06-05T08:42:12.350Z babel program.body[6].body.body[1].body.body[2].argument.arguments[3].body.body[3].block.body[6].argument.properties[3].value.consequent.expressions[1].arguments[0].arguments[0].properties[1].value.test.right.expressions[0].argument.object MemberExpression: Recursing into...
2025-06-05T08:42:12.350Z babel program.body[6].body.body[1].body.body[2].argument.arguments[3].body.body[3].block.body[6].argument.properties[3].value.consequent.expressions[1].arguments[0].arguments[0].properties[1].value.test.right.expressions[0].argument.object.object MemberExpression: enter
2025-06-05T08:42:12.350Z babel program.body[6].body.body[1].body.body[2].argument.arguments[3].body.body[3].block.body[6].argument.properties[3].value.consequent.expressions[1].arguments[0].arguments[0].properties[1].value.test.right.expressions[0].argument.object.object MemberExpression: Recursing into...
2025-06-05T08:42:12.350Z babel program.body[6].body.body[1].body.body[2].argument.arguments[3].body.body[3].block.body[6].argument.properties[3].value.consequent.expressions[1].arguments[0].arguments[0].properties[1].value.test.right.expressions[0].argument.object.object.object CallExpression: enter
2025-06-05T08:42:12.350Z babel program.body[6].body.body[1].body.body[2].argument.arguments[3].body.body[3].block.body[6].argument.properties[3].value.consequent.expressions[1].arguments[0].arguments[0].properties[1].value.test.right.expressions[0].argument.object.object.object CallExpression: Recursing into...
2025-06-05T08:42:12.350Z babel program.body[6].body.body[1].body.body[2].argument.arguments[3].body.body[3].block.body[6].argument.properties[3].value.consequent.expressions[1].arguments[0].arguments[0].properties[1].value.test.right.expressions[0].argument.object.object.object CallExpression: exit
2025-06-05T08:42:12.350Z babel program.body[6].body.body[1].body.body[2].argument.arguments[3].body.body[3].block.body[6].argument.properties[3].value.consequent.expressions[1].arguments[0].arguments[0].properties[1].value.test.right.expressions[0].argument.object.object MemberExpression: exit
2025-06-05T08:42:12.350Z babel program.body[6].body.body[1].body.body[2].argument.arguments[3].body.body[3].block.body[6].argument.properties[3].value.consequent.expressions[1].arguments[0].arguments[0].properties[1].value.test.right.expressions[0].argument.object MemberExpression: exit
2025-06-05T08:42:12.350Z babel program.body[6].body.body[1].body.body[2].argument.arguments[3].body.body[3].block.body[6].argument.properties[3].value.consequent.expressions[1].arguments[0].arguments[0].properties[1].value.test.right.expressions[0].argument MemberExpression: exit
2025-06-05T08:42:12.350Z babel program.body[6].body.body[1].body.body[2].argument.arguments[3].body.body[3].block.body[6].argument.properties[3].value.consequent.expressions[1].arguments[0].arguments[0].properties[1].value.test.right.expressions[0] UpdateExpression: exit
2025-06-05T08:42:12.350Z babel program.body[6].body.body[1].body.body[2].argument.arguments[3].body.body[3].block.body[6].argument.properties[3].value.consequent.expressions[1].arguments[0].arguments[0].properties[1].value.test.right.expressions[1] BinaryExpression: enter
2025-06-05T08:42:12.350Z babel program.body[6].body.body[1].body.body[2].argument.arguments[3].body.body[3].block.body[6].argument.properties[3].value.consequent.expressions[1].arguments[0].arguments[0].properties[1].value.test.right.expressions[1] BinaryExpression: Recursing into...
2025-06-05T08:42:12.350Z babel program.body[6].body.body[1].body.body[2].argument.arguments[3].body.body[3].block.body[6].argument.properties[3].value.consequent.expressions[1].arguments[0].arguments[0].properties[1].value.test.right.expressions[1].right UnaryExpression: enter
2025-06-05T08:42:12.350Z babel program.body[6].body.body[1].body.body[2].argument.arguments[3].body.body[3].block.body[6].argument.properties[3].value.consequent.expressions[1].arguments[0].arguments[0].properties[1].value.test.right.expressions[1].right UnaryExpression: Recursing into...
2025-06-05T08:42:12.350Z babel program.body[6].body.body[1].body.body[2].argument.arguments[3].body.body[3].block.body[6].argument.properties[3].value.consequent.expressions[1].arguments[0].arguments[0].properties[1].value.test.right.expressions[1].right UnaryExpression: exit
2025-06-05T08:42:12.350Z babel program.body[6].body.body[1].body.body[2].argument.arguments[3].body.body[3].block.body[6].argument.properties[3].value.consequent.expressions[1].arguments[0].arguments[0].properties[1].value.test.right.expressions[1] BinaryExpression: exit
2025-06-05T08:42:12.350Z babel program.body[6].body.body[1].body.body[2].argument.arguments[3].body.body[3].block.body[6].argument.properties[3].value.consequent.expressions[1].arguments[0].arguments[0].properties[1].value.test.right SequenceExpression: exit
2025-06-05T08:42:12.350Z babel program.body[6].body.body[1].body.body[2].argument.arguments[3].body.body[3].block.body[6].argument.properties[3].value.consequent.expressions[1].arguments[0].arguments[0].properties[1].value.test LogicalExpression: exit
2025-06-05T08:42:12.350Z babel program.body[6].body.body[1].body.body[2].argument.arguments[3].body.body[3].block.body[6].argument.properties[3].value.consequent.expressions[1].arguments[0].arguments[0].properties[1].value.consequent SequenceExpression: enter
2025-06-05T08:42:12.350Z babel program.body[6].body.body[1].body.body[2].argument.arguments[3].body.body[3].block.body[6].argument.properties[3].value.consequent.expressions[1].arguments[0].arguments[0].properties[1].value.consequent SequenceExpression: Recursing into...
2025-06-05T08:42:12.350Z babel program.body[6].body.body[1].body.body[2].argument.arguments[3].body.body[3].block.body[6].argument.properties[3].value.consequent.expressions[1].arguments[0].arguments[0].properties[1].value.consequent.expressions[0] UpdateExpression: enter
2025-06-05T08:42:12.350Z babel program.body[6].body.body[1].body.body[2].argument.arguments[3].body.body[3].block.body[6].argument.properties[3].value.consequent.expressions[1].arguments[0].arguments[0].properties[1].value.consequent.expressions[0] UpdateExpression: Recursing into...
2025-06-05T08:42:12.350Z babel program.body[6].body.body[1].body.body[2].argument.arguments[3].body.body[3].block.body[6].argument.properties[3].value.consequent.expressions[1].arguments[0].arguments[0].properties[1].value.consequent.expressions[0].argument MemberExpression: enter
2025-06-05T08:42:12.350Z babel program.body[6].body.body[1].body.body[2].argument.arguments[3].body.body[3].block.body[6].argument.properties[3].value.consequent.expressions[1].arguments[0].arguments[0].properties[1].value.consequent.expressions[0].argument MemberExpression: Recursing into...
2025-06-05T08:42:12.350Z babel program.body[6].body.body[1].body.body[2].argument.arguments[3].body.body[3].block.body[6].argument.properties[3].value.consequent.expressions[1].arguments[0].arguments[0].properties[1].value.consequent.expressions[0].argument.object MemberExpression: enter
2025-06-05T08:42:12.350Z babel program.body[6].body.body[1].body.body[2].argument.arguments[3].body.body[3].block.body[6].argument.properties[3].value.consequent.expressions[1].arguments[0].arguments[0].properties[1].value.consequent.expressions[0].argument.object MemberExpression: Recursing into...
2025-06-05T08:42:12.350Z babel program.body[6].body.body[1].body.body[2].argument.arguments[3].body.body[3].block.body[6].argument.properties[3].value.consequent.expressions[1].arguments[0].arguments[0].properties[1].value.consequent.expressions[0].argument.object.object MemberExpression: enter
2025-06-05T08:42:12.350Z babel program.body[6].body.body[1].body.body[2].argument.arguments[3].body.body[3].block.body[6].argument.properties[3].value.consequent.expressions[1].arguments[0].arguments[0].properties[1].value.consequent.expressions[0].argument.object.object MemberExpression: Recursing into...
2025-06-05T08:42:12.350Z babel program.body[6].body.body[1].body.body[2].argument.arguments[3].body.body[3].block.body[6].argument.properties[3].value.consequent.expressions[1].arguments[0].arguments[0].properties[1].value.consequent.expressions[0].argument.object.object.object CallExpression: enter
2025-06-05T08:42:12.350Z babel program.body[6].body.body[1].body.body[2].argument.arguments[3].body.body[3].block.body[6].argument.properties[3].value.consequent.expressions[1].arguments[0].arguments[0].properties[1].value.consequent.expressions[0].argument.object.object.object CallExpression: Recursing into...
2025-06-05T08:42:12.350Z babel program.body[6].body.body[1].body.body[2].argument.arguments[3].body.body[3].block.body[6].argument.properties[3].value.consequent.expressions[1].arguments[0].arguments[0].properties[1].value.consequent.expressions[0].argument.object.object.object CallExpression: exit
2025-06-05T08:42:12.350Z babel program.body[6].body.body[1].body.body[2].argument.arguments[3].body.body[3].block.body[6].argument.properties[3].value.consequent.expressions[1].arguments[0].arguments[0].properties[1].value.consequent.expressions[0].argument.object.object MemberExpression: exit
2025-06-05T08:42:12.350Z babel program.body[6].body.body[1].body.body[2].argument.arguments[3].body.body[3].block.body[6].argument.properties[3].value.consequent.expressions[1].arguments[0].arguments[0].properties[1].value.consequent.expressions[0].argument.object MemberExpression: exit
2025-06-05T08:42:12.350Z babel program.body[6].body.body[1].body.body[2].argument.arguments[3].body.body[3].block.body[6].argument.properties[3].value.consequent.expressions[1].arguments[0].arguments[0].properties[1].value.consequent.expressions[0].argument MemberExpression: exit
2025-06-05T08:42:12.350Z babel program.body[6].body.body[1].body.body[2].argument.arguments[3].body.body[3].block.body[6].argument.properties[3].value.consequent.expressions[1].arguments[0].arguments[0].properties[1].value.consequent.expressions[0] UpdateExpression: exit
2025-06-05T08:42:12.350Z babel program.body[6].body.body[1].body.body[2].argument.arguments[3].body.body[3].block.body[6].argument.properties[3].value.consequent.expressions[1].arguments[0].arguments[0].properties[1].value.consequent SequenceExpression: exit
2025-06-05T08:42:12.350Z babel program.body[6].body.body[1].body.body[2].argument.arguments[3].body.body[3].block.body[6].argument.properties[3].value.consequent.expressions[1].arguments[0].arguments[0].properties[1].value.alternate SequenceExpression: enter
2025-06-05T08:42:12.350Z babel program.body[6].body.body[1].body.body[2].argument.arguments[3].body.body[3].block.body[6].argument.properties[3].value.consequent.expressions[1].arguments[0].arguments[0].properties[1].value.alternate SequenceExpression: Recursing into...
2025-06-05T08:42:12.350Z babel program.body[6].body.body[1].body.body[2].argument.arguments[3].body.body[3].block.body[6].argument.properties[3].value.consequent.expressions[1].arguments[0].arguments[0].properties[1].value.alternate.expressions[0] UpdateExpression: enter
2025-06-05T08:42:12.350Z babel program.body[6].body.body[1].body.body[2].argument.arguments[3].body.body[3].block.body[6].argument.properties[3].value.consequent.expressions[1].arguments[0].arguments[0].properties[1].value.alternate.expressions[0] UpdateExpression: Recursing into...
2025-06-05T08:42:12.350Z babel program.body[6].body.body[1].body.body[2].argument.arguments[3].body.body[3].block.body[6].argument.properties[3].value.consequent.expressions[1].arguments[0].arguments[0].properties[1].value.alternate.expressions[0].argument MemberExpression: enter
2025-06-05T08:42:12.350Z babel program.body[6].body.body[1].body.body[2].argument.arguments[3].body.body[3].block.body[6].argument.properties[3].value.consequent.expressions[1].arguments[0].arguments[0].properties[1].value.alternate.expressions[0].argument MemberExpression: Recursing into...
2025-06-05T08:42:12.350Z babel program.body[6].body.body[1].body.body[2].argument.arguments[3].body.body[3].block.body[6].argument.properties[3].value.consequent.expressions[1].arguments[0].arguments[0].properties[1].value.alternate.expressions[0].argument.object MemberExpression: enter
2025-06-05T08:42:12.350Z babel program.body[6].body.body[1].body.body[2].argument.arguments[3].body.body[3].block.body[6].argument.properties[3].value.consequent.expressions[1].arguments[0].arguments[0].properties[1].value.alternate.expressions[0].argument.object MemberExpression: Recursing into...
2025-06-05T08:42:12.350Z babel program.body[6].body.body[1].body.body[2].argument.arguments[3].body.body[3].block.body[6].argument.properties[3].value.consequent.expressions[1].arguments[0].arguments[0].properties[1].value.alternate.expressions[0].argument.object.object MemberExpression: enter
2025-06-05T08:42:12.350Z babel program.body[6].body.body[1].body.body[2].argument.arguments[3].body.body[3].block.body[6].argument.properties[3].value.consequent.expressions[1].arguments[0].arguments[0].properties[1].value.alternate.expressions[0].argument.object.object MemberExpression: Recursing into...
2025-06-05T08:42:12.350Z babel program.body[6].body.body[1].body.body[2].argument.arguments[3].body.body[3].block.body[6].argument.properties[3].value.consequent.expressions[1].arguments[0].arguments[0].properties[1].value.alternate.expressions[0].argument.object.object.object CallExpression: enter
2025-06-05T08:42:12.350Z babel program.body[6].body.body[1].body.body[2].argument.arguments[3].body.body[3].block.body[6].argument.properties[3].value.consequent.expressions[1].arguments[0].arguments[0].properties[1].value.alternate.expressions[0].argument.object.object.object CallExpression: Recursing into...
2025-06-05T08:42:12.350Z babel program.body[6].body.body[1].body.body[2].argument.arguments[3].body.body[3].block.body[6].argument.properties[3].value.consequent.expressions[1].arguments[0].arguments[0].properties[1].value.alternate.expressions[0].argument.object.object.object CallExpression: exit
2025-06-05T08:42:12.350Z babel program.body[6].body.body[1].body.body[2].argument.arguments[3].body.body[3].block.body[6].argument.properties[3].value.consequent.expressions[1].arguments[0].arguments[0].properties[1].value.alternate.expressions[0].argument.object.object MemberExpression: exit
2025-06-05T08:42:12.350Z babel program.body[6].body.body[1].body.body[2].argument.arguments[3].body.body[3].block.body[6].argument.properties[3].value.consequent.expressions[1].arguments[0].arguments[0].properties[1].value.alternate.expressions[0].argument.object MemberExpression: exit
2025-06-05T08:42:12.350Z babel program.body[6].body.body[1].body.body[2].argument.arguments[3].body.body[3].block.body[6].argument.properties[3].value.consequent.expressions[1].arguments[0].arguments[0].properties[1].value.alternate.expressions[0].argument MemberExpression: exit
2025-06-05T08:42:12.350Z babel program.body[6].body.body[1].body.body[2].argument.arguments[3].body.body[3].block.body[6].argument.properties[3].value.consequent.expressions[1].arguments[0].arguments[0].properties[1].value.alternate.expressions[0] UpdateExpression: exit
2025-06-05T08:42:12.350Z babel program.body[6].body.body[1].body.body[2].argument.arguments[3].body.body[3].block.body[6].argument.properties[3].value.consequent.expressions[1].arguments[0].arguments[0].properties[1].value.alternate SequenceExpression: exit
2025-06-05T08:42:12.350Z babel program.body[6].body.body[1].body.body[2].argument.arguments[3].body.body[3].block.body[6].argument.properties[3].value.consequent.expressions[1].arguments[0].arguments[0].properties[1].value ConditionalExpression: exit
2025-06-05T08:42:12.350Z babel program.body[6].body.body[1].body.body[2].argument.arguments[3].body.body[3].block.body[6].argument.properties[3].value.consequent.expressions[1].arguments[0].arguments[0].properties[1] ObjectProperty: exit
2025-06-05T08:42:12.350Z babel program.body[6].body.body[1].body.body[2].argument.arguments[3].body.body[3].block.body[6].argument.properties[3].value.consequent.expressions[1].arguments[0].arguments[0].properties[2] ObjectProperty: enter
2025-06-05T08:42:12.350Z babel program.body[6].body.body[1].body.body[2].argument.arguments[3].body.body[3].block.body[6].argument.properties[3].value.consequent.expressions[1].arguments[0].arguments[0].properties[2] ObjectProperty: Recursing into...
2025-06-05T08:42:12.350Z babel program.body[6].body.body[1].body.body[2].argument.arguments[3].body.body[3].block.body[6].argument.properties[3].value.consequent.expressions[1].arguments[0].arguments[0].properties[2].value ConditionalExpression: enter
2025-06-05T08:42:12.350Z babel program.body[6].body.body[1].body.body[2].argument.arguments[3].body.body[3].block.body[6].argument.properties[3].value.consequent.expressions[1].arguments[0].arguments[0].properties[2].value.consequent Identifier: Replace with SequenceExpression
2025-06-05T08:42:12.350Z babel program.body[6].body.body[1].body.body[2].argument.arguments[3].body.body[3].block.body[6].argument.properties[3].value.consequent.expressions[1].arguments[0].arguments[0].properties[2].value.alternate NumericLiteral: Replace with SequenceExpression
2025-06-05T08:42:12.350Z babel program.body[6].body.body[1].body.body[2].argument.arguments[3].body.body[3].block.body[6].argument.properties[3].value.consequent.expressions[1].arguments[0].arguments[0].properties[2].value ConditionalExpression: Recursing into...
2025-06-05T08:42:12.350Z babel program.body[6].body.body[1].body.body[2].argument.arguments[3].body.body[3].block.body[6].argument.properties[3].value.consequent.expressions[1].arguments[0].arguments[0].properties[2].value.test LogicalExpression: enter
2025-06-05T08:42:12.350Z babel program.body[6].body.body[1].body.body[2].argument.arguments[3].body.body[3].block.body[6].argument.properties[3].value.consequent.expressions[1].arguments[0].arguments[0].properties[2].value.test LogicalExpression: Recursing into...
2025-06-05T08:42:12.350Z babel program.body[6].body.body[1].body.body[2].argument.arguments[3].body.body[3].block.body[6].argument.properties[3].value.consequent.expressions[1].arguments[0].arguments[0].properties[2].value.test.left SequenceExpression: enter
2025-06-05T08:42:12.350Z babel program.body[6].body.body[1].body.body[2].argument.arguments[3].body.body[3].block.body[6].argument.properties[3].value.consequent.expressions[1].arguments[0].arguments[0].properties[2].value.test.left SequenceExpression: Recursing into...
2025-06-05T08:42:12.350Z babel program.body[6].body.body[1].body.body[2].argument.arguments[3].body.body[3].block.body[6].argument.properties[3].value.consequent.expressions[1].arguments[0].arguments[0].properties[2].value.test.left.expressions[0] UpdateExpression: enter
2025-06-05T08:42:12.350Z babel program.body[6].body.body[1].body.body[2].argument.arguments[3].body.body[3].block.body[6].argument.properties[3].value.consequent.expressions[1].arguments[0].arguments[0].properties[2].value.test.left.expressions[0] UpdateExpression: Recursing into...
2025-06-05T08:42:12.350Z babel program.body[6].body.body[1].body.body[2].argument.arguments[3].body.body[3].block.body[6].argument.properties[3].value.consequent.expressions[1].arguments[0].arguments[0].properties[2].value.test.left.expressions[0].argument MemberExpression: enter
2025-06-05T08:42:12.350Z babel program.body[6].body.body[1].body.body[2].argument.arguments[3].body.body[3].block.body[6].argument.properties[3].value.consequent.expressions[1].arguments[0].arguments[0].properties[2].value.test.left.expressions[0].argument MemberExpression: Recursing into...
2025-06-05T08:42:12.350Z babel program.body[6].body.body[1].body.body[2].argument.arguments[3].body.body[3].block.body[6].argument.properties[3].value.consequent.expressions[1].arguments[0].arguments[0].properties[2].value.test.left.expressions[0].argument.object MemberExpression: enter
2025-06-05T08:42:12.350Z babel program.body[6].body.body[1].body.body[2].argument.arguments[3].body.body[3].block.body[6].argument.properties[3].value.consequent.expressions[1].arguments[0].arguments[0].properties[2].value.test.left.expressions[0].argument.object MemberExpression: Recursing into...
2025-06-05T08:42:12.350Z babel program.body[6].body.body[1].body.body[2].argument.arguments[3].body.body[3].block.body[6].argument.properties[3].value.consequent.expressions[1].arguments[0].arguments[0].properties[2].value.test.left.expressions[0].argument.object.object MemberExpression: enter
2025-06-05T08:42:12.350Z babel program.body[6].body.body[1].body.body[2].argument.arguments[3].body.body[3].block.body[6].argument.properties[3].value.consequent.expressions[1].arguments[0].arguments[0].properties[2].value.test.left.expressions[0].argument.object.object MemberExpression: Recursing into...
2025-06-05T08:42:12.350Z babel program.body[6].body.body[1].body.body[2].argument.arguments[3].body.body[3].block.body[6].argument.properties[3].value.consequent.expressions[1].arguments[0].arguments[0].properties[2].value.test.left.expressions[0].argument.object.object.object CallExpression: enter
2025-06-05T08:42:12.350Z babel program.body[6].body.body[1].body.body[2].argument.arguments[3].body.body[3].block.body[6].argument.properties[3].value.consequent.expressions[1].arguments[0].arguments[0].properties[2].value.test.left.expressions[0].argument.object.object.object CallExpression: Recursing into...
2025-06-05T08:42:12.350Z babel program.body[6].body.body[1].body.body[2].argument.arguments[3].body.body[3].block.body[6].argument.properties[3].value.consequent.expressions[1].arguments[0].arguments[0].properties[2].value.test.left.expressions[0].argument.object.object.object CallExpression: exit
2025-06-05T08:42:12.350Z babel program.body[6].body.body[1].body.body[2].argument.arguments[3].body.body[3].block.body[6].argument.properties[3].value.consequent.expressions[1].arguments[0].arguments[0].properties[2].value.test.left.expressions[0].argument.object.object MemberExpression: exit
2025-06-05T08:42:12.350Z babel program.body[6].body.body[1].body.body[2].argument.arguments[3].body.body[3].block.body[6].argument.properties[3].value.consequent.expressions[1].arguments[0].arguments[0].properties[2].value.test.left.expressions[0].argument.object MemberExpression: exit
2025-06-05T08:42:12.350Z babel program.body[6].body.body[1].body.body[2].argument.arguments[3].body.body[3].block.body[6].argument.properties[3].value.consequent.expressions[1].arguments[0].arguments[0].properties[2].value.test.left.expressions[0].argument MemberExpression: exit
2025-06-05T08:42:12.350Z babel program.body[6].body.body[1].body.body[2].argument.arguments[3].body.body[3].block.body[6].argument.properties[3].value.consequent.expressions[1].arguments[0].arguments[0].properties[2].value.test.left.expressions[0] UpdateExpression: exit
2025-06-05T08:42:12.350Z babel program.body[6].body.body[1].body.body[2].argument.arguments[3].body.body[3].block.body[6].argument.properties[3].value.consequent.expressions[1].arguments[0].arguments[0].properties[2].value.test.left.expressions[1] BinaryExpression: enter
2025-06-05T08:42:12.350Z babel program.body[6].body.body[1].body.body[2].argument.arguments[3].body.body[3].block.body[6].argument.properties[3].value.consequent.expressions[1].arguments[0].arguments[0].properties[2].value.test.left.expressions[1] BinaryExpression: Recursing into...
2025-06-05T08:42:12.350Z babel program.body[6].body.body[1].body.body[2].argument.arguments[3].body.body[3].block.body[6].argument.properties[3].value.consequent.expressions[1].arguments[0].arguments[0].properties[2].value.test.left.expressions[1].left AssignmentExpression: enter
2025-06-05T08:42:12.350Z babel program.body[6].body.body[1].body.body[2].argument.arguments[3].body.body[3].block.body[6].argument.properties[3].value.consequent.expressions[1].arguments[0].arguments[0].properties[2].value.test.left.expressions[1].left AssignmentExpression: Recursing into...
2025-06-05T08:42:12.350Z babel program.body[6].body.body[1].body.body[2].argument.arguments[3].body.body[3].block.body[6].argument.properties[3].value.consequent.expressions[1].arguments[0].arguments[0].properties[2].value.test.left.expressions[1].left.right CallExpression: enter
2025-06-05T08:42:12.350Z babel program.body[6].body.body[1].body.body[2].argument.arguments[3].body.body[3].block.body[6].argument.properties[3].value.consequent.expressions[1].arguments[0].arguments[0].properties[2].value.test.left.expressions[1].left.right CallExpression: Recursing into...
2025-06-05T08:42:12.350Z babel program.body[6].body.body[1].body.body[2].argument.arguments[3].body.body[3].block.body[6].argument.properties[3].value.consequent.expressions[1].arguments[0].arguments[0].properties[2].value.test.left.expressions[1].left.right.callee MemberExpression: enter
2025-06-05T08:42:12.350Z babel program.body[6].body.body[1].body.body[2].argument.arguments[3].body.body[3].block.body[6].argument.properties[3].value.consequent.expressions[1].arguments[0].arguments[0].properties[2].value.test.left.expressions[1].left.right.callee MemberExpression: Recursing into...
2025-06-05T08:42:12.350Z babel program.body[6].body.body[1].body.body[2].argument.arguments[3].body.body[3].block.body[6].argument.properties[3].value.consequent.expressions[1].arguments[0].arguments[0].properties[2].value.test.left.expressions[1].left.right.callee MemberExpression: exit
2025-06-05T08:42:12.350Z babel program.body[6].body.body[1].body.body[2].argument.arguments[3].body.body[3].block.body[6].argument.properties[3].value.consequent.expressions[1].arguments[0].arguments[0].properties[2].value.test.left.expressions[1].left.right.arguments[0] MemberExpression: enter
2025-06-05T08:42:12.350Z babel program.body[6].body.body[1].body.body[2].argument.arguments[3].body.body[3].block.body[6].argument.properties[3].value.consequent.expressions[1].arguments[0].arguments[0].properties[2].value.test.left.expressions[1].left.right.arguments[0] MemberExpression: Recursing into...
2025-06-05T08:42:12.350Z babel program.body[6].body.body[1].body.body[2].argument.arguments[3].body.body[3].block.body[6].argument.properties[3].value.consequent.expressions[1].arguments[0].arguments[0].properties[2].value.test.left.expressions[1].left.right.arguments[0] MemberExpression: exit
2025-06-05T08:42:12.350Z babel program.body[6].body.body[1].body.body[2].argument.arguments[3].body.body[3].block.body[6].argument.properties[3].value.consequent.expressions[1].arguments[0].arguments[0].properties[2].value.test.left.expressions[1].left.right CallExpression: exit
2025-06-05T08:42:12.350Z babel program.body[6].body.body[1].body.body[2].argument.arguments[3].body.body[3].block.body[6].argument.properties[3].value.consequent.expressions[1].arguments[0].arguments[0].properties[2].value.test.left.expressions[1].left AssignmentExpression: exit
2025-06-05T08:42:12.350Z babel program.body[6].body.body[1].body.body[2].argument.arguments[3].body.body[3].block.body[6].argument.properties[3].value.consequent.expressions[1].arguments[0].arguments[0].properties[2].value.test.left.expressions[1] BinaryExpression: exit
2025-06-05T08:42:12.350Z babel program.body[6].body.body[1].body.body[2].argument.arguments[3].body.body[3].block.body[6].argument.properties[3].value.consequent.expressions[1].arguments[0].arguments[0].properties[2].value.test.left SequenceExpression: exit
2025-06-05T08:42:12.350Z babel program.body[6].body.body[1].body.body[2].argument.arguments[3].body.body[3].block.body[6].argument.properties[3].value.consequent.expressions[1].arguments[0].arguments[0].properties[2].value.test.right SequenceExpression: enter
2025-06-05T08:42:12.350Z babel program.body[6].body.body[1].body.body[2].argument.arguments[3].body.body[3].block.body[6].argument.properties[3].value.consequent.expressions[1].arguments[0].arguments[0].properties[2].value.test.right SequenceExpression: Recursing into...
2025-06-05T08:42:12.350Z babel program.body[6].body.body[1].body.body[2].argument.arguments[3].body.body[3].block.body[6].argument.properties[3].value.consequent.expressions[1].arguments[0].arguments[0].properties[2].value.test.right.expressions[0] UpdateExpression: enter
2025-06-05T08:42:12.350Z babel program.body[6].body.body[1].body.body[2].argument.arguments[3].body.body[3].block.body[6].argument.properties[3].value.consequent.expressions[1].arguments[0].arguments[0].properties[2].value.test.right.expressions[0] UpdateExpression: Recursing into...
2025-06-05T08:42:12.351Z babel program.body[6].body.body[1].body.body[2].argument.arguments[3].body.body[3].block.body[6].argument.properties[3].value.consequent.expressions[1].arguments[0].arguments[0].properties[2].value.test.right.expressions[0].argument MemberExpression: enter
2025-06-05T08:42:12.351Z babel program.body[6].body.body[1].body.body[2].argument.arguments[3].body.body[3].block.body[6].argument.properties[3].value.consequent.expressions[1].arguments[0].arguments[0].properties[2].value.test.right.expressions[0].argument MemberExpression: Recursing into...
2025-06-05T08:42:12.351Z babel program.body[6].body.body[1].body.body[2].argument.arguments[3].body.body[3].block.body[6].argument.properties[3].value.consequent.expressions[1].arguments[0].arguments[0].properties[2].value.test.right.expressions[0].argument.object MemberExpression: enter
2025-06-05T08:42:12.351Z babel program.body[6].body.body[1].body.body[2].argument.arguments[3].body.body[3].block.body[6].argument.properties[3].value.consequent.expressions[1].arguments[0].arguments[0].properties[2].value.test.right.expressions[0].argument.object MemberExpression: Recursing into...
2025-06-05T08:42:12.351Z babel program.body[6].body.body[1].body.body[2].argument.arguments[3].body.body[3].block.body[6].argument.properties[3].value.consequent.expressions[1].arguments[0].arguments[0].properties[2].value.test.right.expressions[0].argument.object.object MemberExpression: enter
2025-06-05T08:42:12.351Z babel program.body[6].body.body[1].body.body[2].argument.arguments[3].body.body[3].block.body[6].argument.properties[3].value.consequent.expressions[1].arguments[0].arguments[0].properties[2].value.test.right.expressions[0].argument.object.object MemberExpression: Recursing into...
2025-06-05T08:42:12.351Z babel program.body[6].body.body[1].body.body[2].argument.arguments[3].body.body[3].block.body[6].argument.properties[3].value.consequent.expressions[1].arguments[0].arguments[0].properties[2].value.test.right.expressions[0].argument.object.object.object CallExpression: enter
2025-06-05T08:42:12.351Z babel program.body[6].body.body[1].body.body[2].argument.arguments[3].body.body[3].block.body[6].argument.properties[3].value.consequent.expressions[1].arguments[0].arguments[0].properties[2].value.test.right.expressions[0].argument.object.object.object CallExpression: Recursing into...
2025-06-05T08:42:12.351Z babel program.body[6].body.body[1].body.body[2].argument.arguments[3].body.body[3].block.body[6].argument.properties[3].value.consequent.expressions[1].arguments[0].arguments[0].properties[2].value.test.right.expressions[0].argument.object.object.object CallExpression: exit
2025-06-05T08:42:12.351Z babel program.body[6].body.body[1].body.body[2].argument.arguments[3].body.body[3].block.body[6].argument.properties[3].value.consequent.expressions[1].arguments[0].arguments[0].properties[2].value.test.right.expressions[0].argument.object.object MemberExpression: exit
2025-06-05T08:42:12.351Z babel program.body[6].body.body[1].body.body[2].argument.arguments[3].body.body[3].block.body[6].argument.properties[3].value.consequent.expressions[1].arguments[0].arguments[0].properties[2].value.test.right.expressions[0].argument.object MemberExpression: exit
2025-06-05T08:42:12.351Z babel program.body[6].body.body[1].body.body[2].argument.arguments[3].body.body[3].block.body[6].argument.properties[3].value.consequent.expressions[1].arguments[0].arguments[0].properties[2].value.test.right.expressions[0].argument MemberExpression: exit
2025-06-05T08:42:12.351Z babel program.body[6].body.body[1].body.body[2].argument.arguments[3].body.body[3].block.body[6].argument.properties[3].value.consequent.expressions[1].arguments[0].arguments[0].properties[2].value.test.right.expressions[0] UpdateExpression: exit
2025-06-05T08:42:12.351Z babel program.body[6].body.body[1].body.body[2].argument.arguments[3].body.body[3].block.body[6].argument.properties[3].value.consequent.expressions[1].arguments[0].arguments[0].properties[2].value.test.right.expressions[1] BinaryExpression: enter
2025-06-05T08:42:12.351Z babel program.body[6].body.body[1].body.body[2].argument.arguments[3].body.body[3].block.body[6].argument.properties[3].value.consequent.expressions[1].arguments[0].arguments[0].properties[2].value.test.right.expressions[1] BinaryExpression: Recursing into...
2025-06-05T08:42:12.351Z babel program.body[6].body.body[1].body.body[2].argument.arguments[3].body.body[3].block.body[6].argument.properties[3].value.consequent.expressions[1].arguments[0].arguments[0].properties[2].value.test.right.expressions[1].right UnaryExpression: enter
2025-06-05T08:42:12.351Z babel program.body[6].body.body[1].body.body[2].argument.arguments[3].body.body[3].block.body[6].argument.properties[3].value.consequent.expressions[1].arguments[0].arguments[0].properties[2].value.test.right.expressions[1].right UnaryExpression: Recursing into...
2025-06-05T08:42:12.351Z babel program.body[6].body.body[1].body.body[2].argument.arguments[3].body.body[3].block.body[6].argument.properties[3].value.consequent.expressions[1].arguments[0].arguments[0].properties[2].value.test.right.expressions[1].right UnaryExpression: exit
2025-06-05T08:42:12.351Z babel program.body[6].body.body[1].body.body[2].argument.arguments[3].body.body[3].block.body[6].argument.properties[3].value.consequent.expressions[1].arguments[0].arguments[0].properties[2].value.test.right.expressions[1] BinaryExpression: exit
2025-06-05T08:42:12.351Z babel program.body[6].body.body[1].body.body[2].argument.arguments[3].body.body[3].block.body[6].argument.properties[3].value.consequent.expressions[1].arguments[0].arguments[0].properties[2].value.test.right SequenceExpression: exit
2025-06-05T08:42:12.351Z babel program.body[6].body.body[1].body.body[2].argument.arguments[3].body.body[3].block.body[6].argument.properties[3].value.consequent.expressions[1].arguments[0].arguments[0].properties[2].value.test LogicalExpression: exit
2025-06-05T08:42:12.351Z babel program.body[6].body.body[1].body.body[2].argument.arguments[3].body.body[3].block.body[6].argument.properties[3].value.consequent.expressions[1].arguments[0].arguments[0].properties[2].value.consequent SequenceExpression: enter
2025-06-05T08:42:12.351Z babel program.body[6].body.body[1].body.body[2].argument.arguments[3].body.body[3].block.body[6].argument.properties[3].value.consequent.expressions[1].arguments[0].arguments[0].properties[2].value.consequent SequenceExpression: Recursing into...
2025-06-05T08:42:12.351Z babel program.body[6].body.body[1].body.body[2].argument.arguments[3].body.body[3].block.body[6].argument.properties[3].value.consequent.expressions[1].arguments[0].arguments[0].properties[2].value.consequent.expressions[0] UpdateExpression: enter
2025-06-05T08:42:12.351Z babel program.body[6].body.body[1].body.body[2].argument.arguments[3].body.body[3].block.body[6].argument.properties[3].value.consequent.expressions[1].arguments[0].arguments[0].properties[2].value.consequent.expressions[0] UpdateExpression: Recursing into...
2025-06-05T08:42:12.351Z babel program.body[6].body.body[1].body.body[2].argument.arguments[3].body.body[3].block.body[6].argument.properties[3].value.consequent.expressions[1].arguments[0].arguments[0].properties[2].value.consequent.expressions[0].argument MemberExpression: enter
2025-06-05T08:42:12.351Z babel program.body[6].body.body[1].body.body[2].argument.arguments[3].body.body[3].block.body[6].argument.properties[3].value.consequent.expressions[1].arguments[0].arguments[0].properties[2].value.consequent.expressions[0].argument MemberExpression: Recursing into...
2025-06-05T08:42:12.351Z babel program.body[6].body.body[1].body.body[2].argument.arguments[3].body.body[3].block.body[6].argument.properties[3].value.consequent.expressions[1].arguments[0].arguments[0].properties[2].value.consequent.expressions[0].argument.object MemberExpression: enter
2025-06-05T08:42:12.351Z babel program.body[6].body.body[1].body.body[2].argument.arguments[3].body.body[3].block.body[6].argument.properties[3].value.consequent.expressions[1].arguments[0].arguments[0].properties[2].value.consequent.expressions[0].argument.object MemberExpression: Recursing into...
2025-06-05T08:42:12.351Z babel program.body[6].body.body[1].body.body[2].argument.arguments[3].body.body[3].block.body[6].argument.properties[3].value.consequent.expressions[1].arguments[0].arguments[0].properties[2].value.consequent.expressions[0].argument.object.object MemberExpression: enter
2025-06-05T08:42:12.351Z babel program.body[6].body.body[1].body.body[2].argument.arguments[3].body.body[3].block.body[6].argument.properties[3].value.consequent.expressions[1].arguments[0].arguments[0].properties[2].value.consequent.expressions[0].argument.object.object MemberExpression: Recursing into...
2025-06-05T08:42:12.351Z babel program.body[6].body.body[1].body.body[2].argument.arguments[3].body.body[3].block.body[6].argument.properties[3].value.consequent.expressions[1].arguments[0].arguments[0].properties[2].value.consequent.expressions[0].argument.object.object.object CallExpression: enter
2025-06-05T08:42:12.351Z babel program.body[6].body.body[1].body.body[2].argument.arguments[3].body.body[3].block.body[6].argument.properties[3].value.consequent.expressions[1].arguments[0].arguments[0].properties[2].value.consequent.expressions[0].argument.object.object.object CallExpression: Recursing into...
2025-06-05T08:42:12.351Z babel program.body[6].body.body[1].body.body[2].argument.arguments[3].body.body[3].block.body[6].argument.properties[3].value.consequent.expressions[1].arguments[0].arguments[0].properties[2].value.consequent.expressions[0].argument.object.object.object CallExpression: exit
2025-06-05T08:42:12.351Z babel program.body[6].body.body[1].body.body[2].argument.arguments[3].body.body[3].block.body[6].argument.properties[3].value.consequent.expressions[1].arguments[0].arguments[0].properties[2].value.consequent.expressions[0].argument.object.object MemberExpression: exit
2025-06-05T08:42:12.351Z babel program.body[6].body.body[1].body.body[2].argument.arguments[3].body.body[3].block.body[6].argument.properties[3].value.consequent.expressions[1].arguments[0].arguments[0].properties[2].value.consequent.expressions[0].argument.object MemberExpression: exit
2025-06-05T08:42:12.351Z babel program.body[6].body.body[1].body.body[2].argument.arguments[3].body.body[3].block.body[6].argument.properties[3].value.consequent.expressions[1].arguments[0].arguments[0].properties[2].value.consequent.expressions[0].argument MemberExpression: exit
2025-06-05T08:42:12.351Z babel program.body[6].body.body[1].body.body[2].argument.arguments[3].body.body[3].block.body[6].argument.properties[3].value.consequent.expressions[1].arguments[0].arguments[0].properties[2].value.consequent.expressions[0] UpdateExpression: exit
2025-06-05T08:42:12.351Z babel program.body[6].body.body[1].body.body[2].argument.arguments[3].body.body[3].block.body[6].argument.properties[3].value.consequent.expressions[1].arguments[0].arguments[0].properties[2].value.consequent SequenceExpression: exit
2025-06-05T08:42:12.351Z babel program.body[6].body.body[1].body.body[2].argument.arguments[3].body.body[3].block.body[6].argument.properties[3].value.consequent.expressions[1].arguments[0].arguments[0].properties[2].value.alternate SequenceExpression: enter
2025-06-05T08:42:12.351Z babel program.body[6].body.body[1].body.body[2].argument.arguments[3].body.body[3].block.body[6].argument.properties[3].value.consequent.expressions[1].arguments[0].arguments[0].properties[2].value.alternate SequenceExpression: Recursing into...
2025-06-05T08:42:12.351Z babel program.body[6].body.body[1].body.body[2].argument.arguments[3].body.body[3].block.body[6].argument.properties[3].value.consequent.expressions[1].arguments[0].arguments[0].properties[2].value.alternate.expressions[0] UpdateExpression: enter
2025-06-05T08:42:12.351Z babel program.body[6].body.body[1].body.body[2].argument.arguments[3].body.body[3].block.body[6].argument.properties[3].value.consequent.expressions[1].arguments[0].arguments[0].properties[2].value.alternate.expressions[0] UpdateExpression: Recursing into...
2025-06-05T08:42:12.351Z babel program.body[6].body.body[1].body.body[2].argument.arguments[3].body.body[3].block.body[6].argument.properties[3].value.consequent.expressions[1].arguments[0].arguments[0].properties[2].value.alternate.expressions[0].argument MemberExpression: enter
2025-06-05T08:42:12.351Z babel program.body[6].body.body[1].body.body[2].argument.arguments[3].body.body[3].block.body[6].argument.properties[3].value.consequent.expressions[1].arguments[0].arguments[0].properties[2].value.alternate.expressions[0].argument MemberExpression: Recursing into...
2025-06-05T08:42:12.351Z babel program.body[6].body.body[1].body.body[2].argument.arguments[3].body.body[3].block.body[6].argument.properties[3].value.consequent.expressions[1].arguments[0].arguments[0].properties[2].value.alternate.expressions[0].argument.object MemberExpression: enter
2025-06-05T08:42:12.351Z babel program.body[6].body.body[1].body.body[2].argument.arguments[3].body.body[3].block.body[6].argument.properties[3].value.consequent.expressions[1].arguments[0].arguments[0].properties[2].value.alternate.expressions[0].argument.object MemberExpression: Recursing into...
2025-06-05T08:42:12.351Z babel program.body[6].body.body[1].body.body[2].argument.arguments[3].body.body[3].block.body[6].argument.properties[3].value.consequent.expressions[1].arguments[0].arguments[0].properties[2].value.alternate.expressions[0].argument.object.object MemberExpression: enter
2025-06-05T08:42:12.351Z babel program.body[6].body.body[1].body.body[2].argument.arguments[3].body.body[3].block.body[6].argument.properties[3].value.consequent.expressions[1].arguments[0].arguments[0].properties[2].value.alternate.expressions[0].argument.object.object MemberExpression: Recursing into...
2025-06-05T08:42:12.351Z babel program.body[6].body.body[1].body.body[2].argument.arguments[3].body.body[3].block.body[6].argument.properties[3].value.consequent.expressions[1].arguments[0].arguments[0].properties[2].value.alternate.expressions[0].argument.object.object.object CallExpression: enter
2025-06-05T08:42:12.351Z babel program.body[6].body.body[1].body.body[2].argument.arguments[3].body.body[3].block.body[6].argument.properties[3].value.consequent.expressions[1].arguments[0].arguments[0].properties[2].value.alternate.expressions[0].argument.object.object.object CallExpression: Recursing into...
2025-06-05T08:42:12.351Z babel program.body[6].body.body[1].body.body[2].argument.arguments[3].body.body[3].block.body[6].argument.properties[3].value.consequent.expressions[1].arguments[0].arguments[0].properties[2].value.alternate.expressions[0].argument.object.object.object CallExpression: exit
2025-06-05T08:42:12.351Z babel program.body[6].body.body[1].body.body[2].argument.arguments[3].body.body[3].block.body[6].argument.properties[3].value.consequent.expressions[1].arguments[0].arguments[0].properties[2].value.alternate.expressions[0].argument.object.object MemberExpression: exit
2025-06-05T08:42:12.351Z babel program.body[6].body.body[1].body.body[2].argument.arguments[3].body.body[3].block.body[6].argument.properties[3].value.consequent.expressions[1].arguments[0].arguments[0].properties[2].value.alternate.expressions[0].argument.object MemberExpression: exit
2025-06-05T08:42:12.351Z babel program.body[6].body.body[1].body.body[2].argument.arguments[3].body.body[3].block.body[6].argument.properties[3].value.consequent.expressions[1].arguments[0].arguments[0].properties[2].value.alternate.expressions[0].argument MemberExpression: exit
2025-06-05T08:42:12.351Z babel program.body[6].body.body[1].body.body[2].argument.arguments[3].body.body[3].block.body[6].argument.properties[3].value.consequent.expressions[1].arguments[0].arguments[0].properties[2].value.alternate.expressions[0] UpdateExpression: exit
2025-06-05T08:42:12.351Z babel program.body[6].body.body[1].body.body[2].argument.arguments[3].body.body[3].block.body[6].argument.properties[3].value.consequent.expressions[1].arguments[0].arguments[0].properties[2].value.alternate SequenceExpression: exit
2025-06-05T08:42:12.351Z babel program.body[6].body.body[1].body.body[2].argument.arguments[3].body.body[3].block.body[6].argument.properties[3].value.consequent.expressions[1].arguments[0].arguments[0].properties[2].value ConditionalExpression: exit
2025-06-05T08:42:12.351Z babel program.body[6].body.body[1].body.body[2].argument.arguments[3].body.body[3].block.body[6].argument.properties[3].value.consequent.expressions[1].arguments[0].arguments[0].properties[2] ObjectProperty: exit
2025-06-05T08:42:12.351Z babel program.body[6].body.body[1].body.body[2].argument.arguments[3].body.body[3].block.body[6].argument.properties[3].value.consequent.expressions[1].arguments[0].arguments[0].properties[3] ObjectProperty: enter
2025-06-05T08:42:12.351Z babel program.body[6].body.body[1].body.body[2].argument.arguments[3].body.body[3].block.body[6].argument.properties[3].value.consequent.expressions[1].arguments[0].arguments[0].properties[3] ObjectProperty: Recursing into...
2025-06-05T08:42:12.351Z babel program.body[6].body.body[1].body.body[2].argument.arguments[3].body.body[3].block.body[6].argument.properties[3].value.consequent.expressions[1].arguments[0].arguments[0].properties[3].value ConditionalExpression: enter
2025-06-05T08:42:12.351Z babel program.body[6].body.body[1].body.body[2].argument.arguments[3].body.body[3].block.body[6].argument.properties[3].value.consequent.expressions[1].arguments[0].arguments[0].properties[3].value.consequent Identifier: Replace with SequenceExpression
2025-06-05T08:42:12.351Z babel program.body[6].body.body[1].body.body[2].argument.arguments[3].body.body[3].block.body[6].argument.properties[3].value.consequent.expressions[1].arguments[0].arguments[0].properties[3].value.alternate NumericLiteral: Replace with SequenceExpression
2025-06-05T08:42:12.351Z babel program.body[6].body.body[1].body.body[2].argument.arguments[3].body.body[3].block.body[6].argument.properties[3].value.consequent.expressions[1].arguments[0].arguments[0].properties[3].value ConditionalExpression: Recursing into...
2025-06-05T08:42:12.351Z babel program.body[6].body.body[1].body.body[2].argument.arguments[3].body.body[3].block.body[6].argument.properties[3].value.consequent.expressions[1].arguments[0].arguments[0].properties[3].value.test LogicalExpression: enter
2025-06-05T08:42:12.351Z babel program.body[6].body.body[1].body.body[2].argument.arguments[3].body.body[3].block.body[6].argument.properties[3].value.consequent.expressions[1].arguments[0].arguments[0].properties[3].value.test LogicalExpression: Recursing into...
2025-06-05T08:42:12.351Z babel program.body[6].body.body[1].body.body[2].argument.arguments[3].body.body[3].block.body[6].argument.properties[3].value.consequent.expressions[1].arguments[0].arguments[0].properties[3].value.test.left SequenceExpression: enter
2025-06-05T08:42:12.351Z babel program.body[6].body.body[1].body.body[2].argument.arguments[3].body.body[3].block.body[6].argument.properties[3].value.consequent.expressions[1].arguments[0].arguments[0].properties[3].value.test.left SequenceExpression: Recursing into...
2025-06-05T08:42:12.351Z babel program.body[6].body.body[1].body.body[2].argument.arguments[3].body.body[3].block.body[6].argument.properties[3].value.consequent.expressions[1].arguments[0].arguments[0].properties[3].value.test.left.expressions[0] UpdateExpression: enter
2025-06-05T08:42:12.351Z babel program.body[6].body.body[1].body.body[2].argument.arguments[3].body.body[3].block.body[6].argument.properties[3].value.consequent.expressions[1].arguments[0].arguments[0].properties[3].value.test.left.expressions[0] UpdateExpression: Recursing into...
2025-06-05T08:42:12.351Z babel program.body[6].body.body[1].body.body[2].argument.arguments[3].body.body[3].block.body[6].argument.properties[3].value.consequent.expressions[1].arguments[0].arguments[0].properties[3].value.test.left.expressions[0].argument MemberExpression: enter
2025-06-05T08:42:12.351Z babel program.body[6].body.body[1].body.body[2].argument.arguments[3].body.body[3].block.body[6].argument.properties[3].value.consequent.expressions[1].arguments[0].arguments[0].properties[3].value.test.left.expressions[0].argument MemberExpression: Recursing into...
2025-06-05T08:42:12.351Z babel program.body[6].body.body[1].body.body[2].argument.arguments[3].body.body[3].block.body[6].argument.properties[3].value.consequent.expressions[1].arguments[0].arguments[0].properties[3].value.test.left.expressions[0].argument.object MemberExpression: enter
2025-06-05T08:42:12.353Z babel program.body[6].body.body[1].body.body[2].argument.arguments[3].body.body[3].block.body[6].argument.properties[3].value.consequent.expressions[1].arguments[0].arguments[0].properties[3].value.test.left.expressions[0].argument.object MemberExpression: Recursing into...
2025-06-05T08:42:12.353Z babel program.body[6].body.body[1].body.body[2].argument.arguments[3].body.body[3].block.body[6].argument.properties[3].value.consequent.expressions[1].arguments[0].arguments[0].properties[3].value.test.left.expressions[0].argument.object.object MemberExpression: enter
2025-06-05T08:42:12.353Z babel program.body[6].body.body[1].body.body[2].argument.arguments[3].body.body[3].block.body[6].argument.properties[3].value.consequent.expressions[1].arguments[0].arguments[0].properties[3].value.test.left.expressions[0].argument.object.object MemberExpression: Recursing into...
2025-06-05T08:42:12.353Z babel program.body[6].body.body[1].body.body[2].argument.arguments[3].body.body[3].block.body[6].argument.properties[3].value.consequent.expressions[1].arguments[0].arguments[0].properties[3].value.test.left.expressions[0].argument.object.object.object CallExpression: enter
2025-06-05T08:42:12.353Z babel program.body[6].body.body[1].body.body[2].argument.arguments[3].body.body[3].block.body[6].argument.properties[3].value.consequent.expressions[1].arguments[0].arguments[0].properties[3].value.test.left.expressions[0].argument.object.object.object CallExpression: Recursing into...
2025-06-05T08:42:12.353Z babel program.body[6].body.body[1].body.body[2].argument.arguments[3].body.body[3].block.body[6].argument.properties[3].value.consequent.expressions[1].arguments[0].arguments[0].properties[3].value.test.left.expressions[0].argument.object.object.object CallExpression: exit
2025-06-05T08:42:12.353Z babel program.body[6].body.body[1].body.body[2].argument.arguments[3].body.body[3].block.body[6].argument.properties[3].value.consequent.expressions[1].arguments[0].arguments[0].properties[3].value.test.left.expressions[0].argument.object.object MemberExpression: exit
2025-06-05T08:42:12.353Z babel program.body[6].body.body[1].body.body[2].argument.arguments[3].body.body[3].block.body[6].argument.properties[3].value.consequent.expressions[1].arguments[0].arguments[0].properties[3].value.test.left.expressions[0].argument.object MemberExpression: exit
2025-06-05T08:42:12.353Z babel program.body[6].body.body[1].body.body[2].argument.arguments[3].body.body[3].block.body[6].argument.properties[3].value.consequent.expressions[1].arguments[0].arguments[0].properties[3].value.test.left.expressions[0].argument MemberExpression: exit
2025-06-05T08:42:12.353Z babel program.body[6].body.body[1].body.body[2].argument.arguments[3].body.body[3].block.body[6].argument.properties[3].value.consequent.expressions[1].arguments[0].arguments[0].properties[3].value.test.left.expressions[0] UpdateExpression: exit
2025-06-05T08:42:12.353Z babel program.body[6].body.body[1].body.body[2].argument.arguments[3].body.body[3].block.body[6].argument.properties[3].value.consequent.expressions[1].arguments[0].arguments[0].properties[3].value.test.left.expressions[1] BinaryExpression: enter
2025-06-05T08:42:12.353Z babel program.body[6].body.body[1].body.body[2].argument.arguments[3].body.body[3].block.body[6].argument.properties[3].value.consequent.expressions[1].arguments[0].arguments[0].properties[3].value.test.left.expressions[1] BinaryExpression: Recursing into...
2025-06-05T08:42:12.354Z babel program.body[6].body.body[1].body.body[2].argument.arguments[3].body.body[3].block.body[6].argument.properties[3].value.consequent.expressions[1].arguments[0].arguments[0].properties[3].value.test.left.expressions[1].left AssignmentExpression: enter
2025-06-05T08:42:12.354Z babel program.body[6].body.body[1].body.body[2].argument.arguments[3].body.body[3].block.body[6].argument.properties[3].value.consequent.expressions[1].arguments[0].arguments[0].properties[3].value.test.left.expressions[1].left AssignmentExpression: Recursing into...
2025-06-05T08:42:12.354Z babel program.body[6].body.body[1].body.body[2].argument.arguments[3].body.body[3].block.body[6].argument.properties[3].value.consequent.expressions[1].arguments[0].arguments[0].properties[3].value.test.left.expressions[1].left.right CallExpression: enter
2025-06-05T08:42:12.354Z babel program.body[6].body.body[1].body.body[2].argument.arguments[3].body.body[3].block.body[6].argument.properties[3].value.consequent.expressions[1].arguments[0].arguments[0].properties[3].value.test.left.expressions[1].left.right CallExpression: Recursing into...
2025-06-05T08:42:12.354Z babel program.body[6].body.body[1].body.body[2].argument.arguments[3].body.body[3].block.body[6].argument.properties[3].value.consequent.expressions[1].arguments[0].arguments[0].properties[3].value.test.left.expressions[1].left.right.callee MemberExpression: enter
2025-06-05T08:42:12.354Z babel program.body[6].body.body[1].body.body[2].argument.arguments[3].body.body[3].block.body[6].argument.properties[3].value.consequent.expressions[1].arguments[0].arguments[0].properties[3].value.test.left.expressions[1].left.right.callee MemberExpression: Recursing into...
2025-06-05T08:42:12.354Z babel program.body[6].body.body[1].body.body[2].argument.arguments[3].body.body[3].block.body[6].argument.properties[3].value.consequent.expressions[1].arguments[0].arguments[0].properties[3].value.test.left.expressions[1].left.right.callee MemberExpression: exit
2025-06-05T08:42:12.354Z babel program.body[6].body.body[1].body.body[2].argument.arguments[3].body.body[3].block.body[6].argument.properties[3].value.consequent.expressions[1].arguments[0].arguments[0].properties[3].value.test.left.expressions[1].left.right.arguments[0] MemberExpression: enter
2025-06-05T08:42:12.354Z babel program.body[6].body.body[1].body.body[2].argument.arguments[3].body.body[3].block.body[6].argument.properties[3].value.consequent.expressions[1].arguments[0].arguments[0].properties[3].value.test.left.expressions[1].left.right.arguments[0] MemberExpression: Recursing into...
2025-06-05T08:42:12.354Z babel program.body[6].body.body[1].body.body[2].argument.arguments[3].body.body[3].block.body[6].argument.properties[3].value.consequent.expressions[1].arguments[0].arguments[0].properties[3].value.test.left.expressions[1].left.right.arguments[0] MemberExpression: exit
2025-06-05T08:42:12.354Z babel program.body[6].body.body[1].body.body[2].argument.arguments[3].body.body[3].block.body[6].argument.properties[3].value.consequent.expressions[1].arguments[0].arguments[0].properties[3].value.test.left.expressions[1].left.right CallExpression: exit
2025-06-05T08:42:12.354Z babel program.body[6].body.body[1].body.body[2].argument.arguments[3].body.body[3].block.body[6].argument.properties[3].value.consequent.expressions[1].arguments[0].arguments[0].properties[3].value.test.left.expressions[1].left AssignmentExpression: exit
2025-06-05T08:42:12.354Z babel program.body[6].body.body[1].body.body[2].argument.arguments[3].body.body[3].block.body[6].argument.properties[3].value.consequent.expressions[1].arguments[0].arguments[0].properties[3].value.test.left.expressions[1] BinaryExpression: exit
2025-06-05T08:42:12.354Z babel program.body[6].body.body[1].body.body[2].argument.arguments[3].body.body[3].block.body[6].argument.properties[3].value.consequent.expressions[1].arguments[0].arguments[0].properties[3].value.test.left SequenceExpression: exit
2025-06-05T08:42:12.354Z babel program.body[6].body.body[1].body.body[2].argument.arguments[3].body.body[3].block.body[6].argument.properties[3].value.consequent.expressions[1].arguments[0].arguments[0].properties[3].value.test.right SequenceExpression: enter
2025-06-05T08:42:12.354Z babel program.body[6].body.body[1].body.body[2].argument.arguments[3].body.body[3].block.body[6].argument.properties[3].value.consequent.expressions[1].arguments[0].arguments[0].properties[3].value.test.right SequenceExpression: Recursing into...
2025-06-05T08:42:12.354Z babel program.body[6].body.body[1].body.body[2].argument.arguments[3].body.body[3].block.body[6].argument.properties[3].value.consequent.expressions[1].arguments[0].arguments[0].properties[3].value.test.right.expressions[0] UpdateExpression: enter
2025-06-05T08:42:12.354Z babel program.body[6].body.body[1].body.body[2].argument.arguments[3].body.body[3].block.body[6].argument.properties[3].value.consequent.expressions[1].arguments[0].arguments[0].properties[3].value.test.right.expressions[0] UpdateExpression: Recursing into...
2025-06-05T08:42:12.354Z babel program.body[6].body.body[1].body.body[2].argument.arguments[3].body.body[3].block.body[6].argument.properties[3].value.consequent.expressions[1].arguments[0].arguments[0].properties[3].value.test.right.expressions[0].argument MemberExpression: enter
2025-06-05T08:42:12.354Z babel program.body[6].body.body[1].body.body[2].argument.arguments[3].body.body[3].block.body[6].argument.properties[3].value.consequent.expressions[1].arguments[0].arguments[0].properties[3].value.test.right.expressions[0].argument MemberExpression: Recursing into...
2025-06-05T08:42:12.354Z babel program.body[6].body.body[1].body.body[2].argument.arguments[3].body.body[3].block.body[6].argument.properties[3].value.consequent.expressions[1].arguments[0].arguments[0].properties[3].value.test.right.expressions[0].argument.object MemberExpression: enter
2025-06-05T08:42:12.354Z babel program.body[6].body.body[1].body.body[2].argument.arguments[3].body.body[3].block.body[6].argument.properties[3].value.consequent.expressions[1].arguments[0].arguments[0].properties[3].value.test.right.expressions[0].argument.object MemberExpression: Recursing into...
2025-06-05T08:42:12.354Z babel program.body[6].body.body[1].body.body[2].argument.arguments[3].body.body[3].block.body[6].argument.properties[3].value.consequent.expressions[1].arguments[0].arguments[0].properties[3].value.test.right.expressions[0].argument.object.object MemberExpression: enter
2025-06-05T08:42:12.354Z babel program.body[6].body.body[1].body.body[2].argument.arguments[3].body.body[3].block.body[6].argument.properties[3].value.consequent.expressions[1].arguments[0].arguments[0].properties[3].value.test.right.expressions[0].argument.object.object MemberExpression: Recursing into...
2025-06-05T08:42:12.354Z babel program.body[6].body.body[1].body.body[2].argument.arguments[3].body.body[3].block.body[6].argument.properties[3].value.consequent.expressions[1].arguments[0].arguments[0].properties[3].value.test.right.expressions[0].argument.object.object.object CallExpression: enter
2025-06-05T08:42:12.354Z babel program.body[6].body.body[1].body.body[2].argument.arguments[3].body.body[3].block.body[6].argument.properties[3].value.consequent.expressions[1].arguments[0].arguments[0].properties[3].value.test.right.expressions[0].argument.object.object.object CallExpression: Recursing into...
2025-06-05T08:42:12.354Z babel program.body[6].body.body[1].body.body[2].argument.arguments[3].body.body[3].block.body[6].argument.properties[3].value.consequent.expressions[1].arguments[0].arguments[0].properties[3].value.test.right.expressions[0].argument.object.object.object CallExpression: exit
2025-06-05T08:42:12.354Z babel program.body[6].body.body[1].body.body[2].argument.arguments[3].body.body[3].block.body[6].argument.properties[3].value.consequent.expressions[1].arguments[0].arguments[0].properties[3].value.test.right.expressions[0].argument.object.object MemberExpression: exit
2025-06-05T08:42:12.354Z babel program.body[6].body.body[1].body.body[2].argument.arguments[3].body.body[3].block.body[6].argument.properties[3].value.consequent.expressions[1].arguments[0].arguments[0].properties[3].value.test.right.expressions[0].argument.object MemberExpression: exit
2025-06-05T08:42:12.354Z babel program.body[6].body.body[1].body.body[2].argument.arguments[3].body.body[3].block.body[6].argument.properties[3].value.consequent.expressions[1].arguments[0].arguments[0].properties[3].value.test.right.expressions[0].argument MemberExpression: exit
2025-06-05T08:42:12.354Z babel program.body[6].body.body[1].body.body[2].argument.arguments[3].body.body[3].block.body[6].argument.properties[3].value.consequent.expressions[1].arguments[0].arguments[0].properties[3].value.test.right.expressions[0] UpdateExpression: exit
2025-06-05T08:42:12.354Z babel program.body[6].body.body[1].body.body[2].argument.arguments[3].body.body[3].block.body[6].argument.properties[3].value.consequent.expressions[1].arguments[0].arguments[0].properties[3].value.test.right.expressions[1] BinaryExpression: enter
2025-06-05T08:42:12.354Z babel program.body[6].body.body[1].body.body[2].argument.arguments[3].body.body[3].block.body[6].argument.properties[3].value.consequent.expressions[1].arguments[0].arguments[0].properties[3].value.test.right.expressions[1] BinaryExpression: Recursing into...
2025-06-05T08:42:12.354Z babel program.body[6].body.body[1].body.body[2].argument.arguments[3].body.body[3].block.body[6].argument.properties[3].value.consequent.expressions[1].arguments[0].arguments[0].properties[3].value.test.right.expressions[1].right UnaryExpression: enter
2025-06-05T08:42:12.354Z babel program.body[6].body.body[1].body.body[2].argument.arguments[3].body.body[3].block.body[6].argument.properties[3].value.consequent.expressions[1].arguments[0].arguments[0].properties[3].value.test.right.expressions[1].right UnaryExpression: Recursing into...
2025-06-05T08:42:12.354Z babel program.body[6].body.body[1].body.body[2].argument.arguments[3].body.body[3].block.body[6].argument.properties[3].value.consequent.expressions[1].arguments[0].arguments[0].properties[3].value.test.right.expressions[1].right UnaryExpression: exit
2025-06-05T08:42:12.354Z babel program.body[6].body.body[1].body.body[2].argument.arguments[3].body.body[3].block.body[6].argument.properties[3].value.consequent.expressions[1].arguments[0].arguments[0].properties[3].value.test.right.expressions[1] BinaryExpression: exit
2025-06-05T08:42:12.354Z babel program.body[6].body.body[1].body.body[2].argument.arguments[3].body.body[3].block.body[6].argument.properties[3].value.consequent.expressions[1].arguments[0].arguments[0].properties[3].value.test.right SequenceExpression: exit
2025-06-05T08:42:12.354Z babel program.body[6].body.body[1].body.body[2].argument.arguments[3].body.body[3].block.body[6].argument.properties[3].value.consequent.expressions[1].arguments[0].arguments[0].properties[3].value.test LogicalExpression: exit
2025-06-05T08:42:12.354Z babel program.body[6].body.body[1].body.body[2].argument.arguments[3].body.body[3].block.body[6].argument.properties[3].value.consequent.expressions[1].arguments[0].arguments[0].properties[3].value.consequent SequenceExpression: enter
2025-06-05T08:42:12.354Z babel program.body[6].body.body[1].body.body[2].argument.arguments[3].body.body[3].block.body[6].argument.properties[3].value.consequent.expressions[1].arguments[0].arguments[0].properties[3].value.consequent SequenceExpression: Recursing into...
2025-06-05T08:42:12.354Z babel program.body[6].body.body[1].body.body[2].argument.arguments[3].body.body[3].block.body[6].argument.properties[3].value.consequent.expressions[1].arguments[0].arguments[0].properties[3].value.consequent.expressions[0] UpdateExpression: enter
2025-06-05T08:42:12.354Z babel program.body[6].body.body[1].body.body[2].argument.arguments[3].body.body[3].block.body[6].argument.properties[3].value.consequent.expressions[1].arguments[0].arguments[0].properties[3].value.consequent.expressions[0] UpdateExpression: Recursing into...
2025-06-05T08:42:12.354Z babel program.body[6].body.body[1].body.body[2].argument.arguments[3].body.body[3].block.body[6].argument.properties[3].value.consequent.expressions[1].arguments[0].arguments[0].properties[3].value.consequent.expressions[0].argument MemberExpression: enter
2025-06-05T08:42:12.354Z babel program.body[6].body.body[1].body.body[2].argument.arguments[3].body.body[3].block.body[6].argument.properties[3].value.consequent.expressions[1].arguments[0].arguments[0].properties[3].value.consequent.expressions[0].argument MemberExpression: Recursing into...
2025-06-05T08:42:12.354Z babel program.body[6].body.body[1].body.body[2].argument.arguments[3].body.body[3].block.body[6].argument.properties[3].value.consequent.expressions[1].arguments[0].arguments[0].properties[3].value.consequent.expressions[0].argument.object MemberExpression: enter
2025-06-05T08:42:12.354Z babel program.body[6].body.body[1].body.body[2].argument.arguments[3].body.body[3].block.body[6].argument.properties[3].value.consequent.expressions[1].arguments[0].arguments[0].properties[3].value.consequent.expressions[0].argument.object MemberExpression: Recursing into...
2025-06-05T08:42:12.354Z babel program.body[6].body.body[1].body.body[2].argument.arguments[3].body.body[3].block.body[6].argument.properties[3].value.consequent.expressions[1].arguments[0].arguments[0].properties[3].value.consequent.expressions[0].argument.object.object MemberExpression: enter
2025-06-05T08:42:12.354Z babel program.body[6].body.body[1].body.body[2].argument.arguments[3].body.body[3].block.body[6].argument.properties[3].value.consequent.expressions[1].arguments[0].arguments[0].properties[3].value.consequent.expressions[0].argument.object.object MemberExpression: Recursing into...
2025-06-05T08:42:12.354Z babel program.body[6].body.body[1].body.body[2].argument.arguments[3].body.body[3].block.body[6].argument.properties[3].value.consequent.expressions[1].arguments[0].arguments[0].properties[3].value.consequent.expressions[0].argument.object.object.object CallExpression: enter
2025-06-05T08:42:12.354Z babel program.body[6].body.body[1].body.body[2].argument.arguments[3].body.body[3].block.body[6].argument.properties[3].value.consequent.expressions[1].arguments[0].arguments[0].properties[3].value.consequent.expressions[0].argument.object.object.object CallExpression: Recursing into...
2025-06-05T08:42:12.354Z babel program.body[6].body.body[1].body.body[2].argument.arguments[3].body.body[3].block.body[6].argument.properties[3].value.consequent.expressions[1].arguments[0].arguments[0].properties[3].value.consequent.expressions[0].argument.object.object.object CallExpression: exit
2025-06-05T08:42:12.354Z babel program.body[6].body.body[1].body.body[2].argument.arguments[3].body.body[3].block.body[6].argument.properties[3].value.consequent.expressions[1].arguments[0].arguments[0].properties[3].value.consequent.expressions[0].argument.object.object MemberExpression: exit
2025-06-05T08:42:12.354Z babel program.body[6].body.body[1].body.body[2].argument.arguments[3].body.body[3].block.body[6].argument.properties[3].value.consequent.expressions[1].arguments[0].arguments[0].properties[3].value.consequent.expressions[0].argument.object MemberExpression: exit
2025-06-05T08:42:12.354Z babel program.body[6].body.body[1].body.body[2].argument.arguments[3].body.body[3].block.body[6].argument.properties[3].value.consequent.expressions[1].arguments[0].arguments[0].properties[3].value.consequent.expressions[0].argument MemberExpression: exit
2025-06-05T08:42:12.354Z babel program.body[6].body.body[1].body.body[2].argument.arguments[3].body.body[3].block.body[6].argument.properties[3].value.consequent.expressions[1].arguments[0].arguments[0].properties[3].value.consequent.expressions[0] UpdateExpression: exit
2025-06-05T08:42:12.354Z babel program.body[6].body.body[1].body.body[2].argument.arguments[3].body.body[3].block.body[6].argument.properties[3].value.consequent.expressions[1].arguments[0].arguments[0].properties[3].value.consequent SequenceExpression: exit
2025-06-05T08:42:12.354Z babel program.body[6].body.body[1].body.body[2].argument.arguments[3].body.body[3].block.body[6].argument.properties[3].value.consequent.expressions[1].arguments[0].arguments[0].properties[3].value.alternate SequenceExpression: enter
2025-06-05T08:42:12.354Z babel program.body[6].body.body[1].body.body[2].argument.arguments[3].body.body[3].block.body[6].argument.properties[3].value.consequent.expressions[1].arguments[0].arguments[0].properties[3].value.alternate SequenceExpression: Recursing into...
2025-06-05T08:42:12.354Z babel program.body[6].body.body[1].body.body[2].argument.arguments[3].body.body[3].block.body[6].argument.properties[3].value.consequent.expressions[1].arguments[0].arguments[0].properties[3].value.alternate.expressions[0] UpdateExpression: enter
2025-06-05T08:42:12.354Z babel program.body[6].body.body[1].body.body[2].argument.arguments[3].body.body[3].block.body[6].argument.properties[3].value.consequent.expressions[1].arguments[0].arguments[0].properties[3].value.alternate.expressions[0] UpdateExpression: Recursing into...
2025-06-05T08:42:12.354Z babel program.body[6].body.body[1].body.body[2].argument.arguments[3].body.body[3].block.body[6].argument.properties[3].value.consequent.expressions[1].arguments[0].arguments[0].properties[3].value.alternate.expressions[0].argument MemberExpression: enter
2025-06-05T08:42:12.354Z babel program.body[6].body.body[1].body.body[2].argument.arguments[3].body.body[3].block.body[6].argument.properties[3].value.consequent.expressions[1].arguments[0].arguments[0].properties[3].value.alternate.expressions[0].argument MemberExpression: Recursing into...
2025-06-05T08:42:12.354Z babel program.body[6].body.body[1].body.body[2].argument.arguments[3].body.body[3].block.body[6].argument.properties[3].value.consequent.expressions[1].arguments[0].arguments[0].properties[3].value.alternate.expressions[0].argument.object MemberExpression: enter
2025-06-05T08:42:12.354Z babel program.body[6].body.body[1].body.body[2].argument.arguments[3].body.body[3].block.body[6].argument.properties[3].value.consequent.expressions[1].arguments[0].arguments[0].properties[3].value.alternate.expressions[0].argument.object MemberExpression: Recursing into...
2025-06-05T08:42:12.354Z babel program.body[6].body.body[1].body.body[2].argument.arguments[3].body.body[3].block.body[6].argument.properties[3].value.consequent.expressions[1].arguments[0].arguments[0].properties[3].value.alternate.expressions[0].argument.object.object MemberExpression: enter
2025-06-05T08:42:12.354Z babel program.body[6].body.body[1].body.body[2].argument.arguments[3].body.body[3].block.body[6].argument.properties[3].value.consequent.expressions[1].arguments[0].arguments[0].properties[3].value.alternate.expressions[0].argument.object.object MemberExpression: Recursing into...
2025-06-05T08:42:12.354Z babel program.body[6].body.body[1].body.body[2].argument.arguments[3].body.body[3].block.body[6].argument.properties[3].value.consequent.expressions[1].arguments[0].arguments[0].properties[3].value.alternate.expressions[0].argument.object.object.object CallExpression: enter
2025-06-05T08:42:12.354Z babel program.body[6].body.body[1].body.body[2].argument.arguments[3].body.body[3].block.body[6].argument.properties[3].value.consequent.expressions[1].arguments[0].arguments[0].properties[3].value.alternate.expressions[0].argument.object.object.object CallExpression: Recursing into...
2025-06-05T08:42:12.354Z babel program.body[6].body.body[1].body.body[2].argument.arguments[3].body.body[3].block.body[6].argument.properties[3].value.consequent.expressions[1].arguments[0].arguments[0].properties[3].value.alternate.expressions[0].argument.object.object.object CallExpression: exit
2025-06-05T08:42:12.354Z babel program.body[6].body.body[1].body.body[2].argument.arguments[3].body.body[3].block.body[6].argument.properties[3].value.consequent.expressions[1].arguments[0].arguments[0].properties[3].value.alternate.expressions[0].argument.object.object MemberExpression: exit
2025-06-05T08:42:12.354Z babel program.body[6].body.body[1].body.body[2].argument.arguments[3].body.body[3].block.body[6].argument.properties[3].value.consequent.expressions[1].arguments[0].arguments[0].properties[3].value.alternate.expressions[0].argument.object MemberExpression: exit
2025-06-05T08:42:12.354Z babel program.body[6].body.body[1].body.body[2].argument.arguments[3].body.body[3].block.body[6].argument.properties[3].value.consequent.expressions[1].arguments[0].arguments[0].properties[3].value.alternate.expressions[0].argument MemberExpression: exit
2025-06-05T08:42:12.354Z babel program.body[6].body.body[1].body.body[2].argument.arguments[3].body.body[3].block.body[6].argument.properties[3].value.consequent.expressions[1].arguments[0].arguments[0].properties[3].value.alternate.expressions[0] UpdateExpression: exit
2025-06-05T08:42:12.354Z babel program.body[6].body.body[1].body.body[2].argument.arguments[3].body.body[3].block.body[6].argument.properties[3].value.consequent.expressions[1].arguments[0].arguments[0].properties[3].value.alternate SequenceExpression: exit
2025-06-05T08:42:12.354Z babel program.body[6].body.body[1].body.body[2].argument.arguments[3].body.body[3].block.body[6].argument.properties[3].value.consequent.expressions[1].arguments[0].arguments[0].properties[3].value ConditionalExpression: exit
2025-06-05T08:42:12.354Z babel program.body[6].body.body[1].body.body[2].argument.arguments[3].body.body[3].block.body[6].argument.properties[3].value.consequent.expressions[1].arguments[0].arguments[0].properties[3] ObjectProperty: exit
2025-06-05T08:42:12.354Z babel program.body[6].body.body[1].body.body[2].argument.arguments[3].body.body[3].block.body[6].argument.properties[3].value.consequent.expressions[1].arguments[0].arguments[0] ObjectExpression: exit
2025-06-05T08:42:12.354Z babel program.body[6].body.body[1].body.body[2].argument.arguments[3].body.body[3].block.body[6].argument.properties[3].value.consequent.expressions[1].arguments[0].arguments[1] LogicalExpression: enter
2025-06-05T08:42:12.354Z babel program.body[6].body.body[1].body.body[2].argument.arguments[3].body.body[3].block.body[6].argument.properties[3].value.consequent.expressions[1].arguments[0].arguments[1] LogicalExpression: Recursing into...
2025-06-05T08:42:12.354Z babel program.body[6].body.body[1].body.body[2].argument.arguments[3].body.body[3].block.body[6].argument.properties[3].value.consequent.expressions[1].arguments[0].arguments[1].left SequenceExpression: enter
2025-06-05T08:42:12.354Z babel program.body[6].body.body[1].body.body[2].argument.arguments[3].body.body[3].block.body[6].argument.properties[3].value.consequent.expressions[1].arguments[0].arguments[1].left SequenceExpression: Recursing into...
2025-06-05T08:42:12.354Z babel program.body[6].body.body[1].body.body[2].argument.arguments[3].body.body[3].block.body[6].argument.properties[3].value.consequent.expressions[1].arguments[0].arguments[1].left.expressions[0] UpdateExpression: enter
2025-06-05T08:42:12.354Z babel program.body[6].body.body[1].body.body[2].argument.arguments[3].body.body[3].block.body[6].argument.properties[3].value.consequent.expressions[1].arguments[0].arguments[1].left.expressions[0] UpdateExpression: Recursing into...
2025-06-05T08:42:12.354Z babel program.body[6].body.body[1].body.body[2].argument.arguments[3].body.body[3].block.body[6].argument.properties[3].value.consequent.expressions[1].arguments[0].arguments[1].left.expressions[0].argument MemberExpression: enter
2025-06-05T08:42:12.354Z babel program.body[6].body.body[1].body.body[2].argument.arguments[3].body.body[3].block.body[6].argument.properties[3].value.consequent.expressions[1].arguments[0].arguments[1].left.expressions[0].argument MemberExpression: Recursing into...
2025-06-05T08:42:12.354Z babel program.body[6].body.body[1].body.body[2].argument.arguments[3].body.body[3].block.body[6].argument.properties[3].value.consequent.expressions[1].arguments[0].arguments[1].left.expressions[0].argument.object MemberExpression: enter
2025-06-05T08:42:12.354Z babel program.body[6].body.body[1].body.body[2].argument.arguments[3].body.body[3].block.body[6].argument.properties[3].value.consequent.expressions[1].arguments[0].arguments[1].left.expressions[0].argument.object MemberExpression: Recursing into...
2025-06-05T08:42:12.354Z babel program.body[6].body.body[1].body.body[2].argument.arguments[3].body.body[3].block.body[6].argument.properties[3].value.consequent.expressions[1].arguments[0].arguments[1].left.expressions[0].argument.object.object MemberExpression: enter
2025-06-05T08:42:12.354Z babel program.body[6].body.body[1].body.body[2].argument.arguments[3].body.body[3].block.body[6].argument.properties[3].value.consequent.expressions[1].arguments[0].arguments[1].left.expressions[0].argument.object.object MemberExpression: Recursing into...
2025-06-05T08:42:12.354Z babel program.body[6].body.body[1].body.body[2].argument.arguments[3].body.body[3].block.body[6].argument.properties[3].value.consequent.expressions[1].arguments[0].arguments[1].left.expressions[0].argument.object.object.object CallExpression: enter
2025-06-05T08:42:12.354Z babel program.body[6].body.body[1].body.body[2].argument.arguments[3].body.body[3].block.body[6].argument.properties[3].value.consequent.expressions[1].arguments[0].arguments[1].left.expressions[0].argument.object.object.object CallExpression: Recursing into...
2025-06-05T08:42:12.354Z babel program.body[6].body.body[1].body.body[2].argument.arguments[3].body.body[3].block.body[6].argument.properties[3].value.consequent.expressions[1].arguments[0].arguments[1].left.expressions[0].argument.object.object.object CallExpression: exit
2025-06-05T08:42:12.354Z babel program.body[6].body.body[1].body.body[2].argument.arguments[3].body.body[3].block.body[6].argument.properties[3].value.consequent.expressions[1].arguments[0].arguments[1].left.expressions[0].argument.object.object MemberExpression: exit
2025-06-05T08:42:12.354Z babel program.body[6].body.body[1].body.body[2].argument.arguments[3].body.body[3].block.body[6].argument.properties[3].value.consequent.expressions[1].arguments[0].arguments[1].left.expressions[0].argument.object MemberExpression: exit
2025-06-05T08:42:12.354Z babel program.body[6].body.body[1].body.body[2].argument.arguments[3].body.body[3].block.body[6].argument.properties[3].value.consequent.expressions[1].arguments[0].arguments[1].left.expressions[0].argument MemberExpression: exit
2025-06-05T08:42:12.354Z babel program.body[6].body.body[1].body.body[2].argument.arguments[3].body.body[3].block.body[6].argument.properties[3].value.consequent.expressions[1].arguments[0].arguments[1].left.expressions[0] UpdateExpression: exit
2025-06-05T08:42:12.354Z babel program.body[6].body.body[1].body.body[2].argument.arguments[3].body.body[3].block.body[6].argument.properties[3].value.consequent.expressions[1].arguments[0].arguments[1].left.expressions[1] BinaryExpression: enter
2025-06-05T08:42:12.354Z babel program.body[6].body.body[1].body.body[2].argument.arguments[3].body.body[3].block.body[6].argument.properties[3].value.consequent.expressions[1].arguments[0].arguments[1].left.expressions[1] BinaryExpression: Recursing into...
2025-06-05T08:42:12.354Z babel program.body[6].body.body[1].body.body[2].argument.arguments[3].body.body[3].block.body[6].argument.properties[3].value.consequent.expressions[1].arguments[0].arguments[1].left.expressions[1].left CallExpression: enter
2025-06-05T08:42:12.354Z babel program.body[6].body.body[1].body.body[2].argument.arguments[3].body.body[3].block.body[6].argument.properties[3].value.consequent.expressions[1].arguments[0].arguments[1].left.expressions[1].left CallExpression: Recursing into...
2025-06-05T08:42:12.354Z babel program.body[6].body.body[1].body.body[2].argument.arguments[3].body.body[3].block.body[6].argument.properties[3].value.consequent.expressions[1].arguments[0].arguments[1].left.expressions[1].left.callee MemberExpression: enter
2025-06-05T08:42:12.354Z babel program.body[6].body.body[1].body.body[2].argument.arguments[3].body.body[3].block.body[6].argument.properties[3].value.consequent.expressions[1].arguments[0].arguments[1].left.expressions[1].left.callee MemberExpression: Recursing into...
2025-06-05T08:42:12.354Z babel program.body[6].body.body[1].body.body[2].argument.arguments[3].body.body[3].block.body[6].argument.properties[3].value.consequent.expressions[1].arguments[0].arguments[1].left.expressions[1].left.callee MemberExpression: exit
2025-06-05T08:42:12.354Z babel program.body[6].body.body[1].body.body[2].argument.arguments[3].body.body[3].block.body[6].argument.properties[3].value.consequent.expressions[1].arguments[0].arguments[1].left.expressions[1].left.arguments[0] MemberExpression: enter
2025-06-05T08:42:12.354Z babel program.body[6].body.body[1].body.body[2].argument.arguments[3].body.body[3].block.body[6].argument.properties[3].value.consequent.expressions[1].arguments[0].arguments[1].left.expressions[1].left.arguments[0] MemberExpression: Recursing into...
2025-06-05T08:42:12.354Z babel program.body[6].body.body[1].body.body[2].argument.arguments[3].body.body[3].block.body[6].argument.properties[3].value.consequent.expressions[1].arguments[0].arguments[1].left.expressions[1].left.arguments[0] MemberExpression: exit
2025-06-05T08:42:12.354Z babel program.body[6].body.body[1].body.body[2].argument.arguments[3].body.body[3].block.body[6].argument.properties[3].value.consequent.expressions[1].arguments[0].arguments[1].left.expressions[1].left CallExpression: exit
2025-06-05T08:42:12.354Z babel program.body[6].body.body[1].body.body[2].argument.arguments[3].body.body[3].block.body[6].argument.properties[3].value.consequent.expressions[1].arguments[0].arguments[1].left.expressions[1] BinaryExpression: exit
2025-06-05T08:42:12.354Z babel program.body[6].body.body[1].body.body[2].argument.arguments[3].body.body[3].block.body[6].argument.properties[3].value.consequent.expressions[1].arguments[0].arguments[1].left SequenceExpression: exit
2025-06-05T08:42:12.354Z babel program.body[6].body.body[1].body.body[2].argument.arguments[3].body.body[3].block.body[6].argument.properties[3].value.consequent.expressions[1].arguments[0].arguments[1].right SequenceExpression: enter
2025-06-05T08:42:12.354Z babel program.body[6].body.body[1].body.body[2].argument.arguments[3].body.body[3].block.body[6].argument.properties[3].value.consequent.expressions[1].arguments[0].arguments[1].right SequenceExpression: Recursing into...
2025-06-05T08:42:12.354Z babel program.body[6].body.body[1].body.body[2].argument.arguments[3].body.body[3].block.body[6].argument.properties[3].value.consequent.expressions[1].arguments[0].arguments[1].right.expressions[0] UpdateExpression: enter
2025-06-05T08:42:12.354Z babel program.body[6].body.body[1].body.body[2].argument.arguments[3].body.body[3].block.body[6].argument.properties[3].value.consequent.expressions[1].arguments[0].arguments[1].right.expressions[0] UpdateExpression: Recursing into...
2025-06-05T08:42:12.354Z babel program.body[6].body.body[1].body.body[2].argument.arguments[3].body.body[3].block.body[6].argument.properties[3].value.consequent.expressions[1].arguments[0].arguments[1].right.expressions[0].argument MemberExpression: enter
2025-06-05T08:42:12.354Z babel program.body[6].body.body[1].body.body[2].argument.arguments[3].body.body[3].block.body[6].argument.properties[3].value.consequent.expressions[1].arguments[0].arguments[1].right.expressions[0].argument MemberExpression: Recursing into...
2025-06-05T08:42:12.354Z babel program.body[6].body.body[1].body.body[2].argument.arguments[3].body.body[3].block.body[6].argument.properties[3].value.consequent.expressions[1].arguments[0].arguments[1].right.expressions[0].argument.object MemberExpression: enter
2025-06-05T08:42:12.354Z babel program.body[6].body.body[1].body.body[2].argument.arguments[3].body.body[3].block.body[6].argument.properties[3].value.consequent.expressions[1].arguments[0].arguments[1].right.expressions[0].argument.object MemberExpression: Recursing into...
2025-06-05T08:42:12.354Z babel program.body[6].body.body[1].body.body[2].argument.arguments[3].body.body[3].block.body[6].argument.properties[3].value.consequent.expressions[1].arguments[0].arguments[1].right.expressions[0].argument.object.object MemberExpression: enter
2025-06-05T08:42:12.354Z babel program.body[6].body.body[1].body.body[2].argument.arguments[3].body.body[3].block.body[6].argument.properties[3].value.consequent.expressions[1].arguments[0].arguments[1].right.expressions[0].argument.object.object MemberExpression: Recursing into...
2025-06-05T08:42:12.354Z babel program.body[6].body.body[1].body.body[2].argument.arguments[3].body.body[3].block.body[6].argument.properties[3].value.consequent.expressions[1].arguments[0].arguments[1].right.expressions[0].argument.object.object.object CallExpression: enter
2025-06-05T08:42:12.354Z babel program.body[6].body.body[1].body.body[2].argument.arguments[3].body.body[3].block.body[6].argument.properties[3].value.consequent.expressions[1].arguments[0].arguments[1].right.expressions[0].argument.object.object.object CallExpression: Recursing into...
2025-06-05T08:42:12.354Z babel program.body[6].body.body[1].body.body[2].argument.arguments[3].body.body[3].block.body[6].argument.properties[3].value.consequent.expressions[1].arguments[0].arguments[1].right.expressions[0].argument.object.object.object CallExpression: exit
2025-06-05T08:42:12.354Z babel program.body[6].body.body[1].body.body[2].argument.arguments[3].body.body[3].block.body[6].argument.properties[3].value.consequent.expressions[1].arguments[0].arguments[1].right.expressions[0].argument.object.object MemberExpression: exit
2025-06-05T08:42:12.354Z babel program.body[6].body.body[1].body.body[2].argument.arguments[3].body.body[3].block.body[6].argument.properties[3].value.consequent.expressions[1].arguments[0].arguments[1].right.expressions[0].argument.object MemberExpression: exit
2025-06-05T08:42:12.354Z babel program.body[6].body.body[1].body.body[2].argument.arguments[3].body.body[3].block.body[6].argument.properties[3].value.consequent.expressions[1].arguments[0].arguments[1].right.expressions[0].argument MemberExpression: exit
2025-06-05T08:42:12.354Z babel program.body[6].body.body[1].body.body[2].argument.arguments[3].body.body[3].block.body[6].argument.properties[3].value.consequent.expressions[1].arguments[0].arguments[1].right.expressions[0] UpdateExpression: exit
2025-06-05T08:42:12.354Z babel program.body[6].body.body[1].body.body[2].argument.arguments[3].body.body[3].block.body[6].argument.properties[3].value.consequent.expressions[1].arguments[0].arguments[1].right.expressions[1] ObjectExpression: enter
2025-06-05T08:42:12.354Z babel program.body[6].body.body[1].body.body[2].argument.arguments[3].body.body[3].block.body[6].argument.properties[3].value.consequent.expressions[1].arguments[0].arguments[1].right.expressions[1] ObjectExpression: Recursing into...
2025-06-05T08:42:12.354Z babel program.body[6].body.body[1].body.body[2].argument.arguments[3].body.body[3].block.body[6].argument.properties[3].value.consequent.expressions[1].arguments[0].arguments[1].right.expressions[1].properties[0] ObjectProperty: enter
2025-06-05T08:42:12.355Z babel program.body[6].body.body[1].body.body[2].argument.arguments[3].body.body[3].block.body[6].argument.properties[3].value.consequent.expressions[1].arguments[0].arguments[1].right.expressions[1].properties[0] ObjectProperty: Recursing into...
2025-06-05T08:42:12.355Z babel program.body[6].body.body[1].body.body[2].argument.arguments[3].body.body[3].block.body[6].argument.properties[3].value.consequent.expressions[1].arguments[0].arguments[1].right.expressions[1].properties[0].value CallExpression: enter
2025-06-05T08:42:12.355Z babel program.body[6].body.body[1].body.body[2].argument.arguments[3].body.body[3].block.body[6].argument.properties[3].value.consequent.expressions[1].arguments[0].arguments[1].right.expressions[1].properties[0].value CallExpression: Recursing into...
2025-06-05T08:42:12.355Z babel program.body[6].body.body[1].body.body[2].argument.arguments[3].body.body[3].block.body[6].argument.properties[3].value.consequent.expressions[1].arguments[0].arguments[1].right.expressions[1].properties[0].value.callee MemberExpression: enter
2025-06-05T08:42:12.355Z babel program.body[6].body.body[1].body.body[2].argument.arguments[3].body.body[3].block.body[6].argument.properties[3].value.consequent.expressions[1].arguments[0].arguments[1].right.expressions[1].properties[0].value.callee MemberExpression: Recursing into...
2025-06-05T08:42:12.355Z babel program.body[6].body.body[1].body.body[2].argument.arguments[3].body.body[3].block.body[6].argument.properties[3].value.consequent.expressions[1].arguments[0].arguments[1].right.expressions[1].properties[0].value.callee MemberExpression: exit
2025-06-05T08:42:12.355Z babel program.body[6].body.body[1].body.body[2].argument.arguments[3].body.body[3].block.body[6].argument.properties[3].value.consequent.expressions[1].arguments[0].arguments[1].right.expressions[1].properties[0].value.arguments[0] MemberExpression: enter
2025-06-05T08:42:12.355Z babel program.body[6].body.body[1].body.body[2].argument.arguments[3].body.body[3].block.body[6].argument.properties[3].value.consequent.expressions[1].arguments[0].arguments[1].right.expressions[1].properties[0].value.arguments[0] MemberExpression: Recursing into...
2025-06-05T08:42:12.355Z babel program.body[6].body.body[1].body.body[2].argument.arguments[3].body.body[3].block.body[6].argument.properties[3].value.consequent.expressions[1].arguments[0].arguments[1].right.expressions[1].properties[0].value.arguments[0] MemberExpression: exit
2025-06-05T08:42:12.355Z babel program.body[6].body.body[1].body.body[2].argument.arguments[3].body.body[3].block.body[6].argument.properties[3].value.consequent.expressions[1].arguments[0].arguments[1].right.expressions[1].properties[0].value CallExpression: exit
2025-06-05T08:42:12.355Z babel program.body[6].body.body[1].body.body[2].argument.arguments[3].body.body[3].block.body[6].argument.properties[3].value.consequent.expressions[1].arguments[0].arguments[1].right.expressions[1].properties[0] ObjectProperty: exit
2025-06-05T08:42:12.355Z babel program.body[6].body.body[1].body.body[2].argument.arguments[3].body.body[3].block.body[6].argument.properties[3].value.consequent.expressions[1].arguments[0].arguments[1].right.expressions[1] ObjectExpression: exit
2025-06-05T08:42:12.355Z babel program.body[6].body.body[1].body.body[2].argument.arguments[3].body.body[3].block.body[6].argument.properties[3].value.consequent.expressions[1].arguments[0].arguments[1].right SequenceExpression: exit
2025-06-05T08:42:12.355Z babel program.body[6].body.body[1].body.body[2].argument.arguments[3].body.body[3].block.body[6].argument.properties[3].value.consequent.expressions[1].arguments[0].arguments[1] LogicalExpression: exit
2025-06-05T08:42:12.355Z babel program.body[6].body.body[1].body.body[2].argument.arguments[3].body.body[3].block.body[6].argument.properties[3].value.consequent.expressions[1].arguments[0] CallExpression: exit
2025-06-05T08:42:12.355Z babel program.body[6].body.body[1].body.body[2].argument.arguments[3].body.body[3].block.body[6].argument.properties[3].value.consequent.expressions[1].arguments[1] LogicalExpression: enter
2025-06-05T08:42:12.355Z babel program.body[6].body.body[1].body.body[2].argument.arguments[3].body.body[3].block.body[6].argument.properties[3].value.consequent.expressions[1].arguments[1] LogicalExpression: Recursing into...
2025-06-05T08:42:12.355Z babel program.body[6].body.body[1].body.body[2].argument.arguments[3].body.body[3].block.body[6].argument.properties[3].value.consequent.expressions[1].arguments[1].left SequenceExpression: enter
2025-06-05T08:42:12.355Z babel program.body[6].body.body[1].body.body[2].argument.arguments[3].body.body[3].block.body[6].argument.properties[3].value.consequent.expressions[1].arguments[1].left SequenceExpression: Recursing into...
2025-06-05T08:42:12.355Z babel program.body[6].body.body[1].body.body[2].argument.arguments[3].body.body[3].block.body[6].argument.properties[3].value.consequent.expressions[1].arguments[1].left.expressions[0] UpdateExpression: enter
2025-06-05T08:42:12.355Z babel program.body[6].body.body[1].body.body[2].argument.arguments[3].body.body[3].block.body[6].argument.properties[3].value.consequent.expressions[1].arguments[1].left.expressions[0] UpdateExpression: Recursing into...
2025-06-05T08:42:12.355Z babel program.body[6].body.body[1].body.body[2].argument.arguments[3].body.body[3].block.body[6].argument.properties[3].value.consequent.expressions[1].arguments[1].left.expressions[0].argument MemberExpression: enter
2025-06-05T08:42:12.355Z babel program.body[6].body.body[1].body.body[2].argument.arguments[3].body.body[3].block.body[6].argument.properties[3].value.consequent.expressions[1].arguments[1].left.expressions[0].argument MemberExpression: Recursing into...
2025-06-05T08:42:12.355Z babel program.body[6].body.body[1].body.body[2].argument.arguments[3].body.body[3].block.body[6].argument.properties[3].value.consequent.expressions[1].arguments[1].left.expressions[0].argument.object MemberExpression: enter
2025-06-05T08:42:12.355Z babel program.body[6].body.body[1].body.body[2].argument.arguments[3].body.body[3].block.body[6].argument.properties[3].value.consequent.expressions[1].arguments[1].left.expressions[0].argument.object MemberExpression: Recursing into...
2025-06-05T08:42:12.355Z babel program.body[6].body.body[1].body.body[2].argument.arguments[3].body.body[3].block.body[6].argument.properties[3].value.consequent.expressions[1].arguments[1].left.expressions[0].argument.object.object MemberExpression: enter
2025-06-05T08:42:12.355Z babel program.body[6].body.body[1].body.body[2].argument.arguments[3].body.body[3].block.body[6].argument.properties[3].value.consequent.expressions[1].arguments[1].left.expressions[0].argument.object.object MemberExpression: Recursing into...
2025-06-05T08:42:12.355Z babel program.body[6].body.body[1].body.body[2].argument.arguments[3].body.body[3].block.body[6].argument.properties[3].value.consequent.expressions[1].arguments[1].left.expressions[0].argument.object.object.object CallExpression: enter
2025-06-05T08:42:12.355Z babel program.body[6].body.body[1].body.body[2].argument.arguments[3].body.body[3].block.body[6].argument.properties[3].value.consequent.expressions[1].arguments[1].left.expressions[0].argument.object.object.object CallExpression: Recursing into...
2025-06-05T08:42:12.355Z babel program.body[6].body.body[1].body.body[2].argument.arguments[3].body.body[3].block.body[6].argument.properties[3].value.consequent.expressions[1].arguments[1].left.expressions[0].argument.object.object.object CallExpression: exit
2025-06-05T08:42:12.355Z babel program.body[6].body.body[1].body.body[2].argument.arguments[3].body.body[3].block.body[6].argument.properties[3].value.consequent.expressions[1].arguments[1].left.expressions[0].argument.object.object MemberExpression: exit
2025-06-05T08:42:12.355Z babel program.body[6].body.body[1].body.body[2].argument.arguments[3].body.body[3].block.body[6].argument.properties[3].value.consequent.expressions[1].arguments[1].left.expressions[0].argument.object MemberExpression: exit
2025-06-05T08:42:12.355Z babel program.body[6].body.body[1].body.body[2].argument.arguments[3].body.body[3].block.body[6].argument.properties[3].value.consequent.expressions[1].arguments[1].left.expressions[0].argument MemberExpression: exit
2025-06-05T08:42:12.355Z babel program.body[6].body.body[1].body.body[2].argument.arguments[3].body.body[3].block.body[6].argument.properties[3].value.consequent.expressions[1].arguments[1].left.expressions[0] UpdateExpression: exit
2025-06-05T08:42:12.355Z babel program.body[6].body.body[1].body.body[2].argument.arguments[3].body.body[3].block.body[6].argument.properties[3].value.consequent.expressions[1].arguments[1].left.expressions[1] BinaryExpression: enter
2025-06-05T08:42:12.355Z babel program.body[6].body.body[1].body.body[2].argument.arguments[3].body.body[3].block.body[6].argument.properties[3].value.consequent.expressions[1].arguments[1].left.expressions[1] BinaryExpression: Recursing into...
2025-06-05T08:42:12.355Z babel program.body[6].body.body[1].body.body[2].argument.arguments[3].body.body[3].block.body[6].argument.properties[3].value.consequent.expressions[1].arguments[1].left.expressions[1].left CallExpression: enter
2025-06-05T08:42:12.355Z babel program.body[6].body.body[1].body.body[2].argument.arguments[3].body.body[3].block.body[6].argument.properties[3].value.consequent.expressions[1].arguments[1].left.expressions[1].left CallExpression: Recursing into...
2025-06-05T08:42:12.355Z babel program.body[6].body.body[1].body.body[2].argument.arguments[3].body.body[3].block.body[6].argument.properties[3].value.consequent.expressions[1].arguments[1].left.expressions[1].left.callee MemberExpression: enter
2025-06-05T08:42:12.355Z babel program.body[6].body.body[1].body.body[2].argument.arguments[3].body.body[3].block.body[6].argument.properties[3].value.consequent.expressions[1].arguments[1].left.expressions[1].left.callee MemberExpression: Recursing into...
2025-06-05T08:42:12.355Z babel program.body[6].body.body[1].body.body[2].argument.arguments[3].body.body[3].block.body[6].argument.properties[3].value.consequent.expressions[1].arguments[1].left.expressions[1].left.callee MemberExpression: exit
2025-06-05T08:42:12.355Z babel program.body[6].body.body[1].body.body[2].argument.arguments[3].body.body[3].block.body[6].argument.properties[3].value.consequent.expressions[1].arguments[1].left.expressions[1].left.arguments[0] MemberExpression: enter
2025-06-05T08:42:12.355Z babel program.body[6].body.body[1].body.body[2].argument.arguments[3].body.body[3].block.body[6].argument.properties[3].value.consequent.expressions[1].arguments[1].left.expressions[1].left.arguments[0] MemberExpression: Recursing into...
2025-06-05T08:42:12.355Z babel program.body[6].body.body[1].body.body[2].argument.arguments[3].body.body[3].block.body[6].argument.properties[3].value.consequent.expressions[1].arguments[1].left.expressions[1].left.arguments[0] MemberExpression: exit
2025-06-05T08:42:12.355Z babel program.body[6].body.body[1].body.body[2].argument.arguments[3].body.body[3].block.body[6].argument.properties[3].value.consequent.expressions[1].arguments[1].left.expressions[1].left CallExpression: exit
2025-06-05T08:42:12.355Z babel program.body[6].body.body[1].body.body[2].argument.arguments[3].body.body[3].block.body[6].argument.properties[3].value.consequent.expressions[1].arguments[1].left.expressions[1] BinaryExpression: exit
2025-06-05T08:42:12.355Z babel program.body[6].body.body[1].body.body[2].argument.arguments[3].body.body[3].block.body[6].argument.properties[3].value.consequent.expressions[1].arguments[1].left SequenceExpression: exit
2025-06-05T08:42:12.355Z babel program.body[6].body.body[1].body.body[2].argument.arguments[3].body.body[3].block.body[6].argument.properties[3].value.consequent.expressions[1].arguments[1].right SequenceExpression: enter
2025-06-05T08:42:12.355Z babel program.body[6].body.body[1].body.body[2].argument.arguments[3].body.body[3].block.body[6].argument.properties[3].value.consequent.expressions[1].arguments[1].right SequenceExpression: Recursing into...
2025-06-05T08:42:12.355Z babel program.body[6].body.body[1].body.body[2].argument.arguments[3].body.body[3].block.body[6].argument.properties[3].value.consequent.expressions[1].arguments[1].right.expressions[0] UpdateExpression: enter
2025-06-05T08:42:12.355Z babel program.body[6].body.body[1].body.body[2].argument.arguments[3].body.body[3].block.body[6].argument.properties[3].value.consequent.expressions[1].arguments[1].right.expressions[0] UpdateExpression: Recursing into...
2025-06-05T08:42:12.355Z babel program.body[6].body.body[1].body.body[2].argument.arguments[3].body.body[3].block.body[6].argument.properties[3].value.consequent.expressions[1].arguments[1].right.expressions[0].argument MemberExpression: enter
2025-06-05T08:42:12.355Z babel program.body[6].body.body[1].body.body[2].argument.arguments[3].body.body[3].block.body[6].argument.properties[3].value.consequent.expressions[1].arguments[1].right.expressions[0].argument MemberExpression: Recursing into...
2025-06-05T08:42:12.355Z babel program.body[6].body.body[1].body.body[2].argument.arguments[3].body.body[3].block.body[6].argument.properties[3].value.consequent.expressions[1].arguments[1].right.expressions[0].argument.object MemberExpression: enter
2025-06-05T08:42:12.355Z babel program.body[6].body.body[1].body.body[2].argument.arguments[3].body.body[3].block.body[6].argument.properties[3].value.consequent.expressions[1].arguments[1].right.expressions[0].argument.object MemberExpression: Recursing into...
2025-06-05T08:42:12.355Z babel program.body[6].body.body[1].body.body[2].argument.arguments[3].body.body[3].block.body[6].argument.properties[3].value.consequent.expressions[1].arguments[1].right.expressions[0].argument.object.object MemberExpression: enter
2025-06-05T08:42:12.355Z babel program.body[6].body.body[1].body.body[2].argument.arguments[3].body.body[3].block.body[6].argument.properties[3].value.consequent.expressions[1].arguments[1].right.expressions[0].argument.object.object MemberExpression: Recursing into...
2025-06-05T08:42:12.355Z babel program.body[6].body.body[1].body.body[2].argument.arguments[3].body.body[3].block.body[6].argument.properties[3].value.consequent.expressions[1].arguments[1].right.expressions[0].argument.object.object.object CallExpression: enter
2025-06-05T08:42:12.355Z babel program.body[6].body.body[1].body.body[2].argument.arguments[3].body.body[3].block.body[6].argument.properties[3].value.consequent.expressions[1].arguments[1].right.expressions[0].argument.object.object.object CallExpression: Recursing into...
2025-06-05T08:42:12.355Z babel program.body[6].body.body[1].body.body[2].argument.arguments[3].body.body[3].block.body[6].argument.properties[3].value.consequent.expressions[1].arguments[1].right.expressions[0].argument.object.object.object CallExpression: exit
2025-06-05T08:42:12.355Z babel program.body[6].body.body[1].body.body[2].argument.arguments[3].body.body[3].block.body[6].argument.properties[3].value.consequent.expressions[1].arguments[1].right.expressions[0].argument.object.object MemberExpression: exit
2025-06-05T08:42:12.355Z babel program.body[6].body.body[1].body.body[2].argument.arguments[3].body.body[3].block.body[6].argument.properties[3].value.consequent.expressions[1].arguments[1].right.expressions[0].argument.object MemberExpression: exit
2025-06-05T08:42:12.355Z babel program.body[6].body.body[1].body.body[2].argument.arguments[3].body.body[3].block.body[6].argument.properties[3].value.consequent.expressions[1].arguments[1].right.expressions[0].argument MemberExpression: exit
2025-06-05T08:42:12.355Z babel program.body[6].body.body[1].body.body[2].argument.arguments[3].body.body[3].block.body[6].argument.properties[3].value.consequent.expressions[1].arguments[1].right.expressions[0] UpdateExpression: exit
2025-06-05T08:42:12.355Z babel program.body[6].body.body[1].body.body[2].argument.arguments[3].body.body[3].block.body[6].argument.properties[3].value.consequent.expressions[1].arguments[1].right.expressions[1] ObjectExpression: enter
2025-06-05T08:42:12.355Z babel program.body[6].body.body[1].body.body[2].argument.arguments[3].body.body[3].block.body[6].argument.properties[3].value.consequent.expressions[1].arguments[1].right.expressions[1] ObjectExpression: Recursing into...
2025-06-05T08:42:12.355Z babel program.body[6].body.body[1].body.body[2].argument.arguments[3].body.body[3].block.body[6].argument.properties[3].value.consequent.expressions[1].arguments[1].right.expressions[1].properties[0] ObjectProperty: enter
2025-06-05T08:42:12.355Z babel program.body[6].body.body[1].body.body[2].argument.arguments[3].body.body[3].block.body[6].argument.properties[3].value.consequent.expressions[1].arguments[1].right.expressions[1].properties[0] ObjectProperty: Recursing into...
2025-06-05T08:42:12.355Z babel program.body[6].body.body[1].body.body[2].argument.arguments[3].body.body[3].block.body[6].argument.properties[3].value.consequent.expressions[1].arguments[1].right.expressions[1].properties[0].value CallExpression: enter
2025-06-05T08:42:12.355Z babel program.body[6].body.body[1].body.body[2].argument.arguments[3].body.body[3].block.body[6].argument.properties[3].value.consequent.expressions[1].arguments[1].right.expressions[1].properties[0].value CallExpression: Recursing into...
2025-06-05T08:42:12.355Z babel program.body[6].body.body[1].body.body[2].argument.arguments[3].body.body[3].block.body[6].argument.properties[3].value.consequent.expressions[1].arguments[1].right.expressions[1].properties[0].value.callee MemberExpression: enter
2025-06-05T08:42:12.355Z babel program.body[6].body.body[1].body.body[2].argument.arguments[3].body.body[3].block.body[6].argument.properties[3].value.consequent.expressions[1].arguments[1].right.expressions[1].properties[0].value.callee MemberExpression: Recursing into...
2025-06-05T08:42:12.355Z babel program.body[6].body.body[1].body.body[2].argument.arguments[3].body.body[3].block.body[6].argument.properties[3].value.consequent.expressions[1].arguments[1].right.expressions[1].properties[0].value.callee MemberExpression: exit
2025-06-05T08:42:12.355Z babel program.body[6].body.body[1].body.body[2].argument.arguments[3].body.body[3].block.body[6].argument.properties[3].value.consequent.expressions[1].arguments[1].right.expressions[1].properties[0].value.arguments[0] MemberExpression: enter
2025-06-05T08:42:12.355Z babel program.body[6].body.body[1].body.body[2].argument.arguments[3].body.body[3].block.body[6].argument.properties[3].value.consequent.expressions[1].arguments[1].right.expressions[1].properties[0].value.arguments[0] MemberExpression: Recursing into...
2025-06-05T08:42:12.355Z babel program.body[6].body.body[1].body.body[2].argument.arguments[3].body.body[3].block.body[6].argument.properties[3].value.consequent.expressions[1].arguments[1].right.expressions[1].properties[0].value.arguments[0] MemberExpression: exit
2025-06-05T08:42:12.355Z babel program.body[6].body.body[1].body.body[2].argument.arguments[3].body.body[3].block.body[6].argument.properties[3].value.consequent.expressions[1].arguments[1].right.expressions[1].properties[0].value CallExpression: exit
2025-06-05T08:42:12.355Z babel program.body[6].body.body[1].body.body[2].argument.arguments[3].body.body[3].block.body[6].argument.properties[3].value.consequent.expressions[1].arguments[1].right.expressions[1].properties[0] ObjectProperty: exit
2025-06-05T08:42:12.355Z babel program.body[6].body.body[1].body.body[2].argument.arguments[3].body.body[3].block.body[6].argument.properties[3].value.consequent.expressions[1].arguments[1].right.expressions[1] ObjectExpression: exit
2025-06-05T08:42:12.355Z babel program.body[6].body.body[1].body.body[2].argument.arguments[3].body.body[3].block.body[6].argument.properties[3].value.consequent.expressions[1].arguments[1].right SequenceExpression: exit
2025-06-05T08:42:12.355Z babel program.body[6].body.body[1].body.body[2].argument.arguments[3].body.body[3].block.body[6].argument.properties[3].value.consequent.expressions[1].arguments[1] LogicalExpression: exit
2025-06-05T08:42:12.355Z babel program.body[6].body.body[1].body.body[2].argument.arguments[3].body.body[3].block.body[6].argument.properties[3].value.consequent.expressions[1] CallExpression: exit
2025-06-05T08:42:12.355Z babel program.body[6].body.body[1].body.body[2].argument.arguments[3].body.body[3].block.body[6].argument.properties[3].value.consequent SequenceExpression: exit
2025-06-05T08:42:12.355Z babel program.body[6].body.body[1].body.body[2].argument.arguments[3].body.body[3].block.body[6].argument.properties[3].value.alternate SequenceExpression: enter
2025-06-05T08:42:12.355Z babel program.body[6].body.body[1].body.body[2].argument.arguments[3].body.body[3].block.body[6].argument.properties[3].value.alternate SequenceExpression: Recursing into...
2025-06-05T08:42:12.355Z babel program.body[6].body.body[1].body.body[2].argument.arguments[3].body.body[3].block.body[6].argument.properties[3].value.alternate.expressions[0] UpdateExpression: enter
2025-06-05T08:42:12.355Z babel program.body[6].body.body[1].body.body[2].argument.arguments[3].body.body[3].block.body[6].argument.properties[3].value.alternate.expressions[0] UpdateExpression: Recursing into...
2025-06-05T08:42:12.355Z babel program.body[6].body.body[1].body.body[2].argument.arguments[3].body.body[3].block.body[6].argument.properties[3].value.alternate.expressions[0].argument MemberExpression: enter
2025-06-05T08:42:12.355Z babel program.body[6].body.body[1].body.body[2].argument.arguments[3].body.body[3].block.body[6].argument.properties[3].value.alternate.expressions[0].argument MemberExpression: Recursing into...
2025-06-05T08:42:12.355Z babel program.body[6].body.body[1].body.body[2].argument.arguments[3].body.body[3].block.body[6].argument.properties[3].value.alternate.expressions[0].argument.object MemberExpression: enter
2025-06-05T08:42:12.355Z babel program.body[6].body.body[1].body.body[2].argument.arguments[3].body.body[3].block.body[6].argument.properties[3].value.alternate.expressions[0].argument.object MemberExpression: Recursing into...
2025-06-05T08:42:12.355Z babel program.body[6].body.body[1].body.body[2].argument.arguments[3].body.body[3].block.body[6].argument.properties[3].value.alternate.expressions[0].argument.object.object MemberExpression: enter
2025-06-05T08:42:12.355Z babel program.body[6].body.body[1].body.body[2].argument.arguments[3].body.body[3].block.body[6].argument.properties[3].value.alternate.expressions[0].argument.object.object MemberExpression: Recursing into...
2025-06-05T08:42:12.355Z babel program.body[6].body.body[1].body.body[2].argument.arguments[3].body.body[3].block.body[6].argument.properties[3].value.alternate.expressions[0].argument.object.object.object CallExpression: enter
2025-06-05T08:42:12.355Z babel program.body[6].body.body[1].body.body[2].argument.arguments[3].body.body[3].block.body[6].argument.properties[3].value.alternate.expressions[0].argument.object.object.object CallExpression: Recursing into...
2025-06-05T08:42:12.355Z babel program.body[6].body.body[1].body.body[2].argument.arguments[3].body.body[3].block.body[6].argument.properties[3].value.alternate.expressions[0].argument.object.object.object CallExpression: exit
2025-06-05T08:42:12.355Z babel program.body[6].body.body[1].body.body[2].argument.arguments[3].body.body[3].block.body[6].argument.properties[3].value.alternate.expressions[0].argument.object.object MemberExpression: exit
2025-06-05T08:42:12.355Z babel program.body[6].body.body[1].body.body[2].argument.arguments[3].body.body[3].block.body[6].argument.properties[3].value.alternate.expressions[0].argument.object MemberExpression: exit
2025-06-05T08:42:12.355Z babel program.body[6].body.body[1].body.body[2].argument.arguments[3].body.body[3].block.body[6].argument.properties[3].value.alternate.expressions[0].argument MemberExpression: exit
2025-06-05T08:42:12.355Z babel program.body[6].body.body[1].body.body[2].argument.arguments[3].body.body[3].block.body[6].argument.properties[3].value.alternate.expressions[0] UpdateExpression: exit
2025-06-05T08:42:12.355Z babel program.body[6].body.body[1].body.body[2].argument.arguments[3].body.body[3].block.body[6].argument.properties[3].value.alternate SequenceExpression: exit
2025-06-05T08:42:12.355Z babel program.body[6].body.body[1].body.body[2].argument.arguments[3].body.body[3].block.body[6].argument.properties[3].value ConditionalExpression: exit
2025-06-05T08:42:12.355Z babel program.body[6].body.body[1].body.body[2].argument.arguments[3].body.body[3].block.body[6].argument.properties[3] ObjectProperty: exit
2025-06-05T08:42:12.355Z babel program.body[6].body.body[1].body.body[2].argument.arguments[3].body.body[3].block.body[6].argument.properties[4] ObjectProperty: enter
2025-06-05T08:42:12.355Z babel program.body[6].body.body[1].body.body[2].argument.arguments[3].body.body[3].block.body[6].argument.properties[4] ObjectProperty: Recursing into...
2025-06-05T08:42:12.355Z babel program.body[6].body.body[1].body.body[2].argument.arguments[3].body.body[3].block.body[6].argument.properties[4].value LogicalExpression: enter
2025-06-05T08:42:12.355Z babel program.body[6].body.body[1].body.body[2].argument.arguments[3].body.body[3].block.body[6].argument.properties[4].value LogicalExpression: Recursing into...
2025-06-05T08:42:12.355Z babel program.body[6].body.body[1].body.body[2].argument.arguments[3].body.body[3].block.body[6].argument.properties[4].value.left SequenceExpression: enter
2025-06-05T08:42:12.355Z babel program.body[6].body.body[1].body.body[2].argument.arguments[3].body.body[3].block.body[6].argument.properties[4].value.left SequenceExpression: Recursing into...
2025-06-05T08:42:12.355Z babel program.body[6].body.body[1].body.body[2].argument.arguments[3].body.body[3].block.body[6].argument.properties[4].value.left.expressions[0] UpdateExpression: enter
2025-06-05T08:42:12.355Z babel program.body[6].body.body[1].body.body[2].argument.arguments[3].body.body[3].block.body[6].argument.properties[4].value.left.expressions[0] UpdateExpression: Recursing into...
2025-06-05T08:42:12.357Z babel program.body[6].body.body[1].body.body[2].argument.arguments[3].body.body[3].block.body[6].argument.properties[4].value.left.expressions[0].argument MemberExpression: enter
2025-06-05T08:42:12.357Z babel program.body[6].body.body[1].body.body[2].argument.arguments[3].body.body[3].block.body[6].argument.properties[4].value.left.expressions[0].argument MemberExpression: Recursing into...
2025-06-05T08:42:12.357Z babel program.body[6].body.body[1].body.body[2].argument.arguments[3].body.body[3].block.body[6].argument.properties[4].value.left.expressions[0].argument.object MemberExpression: enter
2025-06-05T08:42:12.357Z babel program.body[6].body.body[1].body.body[2].argument.arguments[3].body.body[3].block.body[6].argument.properties[4].value.left.expressions[0].argument.object MemberExpression: Recursing into...
2025-06-05T08:42:12.357Z babel program.body[6].body.body[1].body.body[2].argument.arguments[3].body.body[3].block.body[6].argument.properties[4].value.left.expressions[0].argument.object.object MemberExpression: enter
2025-06-05T08:42:12.357Z babel program.body[6].body.body[1].body.body[2].argument.arguments[3].body.body[3].block.body[6].argument.properties[4].value.left.expressions[0].argument.object.object MemberExpression: Recursing into...
2025-06-05T08:42:12.357Z babel program.body[6].body.body[1].body.body[2].argument.arguments[3].body.body[3].block.body[6].argument.properties[4].value.left.expressions[0].argument.object.object.object CallExpression: enter
2025-06-05T08:42:12.357Z babel program.body[6].body.body[1].body.body[2].argument.arguments[3].body.body[3].block.body[6].argument.properties[4].value.left.expressions[0].argument.object.object.object CallExpression: Recursing into...
2025-06-05T08:42:12.357Z babel program.body[6].body.body[1].body.body[2].argument.arguments[3].body.body[3].block.body[6].argument.properties[4].value.left.expressions[0].argument.object.object.object CallExpression: exit
2025-06-05T08:42:12.357Z babel program.body[6].body.body[1].body.body[2].argument.arguments[3].body.body[3].block.body[6].argument.properties[4].value.left.expressions[0].argument.object.object MemberExpression: exit
2025-06-05T08:42:12.357Z babel program.body[6].body.body[1].body.body[2].argument.arguments[3].body.body[3].block.body[6].argument.properties[4].value.left.expressions[0].argument.object MemberExpression: exit
2025-06-05T08:42:12.357Z babel program.body[6].body.body[1].body.body[2].argument.arguments[3].body.body[3].block.body[6].argument.properties[4].value.left.expressions[0].argument MemberExpression: exit
2025-06-05T08:42:12.357Z babel program.body[6].body.body[1].body.body[2].argument.arguments[3].body.body[3].block.body[6].argument.properties[4].value.left.expressions[0] UpdateExpression: exit
2025-06-05T08:42:12.357Z babel program.body[6].body.body[1].body.body[2].argument.arguments[3].body.body[3].block.body[6].argument.properties[4].value.left.expressions[1] MemberExpression: enter
2025-06-05T08:42:12.357Z babel program.body[6].body.body[1].body.body[2].argument.arguments[3].body.body[3].block.body[6].argument.properties[4].value.left.expressions[1] MemberExpression: Recursing into...
2025-06-05T08:42:12.357Z babel program.body[6].body.body[1].body.body[2].argument.arguments[3].body.body[3].block.body[6].argument.properties[4].value.left.expressions[1] MemberExpression: exit
2025-06-05T08:42:12.357Z babel program.body[6].body.body[1].body.body[2].argument.arguments[3].body.body[3].block.body[6].argument.properties[4].value.left SequenceExpression: exit
2025-06-05T08:42:12.357Z babel program.body[6].body.body[1].body.body[2].argument.arguments[3].body.body[3].block.body[6].argument.properties[4].value.right SequenceExpression: enter
2025-06-05T08:42:12.357Z babel program.body[6].body.body[1].body.body[2].argument.arguments[3].body.body[3].block.body[6].argument.properties[4].value.right SequenceExpression: Recursing into...
2025-06-05T08:42:12.357Z babel program.body[6].body.body[1].body.body[2].argument.arguments[3].body.body[3].block.body[6].argument.properties[4].value.right.expressions[0] UpdateExpression: enter
2025-06-05T08:42:12.357Z babel program.body[6].body.body[1].body.body[2].argument.arguments[3].body.body[3].block.body[6].argument.properties[4].value.right.expressions[0] UpdateExpression: Recursing into...
2025-06-05T08:42:12.357Z babel program.body[6].body.body[1].body.body[2].argument.arguments[3].body.body[3].block.body[6].argument.properties[4].value.right.expressions[0].argument MemberExpression: enter
2025-06-05T08:42:12.357Z babel program.body[6].body.body[1].body.body[2].argument.arguments[3].body.body[3].block.body[6].argument.properties[4].value.right.expressions[0].argument MemberExpression: Recursing into...
2025-06-05T08:42:12.357Z babel program.body[6].body.body[1].body.body[2].argument.arguments[3].body.body[3].block.body[6].argument.properties[4].value.right.expressions[0].argument.object MemberExpression: enter
2025-06-05T08:42:12.357Z babel program.body[6].body.body[1].body.body[2].argument.arguments[3].body.body[3].block.body[6].argument.properties[4].value.right.expressions[0].argument.object MemberExpression: Recursing into...
2025-06-05T08:42:12.357Z babel program.body[6].body.body[1].body.body[2].argument.arguments[3].body.body[3].block.body[6].argument.properties[4].value.right.expressions[0].argument.object.object MemberExpression: enter
2025-06-05T08:42:12.357Z babel program.body[6].body.body[1].body.body[2].argument.arguments[3].body.body[3].block.body[6].argument.properties[4].value.right.expressions[0].argument.object.object MemberExpression: Recursing into...
2025-06-05T08:42:12.357Z babel program.body[6].body.body[1].body.body[2].argument.arguments[3].body.body[3].block.body[6].argument.properties[4].value.right.expressions[0].argument.object.object.object CallExpression: enter
2025-06-05T08:42:12.357Z babel program.body[6].body.body[1].body.body[2].argument.arguments[3].body.body[3].block.body[6].argument.properties[4].value.right.expressions[0].argument.object.object.object CallExpression: Recursing into...
2025-06-05T08:42:12.357Z babel program.body[6].body.body[1].body.body[2].argument.arguments[3].body.body[3].block.body[6].argument.properties[4].value.right.expressions[0].argument.object.object.object CallExpression: exit
2025-06-05T08:42:12.357Z babel program.body[6].body.body[1].body.body[2].argument.arguments[3].body.body[3].block.body[6].argument.properties[4].value.right.expressions[0].argument.object.object MemberExpression: exit
2025-06-05T08:42:12.357Z babel program.body[6].body.body[1].body.body[2].argument.arguments[3].body.body[3].block.body[6].argument.properties[4].value.right.expressions[0].argument.object MemberExpression: exit
2025-06-05T08:42:12.357Z babel program.body[6].body.body[1].body.body[2].argument.arguments[3].body.body[3].block.body[6].argument.properties[4].value.right.expressions[0].argument MemberExpression: exit
2025-06-05T08:42:12.357Z babel program.body[6].body.body[1].body.body[2].argument.arguments[3].body.body[3].block.body[6].argument.properties[4].value.right.expressions[0] UpdateExpression: exit
2025-06-05T08:42:12.357Z babel program.body[6].body.body[1].body.body[2].argument.arguments[3].body.body[3].block.body[6].argument.properties[4].value.right.expressions[1] ObjectExpression: enter
2025-06-05T08:42:12.357Z babel program.body[6].body.body[1].body.body[2].argument.arguments[3].body.body[3].block.body[6].argument.properties[4].value.right.expressions[1] ObjectExpression: Recursing into...
2025-06-05T08:42:12.357Z babel program.body[6].body.body[1].body.body[2].argument.arguments[3].body.body[3].block.body[6].argument.properties[4].value.right.expressions[1].properties[0] ObjectProperty: enter
2025-06-05T08:42:12.357Z babel program.body[6].body.body[1].body.body[2].argument.arguments[3].body.body[3].block.body[6].argument.properties[4].value.right.expressions[1].properties[0] ObjectProperty: Recursing into...
2025-06-05T08:42:12.357Z babel program.body[6].body.body[1].body.body[2].argument.arguments[3].body.body[3].block.body[6].argument.properties[4].value.right.expressions[1].properties[0].value MemberExpression: enter
2025-06-05T08:42:12.357Z babel program.body[6].body.body[1].body.body[2].argument.arguments[3].body.body[3].block.body[6].argument.properties[4].value.right.expressions[1].properties[0].value MemberExpression: Recursing into...
2025-06-05T08:42:12.357Z babel program.body[6].body.body[1].body.body[2].argument.arguments[3].body.body[3].block.body[6].argument.properties[4].value.right.expressions[1].properties[0].value MemberExpression: exit
2025-06-05T08:42:12.357Z babel program.body[6].body.body[1].body.body[2].argument.arguments[3].body.body[3].block.body[6].argument.properties[4].value.right.expressions[1].properties[0] ObjectProperty: exit
2025-06-05T08:42:12.357Z babel program.body[6].body.body[1].body.body[2].argument.arguments[3].body.body[3].block.body[6].argument.properties[4].value.right.expressions[1].properties[1] ObjectProperty: enter
2025-06-05T08:42:12.358Z babel program.body[6].body.body[1].body.body[2].argument.arguments[3].body.body[3].block.body[6].argument.properties[4].value.right.expressions[1].properties[1] ObjectProperty: Recursing into...
2025-06-05T08:42:12.358Z babel program.body[6].body.body[1].body.body[2].argument.arguments[3].body.body[3].block.body[6].argument.properties[4].value.right.expressions[1].properties[1].value MemberExpression: enter
2025-06-05T08:42:12.358Z babel program.body[6].body.body[1].body.body[2].argument.arguments[3].body.body[3].block.body[6].argument.properties[4].value.right.expressions[1].properties[1].value MemberExpression: Recursing into...
2025-06-05T08:42:12.358Z babel program.body[6].body.body[1].body.body[2].argument.arguments[3].body.body[3].block.body[6].argument.properties[4].value.right.expressions[1].properties[1].value MemberExpression: exit
2025-06-05T08:42:12.358Z babel program.body[6].body.body[1].body.body[2].argument.arguments[3].body.body[3].block.body[6].argument.properties[4].value.right.expressions[1].properties[1] ObjectProperty: exit
2025-06-05T08:42:12.358Z babel program.body[6].body.body[1].body.body[2].argument.arguments[3].body.body[3].block.body[6].argument.properties[4].value.right.expressions[1].properties[2] ObjectProperty: enter
2025-06-05T08:42:12.358Z babel program.body[6].body.body[1].body.body[2].argument.arguments[3].body.body[3].block.body[6].argument.properties[4].value.right.expressions[1].properties[2] ObjectProperty: Recursing into...
2025-06-05T08:42:12.358Z babel program.body[6].body.body[1].body.body[2].argument.arguments[3].body.body[3].block.body[6].argument.properties[4].value.right.expressions[1].properties[2].value MemberExpression: enter
2025-06-05T08:42:12.358Z babel program.body[6].body.body[1].body.body[2].argument.arguments[3].body.body[3].block.body[6].argument.properties[4].value.right.expressions[1].properties[2].value MemberExpression: Recursing into...
2025-06-05T08:42:12.358Z babel program.body[6].body.body[1].body.body[2].argument.arguments[3].body.body[3].block.body[6].argument.properties[4].value.right.expressions[1].properties[2].value MemberExpression: exit
2025-06-05T08:42:12.358Z babel program.body[6].body.body[1].body.body[2].argument.arguments[3].body.body[3].block.body[6].argument.properties[4].value.right.expressions[1].properties[2] ObjectProperty: exit
2025-06-05T08:42:12.358Z babel program.body[6].body.body[1].body.body[2].argument.arguments[3].body.body[3].block.body[6].argument.properties[4].value.right.expressions[1] ObjectExpression: exit
2025-06-05T08:42:12.358Z babel program.body[6].body.body[1].body.body[2].argument.arguments[3].body.body[3].block.body[6].argument.properties[4].value.right SequenceExpression: exit
2025-06-05T08:42:12.358Z babel program.body[6].body.body[1].body.body[2].argument.arguments[3].body.body[3].block.body[6].argument.properties[4].value LogicalExpression: exit
2025-06-05T08:42:12.358Z babel program.body[6].body.body[1].body.body[2].argument.arguments[3].body.body[3].block.body[6].argument.properties[4] ObjectProperty: exit
2025-06-05T08:42:12.358Z babel program.body[6].body.body[1].body.body[2].argument.arguments[3].body.body[3].block.body[6].argument.properties[5] ObjectProperty: enter
2025-06-05T08:42:12.358Z babel program.body[6].body.body[1].body.body[2].argument.arguments[3].body.body[3].block.body[6].argument.properties[5] ObjectProperty: Recursing into...
2025-06-05T08:42:12.358Z babel program.body[6].body.body[1].body.body[2].argument.arguments[3].body.body[3].block.body[6].argument.properties[5] ObjectProperty: exit
2025-06-05T08:42:12.358Z babel program.body[6].body.body[1].body.body[2].argument.arguments[3].body.body[3].block.body[6].argument.properties[6] ObjectProperty: enter
2025-06-05T08:42:12.358Z babel program.body[6].body.body[1].body.body[2].argument.arguments[3].body.body[3].block.body[6].argument.properties[6] ObjectProperty: Recursing into...
2025-06-05T08:42:12.358Z babel program.body[6].body.body[1].body.body[2].argument.arguments[3].body.body[3].block.body[6].argument.properties[6].value ConditionalExpression: enter
2025-06-05T08:42:12.358Z babel program.body[6].body.body[1].body.body[2].argument.arguments[3].body.body[3].block.body[6].argument.properties[6].value.consequent ObjectExpression: Replace with SequenceExpression
2025-06-05T08:42:12.358Z babel program.body[6].body.body[1].body.body[2].argument.arguments[3].body.body[3].block.body[6].argument.properties[6].value.alternate Identifier: Replace with SequenceExpression
2025-06-05T08:42:12.358Z babel program.body[6].body.body[1].body.body[2].argument.arguments[3].body.body[3].block.body[6].argument.properties[6].value ConditionalExpression: Recursing into...
2025-06-05T08:42:12.358Z babel program.body[6].body.body[1].body.body[2].argument.arguments[3].body.body[3].block.body[6].argument.properties[6].value.test MemberExpression: enter
2025-06-05T08:42:12.358Z babel program.body[6].body.body[1].body.body[2].argument.arguments[3].body.body[3].block.body[6].argument.properties[6].value.test MemberExpression: Recursing into...
2025-06-05T08:42:12.358Z babel program.body[6].body.body[1].body.body[2].argument.arguments[3].body.body[3].block.body[6].argument.properties[6].value.test MemberExpression: exit
2025-06-05T08:42:12.358Z babel program.body[6].body.body[1].body.body[2].argument.arguments[3].body.body[3].block.body[6].argument.properties[6].value.consequent SequenceExpression: enter
2025-06-05T08:42:12.358Z babel program.body[6].body.body[1].body.body[2].argument.arguments[3].body.body[3].block.body[6].argument.properties[6].value.consequent SequenceExpression: Recursing into...
2025-06-05T08:42:12.358Z babel program.body[6].body.body[1].body.body[2].argument.arguments[3].body.body[3].block.body[6].argument.properties[6].value.consequent.expressions[0] UpdateExpression: enter
2025-06-05T08:42:12.358Z babel program.body[6].body.body[1].body.body[2].argument.arguments[3].body.body[3].block.body[6].argument.properties[6].value.consequent.expressions[0] UpdateExpression: Recursing into...
2025-06-05T08:42:12.358Z babel program.body[6].body.body[1].body.body[2].argument.arguments[3].body.body[3].block.body[6].argument.properties[6].value.consequent.expressions[0].argument MemberExpression: enter
2025-06-05T08:42:12.358Z babel program.body[6].body.body[1].body.body[2].argument.arguments[3].body.body[3].block.body[6].argument.properties[6].value.consequent.expressions[0].argument MemberExpression: Recursing into...
2025-06-05T08:42:12.358Z babel program.body[6].body.body[1].body.body[2].argument.arguments[3].body.body[3].block.body[6].argument.properties[6].value.consequent.expressions[0].argument.object MemberExpression: enter
2025-06-05T08:42:12.358Z babel program.body[6].body.body[1].body.body[2].argument.arguments[3].body.body[3].block.body[6].argument.properties[6].value.consequent.expressions[0].argument.object MemberExpression: Recursing into...
2025-06-05T08:42:12.358Z babel program.body[6].body.body[1].body.body[2].argument.arguments[3].body.body[3].block.body[6].argument.properties[6].value.consequent.expressions[0].argument.object.object MemberExpression: enter
2025-06-05T08:42:12.358Z babel program.body[6].body.body[1].body.body[2].argument.arguments[3].body.body[3].block.body[6].argument.properties[6].value.consequent.expressions[0].argument.object.object MemberExpression: Recursing into...
2025-06-05T08:42:12.358Z babel program.body[6].body.body[1].body.body[2].argument.arguments[3].body.body[3].block.body[6].argument.properties[6].value.consequent.expressions[0].argument.object.object.object CallExpression: enter
2025-06-05T08:42:12.358Z babel program.body[6].body.body[1].body.body[2].argument.arguments[3].body.body[3].block.body[6].argument.properties[6].value.consequent.expressions[0].argument.object.object.object CallExpression: Recursing into...
2025-06-05T08:42:12.358Z babel program.body[6].body.body[1].body.body[2].argument.arguments[3].body.body[3].block.body[6].argument.properties[6].value.consequent.expressions[0].argument.object.object.object CallExpression: exit
2025-06-05T08:42:12.358Z babel program.body[6].body.body[1].body.body[2].argument.arguments[3].body.body[3].block.body[6].argument.properties[6].value.consequent.expressions[0].argument.object.object MemberExpression: exit
2025-06-05T08:42:12.358Z babel program.body[6].body.body[1].body.body[2].argument.arguments[3].body.body[3].block.body[6].argument.properties[6].value.consequent.expressions[0].argument.object MemberExpression: exit
2025-06-05T08:42:12.358Z babel program.body[6].body.body[1].body.body[2].argument.arguments[3].body.body[3].block.body[6].argument.properties[6].value.consequent.expressions[0].argument MemberExpression: exit
2025-06-05T08:42:12.358Z babel program.body[6].body.body[1].body.body[2].argument.arguments[3].body.body[3].block.body[6].argument.properties[6].value.consequent.expressions[0] UpdateExpression: exit
2025-06-05T08:42:12.358Z babel program.body[6].body.body[1].body.body[2].argument.arguments[3].body.body[3].block.body[6].argument.properties[6].value.consequent.expressions[1] ObjectExpression: enter
2025-06-05T08:42:12.358Z babel program.body[6].body.body[1].body.body[2].argument.arguments[3].body.body[3].block.body[6].argument.properties[6].value.consequent.expressions[1] ObjectExpression: Recursing into...
2025-06-05T08:42:12.358Z babel program.body[6].body.body[1].body.body[2].argument.arguments[3].body.body[3].block.body[6].argument.properties[6].value.consequent.expressions[1].properties[0] ObjectProperty: enter
2025-06-05T08:42:12.358Z babel program.body[6].body.body[1].body.body[2].argument.arguments[3].body.body[3].block.body[6].argument.properties[6].value.consequent.expressions[1].properties[0] ObjectProperty: Recursing into...
2025-06-05T08:42:12.358Z babel program.body[6].body.body[1].body.body[2].argument.arguments[3].body.body[3].block.body[6].argument.properties[6].value.consequent.expressions[1].properties[0].value LogicalExpression: enter
2025-06-05T08:42:12.358Z babel program.body[6].body.body[1].body.body[2].argument.arguments[3].body.body[3].block.body[6].argument.properties[6].value.consequent.expressions[1].properties[0].value LogicalExpression: Recursing into...
2025-06-05T08:42:12.358Z babel program.body[6].body.body[1].body.body[2].argument.arguments[3].body.body[3].block.body[6].argument.properties[6].value.consequent.expressions[1].properties[0].value.left SequenceExpression: enter
2025-06-05T08:42:12.358Z babel program.body[6].body.body[1].body.body[2].argument.arguments[3].body.body[3].block.body[6].argument.properties[6].value.consequent.expressions[1].properties[0].value.left SequenceExpression: Recursing into...
2025-06-05T08:42:12.358Z babel program.body[6].body.body[1].body.body[2].argument.arguments[3].body.body[3].block.body[6].argument.properties[6].value.consequent.expressions[1].properties[0].value.left.expressions[0] UpdateExpression: enter
2025-06-05T08:42:12.358Z babel program.body[6].body.body[1].body.body[2].argument.arguments[3].body.body[3].block.body[6].argument.properties[6].value.consequent.expressions[1].properties[0].value.left.expressions[0] UpdateExpression: Recursing into...
2025-06-05T08:42:12.358Z babel program.body[6].body.body[1].body.body[2].argument.arguments[3].body.body[3].block.body[6].argument.properties[6].value.consequent.expressions[1].properties[0].value.left.expressions[0].argument MemberExpression: enter
2025-06-05T08:42:12.358Z babel program.body[6].body.body[1].body.body[2].argument.arguments[3].body.body[3].block.body[6].argument.properties[6].value.consequent.expressions[1].properties[0].value.left.expressions[0].argument MemberExpression: Recursing into...
2025-06-05T08:42:12.358Z babel program.body[6].body.body[1].body.body[2].argument.arguments[3].body.body[3].block.body[6].argument.properties[6].value.consequent.expressions[1].properties[0].value.left.expressions[0].argument.object MemberExpression: enter
2025-06-05T08:42:12.358Z babel program.body[6].body.body[1].body.body[2].argument.arguments[3].body.body[3].block.body[6].argument.properties[6].value.consequent.expressions[1].properties[0].value.left.expressions[0].argument.object MemberExpression: Recursing into...
2025-06-05T08:42:12.358Z babel program.body[6].body.body[1].body.body[2].argument.arguments[3].body.body[3].block.body[6].argument.properties[6].value.consequent.expressions[1].properties[0].value.left.expressions[0].argument.object.object MemberExpression: enter
2025-06-05T08:42:12.358Z babel program.body[6].body.body[1].body.body[2].argument.arguments[3].body.body[3].block.body[6].argument.properties[6].value.consequent.expressions[1].properties[0].value.left.expressions[0].argument.object.object MemberExpression: Recursing into...
2025-06-05T08:42:12.358Z babel program.body[6].body.body[1].body.body[2].argument.arguments[3].body.body[3].block.body[6].argument.properties[6].value.consequent.expressions[1].properties[0].value.left.expressions[0].argument.object.object.object CallExpression: enter
2025-06-05T08:42:12.358Z babel program.body[6].body.body[1].body.body[2].argument.arguments[3].body.body[3].block.body[6].argument.properties[6].value.consequent.expressions[1].properties[0].value.left.expressions[0].argument.object.object.object CallExpression: Recursing into...
2025-06-05T08:42:12.358Z babel program.body[6].body.body[1].body.body[2].argument.arguments[3].body.body[3].block.body[6].argument.properties[6].value.consequent.expressions[1].properties[0].value.left.expressions[0].argument.object.object.object CallExpression: exit
2025-06-05T08:42:12.358Z babel program.body[6].body.body[1].body.body[2].argument.arguments[3].body.body[3].block.body[6].argument.properties[6].value.consequent.expressions[1].properties[0].value.left.expressions[0].argument.object.object MemberExpression: exit
2025-06-05T08:42:12.358Z babel program.body[6].body.body[1].body.body[2].argument.arguments[3].body.body[3].block.body[6].argument.properties[6].value.consequent.expressions[1].properties[0].value.left.expressions[0].argument.object MemberExpression: exit
2025-06-05T08:42:12.358Z babel program.body[6].body.body[1].body.body[2].argument.arguments[3].body.body[3].block.body[6].argument.properties[6].value.consequent.expressions[1].properties[0].value.left.expressions[0].argument MemberExpression: exit
2025-06-05T08:42:12.358Z babel program.body[6].body.body[1].body.body[2].argument.arguments[3].body.body[3].block.body[6].argument.properties[6].value.consequent.expressions[1].properties[0].value.left.expressions[0] UpdateExpression: exit
2025-06-05T08:42:12.358Z babel program.body[6].body.body[1].body.body[2].argument.arguments[3].body.body[3].block.body[6].argument.properties[6].value.consequent.expressions[1].properties[0].value.left.expressions[1] MemberExpression: enter
2025-06-05T08:42:12.358Z babel program.body[6].body.body[1].body.body[2].argument.arguments[3].body.body[3].block.body[6].argument.properties[6].value.consequent.expressions[1].properties[0].value.left.expressions[1] MemberExpression: Recursing into...
2025-06-05T08:42:12.358Z babel program.body[6].body.body[1].body.body[2].argument.arguments[3].body.body[3].block.body[6].argument.properties[6].value.consequent.expressions[1].properties[0].value.left.expressions[1].object MemberExpression: enter
2025-06-05T08:42:12.358Z babel program.body[6].body.body[1].body.body[2].argument.arguments[3].body.body[3].block.body[6].argument.properties[6].value.consequent.expressions[1].properties[0].value.left.expressions[1].object MemberExpression: Recursing into...
2025-06-05T08:42:12.358Z babel program.body[6].body.body[1].body.body[2].argument.arguments[3].body.body[3].block.body[6].argument.properties[6].value.consequent.expressions[1].properties[0].value.left.expressions[1].object MemberExpression: exit
2025-06-05T08:42:12.358Z babel program.body[6].body.body[1].body.body[2].argument.arguments[3].body.body[3].block.body[6].argument.properties[6].value.consequent.expressions[1].properties[0].value.left.expressions[1] MemberExpression: exit
2025-06-05T08:42:12.358Z babel program.body[6].body.body[1].body.body[2].argument.arguments[3].body.body[3].block.body[6].argument.properties[6].value.consequent.expressions[1].properties[0].value.left SequenceExpression: exit
2025-06-05T08:42:12.358Z babel program.body[6].body.body[1].body.body[2].argument.arguments[3].body.body[3].block.body[6].argument.properties[6].value.consequent.expressions[1].properties[0].value.right SequenceExpression: enter
2025-06-05T08:42:12.358Z babel program.body[6].body.body[1].body.body[2].argument.arguments[3].body.body[3].block.body[6].argument.properties[6].value.consequent.expressions[1].properties[0].value.right SequenceExpression: Recursing into...
2025-06-05T08:42:12.358Z babel program.body[6].body.body[1].body.body[2].argument.arguments[3].body.body[3].block.body[6].argument.properties[6].value.consequent.expressions[1].properties[0].value.right.expressions[0] UpdateExpression: enter
2025-06-05T08:42:12.358Z babel program.body[6].body.body[1].body.body[2].argument.arguments[3].body.body[3].block.body[6].argument.properties[6].value.consequent.expressions[1].properties[0].value.right.expressions[0] UpdateExpression: Recursing into...
2025-06-05T08:42:12.358Z babel program.body[6].body.body[1].body.body[2].argument.arguments[3].body.body[3].block.body[6].argument.properties[6].value.consequent.expressions[1].properties[0].value.right.expressions[0].argument MemberExpression: enter
2025-06-05T08:42:12.358Z babel program.body[6].body.body[1].body.body[2].argument.arguments[3].body.body[3].block.body[6].argument.properties[6].value.consequent.expressions[1].properties[0].value.right.expressions[0].argument MemberExpression: Recursing into...
2025-06-05T08:42:12.358Z babel program.body[6].body.body[1].body.body[2].argument.arguments[3].body.body[3].block.body[6].argument.properties[6].value.consequent.expressions[1].properties[0].value.right.expressions[0].argument.object MemberExpression: enter
2025-06-05T08:42:12.358Z babel program.body[6].body.body[1].body.body[2].argument.arguments[3].body.body[3].block.body[6].argument.properties[6].value.consequent.expressions[1].properties[0].value.right.expressions[0].argument.object MemberExpression: Recursing into...
2025-06-05T08:42:12.358Z babel program.body[6].body.body[1].body.body[2].argument.arguments[3].body.body[3].block.body[6].argument.properties[6].value.consequent.expressions[1].properties[0].value.right.expressions[0].argument.object.object MemberExpression: enter
2025-06-05T08:42:12.358Z babel program.body[6].body.body[1].body.body[2].argument.arguments[3].body.body[3].block.body[6].argument.properties[6].value.consequent.expressions[1].properties[0].value.right.expressions[0].argument.object.object MemberExpression: Recursing into...
2025-06-05T08:42:12.358Z babel program.body[6].body.body[1].body.body[2].argument.arguments[3].body.body[3].block.body[6].argument.properties[6].value.consequent.expressions[1].properties[0].value.right.expressions[0].argument.object.object.object CallExpression: enter
2025-06-05T08:42:12.358Z babel program.body[6].body.body[1].body.body[2].argument.arguments[3].body.body[3].block.body[6].argument.properties[6].value.consequent.expressions[1].properties[0].value.right.expressions[0].argument.object.object.object CallExpression: Recursing into...
2025-06-05T08:42:12.358Z babel program.body[6].body.body[1].body.body[2].argument.arguments[3].body.body[3].block.body[6].argument.properties[6].value.consequent.expressions[1].properties[0].value.right.expressions[0].argument.object.object.object CallExpression: exit
2025-06-05T08:42:12.358Z babel program.body[6].body.body[1].body.body[2].argument.arguments[3].body.body[3].block.body[6].argument.properties[6].value.consequent.expressions[1].properties[0].value.right.expressions[0].argument.object.object MemberExpression: exit
2025-06-05T08:42:12.358Z babel program.body[6].body.body[1].body.body[2].argument.arguments[3].body.body[3].block.body[6].argument.properties[6].value.consequent.expressions[1].properties[0].value.right.expressions[0].argument.object MemberExpression: exit
2025-06-05T08:42:12.358Z babel program.body[6].body.body[1].body.body[2].argument.arguments[3].body.body[3].block.body[6].argument.properties[6].value.consequent.expressions[1].properties[0].value.right.expressions[0].argument MemberExpression: exit
2025-06-05T08:42:12.358Z babel program.body[6].body.body[1].body.body[2].argument.arguments[3].body.body[3].block.body[6].argument.properties[6].value.consequent.expressions[1].properties[0].value.right.expressions[0] UpdateExpression: exit
2025-06-05T08:42:12.358Z babel program.body[6].body.body[1].body.body[2].argument.arguments[3].body.body[3].block.body[6].argument.properties[6].value.consequent.expressions[1].properties[0].value.right SequenceExpression: exit
2025-06-05T08:42:12.358Z babel program.body[6].body.body[1].body.body[2].argument.arguments[3].body.body[3].block.body[6].argument.properties[6].value.consequent.expressions[1].properties[0].value LogicalExpression: exit
2025-06-05T08:42:12.358Z babel program.body[6].body.body[1].body.body[2].argument.arguments[3].body.body[3].block.body[6].argument.properties[6].value.consequent.expressions[1].properties[0] ObjectProperty: exit
2025-06-05T08:42:12.358Z babel program.body[6].body.body[1].body.body[2].argument.arguments[3].body.body[3].block.body[6].argument.properties[6].value.consequent.expressions[1].properties[1] ObjectProperty: enter
2025-06-05T08:42:12.358Z babel program.body[6].body.body[1].body.body[2].argument.arguments[3].body.body[3].block.body[6].argument.properties[6].value.consequent.expressions[1].properties[1] ObjectProperty: Recursing into...
2025-06-05T08:42:12.358Z babel program.body[6].body.body[1].body.body[2].argument.arguments[3].body.body[3].block.body[6].argument.properties[6].value.consequent.expressions[1].properties[1].value LogicalExpression: enter
2025-06-05T08:42:12.358Z babel program.body[6].body.body[1].body.body[2].argument.arguments[3].body.body[3].block.body[6].argument.properties[6].value.consequent.expressions[1].properties[1].value LogicalExpression: Recursing into...
2025-06-05T08:42:12.358Z babel program.body[6].body.body[1].body.body[2].argument.arguments[3].body.body[3].block.body[6].argument.properties[6].value.consequent.expressions[1].properties[1].value.left SequenceExpression: enter
2025-06-05T08:42:12.358Z babel program.body[6].body.body[1].body.body[2].argument.arguments[3].body.body[3].block.body[6].argument.properties[6].value.consequent.expressions[1].properties[1].value.left SequenceExpression: Recursing into...
2025-06-05T08:42:12.358Z babel program.body[6].body.body[1].body.body[2].argument.arguments[3].body.body[3].block.body[6].argument.properties[6].value.consequent.expressions[1].properties[1].value.left.expressions[0] UpdateExpression: enter
2025-06-05T08:42:12.358Z babel program.body[6].body.body[1].body.body[2].argument.arguments[3].body.body[3].block.body[6].argument.properties[6].value.consequent.expressions[1].properties[1].value.left.expressions[0] UpdateExpression: Recursing into...
2025-06-05T08:42:12.358Z babel program.body[6].body.body[1].body.body[2].argument.arguments[3].body.body[3].block.body[6].argument.properties[6].value.consequent.expressions[1].properties[1].value.left.expressions[0].argument MemberExpression: enter
2025-06-05T08:42:12.358Z babel program.body[6].body.body[1].body.body[2].argument.arguments[3].body.body[3].block.body[6].argument.properties[6].value.consequent.expressions[1].properties[1].value.left.expressions[0].argument MemberExpression: Recursing into...
2025-06-05T08:42:12.358Z babel program.body[6].body.body[1].body.body[2].argument.arguments[3].body.body[3].block.body[6].argument.properties[6].value.consequent.expressions[1].properties[1].value.left.expressions[0].argument.object MemberExpression: enter
2025-06-05T08:42:12.358Z babel program.body[6].body.body[1].body.body[2].argument.arguments[3].body.body[3].block.body[6].argument.properties[6].value.consequent.expressions[1].properties[1].value.left.expressions[0].argument.object MemberExpression: Recursing into...
2025-06-05T08:42:12.358Z babel program.body[6].body.body[1].body.body[2].argument.arguments[3].body.body[3].block.body[6].argument.properties[6].value.consequent.expressions[1].properties[1].value.left.expressions[0].argument.object.object MemberExpression: enter
2025-06-05T08:42:12.358Z babel program.body[6].body.body[1].body.body[2].argument.arguments[3].body.body[3].block.body[6].argument.properties[6].value.consequent.expressions[1].properties[1].value.left.expressions[0].argument.object.object MemberExpression: Recursing into...
2025-06-05T08:42:12.358Z babel program.body[6].body.body[1].body.body[2].argument.arguments[3].body.body[3].block.body[6].argument.properties[6].value.consequent.expressions[1].properties[1].value.left.expressions[0].argument.object.object.object CallExpression: enter
2025-06-05T08:42:12.358Z babel program.body[6].body.body[1].body.body[2].argument.arguments[3].body.body[3].block.body[6].argument.properties[6].value.consequent.expressions[1].properties[1].value.left.expressions[0].argument.object.object.object CallExpression: Recursing into...
2025-06-05T08:42:12.358Z babel program.body[6].body.body[1].body.body[2].argument.arguments[3].body.body[3].block.body[6].argument.properties[6].value.consequent.expressions[1].properties[1].value.left.expressions[0].argument.object.object.object CallExpression: exit
2025-06-05T08:42:12.358Z babel program.body[6].body.body[1].body.body[2].argument.arguments[3].body.body[3].block.body[6].argument.properties[6].value.consequent.expressions[1].properties[1].value.left.expressions[0].argument.object.object MemberExpression: exit
2025-06-05T08:42:12.358Z babel program.body[6].body.body[1].body.body[2].argument.arguments[3].body.body[3].block.body[6].argument.properties[6].value.consequent.expressions[1].properties[1].value.left.expressions[0].argument.object MemberExpression: exit
2025-06-05T08:42:12.358Z babel program.body[6].body.body[1].body.body[2].argument.arguments[3].body.body[3].block.body[6].argument.properties[6].value.consequent.expressions[1].properties[1].value.left.expressions[0].argument MemberExpression: exit
2025-06-05T08:42:12.358Z babel program.body[6].body.body[1].body.body[2].argument.arguments[3].body.body[3].block.body[6].argument.properties[6].value.consequent.expressions[1].properties[1].value.left.expressions[0] UpdateExpression: exit
2025-06-05T08:42:12.358Z babel program.body[6].body.body[1].body.body[2].argument.arguments[3].body.body[3].block.body[6].argument.properties[6].value.consequent.expressions[1].properties[1].value.left.expressions[1] MemberExpression: enter
2025-06-05T08:42:12.358Z babel program.body[6].body.body[1].body.body[2].argument.arguments[3].body.body[3].block.body[6].argument.properties[6].value.consequent.expressions[1].properties[1].value.left.expressions[1] MemberExpression: Recursing into...
2025-06-05T08:42:12.358Z babel program.body[6].body.body[1].body.body[2].argument.arguments[3].body.body[3].block.body[6].argument.properties[6].value.consequent.expressions[1].properties[1].value.left.expressions[1].object MemberExpression: enter
2025-06-05T08:42:12.358Z babel program.body[6].body.body[1].body.body[2].argument.arguments[3].body.body[3].block.body[6].argument.properties[6].value.consequent.expressions[1].properties[1].value.left.expressions[1].object MemberExpression: Recursing into...
2025-06-05T08:42:12.358Z babel program.body[6].body.body[1].body.body[2].argument.arguments[3].body.body[3].block.body[6].argument.properties[6].value.consequent.expressions[1].properties[1].value.left.expressions[1].object MemberExpression: exit
2025-06-05T08:42:12.358Z babel program.body[6].body.body[1].body.body[2].argument.arguments[3].body.body[3].block.body[6].argument.properties[6].value.consequent.expressions[1].properties[1].value.left.expressions[1] MemberExpression: exit
2025-06-05T08:42:12.358Z babel program.body[6].body.body[1].body.body[2].argument.arguments[3].body.body[3].block.body[6].argument.properties[6].value.consequent.expressions[1].properties[1].value.left SequenceExpression: exit
2025-06-05T08:42:12.358Z babel program.body[6].body.body[1].body.body[2].argument.arguments[3].body.body[3].block.body[6].argument.properties[6].value.consequent.expressions[1].properties[1].value.right SequenceExpression: enter
2025-06-05T08:42:12.358Z babel program.body[6].body.body[1].body.body[2].argument.arguments[3].body.body[3].block.body[6].argument.properties[6].value.consequent.expressions[1].properties[1].value.right SequenceExpression: Recursing into...
2025-06-05T08:42:12.358Z babel program.body[6].body.body[1].body.body[2].argument.arguments[3].body.body[3].block.body[6].argument.properties[6].value.consequent.expressions[1].properties[1].value.right.expressions[0] UpdateExpression: enter
2025-06-05T08:42:12.358Z babel program.body[6].body.body[1].body.body[2].argument.arguments[3].body.body[3].block.body[6].argument.properties[6].value.consequent.expressions[1].properties[1].value.right.expressions[0] UpdateExpression: Recursing into...
2025-06-05T08:42:12.358Z babel program.body[6].body.body[1].body.body[2].argument.arguments[3].body.body[3].block.body[6].argument.properties[6].value.consequent.expressions[1].properties[1].value.right.expressions[0].argument MemberExpression: enter
2025-06-05T08:42:12.358Z babel program.body[6].body.body[1].body.body[2].argument.arguments[3].body.body[3].block.body[6].argument.properties[6].value.consequent.expressions[1].properties[1].value.right.expressions[0].argument MemberExpression: Recursing into...
2025-06-05T08:42:12.358Z babel program.body[6].body.body[1].body.body[2].argument.arguments[3].body.body[3].block.body[6].argument.properties[6].value.consequent.expressions[1].properties[1].value.right.expressions[0].argument.object MemberExpression: enter
2025-06-05T08:42:12.358Z babel program.body[6].body.body[1].body.body[2].argument.arguments[3].body.body[3].block.body[6].argument.properties[6].value.consequent.expressions[1].properties[1].value.right.expressions[0].argument.object MemberExpression: Recursing into...
2025-06-05T08:42:12.358Z babel program.body[6].body.body[1].body.body[2].argument.arguments[3].body.body[3].block.body[6].argument.properties[6].value.consequent.expressions[1].properties[1].value.right.expressions[0].argument.object.object MemberExpression: enter
2025-06-05T08:42:12.358Z babel program.body[6].body.body[1].body.body[2].argument.arguments[3].body.body[3].block.body[6].argument.properties[6].value.consequent.expressions[1].properties[1].value.right.expressions[0].argument.object.object MemberExpression: Recursing into...
2025-06-05T08:42:12.358Z babel program.body[6].body.body[1].body.body[2].argument.arguments[3].body.body[3].block.body[6].argument.properties[6].value.consequent.expressions[1].properties[1].value.right.expressions[0].argument.object.object.object CallExpression: enter
2025-06-05T08:42:12.358Z babel program.body[6].body.body[1].body.body[2].argument.arguments[3].body.body[3].block.body[6].argument.properties[6].value.consequent.expressions[1].properties[1].value.right.expressions[0].argument.object.object.object CallExpression: Recursing into...
2025-06-05T08:42:12.358Z babel program.body[6].body.body[1].body.body[2].argument.arguments[3].body.body[3].block.body[6].argument.properties[6].value.consequent.expressions[1].properties[1].value.right.expressions[0].argument.object.object.object CallExpression: exit
2025-06-05T08:42:12.358Z babel program.body[6].body.body[1].body.body[2].argument.arguments[3].body.body[3].block.body[6].argument.properties[6].value.consequent.expressions[1].properties[1].value.right.expressions[0].argument.object.object MemberExpression: exit
2025-06-05T08:42:12.358Z babel program.body[6].body.body[1].body.body[2].argument.arguments[3].body.body[3].block.body[6].argument.properties[6].value.consequent.expressions[1].properties[1].value.right.expressions[0].argument.object MemberExpression: exit
2025-06-05T08:42:12.358Z babel program.body[6].body.body[1].body.body[2].argument.arguments[3].body.body[3].block.body[6].argument.properties[6].value.consequent.expressions[1].properties[1].value.right.expressions[0].argument MemberExpression: exit
2025-06-05T08:42:12.358Z babel program.body[6].body.body[1].body.body[2].argument.arguments[3].body.body[3].block.body[6].argument.properties[6].value.consequent.expressions[1].properties[1].value.right.expressions[0] UpdateExpression: exit
2025-06-05T08:42:12.358Z babel program.body[6].body.body[1].body.body[2].argument.arguments[3].body.body[3].block.body[6].argument.properties[6].value.consequent.expressions[1].properties[1].value.right SequenceExpression: exit
2025-06-05T08:42:12.358Z babel program.body[6].body.body[1].body.body[2].argument.arguments[3].body.body[3].block.body[6].argument.properties[6].value.consequent.expressions[1].properties[1].value LogicalExpression: exit
2025-06-05T08:42:12.358Z babel program.body[6].body.body[1].body.body[2].argument.arguments[3].body.body[3].block.body[6].argument.properties[6].value.consequent.expressions[1].properties[1] ObjectProperty: exit
2025-06-05T08:42:12.358Z babel program.body[6].body.body[1].body.body[2].argument.arguments[3].body.body[3].block.body[6].argument.properties[6].value.consequent.expressions[1].properties[2] ObjectProperty: enter
2025-06-05T08:42:12.359Z babel program.body[6].body.body[1].body.body[2].argument.arguments[3].body.body[3].block.body[6].argument.properties[6].value.consequent.expressions[1].properties[2] ObjectProperty: Recursing into...
2025-06-05T08:42:12.359Z babel program.body[6].body.body[1].body.body[2].argument.arguments[3].body.body[3].block.body[6].argument.properties[6].value.consequent.expressions[1].properties[2].value MemberExpression: enter
2025-06-05T08:42:12.359Z babel program.body[6].body.body[1].body.body[2].argument.arguments[3].body.body[3].block.body[6].argument.properties[6].value.consequent.expressions[1].properties[2].value MemberExpression: Recursing into...
2025-06-05T08:42:12.359Z babel program.body[6].body.body[1].body.body[2].argument.arguments[3].body.body[3].block.body[6].argument.properties[6].value.consequent.expressions[1].properties[2].value.object MemberExpression: enter
2025-06-05T08:42:12.359Z babel program.body[6].body.body[1].body.body[2].argument.arguments[3].body.body[3].block.body[6].argument.properties[6].value.consequent.expressions[1].properties[2].value.object MemberExpression: Recursing into...
2025-06-05T08:42:12.359Z babel program.body[6].body.body[1].body.body[2].argument.arguments[3].body.body[3].block.body[6].argument.properties[6].value.consequent.expressions[1].properties[2].value.object MemberExpression: exit
2025-06-05T08:42:12.359Z babel program.body[6].body.body[1].body.body[2].argument.arguments[3].body.body[3].block.body[6].argument.properties[6].value.consequent.expressions[1].properties[2].value MemberExpression: exit
2025-06-05T08:42:12.359Z babel program.body[6].body.body[1].body.body[2].argument.arguments[3].body.body[3].block.body[6].argument.properties[6].value.consequent.expressions[1].properties[2] ObjectProperty: exit
2025-06-05T08:42:12.359Z babel program.body[6].body.body[1].body.body[2].argument.arguments[3].body.body[3].block.body[6].argument.properties[6].value.consequent.expressions[1] ObjectExpression: exit
2025-06-05T08:42:12.359Z babel program.body[6].body.body[1].body.body[2].argument.arguments[3].body.body[3].block.body[6].argument.properties[6].value.consequent SequenceExpression: exit
2025-06-05T08:42:12.359Z babel program.body[6].body.body[1].body.body[2].argument.arguments[3].body.body[3].block.body[6].argument.properties[6].value.alternate SequenceExpression: enter
2025-06-05T08:42:12.359Z babel program.body[6].body.body[1].body.body[2].argument.arguments[3].body.body[3].block.body[6].argument.properties[6].value.alternate SequenceExpression: Recursing into...
2025-06-05T08:42:12.359Z babel program.body[6].body.body[1].body.body[2].argument.arguments[3].body.body[3].block.body[6].argument.properties[6].value.alternate.expressions[0] UpdateExpression: enter
2025-06-05T08:42:12.359Z babel program.body[6].body.body[1].body.body[2].argument.arguments[3].body.body[3].block.body[6].argument.properties[6].value.alternate.expressions[0] UpdateExpression: Recursing into...
2025-06-05T08:42:12.359Z babel program.body[6].body.body[1].body.body[2].argument.arguments[3].body.body[3].block.body[6].argument.properties[6].value.alternate.expressions[0].argument MemberExpression: enter
2025-06-05T08:42:12.359Z babel program.body[6].body.body[1].body.body[2].argument.arguments[3].body.body[3].block.body[6].argument.properties[6].value.alternate.expressions[0].argument MemberExpression: Recursing into...
2025-06-05T08:42:12.359Z babel program.body[6].body.body[1].body.body[2].argument.arguments[3].body.body[3].block.body[6].argument.properties[6].value.alternate.expressions[0].argument.object MemberExpression: enter
2025-06-05T08:42:12.359Z babel program.body[6].body.body[1].body.body[2].argument.arguments[3].body.body[3].block.body[6].argument.properties[6].value.alternate.expressions[0].argument.object MemberExpression: Recursing into...
2025-06-05T08:42:12.359Z babel program.body[6].body.body[1].body.body[2].argument.arguments[3].body.body[3].block.body[6].argument.properties[6].value.alternate.expressions[0].argument.object.object MemberExpression: enter
2025-06-05T08:42:12.359Z babel program.body[6].body.body[1].body.body[2].argument.arguments[3].body.body[3].block.body[6].argument.properties[6].value.alternate.expressions[0].argument.object.object MemberExpression: Recursing into...
2025-06-05T08:42:12.359Z babel program.body[6].body.body[1].body.body[2].argument.arguments[3].body.body[3].block.body[6].argument.properties[6].value.alternate.expressions[0].argument.object.object.object CallExpression: enter
2025-06-05T08:42:12.359Z babel program.body[6].body.body[1].body.body[2].argument.arguments[3].body.body[3].block.body[6].argument.properties[6].value.alternate.expressions[0].argument.object.object.object CallExpression: Recursing into...
2025-06-05T08:42:12.359Z babel program.body[6].body.body[1].body.body[2].argument.arguments[3].body.body[3].block.body[6].argument.properties[6].value.alternate.expressions[0].argument.object.object.object CallExpression: exit
2025-06-05T08:42:12.359Z babel program.body[6].body.body[1].body.body[2].argument.arguments[3].body.body[3].block.body[6].argument.properties[6].value.alternate.expressions[0].argument.object.object MemberExpression: exit
2025-06-05T08:42:12.359Z babel program.body[6].body.body[1].body.body[2].argument.arguments[3].body.body[3].block.body[6].argument.properties[6].value.alternate.expressions[0].argument.object MemberExpression: exit
2025-06-05T08:42:12.359Z babel program.body[6].body.body[1].body.body[2].argument.arguments[3].body.body[3].block.body[6].argument.properties[6].value.alternate.expressions[0].argument MemberExpression: exit
2025-06-05T08:42:12.359Z babel program.body[6].body.body[1].body.body[2].argument.arguments[3].body.body[3].block.body[6].argument.properties[6].value.alternate.expressions[0] UpdateExpression: exit
2025-06-05T08:42:12.359Z babel program.body[6].body.body[1].body.body[2].argument.arguments[3].body.body[3].block.body[6].argument.properties[6].value.alternate SequenceExpression: exit
2025-06-05T08:42:12.359Z babel program.body[6].body.body[1].body.body[2].argument.arguments[3].body.body[3].block.body[6].argument.properties[6].value ConditionalExpression: exit
2025-06-05T08:42:12.359Z babel program.body[6].body.body[1].body.body[2].argument.arguments[3].body.body[3].block.body[6].argument.properties[6] ObjectProperty: exit
2025-06-05T08:42:12.359Z babel program.body[6].body.body[1].body.body[2].argument.arguments[3].body.body[3].block.body[6].argument ObjectExpression: exit
2025-06-05T08:42:12.359Z babel program.body[6].body.body[1].body.body[2].argument.arguments[3].body.body[3].block.body[6] ReturnStatement: exit
2025-06-05T08:42:12.359Z babel program.body[6].body.body[1].body.body[2].argument.arguments[3].body.body[3].block.body[0] ExpressionStatement: enter
2025-06-05T08:42:12.359Z babel program.body[6].body.body[1].body.body[2].argument.arguments[3].body.body[3].block.body[0] ExpressionStatement: Recursing into...
2025-06-05T08:42:12.359Z babel program.body[6].body.body[1].body.body[2].argument.arguments[3].body.body[3].block.body[0].expression UpdateExpression: enter
2025-06-05T08:42:12.359Z babel program.body[6].body.body[1].body.body[2].argument.arguments[3].body.body[3].block.body[0].expression UpdateExpression: Recursing into...
2025-06-05T08:42:12.359Z babel program.body[6].body.body[1].body.body[2].argument.arguments[3].body.body[3].block.body[0].expression.argument MemberExpression: enter
2025-06-05T08:42:12.359Z babel program.body[6].body.body[1].body.body[2].argument.arguments[3].body.body[3].block.body[0].expression.argument MemberExpression: Recursing into...
2025-06-05T08:42:12.359Z babel program.body[6].body.body[1].body.body[2].argument.arguments[3].body.body[3].block.body[0].expression.argument.object MemberExpression: enter
2025-06-05T08:42:12.359Z babel program.body[6].body.body[1].body.body[2].argument.arguments[3].body.body[3].block.body[0].expression.argument.object MemberExpression: Recursing into...
2025-06-05T08:42:12.359Z babel program.body[6].body.body[1].body.body[2].argument.arguments[3].body.body[3].block.body[0].expression.argument.object.object CallExpression: enter
2025-06-05T08:42:12.359Z babel program.body[6].body.body[1].body.body[2].argument.arguments[3].body.body[3].block.body[0].expression.argument.object.object CallExpression: Recursing into...
2025-06-05T08:42:12.359Z babel program.body[6].body.body[1].body.body[2].argument.arguments[3].body.body[3].block.body[0].expression.argument.object.object CallExpression: exit
2025-06-05T08:42:12.359Z babel program.body[6].body.body[1].body.body[2].argument.arguments[3].body.body[3].block.body[0].expression.argument.object MemberExpression: exit
2025-06-05T08:42:12.359Z babel program.body[6].body.body[1].body.body[2].argument.arguments[3].body.body[3].block.body[0].expression.argument MemberExpression: exit
2025-06-05T08:42:12.359Z babel program.body[6].body.body[1].body.body[2].argument.arguments[3].body.body[3].block.body[0].expression UpdateExpression: exit
2025-06-05T08:42:12.359Z babel program.body[6].body.body[1].body.body[2].argument.arguments[3].body.body[3].block.body[0] ExpressionStatement: exit
2025-06-05T08:42:12.359Z babel program.body[6].body.body[1].body.body[2].argument.arguments[3].body.body[3].block.body[3] ExpressionStatement: enter
2025-06-05T08:42:12.359Z babel program.body[6].body.body[1].body.body[2].argument.arguments[3].body.body[3].block.body[3] ExpressionStatement: Recursing into...
2025-06-05T08:42:12.359Z babel program.body[6].body.body[1].body.body[2].argument.arguments[3].body.body[3].block.body[3].expression UpdateExpression: enter
2025-06-05T08:42:12.359Z babel program.body[6].body.body[1].body.body[2].argument.arguments[3].body.body[3].block.body[3].expression UpdateExpression: Recursing into...
2025-06-05T08:42:12.359Z babel program.body[6].body.body[1].body.body[2].argument.arguments[3].body.body[3].block.body[3].expression.argument MemberExpression: enter
2025-06-05T08:42:12.359Z babel program.body[6].body.body[1].body.body[2].argument.arguments[3].body.body[3].block.body[3].expression.argument MemberExpression: Recursing into...
2025-06-05T08:42:12.359Z babel program.body[6].body.body[1].body.body[2].argument.arguments[3].body.body[3].block.body[3].expression.argument.object MemberExpression: enter
2025-06-05T08:42:12.359Z babel program.body[6].body.body[1].body.body[2].argument.arguments[3].body.body[3].block.body[3].expression.argument.object MemberExpression: Recursing into...
2025-06-05T08:42:12.359Z babel program.body[6].body.body[1].body.body[2].argument.arguments[3].body.body[3].block.body[3].expression.argument.object.object CallExpression: enter
2025-06-05T08:42:12.359Z babel program.body[6].body.body[1].body.body[2].argument.arguments[3].body.body[3].block.body[3].expression.argument.object.object CallExpression: Recursing into...
2025-06-05T08:42:12.359Z babel program.body[6].body.body[1].body.body[2].argument.arguments[3].body.body[3].block.body[3].expression.argument.object.object CallExpression: exit
2025-06-05T08:42:12.359Z babel program.body[6].body.body[1].body.body[2].argument.arguments[3].body.body[3].block.body[3].expression.argument.object MemberExpression: exit
2025-06-05T08:42:12.359Z babel program.body[6].body.body[1].body.body[2].argument.arguments[3].body.body[3].block.body[3].expression.argument MemberExpression: exit
2025-06-05T08:42:12.359Z babel program.body[6].body.body[1].body.body[2].argument.arguments[3].body.body[3].block.body[3].expression UpdateExpression: exit
2025-06-05T08:42:12.359Z babel program.body[6].body.body[1].body.body[2].argument.arguments[3].body.body[3].block.body[3] ExpressionStatement: exit
2025-06-05T08:42:12.359Z babel program.body[6].body.body[1].body.body[2].argument.arguments[3].body.body[3].block.body[5] ExpressionStatement: enter
2025-06-05T08:42:12.359Z babel program.body[6].body.body[1].body.body[2].argument.arguments[3].body.body[3].block.body[5] ExpressionStatement: Recursing into...
2025-06-05T08:42:12.359Z babel program.body[6].body.body[1].body.body[2].argument.arguments[3].body.body[3].block.body[5].expression UpdateExpression: enter
2025-06-05T08:42:12.359Z babel program.body[6].body.body[1].body.body[2].argument.arguments[3].body.body[3].block.body[5].expression UpdateExpression: Recursing into...
2025-06-05T08:42:12.359Z babel program.body[6].body.body[1].body.body[2].argument.arguments[3].body.body[3].block.body[5].expression.argument MemberExpression: enter
2025-06-05T08:42:12.359Z babel program.body[6].body.body[1].body.body[2].argument.arguments[3].body.body[3].block.body[5].expression.argument MemberExpression: Recursing into...
2025-06-05T08:42:12.359Z babel program.body[6].body.body[1].body.body[2].argument.arguments[3].body.body[3].block.body[5].expression.argument.object MemberExpression: enter
2025-06-05T08:42:12.359Z babel program.body[6].body.body[1].body.body[2].argument.arguments[3].body.body[3].block.body[5].expression.argument.object MemberExpression: Recursing into...
2025-06-05T08:42:12.359Z babel program.body[6].body.body[1].body.body[2].argument.arguments[3].body.body[3].block.body[5].expression.argument.object.object CallExpression: enter
2025-06-05T08:42:12.359Z babel program.body[6].body.body[1].body.body[2].argument.arguments[3].body.body[3].block.body[5].expression.argument.object.object CallExpression: Recursing into...
2025-06-05T08:42:12.359Z babel program.body[6].body.body[1].body.body[2].argument.arguments[3].body.body[3].block.body[5].expression.argument.object.object CallExpression: exit
2025-06-05T08:42:12.359Z babel program.body[6].body.body[1].body.body[2].argument.arguments[3].body.body[3].block.body[5].expression.argument.object MemberExpression: exit
2025-06-05T08:42:12.359Z babel program.body[6].body.body[1].body.body[2].argument.arguments[3].body.body[3].block.body[5].expression.argument MemberExpression: exit
2025-06-05T08:42:12.359Z babel program.body[6].body.body[1].body.body[2].argument.arguments[3].body.body[3].block.body[5].expression UpdateExpression: exit
2025-06-05T08:42:12.359Z babel program.body[6].body.body[1].body.body[2].argument.arguments[3].body.body[3].block.body[5] ExpressionStatement: exit
2025-06-05T08:42:12.359Z babel program.body[6].body.body[1].body.body[2].argument.arguments[3].body.body[3].block BlockStatement: exit
2025-06-05T08:42:12.359Z babel program.body[6].body.body[1].body.body[2].argument.arguments[3].body.body[3].handler CatchClause: enter
2025-06-05T08:42:12.359Z babel program.body[6].body.body[1].body.body[2].argument.arguments[3].body.body[3].handler CatchClause: Recursing into...
2025-06-05T08:42:12.359Z babel program.body[6].body.body[1].body.body[2].argument.arguments[3].body.body[3].handler.body BlockStatement: enter
2025-06-05T08:42:12.359Z babel program.body[6].body.body[1].body.body[2].argument.arguments[3].body.body[3].handler.body BlockStatement: Recursing into...
2025-06-05T08:42:12.359Z babel program.body[6].body.body[1].body.body[2].argument.arguments[3].body.body[3].handler.body.body[0] ReturnStatement: enter
2025-06-05T08:42:12.359Z babel program.body[6].body.body[1].body.body[2].argument.arguments[3].body.body[3].handler.body.body[0] ExpressionStatement: Inserted.
2025-06-05T08:42:12.359Z babel program.body[6].body.body[1].body.body[2].argument.arguments[3].body.body[3].handler.body.body[1] ReturnStatement: Recursing into...
2025-06-05T08:42:12.359Z babel program.body[6].body.body[1].body.body[2].argument.arguments[3].body.body[3].handler.body.body[1].argument CallExpression: enter
2025-06-05T08:42:12.359Z babel program.body[6].body.body[1].body.body[2].argument.arguments[3].body.body[3].handler.body.body[1].argument CallExpression: Recursing into...
2025-06-05T08:42:12.359Z babel program.body[6].body.body[1].body.body[2].argument.arguments[3].body.body[3].handler.body.body[1].argument.callee MemberExpression: enter
2025-06-05T08:42:12.359Z babel program.body[6].body.body[1].body.body[2].argument.arguments[3].body.body[3].handler.body.body[1].argument.callee MemberExpression: Recursing into...
2025-06-05T08:42:12.359Z babel program.body[6].body.body[1].body.body[2].argument.arguments[3].body.body[3].handler.body.body[1].argument.callee MemberExpression: exit
2025-06-05T08:42:12.359Z babel program.body[6].body.body[1].body.body[2].argument.arguments[3].body.body[3].handler.body.body[1].argument.arguments[2] ConditionalExpression: enter
2025-06-05T08:42:12.359Z babel program.body[6].body.body[1].body.body[2].argument.arguments[3].body.body[3].handler.body.body[1].argument.arguments[2].consequent MemberExpression: Replace with SequenceExpression
2025-06-05T08:42:12.359Z babel program.body[6].body.body[1].body.body[2].argument.arguments[3].body.body[3].handler.body.body[1].argument.arguments[2].alternate CallExpression: Replace with SequenceExpression
2025-06-05T08:42:12.359Z babel program.body[6].body.body[1].body.body[2].argument.arguments[3].body.body[3].handler.body.body[1].argument.arguments[2] ConditionalExpression: Recursing into...
2025-06-05T08:42:12.359Z babel program.body[6].body.body[1].body.body[2].argument.arguments[3].body.body[3].handler.body.body[1].argument.arguments[2].test BinaryExpression: enter
2025-06-05T08:42:12.359Z babel program.body[6].body.body[1].body.body[2].argument.arguments[3].body.body[3].handler.body.body[1].argument.arguments[2].test BinaryExpression: Recursing into...
2025-06-05T08:42:12.359Z babel program.body[6].body.body[1].body.body[2].argument.arguments[3].body.body[3].handler.body.body[1].argument.arguments[2].test BinaryExpression: exit
2025-06-05T08:42:12.359Z babel program.body[6].body.body[1].body.body[2].argument.arguments[3].body.body[3].handler.body.body[1].argument.arguments[2].consequent SequenceExpression: enter
2025-06-05T08:42:12.359Z babel program.body[6].body.body[1].body.body[2].argument.arguments[3].body.body[3].handler.body.body[1].argument.arguments[2].consequent SequenceExpression: Recursing into...
2025-06-05T08:42:12.359Z babel program.body[6].body.body[1].body.body[2].argument.arguments[3].body.body[3].handler.body.body[1].argument.arguments[2].consequent.expressions[0] UpdateExpression: enter
2025-06-05T08:42:12.359Z babel program.body[6].body.body[1].body.body[2].argument.arguments[3].body.body[3].handler.body.body[1].argument.arguments[2].consequent.expressions[0] UpdateExpression: Recursing into...
2025-06-05T08:42:12.359Z babel program.body[6].body.body[1].body.body[2].argument.arguments[3].body.body[3].handler.body.body[1].argument.arguments[2].consequent.expressions[0].argument MemberExpression: enter
2025-06-05T08:42:12.359Z babel program.body[6].body.body[1].body.body[2].argument.arguments[3].body.body[3].handler.body.body[1].argument.arguments[2].consequent.expressions[0].argument MemberExpression: Recursing into...
2025-06-05T08:42:12.359Z babel program.body[6].body.body[1].body.body[2].argument.arguments[3].body.body[3].handler.body.body[1].argument.arguments[2].consequent.expressions[0].argument.object MemberExpression: enter
2025-06-05T08:42:12.359Z babel program.body[6].body.body[1].body.body[2].argument.arguments[3].body.body[3].handler.body.body[1].argument.arguments[2].consequent.expressions[0].argument.object MemberExpression: Recursing into...
2025-06-05T08:42:12.359Z babel program.body[6].body.body[1].body.body[2].argument.arguments[3].body.body[3].handler.body.body[1].argument.arguments[2].consequent.expressions[0].argument.object.object MemberExpression: enter
2025-06-05T08:42:12.359Z babel program.body[6].body.body[1].body.body[2].argument.arguments[3].body.body[3].handler.body.body[1].argument.arguments[2].consequent.expressions[0].argument.object.object MemberExpression: Recursing into...
2025-06-05T08:42:12.359Z babel program.body[6].body.body[1].body.body[2].argument.arguments[3].body.body[3].handler.body.body[1].argument.arguments[2].consequent.expressions[0].argument.object.object.object CallExpression: enter
2025-06-05T08:42:12.359Z babel program.body[6].body.body[1].body.body[2].argument.arguments[3].body.body[3].handler.body.body[1].argument.arguments[2].consequent.expressions[0].argument.object.object.object CallExpression: Recursing into...
2025-06-05T08:42:12.359Z babel program.body[6].body.body[1].body.body[2].argument.arguments[3].body.body[3].handler.body.body[1].argument.arguments[2].consequent.expressions[0].argument.object.object.object CallExpression: exit
2025-06-05T08:42:12.359Z babel program.body[6].body.body[1].body.body[2].argument.arguments[3].body.body[3].handler.body.body[1].argument.arguments[2].consequent.expressions[0].argument.object.object MemberExpression: exit
2025-06-05T08:42:12.359Z babel program.body[6].body.body[1].body.body[2].argument.arguments[3].body.body[3].handler.body.body[1].argument.arguments[2].consequent.expressions[0].argument.object MemberExpression: exit
2025-06-05T08:42:12.359Z babel program.body[6].body.body[1].body.body[2].argument.arguments[3].body.body[3].handler.body.body[1].argument.arguments[2].consequent.expressions[0].argument MemberExpression: exit
2025-06-05T08:42:12.359Z babel program.body[6].body.body[1].body.body[2].argument.arguments[3].body.body[3].handler.body.body[1].argument.arguments[2].consequent.expressions[0] UpdateExpression: exit
2025-06-05T08:42:12.359Z babel program.body[6].body.body[1].body.body[2].argument.arguments[3].body.body[3].handler.body.body[1].argument.arguments[2].consequent.expressions[1] MemberExpression: enter
2025-06-05T08:42:12.359Z babel program.body[6].body.body[1].body.body[2].argument.arguments[3].body.body[3].handler.body.body[1].argument.arguments[2].consequent.expressions[1] MemberExpression: Recursing into...
2025-06-05T08:42:12.359Z babel program.body[6].body.body[1].body.body[2].argument.arguments[3].body.body[3].handler.body.body[1].argument.arguments[2].consequent.expressions[1] MemberExpression: exit
2025-06-05T08:42:12.359Z babel program.body[6].body.body[1].body.body[2].argument.arguments[3].body.body[3].handler.body.body[1].argument.arguments[2].consequent SequenceExpression: exit
2025-06-05T08:42:12.359Z babel program.body[6].body.body[1].body.body[2].argument.arguments[3].body.body[3].handler.body.body[1].argument.arguments[2].alternate SequenceExpression: enter
2025-06-05T08:42:12.359Z babel program.body[6].body.body[1].body.body[2].argument.arguments[3].body.body[3].handler.body.body[1].argument.arguments[2].alternate SequenceExpression: Recursing into...
2025-06-05T08:42:12.359Z babel program.body[6].body.body[1].body.body[2].argument.arguments[3].body.body[3].handler.body.body[1].argument.arguments[2].alternate.expressions[0] UpdateExpression: enter
2025-06-05T08:42:12.359Z babel program.body[6].body.body[1].body.body[2].argument.arguments[3].body.body[3].handler.body.body[1].argument.arguments[2].alternate.expressions[0] UpdateExpression: Recursing into...
2025-06-05T08:42:12.369Z babel program.body[6].body.body[1].body.body[2].argument.arguments[3].body.body[3].handler.body.body[1].argument.arguments[2].alternate.expressions[0].argument MemberExpression: enter
2025-06-05T08:42:12.369Z babel program.body[6].body.body[1].body.body[2].argument.arguments[3].body.body[3].handler.body.body[1].argument.arguments[2].alternate.expressions[0].argument MemberExpression: Recursing into...
2025-06-05T08:42:12.369Z babel program.body[6].body.body[1].body.body[2].argument.arguments[3].body.body[3].handler.body.body[1].argument.arguments[2].alternate.expressions[0].argument.object MemberExpression: enter
2025-06-05T08:42:12.369Z babel program.body[6].body.body[1].body.body[2].argument.arguments[3].body.body[3].handler.body.body[1].argument.arguments[2].alternate.expressions[0].argument.object MemberExpression: Recursing into...
2025-06-05T08:42:12.369Z babel program.body[6].body.body[1].body.body[2].argument.arguments[3].body.body[3].handler.body.body[1].argument.arguments[2].alternate.expressions[0].argument.object.object MemberExpression: enter
2025-06-05T08:42:12.369Z babel program.body[6].body.body[1].body.body[2].argument.arguments[3].body.body[3].handler.body.body[1].argument.arguments[2].alternate.expressions[0].argument.object.object MemberExpression: Recursing into...
2025-06-05T08:42:12.369Z babel program.body[6].body.body[1].body.body[2].argument.arguments[3].body.body[3].handler.body.body[1].argument.arguments[2].alternate.expressions[0].argument.object.object.object CallExpression: enter
2025-06-05T08:42:12.369Z babel program.body[6].body.body[1].body.body[2].argument.arguments[3].body.body[3].handler.body.body[1].argument.arguments[2].alternate.expressions[0].argument.object.object.object CallExpression: Recursing into...
2025-06-05T08:42:12.369Z babel program.body[6].body.body[1].body.body[2].argument.arguments[3].body.body[3].handler.body.body[1].argument.arguments[2].alternate.expressions[0].argument.object.object.object CallExpression: exit
2025-06-05T08:42:12.369Z babel program.body[6].body.body[1].body.body[2].argument.arguments[3].body.body[3].handler.body.body[1].argument.arguments[2].alternate.expressions[0].argument.object.object MemberExpression: exit
2025-06-05T08:42:12.369Z babel program.body[6].body.body[1].body.body[2].argument.arguments[3].body.body[3].handler.body.body[1].argument.arguments[2].alternate.expressions[0].argument.object MemberExpression: exit
2025-06-05T08:42:12.369Z babel program.body[6].body.body[1].body.body[2].argument.arguments[3].body.body[3].handler.body.body[1].argument.arguments[2].alternate.expressions[0].argument MemberExpression: exit
2025-06-05T08:42:12.369Z babel program.body[6].body.body[1].body.body[2].argument.arguments[3].body.body[3].handler.body.body[1].argument.arguments[2].alternate.expressions[0] UpdateExpression: exit
2025-06-05T08:42:12.369Z babel program.body[6].body.body[1].body.body[2].argument.arguments[3].body.body[3].handler.body.body[1].argument.arguments[2].alternate.expressions[1] CallExpression: enter
2025-06-05T08:42:12.369Z babel program.body[6].body.body[1].body.body[2].argument.arguments[3].body.body[3].handler.body.body[1].argument.arguments[2].alternate.expressions[1] CallExpression: Recursing into...
2025-06-05T08:42:12.370Z babel program.body[6].body.body[1].body.body[2].argument.arguments[3].body.body[3].handler.body.body[1].argument.arguments[2].alternate.expressions[1] CallExpression: exit
2025-06-05T08:42:12.370Z babel program.body[6].body.body[1].body.body[2].argument.arguments[3].body.body[3].handler.body.body[1].argument.arguments[2].alternate SequenceExpression: exit
2025-06-05T08:42:12.370Z babel program.body[6].body.body[1].body.body[2].argument.arguments[3].body.body[3].handler.body.body[1].argument.arguments[2] ConditionalExpression: exit
2025-06-05T08:42:12.370Z babel program.body[6].body.body[1].body.body[2].argument.arguments[3].body.body[3].handler.body.body[1].argument CallExpression: exit
2025-06-05T08:42:12.370Z babel program.body[6].body.body[1].body.body[2].argument.arguments[3].body.body[3].handler.body.body[1] ReturnStatement: exit
2025-06-05T08:42:12.370Z babel program.body[6].body.body[1].body.body[2].argument.arguments[3].body.body[3].handler.body.body[0] ExpressionStatement: enter
2025-06-05T08:42:12.370Z babel program.body[6].body.body[1].body.body[2].argument.arguments[3].body.body[3].handler.body.body[0] ExpressionStatement: Recursing into...
2025-06-05T08:42:12.370Z babel program.body[6].body.body[1].body.body[2].argument.arguments[3].body.body[3].handler.body.body[0].expression UpdateExpression: enter
2025-06-05T08:42:12.370Z babel program.body[6].body.body[1].body.body[2].argument.arguments[3].body.body[3].handler.body.body[0].expression UpdateExpression: Recursing into...
2025-06-05T08:42:12.370Z babel program.body[6].body.body[1].body.body[2].argument.arguments[3].body.body[3].handler.body.body[0].expression.argument MemberExpression: enter
2025-06-05T08:42:12.370Z babel program.body[6].body.body[1].body.body[2].argument.arguments[3].body.body[3].handler.body.body[0].expression.argument MemberExpression: Recursing into...
2025-06-05T08:42:12.370Z babel program.body[6].body.body[1].body.body[2].argument.arguments[3].body.body[3].handler.body.body[0].expression.argument.object MemberExpression: enter
2025-06-05T08:42:12.370Z babel program.body[6].body.body[1].body.body[2].argument.arguments[3].body.body[3].handler.body.body[0].expression.argument.object MemberExpression: Recursing into...
2025-06-05T08:42:12.370Z babel program.body[6].body.body[1].body.body[2].argument.arguments[3].body.body[3].handler.body.body[0].expression.argument.object.object CallExpression: enter
2025-06-05T08:42:12.370Z babel program.body[6].body.body[1].body.body[2].argument.arguments[3].body.body[3].handler.body.body[0].expression.argument.object.object CallExpression: Recursing into...
2025-06-05T08:42:12.370Z babel program.body[6].body.body[1].body.body[2].argument.arguments[3].body.body[3].handler.body.body[0].expression.argument.object.object CallExpression: exit
2025-06-05T08:42:12.370Z babel program.body[6].body.body[1].body.body[2].argument.arguments[3].body.body[3].handler.body.body[0].expression.argument.object MemberExpression: exit
2025-06-05T08:42:12.370Z babel program.body[6].body.body[1].body.body[2].argument.arguments[3].body.body[3].handler.body.body[0].expression.argument MemberExpression: exit
2025-06-05T08:42:12.370Z babel program.body[6].body.body[1].body.body[2].argument.arguments[3].body.body[3].handler.body.body[0].expression UpdateExpression: exit
2025-06-05T08:42:12.370Z babel program.body[6].body.body[1].body.body[2].argument.arguments[3].body.body[3].handler.body.body[0] ExpressionStatement: exit
2025-06-05T08:42:12.370Z babel program.body[6].body.body[1].body.body[2].argument.arguments[3].body.body[3].handler.body BlockStatement: exit
2025-06-05T08:42:12.370Z babel program.body[6].body.body[1].body.body[2].argument.arguments[3].body.body[3].handler CatchClause: exit
2025-06-05T08:42:12.370Z babel program.body[6].body.body[1].body.body[2].argument.arguments[3].body.body[3] TryStatement: exit
2025-06-05T08:42:12.370Z babel program.body[6].body.body[1].body.body[2].argument.arguments[3].body.body[2] ExpressionStatement: enter
2025-06-05T08:42:12.370Z babel program.body[6].body.body[1].body.body[2].argument.arguments[3].body.body[2] ExpressionStatement: Recursing into...
2025-06-05T08:42:12.370Z babel program.body[6].body.body[1].body.body[2].argument.arguments[3].body.body[2].expression UpdateExpression: enter
2025-06-05T08:42:12.370Z babel program.body[6].body.body[1].body.body[2].argument.arguments[3].body.body[2].expression UpdateExpression: Recursing into...
2025-06-05T08:42:12.370Z babel program.body[6].body.body[1].body.body[2].argument.arguments[3].body.body[2].expression.argument MemberExpression: enter
2025-06-05T08:42:12.370Z babel program.body[6].body.body[1].body.body[2].argument.arguments[3].body.body[2].expression.argument MemberExpression: Recursing into...
2025-06-05T08:42:12.370Z babel program.body[6].body.body[1].body.body[2].argument.arguments[3].body.body[2].expression.argument.object MemberExpression: enter
2025-06-05T08:42:12.370Z babel program.body[6].body.body[1].body.body[2].argument.arguments[3].body.body[2].expression.argument.object MemberExpression: Recursing into...
2025-06-05T08:42:12.370Z babel program.body[6].body.body[1].body.body[2].argument.arguments[3].body.body[2].expression.argument.object.object CallExpression: enter
2025-06-05T08:42:12.370Z babel program.body[6].body.body[1].body.body[2].argument.arguments[3].body.body[2].expression.argument.object.object CallExpression: Recursing into...
2025-06-05T08:42:12.370Z babel program.body[6].body.body[1].body.body[2].argument.arguments[3].body.body[2].expression.argument.object.object CallExpression: exit
2025-06-05T08:42:12.370Z babel program.body[6].body.body[1].body.body[2].argument.arguments[3].body.body[2].expression.argument.object MemberExpression: exit
2025-06-05T08:42:12.370Z babel program.body[6].body.body[1].body.body[2].argument.arguments[3].body.body[2].expression.argument MemberExpression: exit
2025-06-05T08:42:12.370Z babel program.body[6].body.body[1].body.body[2].argument.arguments[3].body.body[2].expression UpdateExpression: exit
2025-06-05T08:42:12.370Z babel program.body[6].body.body[1].body.body[2].argument.arguments[3].body.body[2] ExpressionStatement: exit
2025-06-05T08:42:12.370Z babel program.body[6].body.body[1].body.body[2].argument.arguments[3].body BlockStatement: exit
2025-06-05T08:42:12.370Z babel program.body[6].body.body[1].body.body[2].argument.arguments[3] FunctionExpression: exit
2025-06-05T08:42:12.370Z babel program.body[6].body.body[1].body.body[2].argument CallExpression: exit
2025-06-05T08:42:12.370Z babel program.body[6].body.body[1].body.body[2] ReturnStatement: exit
2025-06-05T08:42:12.370Z babel program.body[6].body.body[1].body.body[1] ExpressionStatement: enter
2025-06-05T08:42:12.370Z babel program.body[6].body.body[1].body.body[1] ExpressionStatement: Recursing into...
2025-06-05T08:42:12.370Z babel program.body[6].body.body[1].body.body[1].expression UpdateExpression: enter
2025-06-05T08:42:12.370Z babel program.body[6].body.body[1].body.body[1].expression UpdateExpression: Recursing into...
2025-06-05T08:42:12.370Z babel program.body[6].body.body[1].body.body[1].expression.argument MemberExpression: enter
2025-06-05T08:42:12.370Z babel program.body[6].body.body[1].body.body[1].expression.argument MemberExpression: Recursing into...
2025-06-05T08:42:12.370Z babel program.body[6].body.body[1].body.body[1].expression.argument.object MemberExpression: enter
2025-06-05T08:42:12.370Z babel program.body[6].body.body[1].body.body[1].expression.argument.object MemberExpression: Recursing into...
2025-06-05T08:42:12.370Z babel program.body[6].body.body[1].body.body[1].expression.argument.object.object CallExpression: enter
2025-06-05T08:42:12.370Z babel program.body[6].body.body[1].body.body[1].expression.argument.object.object CallExpression: Recursing into...
2025-06-05T08:42:12.370Z babel program.body[6].body.body[1].body.body[1].expression.argument.object.object CallExpression: exit
2025-06-05T08:42:12.370Z babel program.body[6].body.body[1].body.body[1].expression.argument.object MemberExpression: exit
2025-06-05T08:42:12.370Z babel program.body[6].body.body[1].body.body[1].expression.argument MemberExpression: exit
2025-06-05T08:42:12.370Z babel program.body[6].body.body[1].body.body[1].expression UpdateExpression: exit
2025-06-05T08:42:12.370Z babel program.body[6].body.body[1].body.body[1] ExpressionStatement: exit
2025-06-05T08:42:12.370Z babel program.body[6].body.body[1].body BlockStatement: exit
2025-06-05T08:42:12.370Z babel program.body[6].body.body[1] ClassMethod: exit
2025-06-05T08:42:12.370Z babel program.body[6].body.body[2] ClassMethod: enter
2025-06-05T08:42:12.370Z babel program.body[6].body.body[2] ClassMethod: Recursing into...
2025-06-05T08:42:12.370Z babel program.body[6].body.body[2].body BlockStatement: enter
2025-06-05T08:42:12.370Z babel program.body[6].body.body[2].body BlockStatement: Recursing into...
2025-06-05T08:42:12.370Z babel program.body[6].body.body[2].body.body[0] ExpressionStatement: enter
2025-06-05T08:42:12.370Z babel program.body[6].body.body[2].body.body[0] ExpressionStatement: Recursing into...
2025-06-05T08:42:12.370Z babel program.body[6].body.body[2].body.body[0].expression UpdateExpression: enter
2025-06-05T08:42:12.370Z babel program.body[6].body.body[2].body.body[0].expression UpdateExpression: Recursing into...
2025-06-05T08:42:12.370Z babel program.body[6].body.body[2].body.body[0].expression.argument MemberExpression: enter
2025-06-05T08:42:12.370Z babel program.body[6].body.body[2].body.body[0].expression.argument MemberExpression: Recursing into...
2025-06-05T08:42:12.370Z babel program.body[6].body.body[2].body.body[0].expression.argument.object MemberExpression: enter
2025-06-05T08:42:12.370Z babel program.body[6].body.body[2].body.body[0].expression.argument.object MemberExpression: Recursing into...
2025-06-05T08:42:12.370Z babel program.body[6].body.body[2].body.body[0].expression.argument.object.object CallExpression: enter
2025-06-05T08:42:12.370Z babel program.body[6].body.body[2].body.body[0].expression.argument.object.object CallExpression: Recursing into...
2025-06-05T08:42:12.370Z babel program.body[6].body.body[2].body.body[0].expression.argument.object.object CallExpression: exit
2025-06-05T08:42:12.370Z babel program.body[6].body.body[2].body.body[0].expression.argument.object MemberExpression: exit
2025-06-05T08:42:12.370Z babel program.body[6].body.body[2].body.body[0].expression.argument MemberExpression: exit
2025-06-05T08:42:12.370Z babel program.body[6].body.body[2].body.body[0].expression UpdateExpression: exit
2025-06-05T08:42:12.370Z babel program.body[6].body.body[2].body.body[0] ExpressionStatement: exit
2025-06-05T08:42:12.370Z babel program.body[6].body.body[2].body.body[1] ReturnStatement: enter
2025-06-05T08:42:12.370Z babel program.body[6].body.body[2].body.body[1] ExpressionStatement: Inserted.
2025-06-05T08:42:12.370Z babel program.body[6].body.body[2].body.body[2] ReturnStatement: Recursing into...
2025-06-05T08:42:12.370Z babel program.body[6].body.body[2].body.body[2].argument LogicalExpression: enter
2025-06-05T08:42:12.370Z babel program.body[6].body.body[2].body.body[2].argument LogicalExpression: Recursing into...
2025-06-05T08:42:12.370Z babel program.body[6].body.body[2].body.body[2].argument.left LogicalExpression: enter
2025-06-05T08:42:12.370Z babel program.body[6].body.body[2].body.body[2].argument.left LogicalExpression: Recursing into...
2025-06-05T08:42:12.370Z babel program.body[6].body.body[2].body.body[2].argument.left.left SequenceExpression: enter
2025-06-05T08:42:12.370Z babel program.body[6].body.body[2].body.body[2].argument.left.left SequenceExpression: Recursing into...
2025-06-05T08:42:12.370Z babel program.body[6].body.body[2].body.body[2].argument.left.left.expressions[0] UpdateExpression: enter
2025-06-05T08:42:12.370Z babel program.body[6].body.body[2].body.body[2].argument.left.left.expressions[0] UpdateExpression: Recursing into...
2025-06-05T08:42:12.370Z babel program.body[6].body.body[2].body.body[2].argument.left.left.expressions[0].argument MemberExpression: enter
2025-06-05T08:42:12.370Z babel program.body[6].body.body[2].body.body[2].argument.left.left.expressions[0].argument MemberExpression: Recursing into...
2025-06-05T08:42:12.370Z babel program.body[6].body.body[2].body.body[2].argument.left.left.expressions[0].argument.object MemberExpression: enter
2025-06-05T08:42:12.370Z babel program.body[6].body.body[2].body.body[2].argument.left.left.expressions[0].argument.object MemberExpression: Recursing into...
2025-06-05T08:42:12.370Z babel program.body[6].body.body[2].body.body[2].argument.left.left.expressions[0].argument.object.object MemberExpression: enter
2025-06-05T08:42:12.370Z babel program.body[6].body.body[2].body.body[2].argument.left.left.expressions[0].argument.object.object MemberExpression: Recursing into...
2025-06-05T08:42:12.370Z babel program.body[6].body.body[2].body.body[2].argument.left.left.expressions[0].argument.object.object.object CallExpression: enter
2025-06-05T08:42:12.370Z babel program.body[6].body.body[2].body.body[2].argument.left.left.expressions[0].argument.object.object.object CallExpression: Recursing into...
2025-06-05T08:42:12.370Z babel program.body[6].body.body[2].body.body[2].argument.left.left.expressions[0].argument.object.object.object CallExpression: exit
2025-06-05T08:42:12.370Z babel program.body[6].body.body[2].body.body[2].argument.left.left.expressions[0].argument.object.object MemberExpression: exit
2025-06-05T08:42:12.370Z babel program.body[6].body.body[2].body.body[2].argument.left.left.expressions[0].argument.object MemberExpression: exit
2025-06-05T08:42:12.370Z babel program.body[6].body.body[2].body.body[2].argument.left.left.expressions[0].argument MemberExpression: exit
2025-06-05T08:42:12.370Z babel program.body[6].body.body[2].body.body[2].argument.left.left.expressions[0] UpdateExpression: exit
2025-06-05T08:42:12.370Z babel program.body[6].body.body[2].body.body[2].argument.left.left.expressions[1] BinaryExpression: enter
2025-06-05T08:42:12.370Z babel program.body[6].body.body[2].body.body[2].argument.left.left.expressions[1] BinaryExpression: Recursing into...
2025-06-05T08:42:12.370Z babel program.body[6].body.body[2].body.body[2].argument.left.left.expressions[1].left UnaryExpression: enter
2025-06-05T08:42:12.370Z babel program.body[6].body.body[2].body.body[2].argument.left.left.expressions[1].left UnaryExpression: Recursing into...
2025-06-05T08:42:12.370Z babel program.body[6].body.body[2].body.body[2].argument.left.left.expressions[1].left UnaryExpression: exit
2025-06-05T08:42:12.370Z babel program.body[6].body.body[2].body.body[2].argument.left.left.expressions[1] BinaryExpression: exit
2025-06-05T08:42:12.370Z babel program.body[6].body.body[2].body.body[2].argument.left.left SequenceExpression: exit
2025-06-05T08:42:12.370Z babel program.body[6].body.body[2].body.body[2].argument.left.right SequenceExpression: enter
2025-06-05T08:42:12.370Z babel program.body[6].body.body[2].body.body[2].argument.left.right SequenceExpression: Recursing into...
2025-06-05T08:42:12.370Z babel program.body[6].body.body[2].body.body[2].argument.left.right.expressions[0] UpdateExpression: enter
2025-06-05T08:42:12.370Z babel program.body[6].body.body[2].body.body[2].argument.left.right.expressions[0] UpdateExpression: Recursing into...
2025-06-05T08:42:12.370Z babel program.body[6].body.body[2].body.body[2].argument.left.right.expressions[0].argument MemberExpression: enter
2025-06-05T08:42:12.370Z babel program.body[6].body.body[2].body.body[2].argument.left.right.expressions[0].argument MemberExpression: Recursing into...
2025-06-05T08:42:12.370Z babel program.body[6].body.body[2].body.body[2].argument.left.right.expressions[0].argument.object MemberExpression: enter
2025-06-05T08:42:12.370Z babel program.body[6].body.body[2].body.body[2].argument.left.right.expressions[0].argument.object MemberExpression: Recursing into...
2025-06-05T08:42:12.370Z babel program.body[6].body.body[2].body.body[2].argument.left.right.expressions[0].argument.object.object MemberExpression: enter
2025-06-05T08:42:12.370Z babel program.body[6].body.body[2].body.body[2].argument.left.right.expressions[0].argument.object.object MemberExpression: Recursing into...
2025-06-05T08:42:12.370Z babel program.body[6].body.body[2].body.body[2].argument.left.right.expressions[0].argument.object.object.object CallExpression: enter
2025-06-05T08:42:12.370Z babel program.body[6].body.body[2].body.body[2].argument.left.right.expressions[0].argument.object.object.object CallExpression: Recursing into...
2025-06-05T08:42:12.370Z babel program.body[6].body.body[2].body.body[2].argument.left.right.expressions[0].argument.object.object.object CallExpression: exit
2025-06-05T08:42:12.370Z babel program.body[6].body.body[2].body.body[2].argument.left.right.expressions[0].argument.object.object MemberExpression: exit
2025-06-05T08:42:12.370Z babel program.body[6].body.body[2].body.body[2].argument.left.right.expressions[0].argument.object MemberExpression: exit
2025-06-05T08:42:12.370Z babel program.body[6].body.body[2].body.body[2].argument.left.right.expressions[0].argument MemberExpression: exit
2025-06-05T08:42:12.370Z babel program.body[6].body.body[2].body.body[2].argument.left.right.expressions[0] UpdateExpression: exit
2025-06-05T08:42:12.370Z babel program.body[6].body.body[2].body.body[2].argument.left.right.expressions[1] BinaryExpression: enter
2025-06-05T08:42:12.370Z babel program.body[6].body.body[2].body.body[2].argument.left.right.expressions[1] BinaryExpression: Recursing into...
2025-06-05T08:42:12.370Z babel program.body[6].body.body[2].body.body[2].argument.left.right.expressions[1] BinaryExpression: exit
2025-06-05T08:42:12.370Z babel program.body[6].body.body[2].body.body[2].argument.left.right SequenceExpression: exit
2025-06-05T08:42:12.370Z babel program.body[6].body.body[2].body.body[2].argument.left LogicalExpression: exit
2025-06-05T08:42:12.370Z babel program.body[6].body.body[2].body.body[2].argument.right SequenceExpression: enter
2025-06-05T08:42:12.371Z babel program.body[6].body.body[2].body.body[2].argument.right SequenceExpression: Recursing into...
2025-06-05T08:42:12.371Z babel program.body[6].body.body[2].body.body[2].argument.right.expressions[0] UpdateExpression: enter
2025-06-05T08:42:12.371Z babel program.body[6].body.body[2].body.body[2].argument.right.expressions[0] UpdateExpression: Recursing into...
2025-06-05T08:42:12.371Z babel program.body[6].body.body[2].body.body[2].argument.right.expressions[0].argument MemberExpression: enter
2025-06-05T08:42:12.371Z babel program.body[6].body.body[2].body.body[2].argument.right.expressions[0].argument MemberExpression: Recursing into...
2025-06-05T08:42:12.371Z babel program.body[6].body.body[2].body.body[2].argument.right.expressions[0].argument.object MemberExpression: enter
2025-06-05T08:42:12.371Z babel program.body[6].body.body[2].body.body[2].argument.right.expressions[0].argument.object MemberExpression: Recursing into...
2025-06-05T08:42:12.371Z babel program.body[6].body.body[2].body.body[2].argument.right.expressions[0].argument.object.object MemberExpression: enter
2025-06-05T08:42:12.371Z babel program.body[6].body.body[2].body.body[2].argument.right.expressions[0].argument.object.object MemberExpression: Recursing into...
2025-06-05T08:42:12.371Z babel program.body[6].body.body[2].body.body[2].argument.right.expressions[0].argument.object.object.object CallExpression: enter
2025-06-05T08:42:12.371Z babel program.body[6].body.body[2].body.body[2].argument.right.expressions[0].argument.object.object.object CallExpression: Recursing into...
2025-06-05T08:42:12.371Z babel program.body[6].body.body[2].body.body[2].argument.right.expressions[0].argument.object.object.object CallExpression: exit
2025-06-05T08:42:12.371Z babel program.body[6].body.body[2].body.body[2].argument.right.expressions[0].argument.object.object MemberExpression: exit
2025-06-05T08:42:12.371Z babel program.body[6].body.body[2].body.body[2].argument.right.expressions[0].argument.object MemberExpression: exit
2025-06-05T08:42:12.371Z babel program.body[6].body.body[2].body.body[2].argument.right.expressions[0].argument MemberExpression: exit
2025-06-05T08:42:12.371Z babel program.body[6].body.body[2].body.body[2].argument.right.expressions[0] UpdateExpression: exit
2025-06-05T08:42:12.371Z babel program.body[6].body.body[2].body.body[2].argument.right.expressions[1] BinaryExpression: enter
2025-06-05T08:42:12.371Z babel program.body[6].body.body[2].body.body[2].argument.right.expressions[1] BinaryExpression: Recursing into...
2025-06-05T08:42:12.371Z babel program.body[6].body.body[2].body.body[2].argument.right.expressions[1] BinaryExpression: exit
2025-06-05T08:42:12.371Z babel program.body[6].body.body[2].body.body[2].argument.right SequenceExpression: exit
2025-06-05T08:42:12.371Z babel program.body[6].body.body[2].body.body[2].argument LogicalExpression: exit
2025-06-05T08:42:12.371Z babel program.body[6].body.body[2].body.body[2] ReturnStatement: exit
2025-06-05T08:42:12.371Z babel program.body[6].body.body[2].body.body[1] ExpressionStatement: enter
2025-06-05T08:42:12.371Z babel program.body[6].body.body[2].body.body[1] ExpressionStatement: Recursing into...
2025-06-05T08:42:12.371Z babel program.body[6].body.body[2].body.body[1].expression UpdateExpression: enter
2025-06-05T08:42:12.371Z babel program.body[6].body.body[2].body.body[1].expression UpdateExpression: Recursing into...
2025-06-05T08:42:12.371Z babel program.body[6].body.body[2].body.body[1].expression.argument MemberExpression: enter
2025-06-05T08:42:12.371Z babel program.body[6].body.body[2].body.body[1].expression.argument MemberExpression: Recursing into...
2025-06-05T08:42:12.371Z babel program.body[6].body.body[2].body.body[1].expression.argument.object MemberExpression: enter
2025-06-05T08:42:12.371Z babel program.body[6].body.body[2].body.body[1].expression.argument.object MemberExpression: Recursing into...
2025-06-05T08:42:12.371Z babel program.body[6].body.body[2].body.body[1].expression.argument.object.object CallExpression: enter
2025-06-05T08:42:12.371Z babel program.body[6].body.body[2].body.body[1].expression.argument.object.object CallExpression: Recursing into...
2025-06-05T08:42:12.371Z babel program.body[6].body.body[2].body.body[1].expression.argument.object.object CallExpression: exit
2025-06-05T08:42:12.371Z babel program.body[6].body.body[2].body.body[1].expression.argument.object MemberExpression: exit
2025-06-05T08:42:12.371Z babel program.body[6].body.body[2].body.body[1].expression.argument MemberExpression: exit
2025-06-05T08:42:12.371Z babel program.body[6].body.body[2].body.body[1].expression UpdateExpression: exit
2025-06-05T08:42:12.371Z babel program.body[6].body.body[2].body.body[1] ExpressionStatement: exit
2025-06-05T08:42:12.371Z babel program.body[6].body.body[2].body BlockStatement: exit
2025-06-05T08:42:12.371Z babel program.body[6].body.body[2] ClassMethod: exit
2025-06-05T08:42:12.371Z babel program.body[6].body.body[3] ClassMethod: enter
2025-06-05T08:42:12.371Z babel program.body[6].body.body[3] ClassMethod: Recursing into...
2025-06-05T08:42:12.371Z babel program.body[6].body.body[3].params[2] AssignmentPattern: enter
2025-06-05T08:42:12.371Z babel program.body[6].body.body[3].params[2].right BooleanLiteral: Replace with SequenceExpression
2025-06-05T08:42:12.371Z babel program.body[6].body.body[3].params[2] AssignmentPattern: Recursing into...
2025-06-05T08:42:12.371Z babel program.body[6].body.body[3].params[2].right SequenceExpression: enter
2025-06-05T08:42:12.371Z babel program.body[6].body.body[3].params[2].right SequenceExpression: Recursing into...
2025-06-05T08:42:12.371Z babel program.body[6].body.body[3].params[2].right.expressions[0] UpdateExpression: enter
2025-06-05T08:42:12.371Z babel program.body[6].body.body[3].params[2].right.expressions[0] UpdateExpression: Recursing into...
2025-06-05T08:42:12.371Z babel program.body[6].body.body[3].params[2].right.expressions[0].argument MemberExpression: enter
2025-06-05T08:42:12.371Z babel program.body[6].body.body[3].params[2].right.expressions[0].argument MemberExpression: Recursing into...
2025-06-05T08:42:12.371Z babel program.body[6].body.body[3].params[2].right.expressions[0].argument.object MemberExpression: enter
2025-06-05T08:42:12.371Z babel program.body[6].body.body[3].params[2].right.expressions[0].argument.object MemberExpression: Recursing into...
2025-06-05T08:42:12.371Z babel program.body[6].body.body[3].params[2].right.expressions[0].argument.object.object MemberExpression: enter
2025-06-05T08:42:12.371Z babel program.body[6].body.body[3].params[2].right.expressions[0].argument.object.object MemberExpression: Recursing into...
2025-06-05T08:42:12.371Z babel program.body[6].body.body[3].params[2].right.expressions[0].argument.object.object.object CallExpression: enter
2025-06-05T08:42:12.371Z babel program.body[6].body.body[3].params[2].right.expressions[0].argument.object.object.object CallExpression: Recursing into...
2025-06-05T08:42:12.371Z babel program.body[6].body.body[3].params[2].right.expressions[0].argument.object.object.object CallExpression: exit
2025-06-05T08:42:12.371Z babel program.body[6].body.body[3].params[2].right.expressions[0].argument.object.object MemberExpression: exit
2025-06-05T08:42:12.371Z babel program.body[6].body.body[3].params[2].right.expressions[0].argument.object MemberExpression: exit
2025-06-05T08:42:12.371Z babel program.body[6].body.body[3].params[2].right.expressions[0].argument MemberExpression: exit
2025-06-05T08:42:12.371Z babel program.body[6].body.body[3].params[2].right.expressions[0] UpdateExpression: exit
2025-06-05T08:42:12.371Z babel program.body[6].body.body[3].params[2].right SequenceExpression: exit
2025-06-05T08:42:12.371Z babel program.body[6].body.body[3].params[2] AssignmentPattern: exit
2025-06-05T08:42:12.371Z babel program.body[6].body.body[3].body BlockStatement: enter
2025-06-05T08:42:12.371Z babel program.body[6].body.body[3].body BlockStatement: Recursing into...
2025-06-05T08:42:12.371Z babel program.body[6].body.body[3].body.body[0] ExpressionStatement: enter
2025-06-05T08:42:12.371Z babel program.body[6].body.body[3].body.body[0] ExpressionStatement: Recursing into...
2025-06-05T08:42:12.371Z babel program.body[6].body.body[3].body.body[0].expression UpdateExpression: enter
2025-06-05T08:42:12.371Z babel program.body[6].body.body[3].body.body[0].expression UpdateExpression: Recursing into...
2025-06-05T08:42:12.371Z babel program.body[6].body.body[3].body.body[0].expression.argument MemberExpression: enter
2025-06-05T08:42:12.371Z babel program.body[6].body.body[3].body.body[0].expression.argument MemberExpression: Recursing into...
2025-06-05T08:42:12.371Z babel program.body[6].body.body[3].body.body[0].expression.argument.object MemberExpression: enter
2025-06-05T08:42:12.371Z babel program.body[6].body.body[3].body.body[0].expression.argument.object MemberExpression: Recursing into...
2025-06-05T08:42:12.371Z babel program.body[6].body.body[3].body.body[0].expression.argument.object.object CallExpression: enter
2025-06-05T08:42:12.371Z babel program.body[6].body.body[3].body.body[0].expression.argument.object.object CallExpression: Recursing into...
2025-06-05T08:42:12.371Z babel program.body[6].body.body[3].body.body[0].expression.argument.object.object CallExpression: exit
2025-06-05T08:42:12.371Z babel program.body[6].body.body[3].body.body[0].expression.argument.object MemberExpression: exit
2025-06-05T08:42:12.371Z babel program.body[6].body.body[3].body.body[0].expression.argument MemberExpression: exit
2025-06-05T08:42:12.371Z babel program.body[6].body.body[3].body.body[0].expression UpdateExpression: exit
2025-06-05T08:42:12.371Z babel program.body[6].body.body[3].body.body[0] ExpressionStatement: exit
2025-06-05T08:42:12.371Z babel program.body[6].body.body[3].body.body[1] IfStatement: enter
2025-06-05T08:42:12.371Z babel program.body[6].body.body[3].body.body[1].alternate undefined: Replace with BlockStatement
2025-06-05T08:42:12.371Z babel program.body[6].body.body[3].body.body[1] ExpressionStatement: Inserted.
2025-06-05T08:42:12.371Z babel program.body[6].body.body[3].body.body[2] IfStatement: Recursing into...
2025-06-05T08:42:12.371Z babel program.body[6].body.body[3].body.body[2].test LogicalExpression: enter
2025-06-05T08:42:12.371Z babel program.body[6].body.body[3].body.body[2].test LogicalExpression: Recursing into...
2025-06-05T08:42:12.371Z babel program.body[6].body.body[3].body.body[2].test.left SequenceExpression: enter
2025-06-05T08:42:12.371Z babel program.body[6].body.body[3].body.body[2].test.left SequenceExpression: Recursing into...
2025-06-05T08:42:12.371Z babel program.body[6].body.body[3].body.body[2].test.left.expressions[0] UpdateExpression: enter
2025-06-05T08:42:12.371Z babel program.body[6].body.body[3].body.body[2].test.left.expressions[0] UpdateExpression: Recursing into...
2025-06-05T08:42:12.371Z babel program.body[6].body.body[3].body.body[2].test.left.expressions[0].argument MemberExpression: enter
2025-06-05T08:42:12.371Z babel program.body[6].body.body[3].body.body[2].test.left.expressions[0].argument MemberExpression: Recursing into...
2025-06-05T08:42:12.371Z babel program.body[6].body.body[3].body.body[2].test.left.expressions[0].argument.object MemberExpression: enter
2025-06-05T08:42:12.371Z babel program.body[6].body.body[3].body.body[2].test.left.expressions[0].argument.object MemberExpression: Recursing into...
2025-06-05T08:42:12.371Z babel program.body[6].body.body[3].body.body[2].test.left.expressions[0].argument.object.object MemberExpression: enter
2025-06-05T08:42:12.371Z babel program.body[6].body.body[3].body.body[2].test.left.expressions[0].argument.object.object MemberExpression: Recursing into...
2025-06-05T08:42:12.371Z babel program.body[6].body.body[3].body.body[2].test.left.expressions[0].argument.object.object.object CallExpression: enter
2025-06-05T08:42:12.371Z babel program.body[6].body.body[3].body.body[2].test.left.expressions[0].argument.object.object.object CallExpression: Recursing into...
2025-06-05T08:42:12.371Z babel program.body[6].body.body[3].body.body[2].test.left.expressions[0].argument.object.object.object CallExpression: exit
2025-06-05T08:42:12.371Z babel program.body[6].body.body[3].body.body[2].test.left.expressions[0].argument.object.object MemberExpression: exit
2025-06-05T08:42:12.371Z babel program.body[6].body.body[3].body.body[2].test.left.expressions[0].argument.object MemberExpression: exit
2025-06-05T08:42:12.371Z babel program.body[6].body.body[3].body.body[2].test.left.expressions[0].argument MemberExpression: exit
2025-06-05T08:42:12.371Z babel program.body[6].body.body[3].body.body[2].test.left.expressions[0] UpdateExpression: exit
2025-06-05T08:42:12.371Z babel program.body[6].body.body[3].body.body[2].test.left SequenceExpression: exit
2025-06-05T08:42:12.371Z babel program.body[6].body.body[3].body.body[2].test.right SequenceExpression: enter
2025-06-05T08:42:12.371Z babel program.body[6].body.body[3].body.body[2].test.right SequenceExpression: Recursing into...
2025-06-05T08:42:12.371Z babel program.body[6].body.body[3].body.body[2].test.right.expressions[0] UpdateExpression: enter
2025-06-05T08:42:12.371Z babel program.body[6].body.body[3].body.body[2].test.right.expressions[0] UpdateExpression: Recursing into...
2025-06-05T08:42:12.371Z babel program.body[6].body.body[3].body.body[2].test.right.expressions[0].argument MemberExpression: enter
2025-06-05T08:42:12.371Z babel program.body[6].body.body[3].body.body[2].test.right.expressions[0].argument MemberExpression: Recursing into...
2025-06-05T08:42:12.371Z babel program.body[6].body.body[3].body.body[2].test.right.expressions[0].argument.object MemberExpression: enter
2025-06-05T08:42:12.371Z babel program.body[6].body.body[3].body.body[2].test.right.expressions[0].argument.object MemberExpression: Recursing into...
2025-06-05T08:42:12.371Z babel program.body[6].body.body[3].body.body[2].test.right.expressions[0].argument.object.object MemberExpression: enter
2025-06-05T08:42:12.371Z babel program.body[6].body.body[3].body.body[2].test.right.expressions[0].argument.object.object MemberExpression: Recursing into...
2025-06-05T08:42:12.371Z babel program.body[6].body.body[3].body.body[2].test.right.expressions[0].argument.object.object.object CallExpression: enter
2025-06-05T08:42:12.371Z babel program.body[6].body.body[3].body.body[2].test.right.expressions[0].argument.object.object.object CallExpression: Recursing into...
2025-06-05T08:42:12.371Z babel program.body[6].body.body[3].body.body[2].test.right.expressions[0].argument.object.object.object CallExpression: exit
2025-06-05T08:42:12.371Z babel program.body[6].body.body[3].body.body[2].test.right.expressions[0].argument.object.object MemberExpression: exit
2025-06-05T08:42:12.371Z babel program.body[6].body.body[3].body.body[2].test.right.expressions[0].argument.object MemberExpression: exit
2025-06-05T08:42:12.371Z babel program.body[6].body.body[3].body.body[2].test.right.expressions[0].argument MemberExpression: exit
2025-06-05T08:42:12.371Z babel program.body[6].body.body[3].body.body[2].test.right.expressions[0] UpdateExpression: exit
2025-06-05T08:42:12.371Z babel program.body[6].body.body[3].body.body[2].test.right.expressions[1] BinaryExpression: enter
2025-06-05T08:42:12.371Z babel program.body[6].body.body[3].body.body[2].test.right.expressions[1] BinaryExpression: Recursing into...
2025-06-05T08:42:12.371Z babel program.body[6].body.body[3].body.body[2].test.right.expressions[1].left UnaryExpression: enter
2025-06-05T08:42:12.371Z babel program.body[6].body.body[3].body.body[2].test.right.expressions[1].left UnaryExpression: Recursing into...
2025-06-05T08:42:12.371Z babel program.body[6].body.body[3].body.body[2].test.right.expressions[1].left.argument MemberExpression: enter
2025-06-05T08:42:12.371Z babel program.body[6].body.body[3].body.body[2].test.right.expressions[1].left.argument MemberExpression: Recursing into...
2025-06-05T08:42:12.371Z babel program.body[6].body.body[3].body.body[2].test.right.expressions[1].left.argument MemberExpression: exit
2025-06-05T08:42:12.371Z babel program.body[6].body.body[3].body.body[2].test.right.expressions[1].left UnaryExpression: exit
2025-06-05T08:42:12.371Z babel program.body[6].body.body[3].body.body[2].test.right.expressions[1] BinaryExpression: exit
2025-06-05T08:42:12.371Z babel program.body[6].body.body[3].body.body[2].test.right SequenceExpression: exit
2025-06-05T08:42:12.371Z babel program.body[6].body.body[3].body.body[2].test LogicalExpression: exit
2025-06-05T08:42:12.371Z babel program.body[6].body.body[3].body.body[2].consequent BlockStatement: enter
2025-06-05T08:42:12.371Z babel program.body[6].body.body[3].body.body[2].consequent BlockStatement: Recursing into...
2025-06-05T08:42:12.371Z babel program.body[6].body.body[3].body.body[2].consequent.body[0] ExpressionStatement: enter
2025-06-05T08:42:12.371Z babel program.body[6].body.body[3].body.body[2].consequent.body[0] ExpressionStatement: Recursing into...
2025-06-05T08:42:12.371Z babel program.body[6].body.body[3].body.body[2].consequent.body[0].expression UpdateExpression: enter
2025-06-05T08:42:12.371Z babel program.body[6].body.body[3].body.body[2].consequent.body[0].expression UpdateExpression: Recursing into...
2025-06-05T08:42:12.371Z babel program.body[6].body.body[3].body.body[2].consequent.body[0].expression.argument MemberExpression: enter
2025-06-05T08:42:12.371Z babel program.body[6].body.body[3].body.body[2].consequent.body[0].expression.argument MemberExpression: Recursing into...
2025-06-05T08:42:12.371Z babel program.body[6].body.body[3].body.body[2].consequent.body[0].expression.argument.object MemberExpression: enter
2025-06-05T08:42:12.371Z babel program.body[6].body.body[3].body.body[2].consequent.body[0].expression.argument.object MemberExpression: Recursing into...
2025-06-05T08:42:12.371Z babel program.body[6].body.body[3].body.body[2].consequent.body[0].expression.argument.object.object MemberExpression: enter
2025-06-05T08:42:12.372Z babel program.body[6].body.body[3].body.body[2].consequent.body[0].expression.argument.object.object MemberExpression: Recursing into...
2025-06-05T08:42:12.372Z babel program.body[6].body.body[3].body.body[2].consequent.body[0].expression.argument.object.object.object CallExpression: enter
2025-06-05T08:42:12.372Z babel program.body[6].body.body[3].body.body[2].consequent.body[0].expression.argument.object.object.object CallExpression: Recursing into...
2025-06-05T08:42:12.372Z babel program.body[6].body.body[3].body.body[2].consequent.body[0].expression.argument.object.object.object CallExpression: exit
2025-06-05T08:42:12.372Z babel program.body[6].body.body[3].body.body[2].consequent.body[0].expression.argument.object.object MemberExpression: exit
2025-06-05T08:42:12.372Z babel program.body[6].body.body[3].body.body[2].consequent.body[0].expression.argument.object MemberExpression: exit
2025-06-05T08:42:12.372Z babel program.body[6].body.body[3].body.body[2].consequent.body[0].expression.argument MemberExpression: exit
2025-06-05T08:42:12.372Z babel program.body[6].body.body[3].body.body[2].consequent.body[0].expression UpdateExpression: exit
2025-06-05T08:42:12.372Z babel program.body[6].body.body[3].body.body[2].consequent.body[0] ExpressionStatement: exit
2025-06-05T08:42:12.372Z babel program.body[6].body.body[3].body.body[2].consequent.body[1] ReturnStatement: enter
2025-06-05T08:42:12.372Z babel program.body[6].body.body[3].body.body[2].consequent.body[1] ExpressionStatement: Inserted.
2025-06-05T08:42:12.372Z babel program.body[6].body.body[3].body.body[2].consequent.body[2] ReturnStatement: Recursing into...
2025-06-05T08:42:12.372Z babel program.body[6].body.body[3].body.body[2].consequent.body[2].argument MemberExpression: enter
2025-06-05T08:42:12.372Z babel program.body[6].body.body[3].body.body[2].consequent.body[2].argument MemberExpression: Recursing into...
2025-06-05T08:42:12.372Z babel program.body[6].body.body[3].body.body[2].consequent.body[2].argument MemberExpression: exit
2025-06-05T08:42:12.372Z babel program.body[6].body.body[3].body.body[2].consequent.body[2] ReturnStatement: exit
2025-06-05T08:42:12.372Z babel program.body[6].body.body[3].body.body[2].consequent.body[1] ExpressionStatement: enter
2025-06-05T08:42:12.372Z babel program.body[6].body.body[3].body.body[2].consequent.body[1] ExpressionStatement: Recursing into...
2025-06-05T08:42:12.372Z babel program.body[6].body.body[3].body.body[2].consequent.body[1].expression UpdateExpression: enter
2025-06-05T08:42:12.372Z babel program.body[6].body.body[3].body.body[2].consequent.body[1].expression UpdateExpression: Recursing into...
2025-06-05T08:42:12.372Z babel program.body[6].body.body[3].body.body[2].consequent.body[1].expression.argument MemberExpression: enter
2025-06-05T08:42:12.372Z babel program.body[6].body.body[3].body.body[2].consequent.body[1].expression.argument MemberExpression: Recursing into...
2025-06-05T08:42:12.372Z babel program.body[6].body.body[3].body.body[2].consequent.body[1].expression.argument.object MemberExpression: enter
2025-06-05T08:42:12.372Z babel program.body[6].body.body[3].body.body[2].consequent.body[1].expression.argument.object MemberExpression: Recursing into...
2025-06-05T08:42:12.372Z babel program.body[6].body.body[3].body.body[2].consequent.body[1].expression.argument.object.object CallExpression: enter
2025-06-05T08:42:12.372Z babel program.body[6].body.body[3].body.body[2].consequent.body[1].expression.argument.object.object CallExpression: Recursing into...
2025-06-05T08:42:12.372Z babel program.body[6].body.body[3].body.body[2].consequent.body[1].expression.argument.object.object CallExpression: exit
2025-06-05T08:42:12.372Z babel program.body[6].body.body[3].body.body[2].consequent.body[1].expression.argument.object MemberExpression: exit
2025-06-05T08:42:12.372Z babel program.body[6].body.body[3].body.body[2].consequent.body[1].expression.argument MemberExpression: exit
2025-06-05T08:42:12.372Z babel program.body[6].body.body[3].body.body[2].consequent.body[1].expression UpdateExpression: exit
2025-06-05T08:42:12.372Z babel program.body[6].body.body[3].body.body[2].consequent.body[1] ExpressionStatement: exit
2025-06-05T08:42:12.372Z babel program.body[6].body.body[3].body.body[2].consequent BlockStatement: exit
2025-06-05T08:42:12.372Z babel program.body[6].body.body[3].body.body[2].alternate BlockStatement: enter
2025-06-05T08:42:12.372Z babel program.body[6].body.body[3].body.body[2].alternate BlockStatement: Recursing into...
2025-06-05T08:42:12.372Z babel program.body[6].body.body[3].body.body[2].alternate.body[0] ExpressionStatement: enter
2025-06-05T08:42:12.372Z babel program.body[6].body.body[3].body.body[2].alternate.body[0] ExpressionStatement: Recursing into...
2025-06-05T08:42:12.372Z babel program.body[6].body.body[3].body.body[2].alternate.body[0].expression UpdateExpression: enter
2025-06-05T08:42:12.372Z babel program.body[6].body.body[3].body.body[2].alternate.body[0].expression UpdateExpression: Recursing into...
2025-06-05T08:42:12.372Z babel program.body[6].body.body[3].body.body[2].alternate.body[0].expression.argument MemberExpression: enter
2025-06-05T08:42:12.372Z babel program.body[6].body.body[3].body.body[2].alternate.body[0].expression.argument MemberExpression: Recursing into...
2025-06-05T08:42:12.372Z babel program.body[6].body.body[3].body.body[2].alternate.body[0].expression.argument.object MemberExpression: enter
2025-06-05T08:42:12.372Z babel program.body[6].body.body[3].body.body[2].alternate.body[0].expression.argument.object MemberExpression: Recursing into...
2025-06-05T08:42:12.372Z babel program.body[6].body.body[3].body.body[2].alternate.body[0].expression.argument.object.object MemberExpression: enter
2025-06-05T08:42:12.372Z babel program.body[6].body.body[3].body.body[2].alternate.body[0].expression.argument.object.object MemberExpression: Recursing into...
2025-06-05T08:42:12.372Z babel program.body[6].body.body[3].body.body[2].alternate.body[0].expression.argument.object.object.object CallExpression: enter
2025-06-05T08:42:12.372Z babel program.body[6].body.body[3].body.body[2].alternate.body[0].expression.argument.object.object.object CallExpression: Recursing into...
2025-06-05T08:42:12.372Z babel program.body[6].body.body[3].body.body[2].alternate.body[0].expression.argument.object.object.object CallExpression: exit
2025-06-05T08:42:12.372Z babel program.body[6].body.body[3].body.body[2].alternate.body[0].expression.argument.object.object MemberExpression: exit
2025-06-05T08:42:12.372Z babel program.body[6].body.body[3].body.body[2].alternate.body[0].expression.argument.object MemberExpression: exit
2025-06-05T08:42:12.372Z babel program.body[6].body.body[3].body.body[2].alternate.body[0].expression.argument MemberExpression: exit
2025-06-05T08:42:12.372Z babel program.body[6].body.body[3].body.body[2].alternate.body[0].expression UpdateExpression: exit
2025-06-05T08:42:12.372Z babel program.body[6].body.body[3].body.body[2].alternate.body[0] ExpressionStatement: exit
2025-06-05T08:42:12.372Z babel program.body[6].body.body[3].body.body[2].alternate BlockStatement: exit
2025-06-05T08:42:12.372Z babel program.body[6].body.body[3].body.body[2] IfStatement: exit
2025-06-05T08:42:12.372Z babel program.body[6].body.body[3].body.body[3] ReturnStatement: enter
2025-06-05T08:42:12.372Z babel program.body[6].body.body[3].body.body[3] ExpressionStatement: Inserted.
2025-06-05T08:42:12.372Z babel program.body[6].body.body[3].body.body[4] ReturnStatement: Recursing into...
2025-06-05T08:42:12.372Z babel program.body[6].body.body[3].body.body[4] ReturnStatement: exit
2025-06-05T08:42:12.372Z babel program.body[6].body.body[3].body.body[1] ExpressionStatement: enter
2025-06-05T08:42:12.372Z babel program.body[6].body.body[3].body.body[1] ExpressionStatement: Recursing into...
2025-06-05T08:42:12.372Z babel program.body[6].body.body[3].body.body[1].expression UpdateExpression: enter
2025-06-05T08:42:12.372Z babel program.body[6].body.body[3].body.body[1].expression UpdateExpression: Recursing into...
2025-06-05T08:42:12.372Z babel program.body[6].body.body[3].body.body[1].expression.argument MemberExpression: enter
2025-06-05T08:42:12.372Z babel program.body[6].body.body[3].body.body[1].expression.argument MemberExpression: Recursing into...
2025-06-05T08:42:12.372Z babel program.body[6].body.body[3].body.body[1].expression.argument.object MemberExpression: enter
2025-06-05T08:42:12.372Z babel program.body[6].body.body[3].body.body[1].expression.argument.object MemberExpression: Recursing into...
2025-06-05T08:42:12.372Z babel program.body[6].body.body[3].body.body[1].expression.argument.object.object CallExpression: enter
2025-06-05T08:42:12.372Z babel program.body[6].body.body[3].body.body[1].expression.argument.object.object CallExpression: Recursing into...
2025-06-05T08:42:12.372Z babel program.body[6].body.body[3].body.body[1].expression.argument.object.object CallExpression: exit
2025-06-05T08:42:12.372Z babel program.body[6].body.body[3].body.body[1].expression.argument.object MemberExpression: exit
2025-06-05T08:42:12.372Z babel program.body[6].body.body[3].body.body[1].expression.argument MemberExpression: exit
2025-06-05T08:42:12.372Z babel program.body[6].body.body[3].body.body[1].expression UpdateExpression: exit
2025-06-05T08:42:12.372Z babel program.body[6].body.body[3].body.body[1] ExpressionStatement: exit
2025-06-05T08:42:12.372Z babel program.body[6].body.body[3].body.body[3] ExpressionStatement: enter
2025-06-05T08:42:12.372Z babel program.body[6].body.body[3].body.body[3] ExpressionStatement: Recursing into...
2025-06-05T08:42:12.372Z babel program.body[6].body.body[3].body.body[3].expression UpdateExpression: enter
2025-06-05T08:42:12.372Z babel program.body[6].body.body[3].body.body[3].expression UpdateExpression: Recursing into...
2025-06-05T08:42:12.372Z babel program.body[6].body.body[3].body.body[3].expression.argument MemberExpression: enter
2025-06-05T08:42:12.372Z babel program.body[6].body.body[3].body.body[3].expression.argument MemberExpression: Recursing into...
2025-06-05T08:42:12.372Z babel program.body[6].body.body[3].body.body[3].expression.argument.object MemberExpression: enter
2025-06-05T08:42:12.372Z babel program.body[6].body.body[3].body.body[3].expression.argument.object MemberExpression: Recursing into...
2025-06-05T08:42:12.372Z babel program.body[6].body.body[3].body.body[3].expression.argument.object.object CallExpression: enter
2025-06-05T08:42:12.372Z babel program.body[6].body.body[3].body.body[3].expression.argument.object.object CallExpression: Recursing into...
2025-06-05T08:42:12.372Z babel program.body[6].body.body[3].body.body[3].expression.argument.object.object CallExpression: exit
2025-06-05T08:42:12.372Z babel program.body[6].body.body[3].body.body[3].expression.argument.object MemberExpression: exit
2025-06-05T08:42:12.372Z babel program.body[6].body.body[3].body.body[3].expression.argument MemberExpression: exit
2025-06-05T08:42:12.372Z babel program.body[6].body.body[3].body.body[3].expression UpdateExpression: exit
2025-06-05T08:42:12.372Z babel program.body[6].body.body[3].body.body[3] ExpressionStatement: exit
2025-06-05T08:42:12.372Z babel program.body[6].body.body[3].body BlockStatement: exit
2025-06-05T08:42:12.372Z babel program.body[6].body.body[3] ClassMethod: exit
2025-06-05T08:42:12.372Z babel program.body[6].body.body[4] ClassMethod: enter
2025-06-05T08:42:12.372Z babel program.body[6].body.body[4] ClassMethod: Recursing into...
2025-06-05T08:42:12.372Z babel program.body[6].body.body[4].body BlockStatement: enter
2025-06-05T08:42:12.372Z babel program.body[6].body.body[4].body BlockStatement: Recursing into...
2025-06-05T08:42:12.372Z babel program.body[6].body.body[4].body.body[0] ExpressionStatement: enter
2025-06-05T08:42:12.372Z babel program.body[6].body.body[4].body.body[0] ExpressionStatement: Recursing into...
2025-06-05T08:42:12.372Z babel program.body[6].body.body[4].body.body[0].expression UpdateExpression: enter
2025-06-05T08:42:12.372Z babel program.body[6].body.body[4].body.body[0].expression UpdateExpression: Recursing into...
2025-06-05T08:42:12.372Z babel program.body[6].body.body[4].body.body[0].expression.argument MemberExpression: enter
2025-06-05T08:42:12.372Z babel program.body[6].body.body[4].body.body[0].expression.argument MemberExpression: Recursing into...
2025-06-05T08:42:12.372Z babel program.body[6].body.body[4].body.body[0].expression.argument.object MemberExpression: enter
2025-06-05T08:42:12.372Z babel program.body[6].body.body[4].body.body[0].expression.argument.object MemberExpression: Recursing into...
2025-06-05T08:42:12.372Z babel program.body[6].body.body[4].body.body[0].expression.argument.object.object CallExpression: enter
2025-06-05T08:42:12.372Z babel program.body[6].body.body[4].body.body[0].expression.argument.object.object CallExpression: Recursing into...
2025-06-05T08:42:12.372Z babel program.body[6].body.body[4].body.body[0].expression.argument.object.object CallExpression: exit
2025-06-05T08:42:12.372Z babel program.body[6].body.body[4].body.body[0].expression.argument.object MemberExpression: exit
2025-06-05T08:42:12.372Z babel program.body[6].body.body[4].body.body[0].expression.argument MemberExpression: exit
2025-06-05T08:42:12.372Z babel program.body[6].body.body[4].body.body[0].expression UpdateExpression: exit
2025-06-05T08:42:12.372Z babel program.body[6].body.body[4].body.body[0] ExpressionStatement: exit
2025-06-05T08:42:12.372Z babel program.body[6].body.body[4].body.body[1] IfStatement: enter
2025-06-05T08:42:12.372Z babel program.body[6].body.body[4].body.body[1].alternate undefined: Replace with BlockStatement
2025-06-05T08:42:12.372Z babel program.body[6].body.body[4].body.body[1] ExpressionStatement: Inserted.
2025-06-05T08:42:12.372Z babel program.body[6].body.body[4].body.body[2] IfStatement: Recursing into...
2025-06-05T08:42:12.372Z babel program.body[6].body.body[4].body.body[2].test LogicalExpression: enter
2025-06-05T08:42:12.372Z babel program.body[6].body.body[4].body.body[2].test LogicalExpression: Recursing into...
2025-06-05T08:42:12.372Z babel program.body[6].body.body[4].body.body[2].test.left SequenceExpression: enter
2025-06-05T08:42:12.372Z babel program.body[6].body.body[4].body.body[2].test.left SequenceExpression: Recursing into...
2025-06-05T08:42:12.372Z babel program.body[6].body.body[4].body.body[2].test.left.expressions[0] UpdateExpression: enter
2025-06-05T08:42:12.372Z babel program.body[6].body.body[4].body.body[2].test.left.expressions[0] UpdateExpression: Recursing into...
2025-06-05T08:42:12.372Z babel program.body[6].body.body[4].body.body[2].test.left.expressions[0].argument MemberExpression: enter
2025-06-05T08:42:12.372Z babel program.body[6].body.body[4].body.body[2].test.left.expressions[0].argument MemberExpression: Recursing into...
2025-06-05T08:42:12.372Z babel program.body[6].body.body[4].body.body[2].test.left.expressions[0].argument.object MemberExpression: enter
2025-06-05T08:42:12.372Z babel program.body[6].body.body[4].body.body[2].test.left.expressions[0].argument.object MemberExpression: Recursing into...
2025-06-05T08:42:12.372Z babel program.body[6].body.body[4].body.body[2].test.left.expressions[0].argument.object.object MemberExpression: enter
2025-06-05T08:42:12.372Z babel program.body[6].body.body[4].body.body[2].test.left.expressions[0].argument.object.object MemberExpression: Recursing into...
2025-06-05T08:42:12.372Z babel program.body[6].body.body[4].body.body[2].test.left.expressions[0].argument.object.object.object CallExpression: enter
2025-06-05T08:42:12.372Z babel program.body[6].body.body[4].body.body[2].test.left.expressions[0].argument.object.object.object CallExpression: Recursing into...
2025-06-05T08:42:12.372Z babel program.body[6].body.body[4].body.body[2].test.left.expressions[0].argument.object.object.object CallExpression: exit
2025-06-05T08:42:12.372Z babel program.body[6].body.body[4].body.body[2].test.left.expressions[0].argument.object.object MemberExpression: exit
2025-06-05T08:42:12.372Z babel program.body[6].body.body[4].body.body[2].test.left.expressions[0].argument.object MemberExpression: exit
2025-06-05T08:42:12.372Z babel program.body[6].body.body[4].body.body[2].test.left.expressions[0].argument MemberExpression: exit
2025-06-05T08:42:12.372Z babel program.body[6].body.body[4].body.body[2].test.left.expressions[0] UpdateExpression: exit
2025-06-05T08:42:12.372Z babel program.body[6].body.body[4].body.body[2].test.left SequenceExpression: exit
2025-06-05T08:42:12.372Z babel program.body[6].body.body[4].body.body[2].test.right SequenceExpression: enter
2025-06-05T08:42:12.372Z babel program.body[6].body.body[4].body.body[2].test.right SequenceExpression: Recursing into...
2025-06-05T08:42:12.372Z babel program.body[6].body.body[4].body.body[2].test.right.expressions[0] UpdateExpression: enter
2025-06-05T08:42:12.372Z babel program.body[6].body.body[4].body.body[2].test.right.expressions[0] UpdateExpression: Recursing into...
2025-06-05T08:42:12.372Z babel program.body[6].body.body[4].body.body[2].test.right.expressions[0].argument MemberExpression: enter
2025-06-05T08:42:12.372Z babel program.body[6].body.body[4].body.body[2].test.right.expressions[0].argument MemberExpression: Recursing into...
2025-06-05T08:42:12.372Z babel program.body[6].body.body[4].body.body[2].test.right.expressions[0].argument.object MemberExpression: enter
2025-06-05T08:42:12.372Z babel program.body[6].body.body[4].body.body[2].test.right.expressions[0].argument.object MemberExpression: Recursing into...
2025-06-05T08:42:12.372Z babel program.body[6].body.body[4].body.body[2].test.right.expressions[0].argument.object.object MemberExpression: enter
2025-06-05T08:42:12.372Z babel program.body[6].body.body[4].body.body[2].test.right.expressions[0].argument.object.object MemberExpression: Recursing into...
2025-06-05T08:42:12.372Z babel program.body[6].body.body[4].body.body[2].test.right.expressions[0].argument.object.object.object CallExpression: enter
2025-06-05T08:42:12.372Z babel program.body[6].body.body[4].body.body[2].test.right.expressions[0].argument.object.object.object CallExpression: Recursing into...
2025-06-05T08:42:12.372Z babel program.body[6].body.body[4].body.body[2].test.right.expressions[0].argument.object.object.object CallExpression: exit
2025-06-05T08:42:12.372Z babel program.body[6].body.body[4].body.body[2].test.right.expressions[0].argument.object.object MemberExpression: exit
2025-06-05T08:42:12.372Z babel program.body[6].body.body[4].body.body[2].test.right.expressions[0].argument.object MemberExpression: exit
2025-06-05T08:42:12.372Z babel program.body[6].body.body[4].body.body[2].test.right.expressions[0].argument MemberExpression: exit
2025-06-05T08:42:12.372Z babel program.body[6].body.body[4].body.body[2].test.right.expressions[0] UpdateExpression: exit
2025-06-05T08:42:12.372Z babel program.body[6].body.body[4].body.body[2].test.right.expressions[1] BinaryExpression: enter
2025-06-05T08:42:12.372Z babel program.body[6].body.body[4].body.body[2].test.right.expressions[1] BinaryExpression: Recursing into...
2025-06-05T08:42:12.372Z babel program.body[6].body.body[4].body.body[2].test.right.expressions[1].left UnaryExpression: enter
2025-06-05T08:42:12.372Z babel program.body[6].body.body[4].body.body[2].test.right.expressions[1].left UnaryExpression: Recursing into...
2025-06-05T08:42:12.372Z babel program.body[6].body.body[4].body.body[2].test.right.expressions[1].left.argument MemberExpression: enter
2025-06-05T08:42:12.372Z babel program.body[6].body.body[4].body.body[2].test.right.expressions[1].left.argument MemberExpression: Recursing into...
2025-06-05T08:42:12.372Z babel program.body[6].body.body[4].body.body[2].test.right.expressions[1].left.argument MemberExpression: exit
2025-06-05T08:42:12.372Z babel program.body[6].body.body[4].body.body[2].test.right.expressions[1].left UnaryExpression: exit
2025-06-05T08:42:12.372Z babel program.body[6].body.body[4].body.body[2].test.right.expressions[1] BinaryExpression: exit
2025-06-05T08:42:12.372Z babel program.body[6].body.body[4].body.body[2].test.right SequenceExpression: exit
2025-06-05T08:42:12.372Z babel program.body[6].body.body[4].body.body[2].test LogicalExpression: exit
2025-06-05T08:42:12.372Z babel program.body[6].body.body[4].body.body[2].consequent BlockStatement: enter
2025-06-05T08:42:12.372Z babel program.body[6].body.body[4].body.body[2].consequent BlockStatement: Recursing into...
2025-06-05T08:42:12.372Z babel program.body[6].body.body[4].body.body[2].consequent.body[0] ExpressionStatement: enter
2025-06-05T08:42:12.372Z babel program.body[6].body.body[4].body.body[2].consequent.body[0] ExpressionStatement: Recursing into...
2025-06-05T08:42:12.372Z babel program.body[6].body.body[4].body.body[2].consequent.body[0].expression UpdateExpression: enter
2025-06-05T08:42:12.372Z babel program.body[6].body.body[4].body.body[2].consequent.body[0].expression UpdateExpression: Recursing into...
2025-06-05T08:42:12.372Z babel program.body[6].body.body[4].body.body[2].consequent.body[0].expression.argument MemberExpression: enter
2025-06-05T08:42:12.372Z babel program.body[6].body.body[4].body.body[2].consequent.body[0].expression.argument MemberExpression: Recursing into...
2025-06-05T08:42:12.372Z babel program.body[6].body.body[4].body.body[2].consequent.body[0].expression.argument.object MemberExpression: enter
2025-06-05T08:42:12.372Z babel program.body[6].body.body[4].body.body[2].consequent.body[0].expression.argument.object MemberExpression: Recursing into...
2025-06-05T08:42:12.372Z babel program.body[6].body.body[4].body.body[2].consequent.body[0].expression.argument.object.object MemberExpression: enter
2025-06-05T08:42:12.372Z babel program.body[6].body.body[4].body.body[2].consequent.body[0].expression.argument.object.object MemberExpression: Recursing into...
2025-06-05T08:42:12.372Z babel program.body[6].body.body[4].body.body[2].consequent.body[0].expression.argument.object.object.object CallExpression: enter
2025-06-05T08:42:12.372Z babel program.body[6].body.body[4].body.body[2].consequent.body[0].expression.argument.object.object.object CallExpression: Recursing into...
2025-06-05T08:42:12.372Z babel program.body[6].body.body[4].body.body[2].consequent.body[0].expression.argument.object.object.object CallExpression: exit
2025-06-05T08:42:12.372Z babel program.body[6].body.body[4].body.body[2].consequent.body[0].expression.argument.object.object MemberExpression: exit
2025-06-05T08:42:12.373Z babel program.body[6].body.body[4].body.body[2].consequent.body[0].expression.argument.object MemberExpression: exit
2025-06-05T08:42:12.373Z babel program.body[6].body.body[4].body.body[2].consequent.body[0].expression.argument MemberExpression: exit
2025-06-05T08:42:12.373Z babel program.body[6].body.body[4].body.body[2].consequent.body[0].expression UpdateExpression: exit
2025-06-05T08:42:12.373Z babel program.body[6].body.body[4].body.body[2].consequent.body[0] ExpressionStatement: exit
2025-06-05T08:42:12.373Z babel program.body[6].body.body[4].body.body[2].consequent.body[1] ReturnStatement: enter
2025-06-05T08:42:12.373Z babel program.body[6].body.body[4].body.body[2].consequent.body[1] ExpressionStatement: Inserted.
2025-06-05T08:42:12.373Z babel program.body[6].body.body[4].body.body[2].consequent.body[2] ReturnStatement: Recursing into...
2025-06-05T08:42:12.373Z babel program.body[6].body.body[4].body.body[2].consequent.body[2].argument MemberExpression: enter
2025-06-05T08:42:12.373Z babel program.body[6].body.body[4].body.body[2].consequent.body[2].argument MemberExpression: Recursing into...
2025-06-05T08:42:12.373Z babel program.body[6].body.body[4].body.body[2].consequent.body[2].argument MemberExpression: exit
2025-06-05T08:42:12.373Z babel program.body[6].body.body[4].body.body[2].consequent.body[2] ReturnStatement: exit
2025-06-05T08:42:12.373Z babel program.body[6].body.body[4].body.body[2].consequent.body[1] ExpressionStatement: enter
2025-06-05T08:42:12.373Z babel program.body[6].body.body[4].body.body[2].consequent.body[1] ExpressionStatement: Recursing into...
2025-06-05T08:42:12.373Z babel program.body[6].body.body[4].body.body[2].consequent.body[1].expression UpdateExpression: enter
2025-06-05T08:42:12.373Z babel program.body[6].body.body[4].body.body[2].consequent.body[1].expression UpdateExpression: Recursing into...
2025-06-05T08:42:12.373Z babel program.body[6].body.body[4].body.body[2].consequent.body[1].expression.argument MemberExpression: enter
2025-06-05T08:42:12.373Z babel program.body[6].body.body[4].body.body[2].consequent.body[1].expression.argument MemberExpression: Recursing into...
2025-06-05T08:42:12.373Z babel program.body[6].body.body[4].body.body[2].consequent.body[1].expression.argument.object MemberExpression: enter
2025-06-05T08:42:12.373Z babel program.body[6].body.body[4].body.body[2].consequent.body[1].expression.argument.object MemberExpression: Recursing into...
2025-06-05T08:42:12.373Z babel program.body[6].body.body[4].body.body[2].consequent.body[1].expression.argument.object.object CallExpression: enter
2025-06-05T08:42:12.373Z babel program.body[6].body.body[4].body.body[2].consequent.body[1].expression.argument.object.object CallExpression: Recursing into...
2025-06-05T08:42:12.373Z babel program.body[6].body.body[4].body.body[2].consequent.body[1].expression.argument.object.object CallExpression: exit
2025-06-05T08:42:12.373Z babel program.body[6].body.body[4].body.body[2].consequent.body[1].expression.argument.object MemberExpression: exit
2025-06-05T08:42:12.373Z babel program.body[6].body.body[4].body.body[2].consequent.body[1].expression.argument MemberExpression: exit
2025-06-05T08:42:12.373Z babel program.body[6].body.body[4].body.body[2].consequent.body[1].expression UpdateExpression: exit
2025-06-05T08:42:12.373Z babel program.body[6].body.body[4].body.body[2].consequent.body[1] ExpressionStatement: exit
2025-06-05T08:42:12.373Z babel program.body[6].body.body[4].body.body[2].consequent BlockStatement: exit
2025-06-05T08:42:12.373Z babel program.body[6].body.body[4].body.body[2].alternate BlockStatement: enter
2025-06-05T08:42:12.373Z babel program.body[6].body.body[4].body.body[2].alternate BlockStatement: Recursing into...
2025-06-05T08:42:12.373Z babel program.body[6].body.body[4].body.body[2].alternate.body[0] ExpressionStatement: enter
2025-06-05T08:42:12.373Z babel program.body[6].body.body[4].body.body[2].alternate.body[0] ExpressionStatement: Recursing into...
2025-06-05T08:42:12.373Z babel program.body[6].body.body[4].body.body[2].alternate.body[0].expression UpdateExpression: enter
2025-06-05T08:42:12.373Z babel program.body[6].body.body[4].body.body[2].alternate.body[0].expression UpdateExpression: Recursing into...
2025-06-05T08:42:12.373Z babel program.body[6].body.body[4].body.body[2].alternate.body[0].expression.argument MemberExpression: enter
2025-06-05T08:42:12.373Z babel program.body[6].body.body[4].body.body[2].alternate.body[0].expression.argument MemberExpression: Recursing into...
2025-06-05T08:42:12.373Z babel program.body[6].body.body[4].body.body[2].alternate.body[0].expression.argument.object MemberExpression: enter
2025-06-05T08:42:12.373Z babel program.body[6].body.body[4].body.body[2].alternate.body[0].expression.argument.object MemberExpression: Recursing into...
2025-06-05T08:42:12.373Z babel program.body[6].body.body[4].body.body[2].alternate.body[0].expression.argument.object.object MemberExpression: enter
2025-06-05T08:42:12.373Z babel program.body[6].body.body[4].body.body[2].alternate.body[0].expression.argument.object.object MemberExpression: Recursing into...
2025-06-05T08:42:12.373Z babel program.body[6].body.body[4].body.body[2].alternate.body[0].expression.argument.object.object.object CallExpression: enter
2025-06-05T08:42:12.373Z babel program.body[6].body.body[4].body.body[2].alternate.body[0].expression.argument.object.object.object CallExpression: Recursing into...
2025-06-05T08:42:12.373Z babel program.body[6].body.body[4].body.body[2].alternate.body[0].expression.argument.object.object.object CallExpression: exit
2025-06-05T08:42:12.373Z babel program.body[6].body.body[4].body.body[2].alternate.body[0].expression.argument.object.object MemberExpression: exit
2025-06-05T08:42:12.373Z babel program.body[6].body.body[4].body.body[2].alternate.body[0].expression.argument.object MemberExpression: exit
2025-06-05T08:42:12.373Z babel program.body[6].body.body[4].body.body[2].alternate.body[0].expression.argument MemberExpression: exit
2025-06-05T08:42:12.373Z babel program.body[6].body.body[4].body.body[2].alternate.body[0].expression UpdateExpression: exit
2025-06-05T08:42:12.373Z babel program.body[6].body.body[4].body.body[2].alternate.body[0] ExpressionStatement: exit
2025-06-05T08:42:12.373Z babel program.body[6].body.body[4].body.body[2].alternate BlockStatement: exit
2025-06-05T08:42:12.373Z babel program.body[6].body.body[4].body.body[2] IfStatement: exit
2025-06-05T08:42:12.373Z babel program.body[6].body.body[4].body.body[3] ReturnStatement: enter
2025-06-05T08:42:12.373Z babel program.body[6].body.body[4].body.body[3] ExpressionStatement: Inserted.
2025-06-05T08:42:12.373Z babel program.body[6].body.body[4].body.body[4] ReturnStatement: Recursing into...
2025-06-05T08:42:12.373Z babel program.body[6].body.body[4].body.body[4] ReturnStatement: exit
2025-06-05T08:42:12.373Z babel program.body[6].body.body[4].body.body[1] ExpressionStatement: enter
2025-06-05T08:42:12.373Z babel program.body[6].body.body[4].body.body[1] ExpressionStatement: Recursing into...
2025-06-05T08:42:12.373Z babel program.body[6].body.body[4].body.body[1].expression UpdateExpression: enter
2025-06-05T08:42:12.373Z babel program.body[6].body.body[4].body.body[1].expression UpdateExpression: Recursing into...
2025-06-05T08:42:12.373Z babel program.body[6].body.body[4].body.body[1].expression.argument MemberExpression: enter
2025-06-05T08:42:12.373Z babel program.body[6].body.body[4].body.body[1].expression.argument MemberExpression: Recursing into...
2025-06-05T08:42:12.373Z babel program.body[6].body.body[4].body.body[1].expression.argument.object MemberExpression: enter
2025-06-05T08:42:12.373Z babel program.body[6].body.body[4].body.body[1].expression.argument.object MemberExpression: Recursing into...
2025-06-05T08:42:12.373Z babel program.body[6].body.body[4].body.body[1].expression.argument.object.object CallExpression: enter
2025-06-05T08:42:12.373Z babel program.body[6].body.body[4].body.body[1].expression.argument.object.object CallExpression: Recursing into...
2025-06-05T08:42:12.373Z babel program.body[6].body.body[4].body.body[1].expression.argument.object.object CallExpression: exit
2025-06-05T08:42:12.373Z babel program.body[6].body.body[4].body.body[1].expression.argument.object MemberExpression: exit
2025-06-05T08:42:12.373Z babel program.body[6].body.body[4].body.body[1].expression.argument MemberExpression: exit
2025-06-05T08:42:12.373Z babel program.body[6].body.body[4].body.body[1].expression UpdateExpression: exit
2025-06-05T08:42:12.373Z babel program.body[6].body.body[4].body.body[1] ExpressionStatement: exit
2025-06-05T08:42:12.373Z babel program.body[6].body.body[4].body.body[3] ExpressionStatement: enter
2025-06-05T08:42:12.373Z babel program.body[6].body.body[4].body.body[3] ExpressionStatement: Recursing into...
2025-06-05T08:42:12.373Z babel program.body[6].body.body[4].body.body[3].expression UpdateExpression: enter
2025-06-05T08:42:12.373Z babel program.body[6].body.body[4].body.body[3].expression UpdateExpression: Recursing into...
2025-06-05T08:42:12.373Z babel program.body[6].body.body[4].body.body[3].expression.argument MemberExpression: enter
2025-06-05T08:42:12.373Z babel program.body[6].body.body[4].body.body[3].expression.argument MemberExpression: Recursing into...
2025-06-05T08:42:12.373Z babel program.body[6].body.body[4].body.body[3].expression.argument.object MemberExpression: enter
2025-06-05T08:42:12.373Z babel program.body[6].body.body[4].body.body[3].expression.argument.object MemberExpression: Recursing into...
2025-06-05T08:42:12.373Z babel program.body[6].body.body[4].body.body[3].expression.argument.object.object CallExpression: enter
2025-06-05T08:42:12.373Z babel program.body[6].body.body[4].body.body[3].expression.argument.object.object CallExpression: Recursing into...
2025-06-05T08:42:12.373Z babel program.body[6].body.body[4].body.body[3].expression.argument.object.object CallExpression: exit
2025-06-05T08:42:12.373Z babel program.body[6].body.body[4].body.body[3].expression.argument.object MemberExpression: exit
2025-06-05T08:42:12.373Z babel program.body[6].body.body[4].body.body[3].expression.argument MemberExpression: exit
2025-06-05T08:42:12.373Z babel program.body[6].body.body[4].body.body[3].expression UpdateExpression: exit
2025-06-05T08:42:12.373Z babel program.body[6].body.body[4].body.body[3] ExpressionStatement: exit
2025-06-05T08:42:12.373Z babel program.body[6].body.body[4].body BlockStatement: exit
2025-06-05T08:42:12.373Z babel program.body[6].body.body[4] ClassMethod: exit
2025-06-05T08:42:12.373Z babel program.body[6].body.body[5] ClassMethod: enter
2025-06-05T08:42:12.373Z babel program.body[6].body.body[5] ClassMethod: Recursing into...
2025-06-05T08:42:12.373Z babel program.body[6].body.body[5].body BlockStatement: enter
2025-06-05T08:42:12.373Z babel program.body[6].body.body[5].body BlockStatement: Recursing into...
2025-06-05T08:42:12.373Z babel program.body[6].body.body[5].body.body[0] ExpressionStatement: enter
2025-06-05T08:42:12.373Z babel program.body[6].body.body[5].body.body[0] ExpressionStatement: Recursing into...
2025-06-05T08:42:12.373Z babel program.body[6].body.body[5].body.body[0].expression UpdateExpression: enter
2025-06-05T08:42:12.373Z babel program.body[6].body.body[5].body.body[0].expression UpdateExpression: Recursing into...
2025-06-05T08:42:12.373Z babel program.body[6].body.body[5].body.body[0].expression.argument MemberExpression: enter
2025-06-05T08:42:12.373Z babel program.body[6].body.body[5].body.body[0].expression.argument MemberExpression: Recursing into...
2025-06-05T08:42:12.373Z babel program.body[6].body.body[5].body.body[0].expression.argument.object MemberExpression: enter
2025-06-05T08:42:12.373Z babel program.body[6].body.body[5].body.body[0].expression.argument.object MemberExpression: Recursing into...
2025-06-05T08:42:12.373Z babel program.body[6].body.body[5].body.body[0].expression.argument.object.object CallExpression: enter
2025-06-05T08:42:12.373Z babel program.body[6].body.body[5].body.body[0].expression.argument.object.object CallExpression: Recursing into...
2025-06-05T08:42:12.373Z babel program.body[6].body.body[5].body.body[0].expression.argument.object.object CallExpression: exit
2025-06-05T08:42:12.373Z babel program.body[6].body.body[5].body.body[0].expression.argument.object MemberExpression: exit
2025-06-05T08:42:12.373Z babel program.body[6].body.body[5].body.body[0].expression.argument MemberExpression: exit
2025-06-05T08:42:12.373Z babel program.body[6].body.body[5].body.body[0].expression UpdateExpression: exit
2025-06-05T08:42:12.373Z babel program.body[6].body.body[5].body.body[0] ExpressionStatement: exit
2025-06-05T08:42:12.373Z babel program.body[6].body.body[5].body.body[1] IfStatement: enter
2025-06-05T08:42:12.373Z babel program.body[6].body.body[5].body.body[1].consequent ReturnStatement: Replace with BlockStatement
2025-06-05T08:42:12.373Z babel program.body[6].body.body[5].body.body[1].consequent.body[0] ReturnStatement: enter
2025-06-05T08:42:12.374Z babel program.body[6].body.body[5].body.body[1].consequent.body[0] ReturnStatement: Recursing into...
2025-06-05T08:42:12.374Z babel program.body[6].body.body[5].body.body[1].consequent.body[0].argument Identifier: enter
2025-06-05T08:42:12.374Z babel program.body[6].body.body[5].body.body[1].consequent.body[0].argument Identifier: Recursing into...
2025-06-05T08:42:12.374Z babel program.body[6].body.body[5].body.body[1].consequent.body[0].argument Identifier: exit
2025-06-05T08:42:12.374Z babel program.body[6].body.body[5].body.body[1].consequent.body[0] ReturnStatement: exit
2025-06-05T08:42:12.374Z babel program.body[6].body.body[5].body.body[1].alternate undefined: Replace with BlockStatement
2025-06-05T08:42:12.374Z babel program.body[6].body.body[5].body.body[1] ExpressionStatement: Inserted.
2025-06-05T08:42:12.375Z babel program.body[6].body.body[5].body.body[2] IfStatement: Recursing into...
2025-06-05T08:42:12.375Z babel program.body[6].body.body[5].body.body[2].test UnaryExpression: enter
2025-06-05T08:42:12.375Z babel program.body[6].body.body[5].body.body[2].test UnaryExpression: Recursing into...
2025-06-05T08:42:12.375Z babel program.body[6].body.body[5].body.body[2].test UnaryExpression: exit
2025-06-05T08:42:12.375Z babel program.body[6].body.body[5].body.body[2].consequent BlockStatement: enter
2025-06-05T08:42:12.375Z babel program.body[6].body.body[5].body.body[2].consequent BlockStatement: Recursing into...
2025-06-05T08:42:12.375Z babel program.body[6].body.body[5].body.body[2].consequent.body[0] ExpressionStatement: enter
2025-06-05T08:42:12.375Z babel program.body[6].body.body[5].body.body[2].consequent.body[0] ExpressionStatement: Recursing into...
2025-06-05T08:42:12.375Z babel program.body[6].body.body[5].body.body[2].consequent.body[0].expression UpdateExpression: enter
2025-06-05T08:42:12.375Z babel program.body[6].body.body[5].body.body[2].consequent.body[0].expression UpdateExpression: Recursing into...
2025-06-05T08:42:12.375Z babel program.body[6].body.body[5].body.body[2].consequent.body[0].expression.argument MemberExpression: enter
2025-06-05T08:42:12.375Z babel program.body[6].body.body[5].body.body[2].consequent.body[0].expression.argument MemberExpression: Recursing into...
2025-06-05T08:42:12.375Z babel program.body[6].body.body[5].body.body[2].consequent.body[0].expression.argument.object MemberExpression: enter
2025-06-05T08:42:12.375Z babel program.body[6].body.body[5].body.body[2].consequent.body[0].expression.argument.object MemberExpression: Recursing into...
2025-06-05T08:42:12.375Z babel program.body[6].body.body[5].body.body[2].consequent.body[0].expression.argument.object.object MemberExpression: enter
2025-06-05T08:42:12.375Z babel program.body[6].body.body[5].body.body[2].consequent.body[0].expression.argument.object.object MemberExpression: Recursing into...
2025-06-05T08:42:12.375Z babel program.body[6].body.body[5].body.body[2].consequent.body[0].expression.argument.object.object.object CallExpression: enter
2025-06-05T08:42:12.375Z babel program.body[6].body.body[5].body.body[2].consequent.body[0].expression.argument.object.object.object CallExpression: Recursing into...
2025-06-05T08:42:12.375Z babel program.body[6].body.body[5].body.body[2].consequent.body[0].expression.argument.object.object.object CallExpression: exit
2025-06-05T08:42:12.375Z babel program.body[6].body.body[5].body.body[2].consequent.body[0].expression.argument.object.object MemberExpression: exit
2025-06-05T08:42:12.375Z babel program.body[6].body.body[5].body.body[2].consequent.body[0].expression.argument.object MemberExpression: exit
2025-06-05T08:42:12.375Z babel program.body[6].body.body[5].body.body[2].consequent.body[0].expression.argument MemberExpression: exit
2025-06-05T08:42:12.375Z babel program.body[6].body.body[5].body.body[2].consequent.body[0].expression UpdateExpression: exit
2025-06-05T08:42:12.375Z babel program.body[6].body.body[5].body.body[2].consequent.body[0] ExpressionStatement: exit
2025-06-05T08:42:12.375Z babel program.body[6].body.body[5].body.body[2].consequent.body[1] ReturnStatement: enter
2025-06-05T08:42:12.376Z babel program.body[6].body.body[5].body.body[2].consequent.body[1] ExpressionStatement: Inserted.
2025-06-05T08:42:12.376Z babel program.body[6].body.body[5].body.body[2].consequent.body[2] ReturnStatement: Recursing into...
2025-06-05T08:42:12.376Z babel program.body[6].body.body[5].body.body[2].consequent.body[2] ReturnStatement: exit
2025-06-05T08:42:12.376Z babel program.body[6].body.body[5].body.body[2].consequent.body[1] ExpressionStatement: enter
2025-06-05T08:42:12.376Z babel program.body[6].body.body[5].body.body[2].consequent.body[1] ExpressionStatement: Recursing into...
2025-06-05T08:42:12.376Z babel program.body[6].body.body[5].body.body[2].consequent.body[1].expression UpdateExpression: enter
2025-06-05T08:42:12.376Z babel program.body[6].body.body[5].body.body[2].consequent.body[1].expression UpdateExpression: Recursing into...
2025-06-05T08:42:12.376Z babel program.body[6].body.body[5].body.body[2].consequent.body[1].expression.argument MemberExpression: enter
2025-06-05T08:42:12.376Z babel program.body[6].body.body[5].body.body[2].consequent.body[1].expression.argument MemberExpression: Recursing into...
2025-06-05T08:42:12.376Z babel program.body[6].body.body[5].body.body[2].consequent.body[1].expression.argument.object MemberExpression: enter
2025-06-05T08:42:12.376Z babel program.body[6].body.body[5].body.body[2].consequent.body[1].expression.argument.object MemberExpression: Recursing into...
2025-06-05T08:42:12.376Z babel program.body[6].body.body[5].body.body[2].consequent.body[1].expression.argument.object.object CallExpression: enter
2025-06-05T08:42:12.376Z babel program.body[6].body.body[5].body.body[2].consequent.body[1].expression.argument.object.object CallExpression: Recursing into...
2025-06-05T08:42:12.376Z babel program.body[6].body.body[5].body.body[2].consequent.body[1].expression.argument.object.object CallExpression: exit
2025-06-05T08:42:12.376Z babel program.body[6].body.body[5].body.body[2].consequent.body[1].expression.argument.object MemberExpression: exit
2025-06-05T08:42:12.376Z babel program.body[6].body.body[5].body.body[2].consequent.body[1].expression.argument MemberExpression: exit
2025-06-05T08:42:12.376Z babel program.body[6].body.body[5].body.body[2].consequent.body[1].expression UpdateExpression: exit
2025-06-05T08:42:12.376Z babel program.body[6].body.body[5].body.body[2].consequent.body[1] ExpressionStatement: exit
2025-06-05T08:42:12.376Z babel program.body[6].body.body[5].body.body[2].consequent BlockStatement: exit
2025-06-05T08:42:12.376Z babel program.body[6].body.body[5].body.body[2].alternate BlockStatement: enter
2025-06-05T08:42:12.376Z babel program.body[6].body.body[5].body.body[2].alternate BlockStatement: Recursing into...
2025-06-05T08:42:12.376Z babel program.body[6].body.body[5].body.body[2].alternate.body[0] ExpressionStatement: enter
2025-06-05T08:42:12.376Z babel program.body[6].body.body[5].body.body[2].alternate.body[0] ExpressionStatement: Recursing into...
2025-06-05T08:42:12.376Z babel program.body[6].body.body[5].body.body[2].alternate.body[0].expression UpdateExpression: enter
2025-06-05T08:42:12.376Z babel program.body[6].body.body[5].body.body[2].alternate.body[0].expression UpdateExpression: Recursing into...
2025-06-05T08:42:12.376Z babel program.body[6].body.body[5].body.body[2].alternate.body[0].expression.argument MemberExpression: enter
2025-06-05T08:42:12.376Z babel program.body[6].body.body[5].body.body[2].alternate.body[0].expression.argument MemberExpression: Recursing into...
2025-06-05T08:42:12.376Z babel program.body[6].body.body[5].body.body[2].alternate.body[0].expression.argument.object MemberExpression: enter
2025-06-05T08:42:12.376Z babel program.body[6].body.body[5].body.body[2].alternate.body[0].expression.argument.object MemberExpression: Recursing into...
2025-06-05T08:42:12.376Z babel program.body[6].body.body[5].body.body[2].alternate.body[0].expression.argument.object.object MemberExpression: enter
2025-06-05T08:42:12.376Z babel program.body[6].body.body[5].body.body[2].alternate.body[0].expression.argument.object.object MemberExpression: Recursing into...
2025-06-05T08:42:12.376Z babel program.body[6].body.body[5].body.body[2].alternate.body[0].expression.argument.object.object.object CallExpression: enter
2025-06-05T08:42:12.376Z babel program.body[6].body.body[5].body.body[2].alternate.body[0].expression.argument.object.object.object CallExpression: Recursing into...
2025-06-05T08:42:12.376Z babel program.body[6].body.body[5].body.body[2].alternate.body[0].expression.argument.object.object.object CallExpression: exit
2025-06-05T08:42:12.376Z babel program.body[6].body.body[5].body.body[2].alternate.body[0].expression.argument.object.object MemberExpression: exit
2025-06-05T08:42:12.376Z babel program.body[6].body.body[5].body.body[2].alternate.body[0].expression.argument.object MemberExpression: exit
2025-06-05T08:42:12.376Z babel program.body[6].body.body[5].body.body[2].alternate.body[0].expression.argument MemberExpression: exit
2025-06-05T08:42:12.376Z babel program.body[6].body.body[5].body.body[2].alternate.body[0].expression UpdateExpression: exit
2025-06-05T08:42:12.376Z babel program.body[6].body.body[5].body.body[2].alternate.body[0] ExpressionStatement: exit
2025-06-05T08:42:12.376Z babel program.body[6].body.body[5].body.body[2].alternate BlockStatement: exit
2025-06-05T08:42:12.376Z babel program.body[6].body.body[5].body.body[2] IfStatement: exit
2025-06-05T08:42:12.376Z babel program.body[6].body.body[5].body.body[3] IfStatement: enter
2025-06-05T08:42:12.376Z babel program.body[6].body.body[5].body.body[3].alternate undefined: Replace with BlockStatement
2025-06-05T08:42:12.376Z babel program.body[6].body.body[5].body.body[3] ExpressionStatement: Inserted.
2025-06-05T08:42:12.376Z babel program.body[6].body.body[5].body.body[4] IfStatement: Recursing into...
2025-06-05T08:42:12.376Z babel program.body[6].body.body[5].body.body[4].test BinaryExpression: enter
2025-06-05T08:42:12.376Z babel program.body[6].body.body[5].body.body[4].test BinaryExpression: Recursing into...
2025-06-05T08:42:12.376Z babel program.body[6].body.body[5].body.body[4].test BinaryExpression: exit
2025-06-05T08:42:12.376Z babel program.body[6].body.body[5].body.body[4].consequent BlockStatement: enter
2025-06-05T08:42:12.376Z babel program.body[6].body.body[5].body.body[4].consequent BlockStatement: Recursing into...
2025-06-05T08:42:12.376Z babel program.body[6].body.body[5].body.body[4].consequent.body[0] ExpressionStatement: enter
2025-06-05T08:42:12.376Z babel program.body[6].body.body[5].body.body[4].consequent.body[0] ExpressionStatement: Recursing into...
2025-06-05T08:42:12.376Z babel program.body[6].body.body[5].body.body[4].consequent.body[0].expression UpdateExpression: enter
2025-06-05T08:42:12.376Z babel program.body[6].body.body[5].body.body[4].consequent.body[0].expression UpdateExpression: Recursing into...
2025-06-05T08:42:12.376Z babel program.body[6].body.body[5].body.body[4].consequent.body[0].expression.argument MemberExpression: enter
2025-06-05T08:42:12.376Z babel program.body[6].body.body[5].body.body[4].consequent.body[0].expression.argument MemberExpression: Recursing into...
2025-06-05T08:42:12.376Z babel program.body[6].body.body[5].body.body[4].consequent.body[0].expression.argument.object MemberExpression: enter
2025-06-05T08:42:12.376Z babel program.body[6].body.body[5].body.body[4].consequent.body[0].expression.argument.object MemberExpression: Recursing into...
2025-06-05T08:42:12.376Z babel program.body[6].body.body[5].body.body[4].consequent.body[0].expression.argument.object.object MemberExpression: enter
2025-06-05T08:42:12.376Z babel program.body[6].body.body[5].body.body[4].consequent.body[0].expression.argument.object.object MemberExpression: Recursing into...
2025-06-05T08:42:12.376Z babel program.body[6].body.body[5].body.body[4].consequent.body[0].expression.argument.object.object.object CallExpression: enter
2025-06-05T08:42:12.376Z babel program.body[6].body.body[5].body.body[4].consequent.body[0].expression.argument.object.object.object CallExpression: Recursing into...
2025-06-05T08:42:12.376Z babel program.body[6].body.body[5].body.body[4].consequent.body[0].expression.argument.object.object.object CallExpression: exit
2025-06-05T08:42:12.376Z babel program.body[6].body.body[5].body.body[4].consequent.body[0].expression.argument.object.object MemberExpression: exit
2025-06-05T08:42:12.376Z babel program.body[6].body.body[5].body.body[4].consequent.body[0].expression.argument.object MemberExpression: exit
2025-06-05T08:42:12.376Z babel program.body[6].body.body[5].body.body[4].consequent.body[0].expression.argument MemberExpression: exit
2025-06-05T08:42:12.376Z babel program.body[6].body.body[5].body.body[4].consequent.body[0].expression UpdateExpression: exit
2025-06-05T08:42:12.376Z babel program.body[6].body.body[5].body.body[4].consequent.body[0] ExpressionStatement: exit
2025-06-05T08:42:12.376Z babel program.body[6].body.body[5].body.body[4].consequent.body[1] ReturnStatement: enter
2025-06-05T08:42:12.376Z babel program.body[6].body.body[5].body.body[4].consequent.body[1] ExpressionStatement: Inserted.
2025-06-05T08:42:12.376Z babel program.body[6].body.body[5].body.body[4].consequent.body[2] ReturnStatement: Recursing into...
2025-06-05T08:42:12.376Z babel program.body[6].body.body[5].body.body[4].consequent.body[2] ReturnStatement: exit
2025-06-05T08:42:12.376Z babel program.body[6].body.body[5].body.body[4].consequent.body[1] ExpressionStatement: enter
2025-06-05T08:42:12.376Z babel program.body[6].body.body[5].body.body[4].consequent.body[1] ExpressionStatement: Recursing into...
2025-06-05T08:42:12.376Z babel program.body[6].body.body[5].body.body[4].consequent.body[1].expression UpdateExpression: enter
2025-06-05T08:42:12.376Z babel program.body[6].body.body[5].body.body[4].consequent.body[1].expression UpdateExpression: Recursing into...
2025-06-05T08:42:12.376Z babel program.body[6].body.body[5].body.body[4].consequent.body[1].expression.argument MemberExpression: enter
2025-06-05T08:42:12.376Z babel program.body[6].body.body[5].body.body[4].consequent.body[1].expression.argument MemberExpression: Recursing into...
2025-06-05T08:42:12.376Z babel program.body[6].body.body[5].body.body[4].consequent.body[1].expression.argument.object MemberExpression: enter
2025-06-05T08:42:12.376Z babel program.body[6].body.body[5].body.body[4].consequent.body[1].expression.argument.object MemberExpression: Recursing into...
2025-06-05T08:42:12.376Z babel program.body[6].body.body[5].body.body[4].consequent.body[1].expression.argument.object.object CallExpression: enter
2025-06-05T08:42:12.376Z babel program.body[6].body.body[5].body.body[4].consequent.body[1].expression.argument.object.object CallExpression: Recursing into...
2025-06-05T08:42:12.376Z babel program.body[6].body.body[5].body.body[4].consequent.body[1].expression.argument.object.object CallExpression: exit
2025-06-05T08:42:12.376Z babel program.body[6].body.body[5].body.body[4].consequent.body[1].expression.argument.object MemberExpression: exit
2025-06-05T08:42:12.376Z babel program.body[6].body.body[5].body.body[4].consequent.body[1].expression.argument MemberExpression: exit
2025-06-05T08:42:12.376Z babel program.body[6].body.body[5].body.body[4].consequent.body[1].expression UpdateExpression: exit
2025-06-05T08:42:12.376Z babel program.body[6].body.body[5].body.body[4].consequent.body[1] ExpressionStatement: exit
2025-06-05T08:42:12.376Z babel program.body[6].body.body[5].body.body[4].consequent BlockStatement: exit
2025-06-05T08:42:12.376Z babel program.body[6].body.body[5].body.body[4].alternate BlockStatement: enter
2025-06-05T08:42:12.376Z babel program.body[6].body.body[5].body.body[4].alternate BlockStatement: Recursing into...
2025-06-05T08:42:12.376Z babel program.body[6].body.body[5].body.body[4].alternate.body[0] ExpressionStatement: enter
2025-06-05T08:42:12.376Z babel program.body[6].body.body[5].body.body[4].alternate.body[0] ExpressionStatement: Recursing into...
2025-06-05T08:42:12.376Z babel program.body[6].body.body[5].body.body[4].alternate.body[0].expression UpdateExpression: enter
2025-06-05T08:42:12.376Z babel program.body[6].body.body[5].body.body[4].alternate.body[0].expression UpdateExpression: Recursing into...
2025-06-05T08:42:12.376Z babel program.body[6].body.body[5].body.body[4].alternate.body[0].expression.argument MemberExpression: enter
2025-06-05T08:42:12.376Z babel program.body[6].body.body[5].body.body[4].alternate.body[0].expression.argument MemberExpression: Recursing into...
2025-06-05T08:42:12.376Z babel program.body[6].body.body[5].body.body[4].alternate.body[0].expression.argument.object MemberExpression: enter
2025-06-05T08:42:12.376Z babel program.body[6].body.body[5].body.body[4].alternate.body[0].expression.argument.object MemberExpression: Recursing into...
2025-06-05T08:42:12.376Z babel program.body[6].body.body[5].body.body[4].alternate.body[0].expression.argument.object.object MemberExpression: enter
2025-06-05T08:42:12.376Z babel program.body[6].body.body[5].body.body[4].alternate.body[0].expression.argument.object.object MemberExpression: Recursing into...
2025-06-05T08:42:12.376Z babel program.body[6].body.body[5].body.body[4].alternate.body[0].expression.argument.object.object.object CallExpression: enter
2025-06-05T08:42:12.376Z babel program.body[6].body.body[5].body.body[4].alternate.body[0].expression.argument.object.object.object CallExpression: Recursing into...
2025-06-05T08:42:12.376Z babel program.body[6].body.body[5].body.body[4].alternate.body[0].expression.argument.object.object.object CallExpression: exit
2025-06-05T08:42:12.376Z babel program.body[6].body.body[5].body.body[4].alternate.body[0].expression.argument.object.object MemberExpression: exit
2025-06-05T08:42:12.376Z babel program.body[6].body.body[5].body.body[4].alternate.body[0].expression.argument.object MemberExpression: exit
2025-06-05T08:42:12.376Z babel program.body[6].body.body[5].body.body[4].alternate.body[0].expression.argument MemberExpression: exit
2025-06-05T08:42:12.376Z babel program.body[6].body.body[5].body.body[4].alternate.body[0].expression UpdateExpression: exit
2025-06-05T08:42:12.376Z babel program.body[6].body.body[5].body.body[4].alternate.body[0] ExpressionStatement: exit
2025-06-05T08:42:12.376Z babel program.body[6].body.body[5].body.body[4].alternate BlockStatement: exit
2025-06-05T08:42:12.376Z babel program.body[6].body.body[5].body.body[4] IfStatement: exit
2025-06-05T08:42:12.376Z babel program.body[6].body.body[5].body.body[5] IfStatement: enter
2025-06-05T08:42:12.376Z babel program.body[6].body.body[5].body.body[5].alternate undefined: Replace with BlockStatement
2025-06-05T08:42:12.376Z babel program.body[6].body.body[5].body.body[5] ExpressionStatement: Inserted.
2025-06-05T08:42:12.376Z babel program.body[6].body.body[5].body.body[6] IfStatement: Recursing into...
2025-06-05T08:42:12.376Z babel program.body[6].body.body[5].body.body[6].test BinaryExpression: enter
2025-06-05T08:42:12.376Z babel program.body[6].body.body[5].body.body[6].test BinaryExpression: Recursing into...
2025-06-05T08:42:12.376Z babel program.body[6].body.body[5].body.body[6].test.left UnaryExpression: enter
2025-06-05T08:42:12.376Z babel program.body[6].body.body[5].body.body[6].test.left UnaryExpression: Recursing into...
2025-06-05T08:42:12.376Z babel program.body[6].body.body[5].body.body[6].test.left UnaryExpression: exit
2025-06-05T08:42:12.376Z babel program.body[6].body.body[5].body.body[6].test BinaryExpression: exit
2025-06-05T08:42:12.376Z babel program.body[6].body.body[5].body.body[6].consequent BlockStatement: enter
2025-06-05T08:42:12.376Z babel program.body[6].body.body[5].body.body[6].consequent BlockStatement: Recursing into...
2025-06-05T08:42:12.376Z babel program.body[6].body.body[5].body.body[6].consequent.body[0] ExpressionStatement: enter
2025-06-05T08:42:12.376Z babel program.body[6].body.body[5].body.body[6].consequent.body[0] ExpressionStatement: Recursing into...
2025-06-05T08:42:12.376Z babel program.body[6].body.body[5].body.body[6].consequent.body[0].expression UpdateExpression: enter
2025-06-05T08:42:12.376Z babel program.body[6].body.body[5].body.body[6].consequent.body[0].expression UpdateExpression: Recursing into...
2025-06-05T08:42:12.376Z babel program.body[6].body.body[5].body.body[6].consequent.body[0].expression.argument MemberExpression: enter
2025-06-05T08:42:12.377Z babel program.body[6].body.body[5].body.body[6].consequent.body[0].expression.argument MemberExpression: Recursing into...
2025-06-05T08:42:12.377Z babel program.body[6].body.body[5].body.body[6].consequent.body[0].expression.argument.object MemberExpression: enter
2025-06-05T08:42:12.377Z babel program.body[6].body.body[5].body.body[6].consequent.body[0].expression.argument.object MemberExpression: Recursing into...
2025-06-05T08:42:12.377Z babel program.body[6].body.body[5].body.body[6].consequent.body[0].expression.argument.object.object MemberExpression: enter
2025-06-05T08:42:12.377Z babel program.body[6].body.body[5].body.body[6].consequent.body[0].expression.argument.object.object MemberExpression: Recursing into...
2025-06-05T08:42:12.377Z babel program.body[6].body.body[5].body.body[6].consequent.body[0].expression.argument.object.object.object CallExpression: enter
2025-06-05T08:42:12.377Z babel program.body[6].body.body[5].body.body[6].consequent.body[0].expression.argument.object.object.object CallExpression: Recursing into...
2025-06-05T08:42:12.377Z babel program.body[6].body.body[5].body.body[6].consequent.body[0].expression.argument.object.object.object CallExpression: exit
2025-06-05T08:42:12.377Z babel program.body[6].body.body[5].body.body[6].consequent.body[0].expression.argument.object.object MemberExpression: exit
2025-06-05T08:42:12.377Z babel program.body[6].body.body[5].body.body[6].consequent.body[0].expression.argument.object MemberExpression: exit
2025-06-05T08:42:12.377Z babel program.body[6].body.body[5].body.body[6].consequent.body[0].expression.argument MemberExpression: exit
2025-06-05T08:42:12.377Z babel program.body[6].body.body[5].body.body[6].consequent.body[0].expression UpdateExpression: exit
2025-06-05T08:42:12.377Z babel program.body[6].body.body[5].body.body[6].consequent.body[0] ExpressionStatement: exit
2025-06-05T08:42:12.377Z babel program.body[6].body.body[5].body.body[6].consequent.body[1] VariableDeclaration: enter
2025-06-05T08:42:12.377Z babel program.body[6].body.body[5].body.body[6].consequent.body[1] VariableDeclaration: Recursing into...
2025-06-05T08:42:12.377Z babel program.body[6].body.body[5].body.body[6].consequent.body[1].declarations[0] VariableDeclarator: enter
2025-06-05T08:42:12.377Z babel program.body[6].body.body[5].body.body[6].consequent.body[1].declarations[0].init NewExpression: Replace with SequenceExpression
2025-06-05T08:42:12.377Z babel program.body[6].body.body[5].body.body[6].consequent.body[1].declarations[0] VariableDeclarator: Recursing into...
2025-06-05T08:42:12.377Z babel program.body[6].body.body[5].body.body[6].consequent.body[1].declarations[0].init SequenceExpression: enter
2025-06-05T08:42:12.377Z babel program.body[6].body.body[5].body.body[6].consequent.body[1].declarations[0].init SequenceExpression: Recursing into...
2025-06-05T08:42:12.377Z babel program.body[6].body.body[5].body.body[6].consequent.body[1].declarations[0].init.expressions[0] UpdateExpression: enter
2025-06-05T08:42:12.377Z babel program.body[6].body.body[5].body.body[6].consequent.body[1].declarations[0].init.expressions[0] UpdateExpression: Recursing into...
2025-06-05T08:42:12.377Z babel program.body[6].body.body[5].body.body[6].consequent.body[1].declarations[0].init.expressions[0].argument MemberExpression: enter
2025-06-05T08:42:12.377Z babel program.body[6].body.body[5].body.body[6].consequent.body[1].declarations[0].init.expressions[0].argument MemberExpression: Recursing into...
2025-06-05T08:42:12.377Z babel program.body[6].body.body[5].body.body[6].consequent.body[1].declarations[0].init.expressions[0].argument.object MemberExpression: enter
2025-06-05T08:42:12.377Z babel program.body[6].body.body[5].body.body[6].consequent.body[1].declarations[0].init.expressions[0].argument.object MemberExpression: Recursing into...
2025-06-05T08:42:12.377Z babel program.body[6].body.body[5].body.body[6].consequent.body[1].declarations[0].init.expressions[0].argument.object.object CallExpression: enter
2025-06-05T08:42:12.377Z babel program.body[6].body.body[5].body.body[6].consequent.body[1].declarations[0].init.expressions[0].argument.object.object CallExpression: Recursing into...
2025-06-05T08:42:12.377Z babel program.body[6].body.body[5].body.body[6].consequent.body[1].declarations[0].init.expressions[0].argument.object.object CallExpression: exit
2025-06-05T08:42:12.377Z babel program.body[6].body.body[5].body.body[6].consequent.body[1].declarations[0].init.expressions[0].argument.object MemberExpression: exit
2025-06-05T08:42:12.377Z babel program.body[6].body.body[5].body.body[6].consequent.body[1].declarations[0].init.expressions[0].argument MemberExpression: exit
2025-06-05T08:42:12.377Z babel program.body[6].body.body[5].body.body[6].consequent.body[1].declarations[0].init.expressions[0] UpdateExpression: exit
2025-06-05T08:42:12.377Z babel program.body[6].body.body[5].body.body[6].consequent.body[1].declarations[0].init.expressions[1] NewExpression: enter
2025-06-05T08:42:12.377Z babel program.body[6].body.body[5].body.body[6].consequent.body[1].declarations[0].init.expressions[1] NewExpression: Recursing into...
2025-06-05T08:42:12.377Z babel program.body[6].body.body[5].body.body[6].consequent.body[1].declarations[0].init.expressions[1] NewExpression: exit
2025-06-05T08:42:12.377Z babel program.body[6].body.body[5].body.body[6].consequent.body[1].declarations[0].init SequenceExpression: exit
2025-06-05T08:42:12.377Z babel program.body[6].body.body[5].body.body[6].consequent.body[1].declarations[0] VariableDeclarator: exit
2025-06-05T08:42:12.377Z babel program.body[6].body.body[5].body.body[6].consequent.body[1] VariableDeclaration: exit
2025-06-05T08:42:12.377Z babel program.body[6].body.body[5].body.body[6].consequent.body[2] ReturnStatement: enter
2025-06-05T08:42:12.377Z babel program.body[6].body.body[5].body.body[6].consequent.body[2] ExpressionStatement: Inserted.
2025-06-05T08:42:12.377Z babel program.body[6].body.body[5].body.body[6].consequent.body[3] ReturnStatement: Recursing into...
2025-06-05T08:42:12.377Z babel program.body[6].body.body[5].body.body[6].consequent.body[3].argument ConditionalExpression: enter
2025-06-05T08:42:12.377Z babel program.body[6].body.body[5].body.body[6].consequent.body[3].argument.consequent Identifier: Replace with SequenceExpression
2025-06-05T08:42:12.377Z babel program.body[6].body.body[5].body.body[6].consequent.body[3].argument.alternate Identifier: Replace with SequenceExpression
2025-06-05T08:42:12.377Z babel program.body[6].body.body[5].body.body[6].consequent.body[3].argument ConditionalExpression: Recursing into...
2025-06-05T08:42:12.377Z babel program.body[6].body.body[5].body.body[6].consequent.body[3].argument.test CallExpression: enter
2025-06-05T08:42:12.377Z babel program.body[6].body.body[5].body.body[6].consequent.body[3].argument.test CallExpression: Recursing into...
2025-06-05T08:42:12.377Z babel program.body[6].body.body[5].body.body[6].consequent.body[3].argument.test.arguments[0] CallExpression: enter
2025-06-05T08:42:12.377Z babel program.body[6].body.body[5].body.body[6].consequent.body[3].argument.test.arguments[0] CallExpression: Recursing into...
2025-06-05T08:42:12.377Z babel program.body[6].body.body[5].body.body[6].consequent.body[3].argument.test.arguments[0].callee MemberExpression: enter
2025-06-05T08:42:12.377Z babel program.body[6].body.body[5].body.body[6].consequent.body[3].argument.test.arguments[0].callee MemberExpression: Recursing into...
2025-06-05T08:42:12.377Z babel program.body[6].body.body[5].body.body[6].consequent.body[3].argument.test.arguments[0].callee MemberExpression: exit
2025-06-05T08:42:12.377Z babel program.body[6].body.body[5].body.body[6].consequent.body[3].argument.test.arguments[0] CallExpression: exit
2025-06-05T08:42:12.377Z babel program.body[6].body.body[5].body.body[6].consequent.body[3].argument.test CallExpression: exit
2025-06-05T08:42:12.377Z babel program.body[6].body.body[5].body.body[6].consequent.body[3].argument.consequent SequenceExpression: enter
2025-06-05T08:42:12.377Z babel program.body[6].body.body[5].body.body[6].consequent.body[3].argument.consequent SequenceExpression: Recursing into...
2025-06-05T08:42:12.377Z babel program.body[6].body.body[5].body.body[6].consequent.body[3].argument.consequent.expressions[0] UpdateExpression: enter
2025-06-05T08:42:12.377Z babel program.body[6].body.body[5].body.body[6].consequent.body[3].argument.consequent.expressions[0] UpdateExpression: Recursing into...
2025-06-05T08:42:12.377Z babel program.body[6].body.body[5].body.body[6].consequent.body[3].argument.consequent.expressions[0].argument MemberExpression: enter
2025-06-05T08:42:12.377Z babel program.body[6].body.body[5].body.body[6].consequent.body[3].argument.consequent.expressions[0].argument MemberExpression: Recursing into...
2025-06-05T08:42:12.377Z babel program.body[6].body.body[5].body.body[6].consequent.body[3].argument.consequent.expressions[0].argument.object MemberExpression: enter
2025-06-05T08:42:12.377Z babel program.body[6].body.body[5].body.body[6].consequent.body[3].argument.consequent.expressions[0].argument.object MemberExpression: Recursing into...
2025-06-05T08:42:12.377Z babel program.body[6].body.body[5].body.body[6].consequent.body[3].argument.consequent.expressions[0].argument.object.object MemberExpression: enter
2025-06-05T08:42:12.377Z babel program.body[6].body.body[5].body.body[6].consequent.body[3].argument.consequent.expressions[0].argument.object.object MemberExpression: Recursing into...
2025-06-05T08:42:12.377Z babel program.body[6].body.body[5].body.body[6].consequent.body[3].argument.consequent.expressions[0].argument.object.object.object CallExpression: enter
2025-06-05T08:42:12.377Z babel program.body[6].body.body[5].body.body[6].consequent.body[3].argument.consequent.expressions[0].argument.object.object.object CallExpression: Recursing into...
2025-06-05T08:42:12.377Z babel program.body[6].body.body[5].body.body[6].consequent.body[3].argument.consequent.expressions[0].argument.object.object.object CallExpression: exit
2025-06-05T08:42:12.377Z babel program.body[6].body.body[5].body.body[6].consequent.body[3].argument.consequent.expressions[0].argument.object.object MemberExpression: exit
2025-06-05T08:42:12.377Z babel program.body[6].body.body[5].body.body[6].consequent.body[3].argument.consequent.expressions[0].argument.object MemberExpression: exit
2025-06-05T08:42:12.377Z babel program.body[6].body.body[5].body.body[6].consequent.body[3].argument.consequent.expressions[0].argument MemberExpression: exit
2025-06-05T08:42:12.377Z babel program.body[6].body.body[5].body.body[6].consequent.body[3].argument.consequent.expressions[0] UpdateExpression: exit
2025-06-05T08:42:12.377Z babel program.body[6].body.body[5].body.body[6].consequent.body[3].argument.consequent SequenceExpression: exit
2025-06-05T08:42:12.377Z babel program.body[6].body.body[5].body.body[6].consequent.body[3].argument.alternate SequenceExpression: enter
2025-06-05T08:42:12.377Z babel program.body[6].body.body[5].body.body[6].consequent.body[3].argument.alternate SequenceExpression: Recursing into...
2025-06-05T08:42:12.377Z babel program.body[6].body.body[5].body.body[6].consequent.body[3].argument.alternate.expressions[0] UpdateExpression: enter
2025-06-05T08:42:12.377Z babel program.body[6].body.body[5].body.body[6].consequent.body[3].argument.alternate.expressions[0] UpdateExpression: Recursing into...
2025-06-05T08:42:12.377Z babel program.body[6].body.body[5].body.body[6].consequent.body[3].argument.alternate.expressions[0].argument MemberExpression: enter
2025-06-05T08:42:12.377Z babel program.body[6].body.body[5].body.body[6].consequent.body[3].argument.alternate.expressions[0].argument MemberExpression: Recursing into...
2025-06-05T08:42:12.377Z babel program.body[6].body.body[5].body.body[6].consequent.body[3].argument.alternate.expressions[0].argument.object MemberExpression: enter
2025-06-05T08:42:12.377Z babel program.body[6].body.body[5].body.body[6].consequent.body[3].argument.alternate.expressions[0].argument.object MemberExpression: Recursing into...
2025-06-05T08:42:12.377Z babel program.body[6].body.body[5].body.body[6].consequent.body[3].argument.alternate.expressions[0].argument.object.object MemberExpression: enter
2025-06-05T08:42:12.377Z babel program.body[6].body.body[5].body.body[6].consequent.body[3].argument.alternate.expressions[0].argument.object.object MemberExpression: Recursing into...
2025-06-05T08:42:12.377Z babel program.body[6].body.body[5].body.body[6].consequent.body[3].argument.alternate.expressions[0].argument.object.object.object CallExpression: enter
2025-06-05T08:42:12.377Z babel program.body[6].body.body[5].body.body[6].consequent.body[3].argument.alternate.expressions[0].argument.object.object.object CallExpression: Recursing into...
2025-06-05T08:42:12.377Z babel program.body[6].body.body[5].body.body[6].consequent.body[3].argument.alternate.expressions[0].argument.object.object.object CallExpression: exit
2025-06-05T08:42:12.377Z babel program.body[6].body.body[5].body.body[6].consequent.body[3].argument.alternate.expressions[0].argument.object.object MemberExpression: exit
2025-06-05T08:42:12.377Z babel program.body[6].body.body[5].body.body[6].consequent.body[3].argument.alternate.expressions[0].argument.object MemberExpression: exit
2025-06-05T08:42:12.377Z babel program.body[6].body.body[5].body.body[6].consequent.body[3].argument.alternate.expressions[0].argument MemberExpression: exit
2025-06-05T08:42:12.377Z babel program.body[6].body.body[5].body.body[6].consequent.body[3].argument.alternate.expressions[0] UpdateExpression: exit
2025-06-05T08:42:12.377Z babel program.body[6].body.body[5].body.body[6].consequent.body[3].argument.alternate SequenceExpression: exit
2025-06-05T08:42:12.377Z babel program.body[6].body.body[5].body.body[6].consequent.body[3].argument ConditionalExpression: exit
2025-06-05T08:42:12.377Z babel program.body[6].body.body[5].body.body[6].consequent.body[3] ReturnStatement: exit
2025-06-05T08:42:12.377Z babel program.body[6].body.body[5].body.body[6].consequent.body[2] ExpressionStatement: enter
2025-06-05T08:42:12.377Z babel program.body[6].body.body[5].body.body[6].consequent.body[2] ExpressionStatement: Recursing into...
2025-06-05T08:42:12.377Z babel program.body[6].body.body[5].body.body[6].consequent.body[2].expression UpdateExpression: enter
2025-06-05T08:42:12.377Z babel program.body[6].body.body[5].body.body[6].consequent.body[2].expression UpdateExpression: Recursing into...
2025-06-05T08:42:12.377Z babel program.body[6].body.body[5].body.body[6].consequent.body[2].expression.argument MemberExpression: enter
2025-06-05T08:42:12.377Z babel program.body[6].body.body[5].body.body[6].consequent.body[2].expression.argument MemberExpression: Recursing into...
2025-06-05T08:42:12.377Z babel program.body[6].body.body[5].body.body[6].consequent.body[2].expression.argument.object MemberExpression: enter
2025-06-05T08:42:12.377Z babel program.body[6].body.body[5].body.body[6].consequent.body[2].expression.argument.object MemberExpression: Recursing into...
2025-06-05T08:42:12.377Z babel program.body[6].body.body[5].body.body[6].consequent.body[2].expression.argument.object.object CallExpression: enter
2025-06-05T08:42:12.377Z babel program.body[6].body.body[5].body.body[6].consequent.body[2].expression.argument.object.object CallExpression: Recursing into...
2025-06-05T08:42:12.377Z babel program.body[6].body.body[5].body.body[6].consequent.body[2].expression.argument.object.object CallExpression: exit
2025-06-05T08:42:12.377Z babel program.body[6].body.body[5].body.body[6].consequent.body[2].expression.argument.object MemberExpression: exit
2025-06-05T08:42:12.377Z babel program.body[6].body.body[5].body.body[6].consequent.body[2].expression.argument MemberExpression: exit
2025-06-05T08:42:12.377Z babel program.body[6].body.body[5].body.body[6].consequent.body[2].expression UpdateExpression: exit
2025-06-05T08:42:12.377Z babel program.body[6].body.body[5].body.body[6].consequent.body[2] ExpressionStatement: exit
2025-06-05T08:42:12.377Z babel program.body[6].body.body[5].body.body[6].consequent BlockStatement: exit
2025-06-05T08:42:12.377Z babel program.body[6].body.body[5].body.body[6].alternate BlockStatement: enter
2025-06-05T08:42:12.377Z babel program.body[6].body.body[5].body.body[6].alternate BlockStatement: Recursing into...
2025-06-05T08:42:12.377Z babel program.body[6].body.body[5].body.body[6].alternate.body[0] ExpressionStatement: enter
2025-06-05T08:42:12.378Z babel program.body[6].body.body[5].body.body[6].alternate.body[0] ExpressionStatement: Recursing into...
2025-06-05T08:42:12.378Z babel program.body[6].body.body[5].body.body[6].alternate.body[0].expression UpdateExpression: enter
2025-06-05T08:42:12.378Z babel program.body[6].body.body[5].body.body[6].alternate.body[0].expression UpdateExpression: Recursing into...
2025-06-05T08:42:12.378Z babel program.body[6].body.body[5].body.body[6].alternate.body[0].expression.argument MemberExpression: enter
2025-06-05T08:42:12.378Z babel program.body[6].body.body[5].body.body[6].alternate.body[0].expression.argument MemberExpression: Recursing into...
2025-06-05T08:42:12.378Z babel program.body[6].body.body[5].body.body[6].alternate.body[0].expression.argument.object MemberExpression: enter
2025-06-05T08:42:12.378Z babel program.body[6].body.body[5].body.body[6].alternate.body[0].expression.argument.object MemberExpression: Recursing into...
2025-06-05T08:42:12.378Z babel program.body[6].body.body[5].body.body[6].alternate.body[0].expression.argument.object.object MemberExpression: enter
2025-06-05T08:42:12.378Z babel program.body[6].body.body[5].body.body[6].alternate.body[0].expression.argument.object.object MemberExpression: Recursing into...
2025-06-05T08:42:12.378Z babel program.body[6].body.body[5].body.body[6].alternate.body[0].expression.argument.object.object.object CallExpression: enter
2025-06-05T08:42:12.378Z babel program.body[6].body.body[5].body.body[6].alternate.body[0].expression.argument.object.object.object CallExpression: Recursing into...
2025-06-05T08:42:12.378Z babel program.body[6].body.body[5].body.body[6].alternate.body[0].expression.argument.object.object.object CallExpression: exit
2025-06-05T08:42:12.378Z babel program.body[6].body.body[5].body.body[6].alternate.body[0].expression.argument.object.object MemberExpression: exit
2025-06-05T08:42:12.378Z babel program.body[6].body.body[5].body.body[6].alternate.body[0].expression.argument.object MemberExpression: exit
2025-06-05T08:42:12.378Z babel program.body[6].body.body[5].body.body[6].alternate.body[0].expression.argument MemberExpression: exit
2025-06-05T08:42:12.378Z babel program.body[6].body.body[5].body.body[6].alternate.body[0].expression UpdateExpression: exit
2025-06-05T08:42:12.378Z babel program.body[6].body.body[5].body.body[6].alternate.body[0] ExpressionStatement: exit
2025-06-05T08:42:12.378Z babel program.body[6].body.body[5].body.body[6].alternate BlockStatement: exit
2025-06-05T08:42:12.378Z babel program.body[6].body.body[5].body.body[6] IfStatement: exit
2025-06-05T08:42:12.378Z babel program.body[6].body.body[5].body.body[7] ReturnStatement: enter
2025-06-05T08:42:12.378Z babel program.body[6].body.body[5].body.body[7] ExpressionStatement: Inserted.
2025-06-05T08:42:12.378Z babel program.body[6].body.body[5].body.body[8] ReturnStatement: Recursing into...
2025-06-05T08:42:12.378Z babel program.body[6].body.body[5].body.body[8] ReturnStatement: exit
2025-06-05T08:42:12.378Z babel program.body[6].body.body[5].body.body[1] ExpressionStatement: enter
2025-06-05T08:42:12.378Z babel program.body[6].body.body[5].body.body[1] ExpressionStatement: Recursing into...
2025-06-05T08:42:12.378Z babel program.body[6].body.body[5].body.body[1].expression UpdateExpression: enter
2025-06-05T08:42:12.378Z babel program.body[6].body.body[5].body.body[1].expression UpdateExpression: Recursing into...
2025-06-05T08:42:12.378Z babel program.body[6].body.body[5].body.body[1].expression.argument MemberExpression: enter
2025-06-05T08:42:12.378Z babel program.body[6].body.body[5].body.body[1].expression.argument MemberExpression: Recursing into...
2025-06-05T08:42:12.378Z babel program.body[6].body.body[5].body.body[1].expression.argument.object MemberExpression: enter
2025-06-05T08:42:12.378Z babel program.body[6].body.body[5].body.body[1].expression.argument.object MemberExpression: Recursing into...
2025-06-05T08:42:12.378Z babel program.body[6].body.body[5].body.body[1].expression.argument.object.object CallExpression: enter
2025-06-05T08:42:12.378Z babel program.body[6].body.body[5].body.body[1].expression.argument.object.object CallExpression: Recursing into...
2025-06-05T08:42:12.378Z babel program.body[6].body.body[5].body.body[1].expression.argument.object.object CallExpression: exit
2025-06-05T08:42:12.378Z babel program.body[6].body.body[5].body.body[1].expression.argument.object MemberExpression: exit
2025-06-05T08:42:12.378Z babel program.body[6].body.body[5].body.body[1].expression.argument MemberExpression: exit
2025-06-05T08:42:12.378Z babel program.body[6].body.body[5].body.body[1].expression UpdateExpression: exit
2025-06-05T08:42:12.378Z babel program.body[6].body.body[5].body.body[1] ExpressionStatement: exit
2025-06-05T08:42:12.378Z babel program.body[6].body.body[5].body.body[3] ExpressionStatement: enter
2025-06-05T08:42:12.378Z babel program.body[6].body.body[5].body.body[3] ExpressionStatement: Recursing into...
2025-06-05T08:42:12.378Z babel program.body[6].body.body[5].body.body[3].expression UpdateExpression: enter
2025-06-05T08:42:12.378Z babel program.body[6].body.body[5].body.body[3].expression UpdateExpression: Recursing into...
2025-06-05T08:42:12.378Z babel program.body[6].body.body[5].body.body[3].expression.argument MemberExpression: enter
2025-06-05T08:42:12.378Z babel program.body[6].body.body[5].body.body[3].expression.argument MemberExpression: Recursing into...
2025-06-05T08:42:12.378Z babel program.body[6].body.body[5].body.body[3].expression.argument.object MemberExpression: enter
2025-06-05T08:42:12.378Z babel program.body[6].body.body[5].body.body[3].expression.argument.object MemberExpression: Recursing into...
2025-06-05T08:42:12.378Z babel program.body[6].body.body[5].body.body[3].expression.argument.object.object CallExpression: enter
2025-06-05T08:42:12.378Z babel program.body[6].body.body[5].body.body[3].expression.argument.object.object CallExpression: Recursing into...
2025-06-05T08:42:12.378Z babel program.body[6].body.body[5].body.body[3].expression.argument.object.object CallExpression: exit
2025-06-05T08:42:12.378Z babel program.body[6].body.body[5].body.body[3].expression.argument.object MemberExpression: exit
2025-06-05T08:42:12.378Z babel program.body[6].body.body[5].body.body[3].expression.argument MemberExpression: exit
2025-06-05T08:42:12.378Z babel program.body[6].body.body[5].body.body[3].expression UpdateExpression: exit
2025-06-05T08:42:12.378Z babel program.body[6].body.body[5].body.body[3] ExpressionStatement: exit
2025-06-05T08:42:12.378Z babel program.body[6].body.body[5].body.body[5] ExpressionStatement: enter
2025-06-05T08:42:12.378Z babel program.body[6].body.body[5].body.body[5] ExpressionStatement: Recursing into...
2025-06-05T08:42:12.378Z babel program.body[6].body.body[5].body.body[5].expression UpdateExpression: enter
2025-06-05T08:42:12.378Z babel program.body[6].body.body[5].body.body[5].expression UpdateExpression: Recursing into...
2025-06-05T08:42:12.378Z babel program.body[6].body.body[5].body.body[5].expression.argument MemberExpression: enter
2025-06-05T08:42:12.378Z babel program.body[6].body.body[5].body.body[5].expression.argument MemberExpression: Recursing into...
2025-06-05T08:42:12.378Z babel program.body[6].body.body[5].body.body[5].expression.argument.object MemberExpression: enter
2025-06-05T08:42:12.378Z babel program.body[6].body.body[5].body.body[5].expression.argument.object MemberExpression: Recursing into...
2025-06-05T08:42:12.378Z babel program.body[6].body.body[5].body.body[5].expression.argument.object.object CallExpression: enter
2025-06-05T08:42:12.378Z babel program.body[6].body.body[5].body.body[5].expression.argument.object.object CallExpression: Recursing into...
2025-06-05T08:42:12.378Z babel program.body[6].body.body[5].body.body[5].expression.argument.object.object CallExpression: exit
2025-06-05T08:42:12.378Z babel program.body[6].body.body[5].body.body[5].expression.argument.object MemberExpression: exit
2025-06-05T08:42:12.378Z babel program.body[6].body.body[5].body.body[5].expression.argument MemberExpression: exit
2025-06-05T08:42:12.378Z babel program.body[6].body.body[5].body.body[5].expression UpdateExpression: exit
2025-06-05T08:42:12.378Z babel program.body[6].body.body[5].body.body[5] ExpressionStatement: exit
2025-06-05T08:42:12.378Z babel program.body[6].body.body[5].body.body[7] ExpressionStatement: enter
2025-06-05T08:42:12.378Z babel program.body[6].body.body[5].body.body[7] ExpressionStatement: Recursing into...
2025-06-05T08:42:12.378Z babel program.body[6].body.body[5].body.body[7].expression UpdateExpression: enter
2025-06-05T08:42:12.378Z babel program.body[6].body.body[5].body.body[7].expression UpdateExpression: Recursing into...
2025-06-05T08:42:12.378Z babel program.body[6].body.body[5].body.body[7].expression.argument MemberExpression: enter
2025-06-05T08:42:12.378Z babel program.body[6].body.body[5].body.body[7].expression.argument MemberExpression: Recursing into...
2025-06-05T08:42:12.378Z babel program.body[6].body.body[5].body.body[7].expression.argument.object MemberExpression: enter
2025-06-05T08:42:12.378Z babel program.body[6].body.body[5].body.body[7].expression.argument.object MemberExpression: Recursing into...
2025-06-05T08:42:12.378Z babel program.body[6].body.body[5].body.body[7].expression.argument.object.object CallExpression: enter
2025-06-05T08:42:12.378Z babel program.body[6].body.body[5].body.body[7].expression.argument.object.object CallExpression: Recursing into...
2025-06-05T08:42:12.378Z babel program.body[6].body.body[5].body.body[7].expression.argument.object.object CallExpression: exit
2025-06-05T08:42:12.378Z babel program.body[6].body.body[5].body.body[7].expression.argument.object MemberExpression: exit
2025-06-05T08:42:12.378Z babel program.body[6].body.body[5].body.body[7].expression.argument MemberExpression: exit
2025-06-05T08:42:12.378Z babel program.body[6].body.body[5].body.body[7].expression UpdateExpression: exit
2025-06-05T08:42:12.378Z babel program.body[6].body.body[5].body.body[7] ExpressionStatement: exit
2025-06-05T08:42:12.378Z babel program.body[6].body.body[5].body BlockStatement: exit
2025-06-05T08:42:12.378Z babel program.body[6].body.body[5] ClassMethod: exit
2025-06-05T08:42:12.378Z babel program.body[6].body ClassBody: exit
2025-06-05T08:42:12.378Z babel program.body[6] ClassDeclaration: exit
2025-06-05T08:42:12.379Z babel program.body[7] ExpressionStatement: enter
2025-06-05T08:42:12.379Z babel program.body[7] ExpressionStatement: Inserted.
2025-06-05T08:42:12.379Z babel program.body[8] ExpressionStatement: Recursing into...
2025-06-05T08:42:12.379Z babel program.body[8].expression AssignmentExpression: enter
2025-06-05T08:42:12.379Z babel program.body[8].expression AssignmentExpression: Recursing into...
2025-06-05T08:42:12.379Z babel program.body[8].expression.left MemberExpression: enter
2025-06-05T08:42:12.379Z babel program.body[8].expression.left MemberExpression: Recursing into...
2025-06-05T08:42:12.379Z babel program.body[8].expression.left MemberExpression: exit
2025-06-05T08:42:12.379Z babel program.body[8].expression AssignmentExpression: exit
2025-06-05T08:42:12.379Z babel program.body[8] ExpressionStatement: exit
2025-06-05T08:42:12.379Z babel program.body[9] ExpressionStatement: enter
2025-06-05T08:42:12.379Z babel program.body[9] ExpressionStatement: Inserted.
2025-06-05T08:42:12.379Z babel program.body[10] ExpressionStatement: Recursing into...
2025-06-05T08:42:12.379Z babel program.body[10].expression AssignmentExpression: enter
2025-06-05T08:42:12.379Z babel program.body[10].expression AssignmentExpression: Recursing into...
2025-06-05T08:42:12.379Z babel program.body[10].expression.left MemberExpression: enter
2025-06-05T08:42:12.379Z babel program.body[10].expression.left MemberExpression: Recursing into...
2025-06-05T08:42:12.379Z babel program.body[10].expression.left MemberExpression: exit
2025-06-05T08:42:12.379Z babel program.body[10].expression AssignmentExpression: exit
2025-06-05T08:42:12.379Z babel program.body[10] ExpressionStatement: exit
2025-06-05T08:42:12.379Z babel program.body[1] ExpressionStatement: enter
2025-06-05T08:42:12.379Z babel program.body[1] ExpressionStatement: Recursing into...
2025-06-05T08:42:12.379Z babel program.body[1].expression UpdateExpression: enter
2025-06-05T08:42:12.379Z babel program.body[1].expression UpdateExpression: Recursing into...
2025-06-05T08:42:12.379Z babel program.body[1].expression.argument MemberExpression: enter
2025-06-05T08:42:12.379Z babel program.body[1].expression.argument MemberExpression: Recursing into...
2025-06-05T08:42:12.379Z babel program.body[1].expression.argument.object MemberExpression: enter
2025-06-05T08:42:12.379Z babel program.body[1].expression.argument.object MemberExpression: Recursing into...
2025-06-05T08:42:12.379Z babel program.body[1].expression.argument.object.object CallExpression: enter
2025-06-05T08:42:12.379Z babel program.body[1].expression.argument.object.object CallExpression: Recursing into...
2025-06-05T08:42:12.379Z babel program.body[1].expression.argument.object.object CallExpression: exit
2025-06-05T08:42:12.379Z babel program.body[1].expression.argument.object MemberExpression: exit
2025-06-05T08:42:12.379Z babel program.body[1].expression.argument MemberExpression: exit
2025-06-05T08:42:12.379Z babel program.body[1].expression UpdateExpression: exit
2025-06-05T08:42:12.379Z babel program.body[1] ExpressionStatement: exit
2025-06-05T08:42:12.379Z babel program.body[3] ExpressionStatement: enter
2025-06-05T08:42:12.379Z babel program.body[3] ExpressionStatement: Recursing into...
2025-06-05T08:42:12.379Z babel program.body[3].expression UpdateExpression: enter
2025-06-05T08:42:12.379Z babel program.body[3].expression UpdateExpression: Recursing into...
2025-06-05T08:42:12.379Z babel program.body[3].expression.argument MemberExpression: enter
2025-06-05T08:42:12.379Z babel program.body[3].expression.argument MemberExpression: Recursing into...
2025-06-05T08:42:12.379Z babel program.body[3].expression.argument.object MemberExpression: enter
2025-06-05T08:42:12.379Z babel program.body[3].expression.argument.object MemberExpression: Recursing into...
2025-06-05T08:42:12.379Z babel program.body[3].expression.argument.object.object CallExpression: enter
2025-06-05T08:42:12.379Z babel program.body[3].expression.argument.object.object CallExpression: Recursing into...
2025-06-05T08:42:12.379Z babel program.body[3].expression.argument.object.object CallExpression: exit
2025-06-05T08:42:12.379Z babel program.body[3].expression.argument.object MemberExpression: exit
2025-06-05T08:42:12.379Z babel program.body[3].expression.argument MemberExpression: exit
2025-06-05T08:42:12.379Z babel program.body[3].expression UpdateExpression: exit
2025-06-05T08:42:12.379Z babel program.body[3] ExpressionStatement: exit
2025-06-05T08:42:12.379Z babel program.body[7] ExpressionStatement: enter
2025-06-05T08:42:12.379Z babel program.body[7] ExpressionStatement: Recursing into...
2025-06-05T08:42:12.379Z babel program.body[7].expression UpdateExpression: enter
2025-06-05T08:42:12.379Z babel program.body[7].expression UpdateExpression: Recursing into...
2025-06-05T08:42:12.379Z babel program.body[7].expression.argument MemberExpression: enter
2025-06-05T08:42:12.379Z babel program.body[7].expression.argument MemberExpression: Recursing into...
2025-06-05T08:42:12.379Z babel program.body[7].expression.argument.object MemberExpression: enter
2025-06-05T08:42:12.379Z babel program.body[7].expression.argument.object MemberExpression: Recursing into...
2025-06-05T08:42:12.379Z babel program.body[7].expression.argument.object.object CallExpression: enter
2025-06-05T08:42:12.379Z babel program.body[7].expression.argument.object.object CallExpression: Recursing into...
2025-06-05T08:42:12.379Z babel program.body[7].expression.argument.object.object CallExpression: exit
2025-06-05T08:42:12.379Z babel program.body[7].expression.argument.object MemberExpression: exit
2025-06-05T08:42:12.379Z babel program.body[7].expression.argument MemberExpression: exit
2025-06-05T08:42:12.379Z babel program.body[7].expression UpdateExpression: exit
2025-06-05T08:42:12.379Z babel program.body[7] ExpressionStatement: exit
2025-06-05T08:42:12.379Z babel program.body[9] ExpressionStatement: enter
2025-06-05T08:42:12.379Z babel program.body[9] ExpressionStatement: Recursing into...
2025-06-05T08:42:12.379Z babel program.body[9].expression UpdateExpression: enter
2025-06-05T08:42:12.379Z babel program.body[9].expression UpdateExpression: Recursing into...
2025-06-05T08:42:12.379Z babel program.body[9].expression.argument MemberExpression: enter
2025-06-05T08:42:12.379Z babel program.body[9].expression.argument MemberExpression: Recursing into...
2025-06-05T08:42:12.379Z babel program.body[9].expression.argument.object MemberExpression: enter
2025-06-05T08:42:12.379Z babel program.body[9].expression.argument.object MemberExpression: Recursing into...
2025-06-05T08:42:12.379Z babel program.body[9].expression.argument.object.object CallExpression: enter
2025-06-05T08:42:12.379Z babel program.body[9].expression.argument.object.object CallExpression: Recursing into...
2025-06-05T08:42:12.379Z babel program.body[9].expression.argument.object.object CallExpression: exit
2025-06-05T08:42:12.379Z babel program.body[9].expression.argument.object MemberExpression: exit
2025-06-05T08:42:12.379Z babel program.body[9].expression.argument MemberExpression: exit
2025-06-05T08:42:12.379Z babel program.body[9].expression UpdateExpression: exit
2025-06-05T08:42:12.379Z babel program.body[9] ExpressionStatement: exit
2025-06-05T08:42:12.379Z babel program Program: Recursing into...
2025-06-05T08:42:12.379Z babel program.directives[0] Directive: enter
2025-06-05T08:42:12.379Z babel program.directives[0] Directive: Recursing into...
2025-06-05T08:42:12.379Z babel program.directives[0] Directive: exit
2025-06-05T08:42:12.379Z babel program.body[0] VariableDeclaration: enter
2025-06-05T08:42:12.379Z babel program.body[0] VariableDeclaration: Recursing into...
2025-06-05T08:42:12.379Z babel program.body[0].declarations[0] VariableDeclarator: enter
2025-06-05T08:42:12.379Z babel program.body[0].declarations[0] VariableDeclarator: Recursing into...
2025-06-05T08:42:12.379Z babel program.body[0].declarations[0].init SequenceExpression: enter
2025-06-05T08:42:12.379Z babel program.body[0].declarations[0].init SequenceExpression: Recursing into...
2025-06-05T08:42:12.379Z babel program.body[0].declarations[0].init.expressions[0] UpdateExpression: enter
2025-06-05T08:42:12.379Z babel program.body[0].declarations[0].init.expressions[0] UpdateExpression: Recursing into...
2025-06-05T08:42:12.379Z babel program.body[0].declarations[0].init.expressions[0].argument MemberExpression: enter
2025-06-05T08:42:12.379Z babel program.body[0].declarations[0].init.expressions[0].argument MemberExpression: Recursing into...
2025-06-05T08:42:12.379Z babel program.body[0].declarations[0].init.expressions[0].argument.object MemberExpression: enter
2025-06-05T08:42:12.379Z babel program.body[0].declarations[0].init.expressions[0].argument.object MemberExpression: Recursing into...
2025-06-05T08:42:12.379Z babel program.body[0].declarations[0].init.expressions[0].argument.object.object CallExpression: enter
2025-06-05T08:42:12.379Z babel program.body[0].declarations[0].init.expressions[0].argument.object.object CallExpression: Recursing into...
2025-06-05T08:42:12.379Z babel program.body[0].declarations[0].init.expressions[0].argument.object.object CallExpression: exit
2025-06-05T08:42:12.379Z babel program.body[0].declarations[0].init.expressions[0].argument.object MemberExpression: exit
2025-06-05T08:42:12.379Z babel program.body[0].declarations[0].init.expressions[0].argument MemberExpression: exit
2025-06-05T08:42:12.379Z babel program.body[0].declarations[0].init.expressions[0] UpdateExpression: exit
2025-06-05T08:42:12.379Z babel program.body[0].declarations[0].init.expressions[1] LogicalExpression: enter
2025-06-05T08:42:12.379Z babel program.body[0].declarations[0].init.expressions[1] LogicalExpression: Recursing into...
2025-06-05T08:42:12.379Z babel program.body[0].declarations[0].init.expressions[1].left LogicalExpression: enter
2025-06-05T08:42:12.379Z babel program.body[0].declarations[0].init.expressions[1].left LogicalExpression: Recursing into...
2025-06-05T08:42:12.379Z babel program.body[0].declarations[0].init.expressions[1].left.left SequenceExpression: enter
2025-06-05T08:42:12.379Z babel program.body[0].declarations[0].init.expressions[1].left.left SequenceExpression: Recursing into...
2025-06-05T08:42:12.379Z babel program.body[0].declarations[0].init.expressions[1].left.left.expressions[0] UpdateExpression: enter
2025-06-05T08:42:12.379Z babel program.body[0].declarations[0].init.expressions[1].left.left.expressions[0] UpdateExpression: Recursing into...
2025-06-05T08:42:12.379Z babel program.body[0].declarations[0].init.expressions[1].left.left.expressions[0].argument MemberExpression: enter
2025-06-05T08:42:12.379Z babel program.body[0].declarations[0].init.expressions[1].left.left.expressions[0].argument MemberExpression: Recursing into...
2025-06-05T08:42:12.379Z babel program.body[0].declarations[0].init.expressions[1].left.left.expressions[0].argument.object MemberExpression: enter
2025-06-05T08:42:12.379Z babel program.body[0].declarations[0].init.expressions[1].left.left.expressions[0].argument.object MemberExpression: Recursing into...
2025-06-05T08:42:12.380Z babel program.body[0].declarations[0].init.expressions[1].left.left.expressions[0].argument.object.object MemberExpression: enter
2025-06-05T08:42:12.380Z babel program.body[0].declarations[0].init.expressions[1].left.left.expressions[0].argument.object.object MemberExpression: Recursing into...
2025-06-05T08:42:12.380Z babel program.body[0].declarations[0].init.expressions[1].left.left.expressions[0].argument.object.object.object CallExpression: enter
2025-06-05T08:42:12.380Z babel program.body[0].declarations[0].init.expressions[1].left.left.expressions[0].argument.object.object.object CallExpression: Recursing into...
2025-06-05T08:42:12.380Z babel program.body[0].declarations[0].init.expressions[1].left.left.expressions[0].argument.object.object.object CallExpression: exit
2025-06-05T08:42:12.380Z babel program.body[0].declarations[0].init.expressions[1].left.left.expressions[0].argument.object.object MemberExpression: exit
2025-06-05T08:42:12.380Z babel program.body[0].declarations[0].init.expressions[1].left.left.expressions[0].argument.object MemberExpression: exit
2025-06-05T08:42:12.380Z babel program.body[0].declarations[0].init.expressions[1].left.left.expressions[0].argument MemberExpression: exit
2025-06-05T08:42:12.380Z babel program.body[0].declarations[0].init.expressions[1].left.left.expressions[0] UpdateExpression: exit
2025-06-05T08:42:12.380Z babel program.body[0].declarations[0].init.expressions[1].left.left SequenceExpression: exit
2025-06-05T08:42:12.380Z babel program.body[0].declarations[0].init.expressions[1].left.right SequenceExpression: enter
2025-06-05T08:42:12.380Z babel program.body[0].declarations[0].init.expressions[1].left.right SequenceExpression: Recursing into...
2025-06-05T08:42:12.380Z babel program.body[0].declarations[0].init.expressions[1].left.right.expressions[0] UpdateExpression: enter
2025-06-05T08:42:12.380Z babel program.body[0].declarations[0].init.expressions[1].left.right.expressions[0] UpdateExpression: Recursing into...
2025-06-05T08:42:12.380Z babel program.body[0].declarations[0].init.expressions[1].left.right.expressions[0].argument MemberExpression: enter
2025-06-05T08:42:12.380Z babel program.body[0].declarations[0].init.expressions[1].left.right.expressions[0].argument MemberExpression: Recursing into...
2025-06-05T08:42:12.380Z babel program.body[0].declarations[0].init.expressions[1].left.right.expressions[0].argument.object MemberExpression: enter
2025-06-05T08:42:12.380Z babel program.body[0].declarations[0].init.expressions[1].left.right.expressions[0].argument.object MemberExpression: Recursing into...
2025-06-05T08:42:12.380Z babel program.body[0].declarations[0].init.expressions[1].left.right.expressions[0].argument.object.object MemberExpression: enter
2025-06-05T08:42:12.380Z babel program.body[0].declarations[0].init.expressions[1].left.right.expressions[0].argument.object.object MemberExpression: Recursing into...
2025-06-05T08:42:12.380Z babel program.body[0].declarations[0].init.expressions[1].left.right.expressions[0].argument.object.object.object CallExpression: enter
2025-06-05T08:42:12.380Z babel program.body[0].declarations[0].init.expressions[1].left.right.expressions[0].argument.object.object.object CallExpression: Recursing into...
2025-06-05T08:42:12.380Z babel program.body[0].declarations[0].init.expressions[1].left.right.expressions[0].argument.object.object.object CallExpression: exit
2025-06-05T08:42:12.380Z babel program.body[0].declarations[0].init.expressions[1].left.right.expressions[0].argument.object.object MemberExpression: exit
2025-06-05T08:42:12.380Z babel program.body[0].declarations[0].init.expressions[1].left.right.expressions[0].argument.object MemberExpression: exit
2025-06-05T08:42:12.380Z babel program.body[0].declarations[0].init.expressions[1].left.right.expressions[0].argument MemberExpression: exit
2025-06-05T08:42:12.380Z babel program.body[0].declarations[0].init.expressions[1].left.right.expressions[0] UpdateExpression: exit
2025-06-05T08:42:12.380Z babel program.body[0].declarations[0].init.expressions[1].left.right.expressions[1] MemberExpression: enter
2025-06-05T08:42:12.380Z babel program.body[0].declarations[0].init.expressions[1].left.right.expressions[1] MemberExpression: Recursing into...
2025-06-05T08:42:12.380Z babel program.body[0].declarations[0].init.expressions[1].left.right.expressions[1] MemberExpression: exit
2025-06-05T08:42:12.380Z babel program.body[0].declarations[0].init.expressions[1].left.right SequenceExpression: exit
2025-06-05T08:42:12.380Z babel program.body[0].declarations[0].init.expressions[1].left LogicalExpression: exit
2025-06-05T08:42:12.380Z babel program.body[0].declarations[0].init.expressions[1].right SequenceExpression: enter
2025-06-05T08:42:12.380Z babel program.body[0].declarations[0].init.expressions[1].right SequenceExpression: Recursing into...
2025-06-05T08:42:12.380Z babel program.body[0].declarations[0].init.expressions[1].right.expressions[0] UpdateExpression: enter
2025-06-05T08:42:12.380Z babel program.body[0].declarations[0].init.expressions[1].right.expressions[0] UpdateExpression: Recursing into...
2025-06-05T08:42:12.380Z babel program.body[0].declarations[0].init.expressions[1].right.expressions[0].argument MemberExpression: enter
2025-06-05T08:42:12.380Z babel program.body[0].declarations[0].init.expressions[1].right.expressions[0].argument MemberExpression: Recursing into...
2025-06-05T08:42:12.380Z babel program.body[0].declarations[0].init.expressions[1].right.expressions[0].argument.object MemberExpression: enter
2025-06-05T08:42:12.380Z babel program.body[0].declarations[0].init.expressions[1].right.expressions[0].argument.object MemberExpression: Recursing into...
2025-06-05T08:42:12.380Z babel program.body[0].declarations[0].init.expressions[1].right.expressions[0].argument.object.object MemberExpression: enter
2025-06-05T08:42:12.380Z babel program.body[0].declarations[0].init.expressions[1].right.expressions[0].argument.object.object MemberExpression: Recursing into...
2025-06-05T08:42:12.380Z babel program.body[0].declarations[0].init.expressions[1].right.expressions[0].argument.object.object.object CallExpression: enter
2025-06-05T08:42:12.380Z babel program.body[0].declarations[0].init.expressions[1].right.expressions[0].argument.object.object.object CallExpression: Recursing into...
2025-06-05T08:42:12.380Z babel program.body[0].declarations[0].init.expressions[1].right.expressions[0].argument.object.object.object CallExpression: exit
2025-06-05T08:42:12.380Z babel program.body[0].declarations[0].init.expressions[1].right.expressions[0].argument.object.object MemberExpression: exit
2025-06-05T08:42:12.380Z babel program.body[0].declarations[0].init.expressions[1].right.expressions[0].argument.object MemberExpression: exit
2025-06-05T08:42:12.380Z babel program.body[0].declarations[0].init.expressions[1].right.expressions[0].argument MemberExpression: exit
2025-06-05T08:42:12.380Z babel program.body[0].declarations[0].init.expressions[1].right.expressions[0] UpdateExpression: exit
2025-06-05T08:42:12.380Z babel program.body[0].declarations[0].init.expressions[1].right.expressions[1] FunctionExpression: enter
2025-06-05T08:42:12.380Z babel program.body[0].declarations[0].init.expressions[1].right.expressions[1] FunctionExpression: Recursing into...
2025-06-05T08:42:12.380Z babel program.body[0].declarations[0].init.expressions[1].right.expressions[1].body BlockStatement: enter
2025-06-05T08:42:12.380Z babel program.body[0].declarations[0].init.expressions[1].right.expressions[1].body BlockStatement: Recursing into...
2025-06-05T08:42:12.380Z babel program.body[0].declarations[0].init.expressions[1].right.expressions[1].body.body[0] ExpressionStatement: enter
2025-06-05T08:42:12.380Z babel program.body[0].declarations[0].init.expressions[1].right.expressions[1].body.body[0] ExpressionStatement: Recursing into...
2025-06-05T08:42:12.380Z babel program.body[0].declarations[0].init.expressions[1].right.expressions[1].body.body[0].expression UpdateExpression: enter
2025-06-05T08:42:12.380Z babel program.body[0].declarations[0].init.expressions[1].right.expressions[1].body.body[0].expression UpdateExpression: Recursing into...
2025-06-05T08:42:12.380Z babel program.body[0].declarations[0].init.expressions[1].right.expressions[1].body.body[0].expression.argument MemberExpression: enter
2025-06-05T08:42:12.380Z babel program.body[0].declarations[0].init.expressions[1].right.expressions[1].body.body[0].expression.argument MemberExpression: Recursing into...
2025-06-05T08:42:12.380Z babel program.body[0].declarations[0].init.expressions[1].right.expressions[1].body.body[0].expression.argument.object MemberExpression: enter
2025-06-05T08:42:12.380Z babel program.body[0].declarations[0].init.expressions[1].right.expressions[1].body.body[0].expression.argument.object MemberExpression: Recursing into...
2025-06-05T08:42:12.380Z babel program.body[0].declarations[0].init.expressions[1].right.expressions[1].body.body[0].expression.argument.object.object CallExpression: enter
2025-06-05T08:42:12.380Z babel program.body[0].declarations[0].init.expressions[1].right.expressions[1].body.body[0].expression.argument.object.object CallExpression: Recursing into...
2025-06-05T08:42:12.380Z babel program.body[0].declarations[0].init.expressions[1].right.expressions[1].body.body[0].expression.argument.object.object CallExpression: exit
2025-06-05T08:42:12.380Z babel program.body[0].declarations[0].init.expressions[1].right.expressions[1].body.body[0].expression.argument.object MemberExpression: exit
2025-06-05T08:42:12.380Z babel program.body[0].declarations[0].init.expressions[1].right.expressions[1].body.body[0].expression.argument MemberExpression: exit
2025-06-05T08:42:12.380Z babel program.body[0].declarations[0].init.expressions[1].right.expressions[1].body.body[0].expression UpdateExpression: exit
2025-06-05T08:42:12.380Z babel program.body[0].declarations[0].init.expressions[1].right.expressions[1].body.body[0] ExpressionStatement: exit
2025-06-05T08:42:12.380Z babel program.body[0].declarations[0].init.expressions[1].right.expressions[1].body.body[1] FunctionDeclaration: enter
2025-06-05T08:42:12.380Z babel program.body[0].declarations[0].init.expressions[1].right.expressions[1].body.body[1] FunctionDeclaration: Recursing into...
2025-06-05T08:42:12.380Z babel program.body[0].declarations[0].init.expressions[1].right.expressions[1].body.body[1].body BlockStatement: enter
2025-06-05T08:42:12.380Z babel program.body[0].declarations[0].init.expressions[1].right.expressions[1].body.body[1].body BlockStatement: Recursing into...
2025-06-05T08:42:12.380Z babel program.body[0].declarations[0].init.expressions[1].right.expressions[1].body.body[1].body.body[0] ExpressionStatement: enter
2025-06-05T08:42:12.380Z babel program.body[0].declarations[0].init.expressions[1].right.expressions[1].body.body[1].body.body[0] ExpressionStatement: Recursing into...
2025-06-05T08:42:12.380Z babel program.body[0].declarations[0].init.expressions[1].right.expressions[1].body.body[1].body.body[0].expression UpdateExpression: enter
2025-06-05T08:42:12.380Z babel program.body[0].declarations[0].init.expressions[1].right.expressions[1].body.body[1].body.body[0].expression UpdateExpression: Recursing into...
2025-06-05T08:42:12.380Z babel program.body[0].declarations[0].init.expressions[1].right.expressions[1].body.body[1].body.body[0].expression.argument MemberExpression: enter
2025-06-05T08:42:12.380Z babel program.body[0].declarations[0].init.expressions[1].right.expressions[1].body.body[1].body.body[0].expression.argument MemberExpression: Recursing into...
2025-06-05T08:42:12.380Z babel program.body[0].declarations[0].init.expressions[1].right.expressions[1].body.body[1].body.body[0].expression.argument.object MemberExpression: enter
2025-06-05T08:42:12.380Z babel program.body[0].declarations[0].init.expressions[1].right.expressions[1].body.body[1].body.body[0].expression.argument.object MemberExpression: Recursing into...
2025-06-05T08:42:12.380Z babel program.body[0].declarations[0].init.expressions[1].right.expressions[1].body.body[1].body.body[0].expression.argument.object.object CallExpression: enter
2025-06-05T08:42:12.380Z babel program.body[0].declarations[0].init.expressions[1].right.expressions[1].body.body[1].body.body[0].expression.argument.object.object CallExpression: Recursing into...
2025-06-05T08:42:12.380Z babel program.body[0].declarations[0].init.expressions[1].right.expressions[1].body.body[1].body.body[0].expression.argument.object.object CallExpression: exit
2025-06-05T08:42:12.380Z babel program.body[0].declarations[0].init.expressions[1].right.expressions[1].body.body[1].body.body[0].expression.argument.object MemberExpression: exit
2025-06-05T08:42:12.380Z babel program.body[0].declarations[0].init.expressions[1].right.expressions[1].body.body[1].body.body[0].expression.argument MemberExpression: exit
2025-06-05T08:42:12.380Z babel program.body[0].declarations[0].init.expressions[1].right.expressions[1].body.body[1].body.body[0].expression UpdateExpression: exit
2025-06-05T08:42:12.380Z babel program.body[0].declarations[0].init.expressions[1].right.expressions[1].body.body[1].body.body[0] ExpressionStatement: exit
2025-06-05T08:42:12.380Z babel program.body[0].declarations[0].init.expressions[1].right.expressions[1].body.body[1].body.body[1] ExpressionStatement: enter
2025-06-05T08:42:12.380Z babel program.body[0].declarations[0].init.expressions[1].right.expressions[1].body.body[1].body.body[1] ExpressionStatement: Recursing into...
2025-06-05T08:42:12.380Z babel program.body[0].declarations[0].init.expressions[1].right.expressions[1].body.body[1].body.body[1].expression UpdateExpression: enter
2025-06-05T08:42:12.380Z babel program.body[0].declarations[0].init.expressions[1].right.expressions[1].body.body[1].body.body[1].expression UpdateExpression: Recursing into...
2025-06-05T08:42:12.380Z babel program.body[0].declarations[0].init.expressions[1].right.expressions[1].body.body[1].body.body[1].expression.argument MemberExpression: enter
2025-06-05T08:42:12.380Z babel program.body[0].declarations[0].init.expressions[1].right.expressions[1].body.body[1].body.body[1].expression.argument MemberExpression: Recursing into...
2025-06-05T08:42:12.380Z babel program.body[0].declarations[0].init.expressions[1].right.expressions[1].body.body[1].body.body[1].expression.argument.object MemberExpression: enter
2025-06-05T08:42:12.380Z babel program.body[0].declarations[0].init.expressions[1].right.expressions[1].body.body[1].body.body[1].expression.argument.object MemberExpression: Recursing into...
2025-06-05T08:42:12.380Z babel program.body[0].declarations[0].init.expressions[1].right.expressions[1].body.body[1].body.body[1].expression.argument.object.object CallExpression: enter
2025-06-05T08:42:12.380Z babel program.body[0].declarations[0].init.expressions[1].right.expressions[1].body.body[1].body.body[1].expression.argument.object.object CallExpression: Recursing into...
2025-06-05T08:42:12.380Z babel program.body[0].declarations[0].init.expressions[1].right.expressions[1].body.body[1].body.body[1].expression.argument.object.object CallExpression: exit
2025-06-05T08:42:12.380Z babel program.body[0].declarations[0].init.expressions[1].right.expressions[1].body.body[1].body.body[1].expression.argument.object MemberExpression: exit
2025-06-05T08:42:12.380Z babel program.body[0].declarations[0].init.expressions[1].right.expressions[1].body.body[1].body.body[1].expression.argument MemberExpression: exit
2025-06-05T08:42:12.380Z babel program.body[0].declarations[0].init.expressions[1].right.expressions[1].body.body[1].body.body[1].expression UpdateExpression: exit
2025-06-05T08:42:12.380Z babel program.body[0].declarations[0].init.expressions[1].right.expressions[1].body.body[1].body.body[1] ExpressionStatement: exit
2025-06-05T08:42:12.380Z babel program.body[0].declarations[0].init.expressions[1].right.expressions[1].body.body[1].body.body[2] ReturnStatement: enter
2025-06-05T08:42:12.380Z babel program.body[0].declarations[0].init.expressions[1].right.expressions[1].body.body[1].body.body[2] ReturnStatement: Recursing into...
2025-06-05T08:42:12.380Z babel program.body[0].declarations[0].init.expressions[1].right.expressions[1].body.body[1].body.body[2].argument ConditionalExpression: enter
2025-06-05T08:42:12.380Z babel program.body[0].declarations[0].init.expressions[1].right.expressions[1].body.body[1].body.body[2].argument ConditionalExpression: Recursing into...
2025-06-05T08:42:12.380Z babel program.body[0].declarations[0].init.expressions[1].right.expressions[1].body.body[1].body.body[2].argument.test BinaryExpression: enter
2025-06-05T08:42:12.380Z babel program.body[0].declarations[0].init.expressions[1].right.expressions[1].body.body[1].body.body[2].argument.test BinaryExpression: Recursing into...
2025-06-05T08:42:12.380Z babel program.body[0].declarations[0].init.expressions[1].right.expressions[1].body.body[1].body.body[2].argument.test BinaryExpression: exit
2025-06-05T08:42:12.380Z babel program.body[0].declarations[0].init.expressions[1].right.expressions[1].body.body[1].body.body[2].argument.consequent SequenceExpression: enter
2025-06-05T08:42:12.380Z babel program.body[0].declarations[0].init.expressions[1].right.expressions[1].body.body[1].body.body[2].argument.consequent SequenceExpression: Recursing into...
2025-06-05T08:42:12.380Z babel program.body[0].declarations[0].init.expressions[1].right.expressions[1].body.body[1].body.body[2].argument.consequent.expressions[0] UpdateExpression: enter
2025-06-05T08:42:12.380Z babel program.body[0].declarations[0].init.expressions[1].right.expressions[1].body.body[1].body.body[2].argument.consequent.expressions[0] UpdateExpression: Recursing into...
2025-06-05T08:42:12.381Z babel program.body[0].declarations[0].init.expressions[1].right.expressions[1].body.body[1].body.body[2].argument.consequent.expressions[0].argument MemberExpression: enter
2025-06-05T08:42:12.381Z babel program.body[0].declarations[0].init.expressions[1].right.expressions[1].body.body[1].body.body[2].argument.consequent.expressions[0].argument MemberExpression: Recursing into...
2025-06-05T08:42:12.381Z babel program.body[0].declarations[0].init.expressions[1].right.expressions[1].body.body[1].body.body[2].argument.consequent.expressions[0].argument.object MemberExpression: enter
2025-06-05T08:42:12.381Z babel program.body[0].declarations[0].init.expressions[1].right.expressions[1].body.body[1].body.body[2].argument.consequent.expressions[0].argument.object MemberExpression: Recursing into...
2025-06-05T08:42:12.381Z babel program.body[0].declarations[0].init.expressions[1].right.expressions[1].body.body[1].body.body[2].argument.consequent.expressions[0].argument.object.object MemberExpression: enter
2025-06-05T08:42:12.381Z babel program.body[0].declarations[0].init.expressions[1].right.expressions[1].body.body[1].body.body[2].argument.consequent.expressions[0].argument.object.object MemberExpression: Recursing into...
2025-06-05T08:42:12.381Z babel program.body[0].declarations[0].init.expressions[1].right.expressions[1].body.body[1].body.body[2].argument.consequent.expressions[0].argument.object.object.object CallExpression: enter
2025-06-05T08:42:12.381Z babel program.body[0].declarations[0].init.expressions[1].right.expressions[1].body.body[1].body.body[2].argument.consequent.expressions[0].argument.object.object.object CallExpression: Recursing into...
2025-06-05T08:42:12.381Z babel program.body[0].declarations[0].init.expressions[1].right.expressions[1].body.body[1].body.body[2].argument.consequent.expressions[0].argument.object.object.object CallExpression: exit
2025-06-05T08:42:12.381Z babel program.body[0].declarations[0].init.expressions[1].right.expressions[1].body.body[1].body.body[2].argument.consequent.expressions[0].argument.object.object MemberExpression: exit
2025-06-05T08:42:12.381Z babel program.body[0].declarations[0].init.expressions[1].right.expressions[1].body.body[1].body.body[2].argument.consequent.expressions[0].argument.object MemberExpression: exit
2025-06-05T08:42:12.381Z babel program.body[0].declarations[0].init.expressions[1].right.expressions[1].body.body[1].body.body[2].argument.consequent.expressions[0].argument MemberExpression: exit
2025-06-05T08:42:12.381Z babel program.body[0].declarations[0].init.expressions[1].right.expressions[1].body.body[1].body.body[2].argument.consequent.expressions[0] UpdateExpression: exit
2025-06-05T08:42:12.381Z babel program.body[0].declarations[0].init.expressions[1].right.expressions[1].body.body[1].body.body[2].argument.consequent SequenceExpression: exit
2025-06-05T08:42:12.381Z babel program.body[0].declarations[0].init.expressions[1].right.expressions[1].body.body[1].body.body[2].argument.alternate SequenceExpression: enter
2025-06-05T08:42:12.381Z babel program.body[0].declarations[0].init.expressions[1].right.expressions[1].body.body[1].body.body[2].argument.alternate SequenceExpression: Recursing into...
2025-06-05T08:42:12.381Z babel program.body[0].declarations[0].init.expressions[1].right.expressions[1].body.body[1].body.body[2].argument.alternate.expressions[0] UpdateExpression: enter
2025-06-05T08:42:12.381Z babel program.body[0].declarations[0].init.expressions[1].right.expressions[1].body.body[1].body.body[2].argument.alternate.expressions[0] UpdateExpression: Recursing into...
2025-06-05T08:42:12.381Z babel program.body[0].declarations[0].init.expressions[1].right.expressions[1].body.body[1].body.body[2].argument.alternate.expressions[0].argument MemberExpression: enter
2025-06-05T08:42:12.381Z babel program.body[0].declarations[0].init.expressions[1].right.expressions[1].body.body[1].body.body[2].argument.alternate.expressions[0].argument MemberExpression: Recursing into...
2025-06-05T08:42:12.381Z babel program.body[0].declarations[0].init.expressions[1].right.expressions[1].body.body[1].body.body[2].argument.alternate.expressions[0].argument.object MemberExpression: enter
2025-06-05T08:42:12.381Z babel program.body[0].declarations[0].init.expressions[1].right.expressions[1].body.body[1].body.body[2].argument.alternate.expressions[0].argument.object MemberExpression: Recursing into...
2025-06-05T08:42:12.381Z babel program.body[0].declarations[0].init.expressions[1].right.expressions[1].body.body[1].body.body[2].argument.alternate.expressions[0].argument.object.object MemberExpression: enter
2025-06-05T08:42:12.381Z babel program.body[0].declarations[0].init.expressions[1].right.expressions[1].body.body[1].body.body[2].argument.alternate.expressions[0].argument.object.object MemberExpression: Recursing into...
2025-06-05T08:42:12.381Z babel program.body[0].declarations[0].init.expressions[1].right.expressions[1].body.body[1].body.body[2].argument.alternate.expressions[0].argument.object.object.object CallExpression: enter
2025-06-05T08:42:12.381Z babel program.body[0].declarations[0].init.expressions[1].right.expressions[1].body.body[1].body.body[2].argument.alternate.expressions[0].argument.object.object.object CallExpression: Recursing into...
2025-06-05T08:42:12.381Z babel program.body[0].declarations[0].init.expressions[1].right.expressions[1].body.body[1].body.body[2].argument.alternate.expressions[0].argument.object.object.object CallExpression: exit
2025-06-05T08:42:12.381Z babel program.body[0].declarations[0].init.expressions[1].right.expressions[1].body.body[1].body.body[2].argument.alternate.expressions[0].argument.object.object MemberExpression: exit
2025-06-05T08:42:12.381Z babel program.body[0].declarations[0].init.expressions[1].right.expressions[1].body.body[1].body.body[2].argument.alternate.expressions[0].argument.object MemberExpression: exit
2025-06-05T08:42:12.381Z babel program.body[0].declarations[0].init.expressions[1].right.expressions[1].body.body[1].body.body[2].argument.alternate.expressions[0].argument MemberExpression: exit
2025-06-05T08:42:12.381Z babel program.body[0].declarations[0].init.expressions[1].right.expressions[1].body.body[1].body.body[2].argument.alternate.expressions[0] UpdateExpression: exit
2025-06-05T08:42:12.381Z babel program.body[0].declarations[0].init.expressions[1].right.expressions[1].body.body[1].body.body[2].argument.alternate.expressions[1] NewExpression: enter
2025-06-05T08:42:12.381Z babel program.body[0].declarations[0].init.expressions[1].right.expressions[1].body.body[1].body.body[2].argument.alternate.expressions[1] NewExpression: Recursing into...
2025-06-05T08:42:12.381Z babel program.body[0].declarations[0].init.expressions[1].right.expressions[1].body.body[1].body.body[2].argument.alternate.expressions[1].arguments[0] FunctionExpression: enter
2025-06-05T08:42:12.381Z babel program.body[0].declarations[0].init.expressions[1].right.expressions[1].body.body[1].body.body[2].argument.alternate.expressions[1].arguments[0] FunctionExpression: Recursing into...
2025-06-05T08:42:12.381Z babel program.body[0].declarations[0].init.expressions[1].right.expressions[1].body.body[1].body.body[2].argument.alternate.expressions[1].arguments[0].body BlockStatement: enter
2025-06-05T08:42:12.381Z babel program.body[0].declarations[0].init.expressions[1].right.expressions[1].body.body[1].body.body[2].argument.alternate.expressions[1].arguments[0].body BlockStatement: Recursing into...
2025-06-05T08:42:12.381Z babel program.body[0].declarations[0].init.expressions[1].right.expressions[1].body.body[1].body.body[2].argument.alternate.expressions[1].arguments[0].body.body[0] ExpressionStatement: enter
2025-06-05T08:42:12.381Z babel program.body[0].declarations[0].init.expressions[1].right.expressions[1].body.body[1].body.body[2].argument.alternate.expressions[1].arguments[0].body.body[0] ExpressionStatement: Recursing into...
2025-06-05T08:42:12.381Z babel program.body[0].declarations[0].init.expressions[1].right.expressions[1].body.body[1].body.body[2].argument.alternate.expressions[1].arguments[0].body.body[0].expression UpdateExpression: enter
2025-06-05T08:42:12.381Z babel program.body[0].declarations[0].init.expressions[1].right.expressions[1].body.body[1].body.body[2].argument.alternate.expressions[1].arguments[0].body.body[0].expression UpdateExpression: Recursing into...
2025-06-05T08:42:12.381Z babel program.body[0].declarations[0].init.expressions[1].right.expressions[1].body.body[1].body.body[2].argument.alternate.expressions[1].arguments[0].body.body[0].expression.argument MemberExpression: enter
2025-06-05T08:42:12.381Z babel program.body[0].declarations[0].init.expressions[1].right.expressions[1].body.body[1].body.body[2].argument.alternate.expressions[1].arguments[0].body.body[0].expression.argument MemberExpression: Recursing into...
2025-06-05T08:42:12.381Z babel program.body[0].declarations[0].init.expressions[1].right.expressions[1].body.body[1].body.body[2].argument.alternate.expressions[1].arguments[0].body.body[0].expression.argument.object MemberExpression: enter
2025-06-05T08:42:12.381Z babel program.body[0].declarations[0].init.expressions[1].right.expressions[1].body.body[1].body.body[2].argument.alternate.expressions[1].arguments[0].body.body[0].expression.argument.object MemberExpression: Recursing into...
2025-06-05T08:42:12.381Z babel program.body[0].declarations[0].init.expressions[1].right.expressions[1].body.body[1].body.body[2].argument.alternate.expressions[1].arguments[0].body.body[0].expression.argument.object.object CallExpression: enter
2025-06-05T08:42:12.381Z babel program.body[0].declarations[0].init.expressions[1].right.expressions[1].body.body[1].body.body[2].argument.alternate.expressions[1].arguments[0].body.body[0].expression.argument.object.object CallExpression: Recursing into...
2025-06-05T08:42:12.381Z babel program.body[0].declarations[0].init.expressions[1].right.expressions[1].body.body[1].body.body[2].argument.alternate.expressions[1].arguments[0].body.body[0].expression.argument.object.object CallExpression: exit
2025-06-05T08:42:12.381Z babel program.body[0].declarations[0].init.expressions[1].right.expressions[1].body.body[1].body.body[2].argument.alternate.expressions[1].arguments[0].body.body[0].expression.argument.object MemberExpression: exit
2025-06-05T08:42:12.381Z babel program.body[0].declarations[0].init.expressions[1].right.expressions[1].body.body[1].body.body[2].argument.alternate.expressions[1].arguments[0].body.body[0].expression.argument MemberExpression: exit
2025-06-05T08:42:12.381Z babel program.body[0].declarations[0].init.expressions[1].right.expressions[1].body.body[1].body.body[2].argument.alternate.expressions[1].arguments[0].body.body[0].expression UpdateExpression: exit
2025-06-05T08:42:12.381Z babel program.body[0].declarations[0].init.expressions[1].right.expressions[1].body.body[1].body.body[2].argument.alternate.expressions[1].arguments[0].body.body[0] ExpressionStatement: exit
2025-06-05T08:42:12.381Z babel program.body[0].declarations[0].init.expressions[1].right.expressions[1].body.body[1].body.body[2].argument.alternate.expressions[1].arguments[0].body.body[1] ExpressionStatement: enter
2025-06-05T08:42:12.381Z babel program.body[0].declarations[0].init.expressions[1].right.expressions[1].body.body[1].body.body[2].argument.alternate.expressions[1].arguments[0].body.body[1] ExpressionStatement: Recursing into...
2025-06-05T08:42:12.381Z babel program.body[0].declarations[0].init.expressions[1].right.expressions[1].body.body[1].body.body[2].argument.alternate.expressions[1].arguments[0].body.body[1].expression UpdateExpression: enter
2025-06-05T08:42:12.381Z babel program.body[0].declarations[0].init.expressions[1].right.expressions[1].body.body[1].body.body[2].argument.alternate.expressions[1].arguments[0].body.body[1].expression UpdateExpression: Recursing into...
2025-06-05T08:42:12.381Z babel program.body[0].declarations[0].init.expressions[1].right.expressions[1].body.body[1].body.body[2].argument.alternate.expressions[1].arguments[0].body.body[1].expression.argument MemberExpression: enter
2025-06-05T08:42:12.381Z babel program.body[0].declarations[0].init.expressions[1].right.expressions[1].body.body[1].body.body[2].argument.alternate.expressions[1].arguments[0].body.body[1].expression.argument MemberExpression: Recursing into...
2025-06-05T08:42:12.381Z babel program.body[0].declarations[0].init.expressions[1].right.expressions[1].body.body[1].body.body[2].argument.alternate.expressions[1].arguments[0].body.body[1].expression.argument.object MemberExpression: enter
2025-06-05T08:42:12.381Z babel program.body[0].declarations[0].init.expressions[1].right.expressions[1].body.body[1].body.body[2].argument.alternate.expressions[1].arguments[0].body.body[1].expression.argument.object MemberExpression: Recursing into...
2025-06-05T08:42:12.381Z babel program.body[0].declarations[0].init.expressions[1].right.expressions[1].body.body[1].body.body[2].argument.alternate.expressions[1].arguments[0].body.body[1].expression.argument.object.object CallExpression: enter
2025-06-05T08:42:12.381Z babel program.body[0].declarations[0].init.expressions[1].right.expressions[1].body.body[1].body.body[2].argument.alternate.expressions[1].arguments[0].body.body[1].expression.argument.object.object CallExpression: Recursing into...
2025-06-05T08:42:12.381Z babel program.body[0].declarations[0].init.expressions[1].right.expressions[1].body.body[1].body.body[2].argument.alternate.expressions[1].arguments[0].body.body[1].expression.argument.object.object CallExpression: exit
2025-06-05T08:42:12.381Z babel program.body[0].declarations[0].init.expressions[1].right.expressions[1].body.body[1].body.body[2].argument.alternate.expressions[1].arguments[0].body.body[1].expression.argument.object MemberExpression: exit
2025-06-05T08:42:12.381Z babel program.body[0].declarations[0].init.expressions[1].right.expressions[1].body.body[1].body.body[2].argument.alternate.expressions[1].arguments[0].body.body[1].expression.argument MemberExpression: exit
2025-06-05T08:42:12.381Z babel program.body[0].declarations[0].init.expressions[1].right.expressions[1].body.body[1].body.body[2].argument.alternate.expressions[1].arguments[0].body.body[1].expression UpdateExpression: exit
2025-06-05T08:42:12.381Z babel program.body[0].declarations[0].init.expressions[1].right.expressions[1].body.body[1].body.body[2].argument.alternate.expressions[1].arguments[0].body.body[1] ExpressionStatement: exit
2025-06-05T08:42:12.381Z babel program.body[0].declarations[0].init.expressions[1].right.expressions[1].body.body[1].body.body[2].argument.alternate.expressions[1].arguments[0].body.body[2] ExpressionStatement: enter
2025-06-05T08:42:12.381Z babel program.body[0].declarations[0].init.expressions[1].right.expressions[1].body.body[1].body.body[2].argument.alternate.expressions[1].arguments[0].body.body[2] ExpressionStatement: Recursing into...
2025-06-05T08:42:12.381Z babel program.body[0].declarations[0].init.expressions[1].right.expressions[1].body.body[1].body.body[2].argument.alternate.expressions[1].arguments[0].body.body[2].expression CallExpression: enter
2025-06-05T08:42:12.381Z babel program.body[0].declarations[0].init.expressions[1].right.expressions[1].body.body[1].body.body[2].argument.alternate.expressions[1].arguments[0].body.body[2].expression CallExpression: Recursing into...
2025-06-05T08:42:12.381Z babel program.body[0].declarations[0].init.expressions[1].right.expressions[1].body.body[1].body.body[2].argument.alternate.expressions[1].arguments[0].body.body[2].expression CallExpression: exit
2025-06-05T08:42:12.381Z babel program.body[0].declarations[0].init.expressions[1].right.expressions[1].body.body[1].body.body[2].argument.alternate.expressions[1].arguments[0].body.body[2] ExpressionStatement: exit
2025-06-05T08:42:12.381Z babel program.body[0].declarations[0].init.expressions[1].right.expressions[1].body.body[1].body.body[2].argument.alternate.expressions[1].arguments[0].body BlockStatement: exit
2025-06-05T08:42:12.381Z babel program.body[0].declarations[0].init.expressions[1].right.expressions[1].body.body[1].body.body[2].argument.alternate.expressions[1].arguments[0] FunctionExpression: exit
2025-06-05T08:42:12.381Z babel program.body[0].declarations[0].init.expressions[1].right.expressions[1].body.body[1].body.body[2].argument.alternate.expressions[1] NewExpression: exit
2025-06-05T08:42:12.381Z babel program.body[0].declarations[0].init.expressions[1].right.expressions[1].body.body[1].body.body[2].argument.alternate SequenceExpression: exit
2025-06-05T08:42:12.381Z babel program.body[0].declarations[0].init.expressions[1].right.expressions[1].body.body[1].body.body[2].argument ConditionalExpression: exit
2025-06-05T08:42:12.381Z babel program.body[0].declarations[0].init.expressions[1].right.expressions[1].body.body[1].body.body[2] ReturnStatement: exit
2025-06-05T08:42:12.381Z babel program.body[0].declarations[0].init.expressions[1].right.expressions[1].body.body[1].body BlockStatement: exit
2025-06-05T08:42:12.381Z babel program.body[0].declarations[0].init.expressions[1].right.expressions[1].body.body[1] FunctionDeclaration: exit
2025-06-05T08:42:12.381Z babel program.body[0].declarations[0].init.expressions[1].right.expressions[1].body.body[2] ExpressionStatement: enter
2025-06-05T08:42:12.381Z babel program.body[0].declarations[0].init.expressions[1].right.expressions[1].body.body[2] ExpressionStatement: Recursing into...
2025-06-05T08:42:12.381Z babel program.body[0].declarations[0].init.expressions[1].right.expressions[1].body.body[2].expression UpdateExpression: enter
2025-06-05T08:42:12.381Z babel program.body[0].declarations[0].init.expressions[1].right.expressions[1].body.body[2].expression UpdateExpression: Recursing into...
2025-06-05T08:42:12.381Z babel program.body[0].declarations[0].init.expressions[1].right.expressions[1].body.body[2].expression.argument MemberExpression: enter
2025-06-05T08:42:12.381Z babel program.body[0].declarations[0].init.expressions[1].right.expressions[1].body.body[2].expression.argument MemberExpression: Recursing into...
2025-06-05T08:42:12.381Z babel program.body[0].declarations[0].init.expressions[1].right.expressions[1].body.body[2].expression.argument.object MemberExpression: enter
2025-06-05T08:42:12.381Z babel program.body[0].declarations[0].init.expressions[1].right.expressions[1].body.body[2].expression.argument.object MemberExpression: Recursing into...
2025-06-05T08:42:12.381Z babel program.body[0].declarations[0].init.expressions[1].right.expressions[1].body.body[2].expression.argument.object.object CallExpression: enter
2025-06-05T08:42:12.381Z babel program.body[0].declarations[0].init.expressions[1].right.expressions[1].body.body[2].expression.argument.object.object CallExpression: Recursing into...
2025-06-05T08:42:12.381Z babel program.body[0].declarations[0].init.expressions[1].right.expressions[1].body.body[2].expression.argument.object.object CallExpression: exit
2025-06-05T08:42:12.381Z babel program.body[0].declarations[0].init.expressions[1].right.expressions[1].body.body[2].expression.argument.object MemberExpression: exit
2025-06-05T08:42:12.381Z babel program.body[0].declarations[0].init.expressions[1].right.expressions[1].body.body[2].expression.argument MemberExpression: exit
2025-06-05T08:42:12.381Z babel program.body[0].declarations[0].init.expressions[1].right.expressions[1].body.body[2].expression UpdateExpression: exit
2025-06-05T08:42:12.381Z babel program.body[0].declarations[0].init.expressions[1].right.expressions[1].body.body[2] ExpressionStatement: exit
2025-06-05T08:42:12.381Z babel program.body[0].declarations[0].init.expressions[1].right.expressions[1].body.body[3] ReturnStatement: enter
2025-06-05T08:42:12.381Z babel program.body[0].declarations[0].init.expressions[1].right.expressions[1].body.body[3] ReturnStatement: Recursing into...
2025-06-05T08:42:12.381Z babel program.body[0].declarations[0].init.expressions[1].right.expressions[1].body.body[3].argument NewExpression: enter
2025-06-05T08:42:12.381Z babel program.body[0].declarations[0].init.expressions[1].right.expressions[1].body.body[3].argument NewExpression: Recursing into...
2025-06-05T08:42:12.381Z babel program.body[0].declarations[0].init.expressions[1].right.expressions[1].body.body[3].argument.callee LogicalExpression: enter
2025-06-05T08:42:12.381Z babel program.body[0].declarations[0].init.expressions[1].right.expressions[1].body.body[3].argument.callee LogicalExpression: Recursing into...
2025-06-05T08:42:12.381Z babel program.body[0].declarations[0].init.expressions[1].right.expressions[1].body.body[3].argument.callee.left SequenceExpression: enter
2025-06-05T08:42:12.381Z babel program.body[0].declarations[0].init.expressions[1].right.expressions[1].body.body[3].argument.callee.left SequenceExpression: Recursing into...
2025-06-05T08:42:12.381Z babel program.body[0].declarations[0].init.expressions[1].right.expressions[1].body.body[3].argument.callee.left.expressions[0] UpdateExpression: enter
2025-06-05T08:42:12.381Z babel program.body[0].declarations[0].init.expressions[1].right.expressions[1].body.body[3].argument.callee.left.expressions[0] UpdateExpression: Recursing into...
2025-06-05T08:42:12.381Z babel program.body[0].declarations[0].init.expressions[1].right.expressions[1].body.body[3].argument.callee.left.expressions[0].argument MemberExpression: enter
2025-06-05T08:42:12.381Z babel program.body[0].declarations[0].init.expressions[1].right.expressions[1].body.body[3].argument.callee.left.expressions[0].argument MemberExpression: Recursing into...
2025-06-05T08:42:12.381Z babel program.body[0].declarations[0].init.expressions[1].right.expressions[1].body.body[3].argument.callee.left.expressions[0].argument.object MemberExpression: enter
2025-06-05T08:42:12.381Z babel program.body[0].declarations[0].init.expressions[1].right.expressions[1].body.body[3].argument.callee.left.expressions[0].argument.object MemberExpression: Recursing into...
2025-06-05T08:42:12.381Z babel program.body[0].declarations[0].init.expressions[1].right.expressions[1].body.body[3].argument.callee.left.expressions[0].argument.object.object MemberExpression: enter
2025-06-05T08:42:12.381Z babel program.body[0].declarations[0].init.expressions[1].right.expressions[1].body.body[3].argument.callee.left.expressions[0].argument.object.object MemberExpression: Recursing into...
2025-06-05T08:42:12.381Z babel program.body[0].declarations[0].init.expressions[1].right.expressions[1].body.body[3].argument.callee.left.expressions[0].argument.object.object.object CallExpression: enter
2025-06-05T08:42:12.381Z babel program.body[0].declarations[0].init.expressions[1].right.expressions[1].body.body[3].argument.callee.left.expressions[0].argument.object.object.object CallExpression: Recursing into...
2025-06-05T08:42:12.381Z babel program.body[0].declarations[0].init.expressions[1].right.expressions[1].body.body[3].argument.callee.left.expressions[0].argument.object.object.object CallExpression: exit
2025-06-05T08:42:12.381Z babel program.body[0].declarations[0].init.expressions[1].right.expressions[1].body.body[3].argument.callee.left.expressions[0].argument.object.object MemberExpression: exit
2025-06-05T08:42:12.381Z babel program.body[0].declarations[0].init.expressions[1].right.expressions[1].body.body[3].argument.callee.left.expressions[0].argument.object MemberExpression: exit
2025-06-05T08:42:12.381Z babel program.body[0].declarations[0].init.expressions[1].right.expressions[1].body.body[3].argument.callee.left.expressions[0].argument MemberExpression: exit
2025-06-05T08:42:12.382Z babel program.body[0].declarations[0].init.expressions[1].right.expressions[1].body.body[3].argument.callee.left.expressions[0] UpdateExpression: exit
2025-06-05T08:42:12.382Z babel program.body[0].declarations[0].init.expressions[1].right.expressions[1].body.body[3].argument.callee.left SequenceExpression: exit
2025-06-05T08:42:12.382Z babel program.body[0].declarations[0].init.expressions[1].right.expressions[1].body.body[3].argument.callee.right SequenceExpression: enter
2025-06-05T08:42:12.382Z babel program.body[0].declarations[0].init.expressions[1].right.expressions[1].body.body[3].argument.callee.right SequenceExpression: Recursing into...
2025-06-05T08:42:12.382Z babel program.body[0].declarations[0].init.expressions[1].right.expressions[1].body.body[3].argument.callee.right.expressions[0] UpdateExpression: enter
2025-06-05T08:42:12.382Z babel program.body[0].declarations[0].init.expressions[1].right.expressions[1].body.body[3].argument.callee.right.expressions[0] UpdateExpression: Recursing into...
2025-06-05T08:42:12.382Z babel program.body[0].declarations[0].init.expressions[1].right.expressions[1].body.body[3].argument.callee.right.expressions[0].argument MemberExpression: enter
2025-06-05T08:42:12.382Z babel program.body[0].declarations[0].init.expressions[1].right.expressions[1].body.body[3].argument.callee.right.expressions[0].argument MemberExpression: Recursing into...
2025-06-05T08:42:12.382Z babel program.body[0].declarations[0].init.expressions[1].right.expressions[1].body.body[3].argument.callee.right.expressions[0].argument.object MemberExpression: enter
2025-06-05T08:42:12.382Z babel program.body[0].declarations[0].init.expressions[1].right.expressions[1].body.body[3].argument.callee.right.expressions[0].argument.object MemberExpression: Recursing into...
2025-06-05T08:42:12.382Z babel program.body[0].declarations[0].init.expressions[1].right.expressions[1].body.body[3].argument.callee.right.expressions[0].argument.object.object MemberExpression: enter
2025-06-05T08:42:12.382Z babel program.body[0].declarations[0].init.expressions[1].right.expressions[1].body.body[3].argument.callee.right.expressions[0].argument.object.object MemberExpression: Recursing into...
2025-06-05T08:42:12.382Z babel program.body[0].declarations[0].init.expressions[1].right.expressions[1].body.body[3].argument.callee.right.expressions[0].argument.object.object.object CallExpression: enter
2025-06-05T08:42:12.382Z babel program.body[0].declarations[0].init.expressions[1].right.expressions[1].body.body[3].argument.callee.right.expressions[0].argument.object.object.object CallExpression: Recursing into...
2025-06-05T08:42:12.382Z babel program.body[0].declarations[0].init.expressions[1].right.expressions[1].body.body[3].argument.callee.right.expressions[0].argument.object.object.object CallExpression: exit
2025-06-05T08:42:12.382Z babel program.body[0].declarations[0].init.expressions[1].right.expressions[1].body.body[3].argument.callee.right.expressions[0].argument.object.object MemberExpression: exit
2025-06-05T08:42:12.382Z babel program.body[0].declarations[0].init.expressions[1].right.expressions[1].body.body[3].argument.callee.right.expressions[0].argument.object MemberExpression: exit
2025-06-05T08:42:12.382Z babel program.body[0].declarations[0].init.expressions[1].right.expressions[1].body.body[3].argument.callee.right.expressions[0].argument MemberExpression: exit
2025-06-05T08:42:12.382Z babel program.body[0].declarations[0].init.expressions[1].right.expressions[1].body.body[3].argument.callee.right.expressions[0] UpdateExpression: exit
2025-06-05T08:42:12.382Z babel program.body[0].declarations[0].init.expressions[1].right.expressions[1].body.body[3].argument.callee.right.expressions[1] AssignmentExpression: enter
2025-06-05T08:42:12.382Z babel program.body[0].declarations[0].init.expressions[1].right.expressions[1].body.body[3].argument.callee.right.expressions[1] AssignmentExpression: Recursing into...
2025-06-05T08:42:12.382Z babel program.body[0].declarations[0].init.expressions[1].right.expressions[1].body.body[3].argument.callee.right.expressions[1] AssignmentExpression: exit
2025-06-05T08:42:12.382Z babel program.body[0].declarations[0].init.expressions[1].right.expressions[1].body.body[3].argument.callee.right SequenceExpression: exit
2025-06-05T08:42:12.382Z babel program.body[0].declarations[0].init.expressions[1].right.expressions[1].body.body[3].argument.callee LogicalExpression: exit
2025-06-05T08:42:12.382Z babel program.body[0].declarations[0].init.expressions[1].right.expressions[1].body.body[3].argument.arguments[0] FunctionExpression: enter
2025-06-05T08:42:12.382Z babel program.body[0].declarations[0].init.expressions[1].right.expressions[1].body.body[3].argument.arguments[0] FunctionExpression: Recursing into...
2025-06-05T08:42:12.382Z babel program.body[0].declarations[0].init.expressions[1].right.expressions[1].body.body[3].argument.arguments[0].body BlockStatement: enter
2025-06-05T08:42:12.382Z babel program.body[0].declarations[0].init.expressions[1].right.expressions[1].body.body[3].argument.arguments[0].body BlockStatement: Recursing into...
2025-06-05T08:42:12.382Z babel program.body[0].declarations[0].init.expressions[1].right.expressions[1].body.body[3].argument.arguments[0].body.body[0] ExpressionStatement: enter
2025-06-05T08:42:12.382Z babel program.body[0].declarations[0].init.expressions[1].right.expressions[1].body.body[3].argument.arguments[0].body.body[0] ExpressionStatement: Recursing into...
2025-06-05T08:42:12.382Z babel program.body[0].declarations[0].init.expressions[1].right.expressions[1].body.body[3].argument.arguments[0].body.body[0].expression UpdateExpression: enter
2025-06-05T08:42:12.382Z babel program.body[0].declarations[0].init.expressions[1].right.expressions[1].body.body[3].argument.arguments[0].body.body[0].expression UpdateExpression: Recursing into...
2025-06-05T08:42:12.382Z babel program.body[0].declarations[0].init.expressions[1].right.expressions[1].body.body[3].argument.arguments[0].body.body[0].expression.argument MemberExpression: enter
2025-06-05T08:42:12.382Z babel program.body[0].declarations[0].init.expressions[1].right.expressions[1].body.body[3].argument.arguments[0].body.body[0].expression.argument MemberExpression: Recursing into...
2025-06-05T08:42:12.382Z babel program.body[0].declarations[0].init.expressions[1].right.expressions[1].body.body[3].argument.arguments[0].body.body[0].expression.argument.object MemberExpression: enter
2025-06-05T08:42:12.382Z babel program.body[0].declarations[0].init.expressions[1].right.expressions[1].body.body[3].argument.arguments[0].body.body[0].expression.argument.object MemberExpression: Recursing into...
2025-06-05T08:42:12.382Z babel program.body[0].declarations[0].init.expressions[1].right.expressions[1].body.body[3].argument.arguments[0].body.body[0].expression.argument.object.object CallExpression: enter
2025-06-05T08:42:12.382Z babel program.body[0].declarations[0].init.expressions[1].right.expressions[1].body.body[3].argument.arguments[0].body.body[0].expression.argument.object.object CallExpression: Recursing into...
2025-06-05T08:42:12.382Z babel program.body[0].declarations[0].init.expressions[1].right.expressions[1].body.body[3].argument.arguments[0].body.body[0].expression.argument.object.object CallExpression: exit
2025-06-05T08:42:12.382Z babel program.body[0].declarations[0].init.expressions[1].right.expressions[1].body.body[3].argument.arguments[0].body.body[0].expression.argument.object MemberExpression: exit
2025-06-05T08:42:12.382Z babel program.body[0].declarations[0].init.expressions[1].right.expressions[1].body.body[3].argument.arguments[0].body.body[0].expression.argument MemberExpression: exit
2025-06-05T08:42:12.382Z babel program.body[0].declarations[0].init.expressions[1].right.expressions[1].body.body[3].argument.arguments[0].body.body[0].expression UpdateExpression: exit
2025-06-05T08:42:12.382Z babel program.body[0].declarations[0].init.expressions[1].right.expressions[1].body.body[3].argument.arguments[0].body.body[0] ExpressionStatement: exit
2025-06-05T08:42:12.382Z babel program.body[0].declarations[0].init.expressions[1].right.expressions[1].body.body[3].argument.arguments[0].body.body[1] FunctionDeclaration: enter
2025-06-05T08:42:12.382Z babel program.body[0].declarations[0].init.expressions[1].right.expressions[1].body.body[3].argument.arguments[0].body.body[1] FunctionDeclaration: Recursing into...
2025-06-05T08:42:12.382Z babel program.body[0].declarations[0].init.expressions[1].right.expressions[1].body.body[3].argument.arguments[0].body.body[1].body BlockStatement: enter
2025-06-05T08:42:12.382Z babel program.body[0].declarations[0].init.expressions[1].right.expressions[1].body.body[3].argument.arguments[0].body.body[1].body BlockStatement: Recursing into...
2025-06-05T08:42:12.382Z babel program.body[0].declarations[0].init.expressions[1].right.expressions[1].body.body[3].argument.arguments[0].body.body[1].body.body[0] ExpressionStatement: enter
2025-06-05T08:42:12.382Z babel program.body[0].declarations[0].init.expressions[1].right.expressions[1].body.body[3].argument.arguments[0].body.body[1].body.body[0] ExpressionStatement: Recursing into...
2025-06-05T08:42:12.382Z babel program.body[0].declarations[0].init.expressions[1].right.expressions[1].body.body[3].argument.arguments[0].body.body[1].body.body[0].expression UpdateExpression: enter
2025-06-05T08:42:12.382Z babel program.body[0].declarations[0].init.expressions[1].right.expressions[1].body.body[3].argument.arguments[0].body.body[1].body.body[0].expression UpdateExpression: Recursing into...
2025-06-05T08:42:12.382Z babel program.body[0].declarations[0].init.expressions[1].right.expressions[1].body.body[3].argument.arguments[0].body.body[1].body.body[0].expression.argument MemberExpression: enter
2025-06-05T08:42:12.382Z babel program.body[0].declarations[0].init.expressions[1].right.expressions[1].body.body[3].argument.arguments[0].body.body[1].body.body[0].expression.argument MemberExpression: Recursing into...
2025-06-05T08:42:12.382Z babel program.body[0].declarations[0].init.expressions[1].right.expressions[1].body.body[3].argument.arguments[0].body.body[1].body.body[0].expression.argument.object MemberExpression: enter
2025-06-05T08:42:12.382Z babel program.body[0].declarations[0].init.expressions[1].right.expressions[1].body.body[3].argument.arguments[0].body.body[1].body.body[0].expression.argument.object MemberExpression: Recursing into...
2025-06-05T08:42:12.382Z babel program.body[0].declarations[0].init.expressions[1].right.expressions[1].body.body[3].argument.arguments[0].body.body[1].body.body[0].expression.argument.object.object CallExpression: enter
2025-06-05T08:42:12.382Z babel program.body[0].declarations[0].init.expressions[1].right.expressions[1].body.body[3].argument.arguments[0].body.body[1].body.body[0].expression.argument.object.object CallExpression: Recursing into...
2025-06-05T08:42:12.382Z babel program.body[0].declarations[0].init.expressions[1].right.expressions[1].body.body[3].argument.arguments[0].body.body[1].body.body[0].expression.argument.object.object CallExpression: exit
2025-06-05T08:42:12.382Z babel program.body[0].declarations[0].init.expressions[1].right.expressions[1].body.body[3].argument.arguments[0].body.body[1].body.body[0].expression.argument.object MemberExpression: exit
2025-06-05T08:42:12.382Z babel program.body[0].declarations[0].init.expressions[1].right.expressions[1].body.body[3].argument.arguments[0].body.body[1].body.body[0].expression.argument MemberExpression: exit
2025-06-05T08:42:12.382Z babel program.body[0].declarations[0].init.expressions[1].right.expressions[1].body.body[3].argument.arguments[0].body.body[1].body.body[0].expression UpdateExpression: exit
2025-06-05T08:42:12.382Z babel program.body[0].declarations[0].init.expressions[1].right.expressions[1].body.body[3].argument.arguments[0].body.body[1].body.body[0] ExpressionStatement: exit
2025-06-05T08:42:12.382Z babel program.body[0].declarations[0].init.expressions[1].right.expressions[1].body.body[3].argument.arguments[0].body.body[1].body.body[1] ExpressionStatement: enter
2025-06-05T08:42:12.382Z babel program.body[0].declarations[0].init.expressions[1].right.expressions[1].body.body[3].argument.arguments[0].body.body[1].body.body[1] ExpressionStatement: Recursing into...
2025-06-05T08:42:12.382Z babel program.body[0].declarations[0].init.expressions[1].right.expressions[1].body.body[3].argument.arguments[0].body.body[1].body.body[1].expression UpdateExpression: enter
2025-06-05T08:42:12.382Z babel program.body[0].declarations[0].init.expressions[1].right.expressions[1].body.body[3].argument.arguments[0].body.body[1].body.body[1].expression UpdateExpression: Recursing into...
2025-06-05T08:42:12.382Z babel program.body[0].declarations[0].init.expressions[1].right.expressions[1].body.body[3].argument.arguments[0].body.body[1].body.body[1].expression.argument MemberExpression: enter
2025-06-05T08:42:12.382Z babel program.body[0].declarations[0].init.expressions[1].right.expressions[1].body.body[3].argument.arguments[0].body.body[1].body.body[1].expression.argument MemberExpression: Recursing into...
2025-06-05T08:42:12.382Z babel program.body[0].declarations[0].init.expressions[1].right.expressions[1].body.body[3].argument.arguments[0].body.body[1].body.body[1].expression.argument.object MemberExpression: enter
2025-06-05T08:42:12.382Z babel program.body[0].declarations[0].init.expressions[1].right.expressions[1].body.body[3].argument.arguments[0].body.body[1].body.body[1].expression.argument.object MemberExpression: Recursing into...
2025-06-05T08:42:12.382Z babel program.body[0].declarations[0].init.expressions[1].right.expressions[1].body.body[3].argument.arguments[0].body.body[1].body.body[1].expression.argument.object.object CallExpression: enter
2025-06-05T08:42:12.382Z babel program.body[0].declarations[0].init.expressions[1].right.expressions[1].body.body[3].argument.arguments[0].body.body[1].body.body[1].expression.argument.object.object CallExpression: Recursing into...
2025-06-05T08:42:12.382Z babel program.body[0].declarations[0].init.expressions[1].right.expressions[1].body.body[3].argument.arguments[0].body.body[1].body.body[1].expression.argument.object.object CallExpression: exit
2025-06-05T08:42:12.382Z babel program.body[0].declarations[0].init.expressions[1].right.expressions[1].body.body[3].argument.arguments[0].body.body[